01-19 18:48:56.709  4686  5684 D WindowTransitionCompat:  printLeash::index = 1, change = {m=TO_BACK f=SHOW_WALLPAPER leash=Surface(name=Task=1#51)/@0xd63192d sb=Rect(0, 0 - 1440, 3200) eb=Rect(0, 0 - 1440, 3200) epz=Point(1440, 3200) d=0 taskParent=-1 v=falseMiuiChangeImpl {miuiEmbedding:false, scale:1.0}}
01-19 18:48:56.709  4686  5684 D WindowTransitionCompat:  printLeash::taskInfo = TaskInfo{userId=0 taskId=1 effectiveUid=0 displayId=0 isRunning=true baseIntent=Intent { act=android.intent.action.MAIN cat=[android.intent.category.HOME] flg=0x10000100 cmp=com.miui.home/.launcher.Launcher } baseActivity=ComponentInfo{com.miui.home/com.miui.home.launcher.Launcher} topActivity=ComponentInfo{com.miui.home/com.miui.home.launcher.Launcher} origActivity=null realActivity=null numActivities=1 lastActiveTime=21353 supportsSplitScreenMultiWindow=true mSoScDisplayMode=-1 supportsMultiWindow=true resizeMode=2 isResizeable=true minWidth=-1 minHeight=-1 defaultMinSize=200 token=WCT{android.window.IWindowContainerToken$Stub$Proxy@20d766b} topActivityType=2 pictureInPictureParams=null shouldDockBigOverlays=false launchIntoPipHostTaskId=-1 lastParentTaskIdBeforePip=-1 displayCutoutSafeInsets=Rect(0, 161 - 0, 0) topActivityInfo=ActivityInfo{b9235c8 com.miui.home.launcher.Launcher} launchCookies=[] positionInParent=Point(0, 0) parentTaskId=-1 isFocused=true isVisible=true isVisibleRequested=false isTopActivityNoDisplay=false isSleeping=false locusId=null displayAreaFeatureId=1 isTopActivityTransparent=false isActivityStackTransparent=false lastNonFullscreenBounds=Rect(372, 930 - 1068, 2370) capturedLink=null capturedLinkTimestamp=0 requestedVisibleTypes=-9 topActivityRequestOpenInBrowserEducationTimestamp=0 appCompatTaskInfo=AppCompatTaskInfo { topActivityInSizeCompat=false eligibleForLetterboxEducation= false topActivityInMiuiSizeCompat=false isLetterboxEducationEnabled= false isLetterboxDoubleTapEnabled= false eligibleForUserAspectRatioButton= false topActivityBoundsLetterboxed= false isFromLetterboxDoubleTap= false topActivityLetterboxVerticalPosition= -1 topActivityLetterboxHorizontalPosition= -1 topActivityLetterboxWidth=-1 topActivityLetterboxHeight=-1 topActivityAppBounds=Rect(0, 0 - 1440, 3200) isUserFullscreenOverrideEnabled=false isSystemFullscreenOverrideEnabled=false hasMinAspectRatioOverride=false topActivityLetterboxBounds=null cameraCompatTaskInfo=CameraCompatTaskInfo { freeformCameraCompatMode=inactive}} isImmersive=false mTopActivityRequestOrientation=-2 mStatusBarParent=null mNavBarParent=null mBehindAppLockPkg=null mOriginatingUid=0 isEmbedded=false shouldBeVisible=false isCreatedByOrganizer=false mIsCastMode=false mTopActivityMediaSize=null mTopActivityRecordName=ActivityRecord{163041850 u0 com.miui.home/.launcher.Launcher t2} mTopActivityOrientation=-2 topActivityMainWindowFrame=null}
01-19 18:48:56.709  4686  5684 D WindowTransitionCompat:  printLeash::index = 2, change = {m=TO_BACK f=IS_WALLPAPER leash=Surface(name=WallpaperWindowToken{ff64f09 showWhenLocked=false}#59)/@0xf8b00b0 sb=Rect(0, 0 - 1440, 3200) eb=Rect(0, 0 - 1440, 3200) epz=Point(1440, 3200) d=0 v=falseMiuiChangeImpl {miuiEmbedding:false, scale:1.0}}
01-19 18:48:56.709  4686  5684 D WindowTransitionCompat:  printLeash::index = 0, root = Surface(name=Transition Root #6235: Task=1995#135493)/@0x851b29
01-19 18:48:56.709  4686  5684 I TransitionCallback: mNeedShowLauncher = false
01-19 18:48:56.709  4686  5684 I TransitionCallback: get is waitFinishMainAnim = false
01-19 18:48:56.709  5321  5716 I MiuiDecorationSamplingHelper: CompositionSamplingListener.unregister mAttached=true, mSamplingEnabled=false, mSamplingRect=Rect(468, 3162 - 972, 3177), mView=MiuiBottomBarView#194732357
01-19 18:48:56.709  5321  6438 I RecentsTransitionHandler: getRecentsAnimationController fail, token = android.os.BinderProxy@645bdc4
01-19 18:48:56.709  5321  5716 I MiuiDecorationSamplingHelper: CompositionSamplingListener.register mSamplingRect=Rect(468, 3162 - 972, 3177), stopLayer=Surface(name=Miui Bottom Caption of Task=1995#135500)/@0x929a09a, mView=MiuiBottomBarView#194732357
01-19 18:48:56.709  4686  5684 I WindowTransitionCompat: TransitionTest getIRecentsAnimationController = null
01-19 18:48:56.709  4686  5684 I WindowTransitionCompat: 0, check isClosingType type = 1, mode = 1, taskId = 1995, changes leash = Surface(name=Task=1995#135486)/@0x107aad6, change = {m=OPEN f=NONE leash=Surface(name=Task=1995#135486)/@0x107aad6 sb=Rect(0, 0 - 1440, 3200) eb=Rect(0, 0 - 1440, 3200) epz=Point(1440, 3200) d=0 taskParent=-1 v=trueMiuiChangeImpl {miuiEmbedding:false, scale:1.0}}
01-19 18:48:56.709  4686  5684 I WindowTransitionCompat: 1, check isClosingType type = 2, mode = 4, taskId = 1, changes leash = Surface(name=Task=1#51)/@0xd63192d, change = {m=TO_BACK f=SHOW_WALLPAPER leash=Surface(name=Task=1#51)/@0xd63192d sb=Rect(0, 0 - 1440, 3200) eb=Rect(0, 0 - 1440, 3200) epz=Point(1440, 3200) d=0 taskParent=-1 v=falseMiuiChangeImpl {miuiEmbedding:false, scale:1.0}}
01-19 18:48:56.709  4686  5684 I WindowTransitionCompat: has home
01-19 18:48:56.709  4686  5684 I WindowTransitionCompat: hasRecentFinishController=false
01-19 18:48:56.709  3278  5562 D CompatibilityInfo: mCompatibilityFlags - 0
01-19 18:48:56.709  3278  5562 D CompatibilityInfo: applicationDensity - 600
01-19 18:48:56.709  3278  5562 D CompatibilityInfo: applicationScale - 1.0
01-19 18:48:56.710  4686  5684 I WindowTransitionCompat: TransitionTest isOpenApp = true, homeMode = 4
01-19 18:48:56.710  4686  5684 I TransitionCallback: com.android.systemui.shared.recents.utilities.WindowTransitionCallbackHelper@69c7702 setMergeFinishCallback, token = null, callback = null
01-19 18:48:56.710  4686  5684 I WindowTransitionCompat: cancelAnimAndFinishMain,app open , do not handle from merge.
01-19 18:48:56.710  4686  5684 I WindowElementba8bb7f: onAnimCancelByShellFinished needComplete = false
01-19 18:48:56.710  4686  5684 D AnimStateManager: send event 8001 currentState = HomeState windowElement = com.miui.home.recents.anim.WindowElement@ba8bb7f
01-19 18:48:56.710  5321  5896 D HWUI    : [HWUI] Flag vulkan_enhance_pipeline_cache enabled
01-19 18:48:56.710  5321  5896 D HWUI    : [HWUI] EnhanceVkPipelineCache is enabled
01-19 18:48:56.711  3278  3401 D Aurogon :  uid = 10424 switch to FG
01-19 18:48:56.712 21492 21492 D HidDeviceService: handleMessage(): msg.what=8
01-19 18:48:56.713  3278  4130 I MiuiNetworkPolicy: updateUidState uid = 10424, uidState = 2
01-19 18:48:56.713  3278  4130 I MiuiNetworkPolicyTrafficLimit: updateWhiteListUidForMobileTraffic uid=10424,add=true
01-19 18:48:56.713  3278  4130 D MiuiNetworkPolicyTrafficLimit: updateWhiteListUidForMobileTraffic rst=true
01-19 18:48:56.714 15761 15862 D VA_ActivityUtils: getTopActivity packageName:ComponentInfo{com.soundtherapyapp/com.soundtherapyapp.MainActivity}
01-19 18:48:56.714 15761 15862 D VA_AppStateWatcher: currentPkgName:com.soundtherapyapp, lastPkgName:com.miui.home
01-19 18:48:56.714  2033  2109 D RenderEngine: makePassBlurBetterDownShader layername:Wallpaper BBQ wrapper#64
01-19 18:48:56.714  3278  4431 E HyperSentinel: ->pid:14826,processName:"com.miui.contentextension",Rss Memory Size Change 176612kb -> 62824kb
01-19 18:48:56.714  3278  4431 E HyperSentinel: ->pid:14826,processName:"com.miui.contentextension",Rss Memory Size Change 62824kb -> 25820kb
01-19 18:48:56.714 15761 15761 D VA_TopAppChangedObserver: onAppChanged...com.soundtherapyapp
01-19 18:48:56.714  9171 21496 D ForegroundUtils: Foreground UID status:
01-19 18:48:56.714  9171 21496 D ForegroundUtils: UID: 1002 is in foreground: true
01-19 18:48:56.714  9171 21496 D ForegroundUtils: UID: 6102 is in foreground: false
01-19 18:48:56.714  9171 21496 D ForegroundUtils: UID: 10127 is in foreground: true
01-19 18:48:56.714  9171 21496 D ForegroundUtils: UID: 10128 is in foreground: false
01-19 18:48:56.714 15761 15761 D VA_TopAppChangedObserver: onAppChanged notify listener:a
01-19 18:48:56.714  9171 21496 D ForegroundUtils: UID: 10135 is in foreground: true
01-19 18:48:56.714  9171 21496 D ForegroundUtils: UID: 10136 is in foreground: true
01-19 18:48:56.714  9171 21496 D ForegroundUtils: UID: 10140 is in foreground: false
01-19 18:48:56.714  9171 21496 D ForegroundUtils: UID: 10142 is in foreground: true
01-19 18:48:56.714  9171 21496 D ForegroundUtils: UID: 10145 is in foreground: false
01-19 18:48:56.714 15761 15761 I VA__LAS_LocalAppSearch: onTopAppChanged: com.soundtherapyapp
01-19 18:48:56.714  9171 21496 D ForegroundUtils: UID: 10193 is in foreground: false
01-19 18:48:56.714  9171 21496 D ForegroundUtils: UID: 10224 is in foreground: true
01-19 18:48:56.714  9171 21496 D ForegroundUtils: UID: 10424 is in foreground: true
01-19 18:48:56.714 15761 15761 D VA_TopAppChangedObserver: onAppChanged notify listener:
01-19 18:48:56.714 15761 15761 I VA_ConversationManager: lastQueryOrigin====null;fromCar=false
01-19 18:48:56.714 15761 15761 D VA_QueryRecorder: getQueryInfo: requestId is empty
01-19 18:48:56.714 15761 15761 D VA_OperationManager: getQueryInfo: QueryInfo(dialogId=null, queryText=null, queryExtraInfo=null, isFromAiInputPage=false, isRenewSession=null, skillId=null)
01-19 18:48:56.714 15761 15761 I VA_ConversationManager: lastQueryOrigin====null;fromDevice=false
01-19 18:48:56.714 15761 15761 D VA_TopAppChangedObserver: onAppChanged notify listener:j
01-19 18:48:56.714 15761 15761 I VA_HybridLifecycleListener: onTopAppChanged: newApp=com.soundtherapyapp from=com.miui.home fromPkg=com.soundtherapyapp
01-19 18:48:56.714  9372  9748 V OsAgent : broadcastSystemEvent - 7
01-19 18:48:56.715  3278  3405 I MiuiWallpaperSurfaceAnimation: wallpaperOffsets:xOffset=0.0,yOffset=0.0
01-19 18:48:56.715  3278  3405 D MiuiWallpaperSurfaceAnimation: updateScaleIfNeeded mPivotX: 0.5, mPivotY: 0.5, x: 0.0, y: 0.0, zoom: 1.0801885
01-19 18:48:56.715  5321  5716 I Choreographer: first vsync insert message into MessageQueue Head
01-19 18:48:56.715  4686  4686 D PassBlur: textureState not update, view com.miui.home.launcher.BlurView{5420920 V.ED..... ........ 0,0-1440,3200 #7f0a026a app:id/launcher_blur_view} visible is true
01-19 18:48:56.716  4686  4686 I WindowElementba8bb7f: forceStop toHome=true, reason=onAnimCancelByShellFinished, finishCallBack=null
01-19 18:48:56.716  4686  4686 I WindowTransitionCompatListener332b74c: setCancel mCancel=true
01-19 18:48:56.716  4686  4686 D WindowAnimImplementorDispatcher: 195607423 cancelAnim by com.miui.home.recents.anim.windowanim.LocalWindowAnimImplementor@8be06bd withoutEndAndEndListener:false toHome:true
01-19 18:48:56.716  4686  5632 D com.miui.home: backgroundBlur makeBackgroundImage (ShortcutMenuLayer-6-0xb400007838efed10), blurRadius(183), blurType(-1), blurScaleRatio(0.000000)
01-19 18:48:56.716  4686  4686 D LocalWindowAnimImplementor: com.miui.home.recents.anim.windowanim.LocalWindowAnimImplementor@8be06bd cancelAnim, onAnimCancelByShellFinished toHome:true withoutEndAndEndListener:false
01-19 18:48:56.716  4686  4686 I RectFSpringAnim_15561433: cancel mRequestCancel=false mLooperExecutor=com.miui.home.common.MainThreadExecutor@94594ea
01-19 18:48:56.716  4686  4686 I RectFSpringAnim_15561433: endDirectly mRequestEnd end
01-19 18:48:56.716  4686  4686 I MultiSpringDynamicAnimationaee349e: TransitionTest endRequested=true
01-19 18:48:56.716  4686  4686 I ScenarioRecognitionUtil: setScenarioState, type: 320, isStart: false
01-19 18:48:56.716  4686  4686 I LaunchAppAndBackHomeAnimTarget: resetShortcutIcon, icon=com.miui.home.launcher.ShortcutIcon{b2449f7 VFED..CL. ........ 382,734-720,1101}(SoundTherapyApp)
01-19 18:48:56.716  3278  4257 E ProcessManager: error write exception log
01-19 18:48:56.716  4686  4686 D FloatingIconView280e368: finishImmediately 
01-19 18:48:56.716  4686  4686 I LaunchAppAndBackHomeAnimTarget: resetShortcutIcon, icon=com.miui.home.launcher.ShortcutIcon{b2449f7 VFED..CL. ......ID 382,734-720,1101}(SoundTherapyApp)
01-19 18:48:56.716  4686  4686 E FloatingIconView280e368: recycleView
01-19 18:48:56.716  4686  5632 D com.miui.home: backgroundBlur makeBackgroundImage (BlurView-6-0xb400007838f44d30), blurRadius(46), blurType(-1), blurScaleRatio(0.000000)
01-19 18:48:56.716  4686  4686 D FloatingIconView280e368: setIsDrawIcon, isDraw=true
01-19 18:48:56.716  4686  4686 D FloatingIconView280e368: Recycle Bitmap to cache, Cache size: 1
01-19 18:48:56.716  4686  4686 D FloatingIconView280e368: recycleView post: com.miui.home.recents.views.FloatingIconView2$$ExternalSyntheticLambda4@69ab381
01-19 18:48:56.716  4686  4686 I AnimStateManager: HomeState handle event 8001
01-19 18:48:56.716  4686  4686 I AnimStateManager: CommonState handle event 8001
01-19 18:48:56.716  4686  4686 D ShortcutMenuLayerElement: setTo, anim cancel
01-19 18:48:56.716  4686  4686 I MultiSpringDynamicAnimatione9fb34: TransitionTest cancel
01-19 18:48:56.716  4686  4686 D ShortcutMenuLayerElement: onAnimationEnd animation = com.miui.home.recents.anim.HyperSpringAnimation@e9fb34 canceled = true
01-19 18:48:56.716  4686  4686 D ShortcutMenuLayerElement: setTo, params=ShortcutMenuLayerParams(alpha=1.0, scaleX=1.0, scaleY=1.0, dampingRation=1.2, response=0.5, isSurfaceChange=false, shouldTryDisableByRecents=true, reason=, anim=true, animEndListener=null)
01-19 18:48:56.716  4686  4686 D SystemWallpaperElement: setTo   zoomOut=1.0 useWallpaperAnim=true
01-19 18:48:56.716  1692  1692 I Zygote  : Process 15438 exited due to signal 9 (Killed)
01-19 18:48:56.716  4686  4686 I MultiSpringDynamicAnimation4c596a0: TransitionTest cancel
01-19 18:48:56.716  4686  4686 D RecentBlurViewElement: setTo: params = RecentBlurParams(blurRadius=0.0, dimming=0.0, dampingRatio=0.95, response=0.45) blurView = com.miui.home.launcher.BlurView{5420920 V.ED..... ........ 0,0-1440,3200 #7f0a026a app:id/launcher_blur_view}
01-19 18:48:56.716  3278  3421 I libprocessgroup: Removed cgroup /sys/fs/cgroup/apps/uid_10131/pid_14826
01-19 18:48:56.716  4686  4686 D backgroundBlur: setBackgroundBlurRadius 0 com.miui.home.launcher.BlurView hashcode 88213792
01-19 18:48:56.716  1692  1692 I Zygote  : Process 14826 exited due to signal 9 (Killed)
01-19 18:48:56.716  3278  6007 I ActivityManager: note: ProcessRecord{4d15072 15438:com.xiaomi.phone/1001} died, saving the exit info
01-19 18:48:56.716  1841  1841 I vendor.qti.hardware.servicetrackeraidl-service: killProcess is called for pid : 15438
01-19 18:48:56.717  3278  6367 D WallpaperControllerImpl: updateOffsetNoCrop: multiCrop=true pkg=com.miui.miwallpaper cropHint={} scroll=false
01-19 18:48:56.717  3278  6367 D WallpaperControllerImpl: updateOffsetNoCrop: mWallpaperX=0.5f
01-19 18:48:56.717  3278  6367 D WallpaperControllerImpl: updateOffsetNoCrop: multiCrop=true pkg=com.miui.miwallpaper cropHint={} scroll=false
01-19 18:48:56.717  3278  6367 D WallpaperControllerImpl: updateOffsetNoCrop: mWallpaperX=0.5f
01-19 18:48:56.717  1841  1841 I vendor.qti.hardware.servicetrackeraidl-service: killProcess is called for pid : 14826
01-19 18:48:56.717  1841  1841 I vendor.qti.hardware.servicetrackeraidl-service: process with pid 14826 is client
01-19 18:48:56.717  1841  1841 I vendor.qti.hardware.servicetrackeraidl-service: size of service connections for service: com.miui.analytics/.onetrack.OneTrackServiceafter removal is 26
01-19 18:48:56.717  1841  1841 I vendor.qti.hardware.servicetrackeraidl-service: removing client with pid 14826process namecom.miui.contentextension
01-19 18:48:56.717  1819  1927 I ANDR-PWR-OPT: GAMEPOWEROPT: sendEvents() 231: Start hint for app com.miui.contentextension, hintID : 4243, hintID hex : 1093 value: 0
01-19 18:48:56.717  3278  3424 I ActivityManager: Update process exit info for com.xiaomi.phone(15438/u1001)
01-19 18:48:56.717  5321  5716 D VRI[Miui Bottom Caption of Task=1]: getMiuiFreeformStackInfo mTmpFrames.miuiFreeFormStackInfo: null
01-19 18:48:56.717  1819  1927 I ANDR-PWR-OPT: PowerAppClassifier: getAppType() 59: checking app [com.miui.contentextension] is type 0
01-19 18:48:56.717  1819  1927 I ANDR-PWR-OPT: GAMEPOWEROPT: isGame() 348: com.miui.contentextension is Game = 0
01-19 18:48:56.717  1819  1927 I ANDR-PWR-OPT: GAMEPOWEROPT: sendEvents() 231: Start hint for app com.xiaomi.phone, hintID : 4243, hintID hex : 1093 value: 0
01-19 18:48:56.718  1819  1927 I ANDR-PWR-OPT: PowerAppClassifier: getAppType() 59: checking app [com.xiaomi.phone] is type 0
01-19 18:48:56.718  1819  1927 I ANDR-PWR-OPT: GAMEPOWEROPT: isGame() 348: com.xiaomi.phone is Game = 0
01-19 18:48:56.718  3278  3421 I ActivityManager: Got SIGCHLD from zygote: pid=15438, uid=1001, status=9
01-19 18:48:56.718  3278  3424 I ActivityManager: zygote: proc died: pid=15438 uid=1001, status=9
01-19 18:48:56.718  3278  3421 I libc    : kill: send 9 to pid -11076
01-19 18:48:56.718  3278  3421 I libc    : debug pid reuse, real pid -11076
01-19 18:48:56.718  3278  3421 I libc    : kill: send 9 to pid -11076
01-19 18:48:56.718  3278  3421 I libc    : debug pid reuse, real pid -11076
01-19 18:48:56.718 16333 16333 E AiCrEngine_E_.ProcessTimer$1.run: deletionTimerTask finish
01-19 18:48:56.718 16333 16333 I AiCrEngine_I_.NLUEngine.release: NLU Model had been released
01-19 18:48:56.718  3278  4257 E ProcessManager: error write exception log
01-19 18:48:56.718  3278  5552 I ActivityManager: note: ProcessRecord{921d868 14826:com.miui.contentextension/u0a131} died, saving the exit info
01-19 18:48:56.719 21492 21492 D HidDeviceService: handleMessage(): msg.what=8
01-19 18:48:56.719 21492 21492 D HidDeviceService: unregisterAppUid(): uid=10131
01-19 18:48:56.719 21492 21492 D HidDeviceService: unregisterAppUid(): caller UID doesn't match user UID
01-19 18:48:56.719  3278  3424 I ActivityManager: Update process exit info for com.miui.contentextension(14826/u10131)
01-19 18:48:56.719  3278  4130 I MiuiNetworkPolicy: removeUidState uid = 10131
01-19 18:48:56.719 26170 15562 D MyLog   : -->log(1): [Tid:3511] [KeepAliveManager] -->onProcessDied(), pid=15438, uid=1001
01-19 18:48:56.719 26170 15562 D MyLog   : -->log(1): [Tid:3511] [KeepAliveManager] -->onProcessDied(), pid=14826, uid=10131
01-19 18:48:56.719 26170 26170 D AppLifecycleObserver: onReceive: com.soundtherapyapp FOREGROUND
01-19 18:48:56.719 16333 16333 I NativeTurboSchedManager: Load libmiui_runtime
01-19 18:48:56.719  9171 21496 D ForegroundUtils: UID: 10131 deleted.
01-19 18:48:56.719 16333 16333 E NativeTurboSchedManagerJni: ioctl 8 failed!
01-19 18:48:56.719 16333 16333 E TurboSchedMonitor: failed to find setSchedAffinity method com.xiaomi.aicr:searchService
01-19 18:48:56.719 26170 26170 D PkgUtils: getApplicationInfo packageName:com.soundtherapyapp, flags:128 applicationInfo:ApplicationInfo{ffae40a com.soundtherapyapp} needSecondSpace:false
01-19 18:48:56.719  3278  4246 D ExternalInterface: setUidState, uid = 10131 allow = true
01-19 18:48:56.719  3278  4246 D MiSensorServiceImpl: PowerKeeperSensor resume iUid:10131 but app has not in Controlled
01-19 18:48:56.720 16333 16333 E NativeTurboSchedManagerJni: ioctl 9 failed!
01-19 18:48:56.720 16333 16333 E TurboSchedMonitor: failed to find setSchedAffinity method com.xiaomi.aicr:searchService
01-19 18:48:56.720  9372  9748 V OsAgent : broadcastSystemEvent - 7
01-19 18:48:56.720  3278  3379 I NetworkBoostStatusManager: onUidGone uid: 10131
01-19 18:48:56.720  3278  6352 I SLM-SRV-SLSAppLib: SLM_Ai_Mode EVENT_CHECK_GMAE_AI_MODE_STATUS
01-19 18:48:56.720  3278  6352 I SLM-SRV-SLSAppLib: SLM_Ai_Mode checkGameAiModeStatus mGameAiModeCloudControl:true mLinkTurboAiModeSwitch:false mGameAiModeInterfaceReady:false mGameStartBattle:false powerMgrGameUid:0
01-19 18:48:56.720 14458 17151 D MiuiDownscaleImpl: set override inverted scale : 1.0
01-19 18:48:56.720  3278  3404 I TransitionImpl: home mode = 6
01-19 18:48:56.720  3278  3404 I TransitionImpl: home mode = 6
01-19 18:48:56.720  3278  3404 I TransitionImpl: home mode = 6
01-19 18:48:56.720  3278  3404 I TransitionImpl: home mode = 2
01-19 18:48:56.720  3278  3404 I TransitionImpl: home mode = 2
01-19 18:48:56.720  3278  3404 I TransitionImpl: home mode = 6
01-19 18:48:56.721  3278  3404 I TransitionImpl: home mode = 6
01-19 18:48:56.721  3278  3404 I TransitionImpl: home mode = 6
01-19 18:48:56.721  3278  3404 I TransitionImpl: home mode = 2
01-19 18:48:56.721  3278  3404 I TransitionImpl: home mode = 2
01-19 18:48:56.721  3278  3404 I TransitionImpl: home mode = 6
01-19 18:48:56.721  3278  3404 I TransitionImpl: home mode = 6
01-19 18:48:56.721  3278  3404 I TransitionImpl: home mode = 6
01-19 18:48:56.721  3278  3404 I TransitionImpl: home mode = 2
01-19 18:48:56.721  3278  3404 I TransitionImpl: home mode = 2
01-19 18:48:56.721  3278  3404 I TransitionImpl: home mode = 6
01-19 18:48:56.721  3278  3404 I TransitionImpl: home mode = 6
01-19 18:48:56.721  3278  3404 I TransitionImpl: home mode = 6
01-19 18:48:56.721  3278  3404 I TransitionImpl: home mode = 2
01-19 18:48:56.721  3278  3404 I TransitionImpl: home mode = 2
01-19 18:48:56.721  3278  4431 E HyperSentinel: ->pid:11076,processName:"com.miui.screenshot",Rss Memory Size Change 245152kb -> 84048kb
01-19 18:48:56.721  3278  4431 E HyperSentinel: ->pid:11076,processName:"com.miui.screenshot",Rss Memory Size Change 84048kb -> 57064kb
01-19 18:48:56.721  3278  4431 E HyperSentinel: ->pid:14458,processName:"usap64",Rss Memory Size Change 94608kb -> 147580kb
01-19 18:48:56.721 16333 16333 I AiCrEngine_I_.ProcessTimer$1.run: õĮ┐ńö©System.exitń╗łµŁóĶ┐øń©ŗ: com.xiaomi.aicr:searchService
01-19 18:48:56.721  2033  2109 D RenderEngine: makePassBlurBetterDownShader layername:Wallpaper BBQ wrapper#64
01-19 18:48:56.721 16333 16333 I r:searchService: System.exit called, status: 0
01-19 18:48:56.721 16333 16333 I AndroidRuntime: VM exiting with result code 0, cleanup skipped.
01-19 18:48:56.722 14458 14458 I RENDER_TURBO: onActivityThreadCreate not in white list, pkg=com.soundtherapyapp, type=miro
01-19 18:48:56.722 14458 17151 D AppScoutStateMachine: 14458-ScoutStateMachinecreated
01-19 18:48:56.722  3278  4430 W MiuiSentinelMemoryManager: Proc create was not completed, cmdline could not be read correctly
01-19 18:48:56.723  4686  4686 I RectFSpringAnim_15561433: TransitionTest MultiSpringDynamicAnimation on end. this=com.miui.home.recents.util.RectFSpringAnim@ed72d9
01-19 18:48:56.723  4686  4686 I RectFSpringAnim_15561433: changeAnimStart start=false
01-19 18:48:56.723  4686  4686 I LocalWindowAnimImplementor: reset mDisableStateManagerListener false.
01-19 18:48:56.723  5321  5321 D DynamicIslandTopActivityController: fullscreen: com.soundtherapyapp
01-19 18:48:56.723  5321  5321 D DynamicIslandController: onTopActivityChanged: ComponentInfo{com.soundtherapyapp/com.soundtherapyapp.MainActivity}
01-19 18:48:56.723  5321  5321 D DynamicIslandWindowViewController: handleDynamicIsland: action_top_activity_changed
01-19 18:48:56.723  5321  5321 D DynamicIslandWindowViewController: onTopActivityChange: topActivity ComponentInfo{com.soundtherapyapp/com.soundtherapyapp.MainActivity}, inSmallWindow false, isSupportPip false, isFocus false fullScreenPkg com.soundtherapyapp
01-19 18:48:56.724  5321  5321 D DynamicIslandWindowViewController: openAppFromIsland: null, null, null false
01-19 18:48:56.724  5321  5321 D DynamicIslandSafeguardsController: cancelDelayEnterApp com.soundtherapyapp com.soundtherapyapp
01-19 18:48:56.724  5321  5321 D DynamicIslandSafeguardsController: cancelDelayEnterMiniWindow com.soundtherapyapp com.soundtherapyapp null
01-19 18:48:56.724  5321  5321 D DynamicIslandSafeguardsController: cancelDelayExitApp com.soundtherapyapp com.miui.home
01-19 18:48:56.724  5321  5321 D DynamicIslandSafeguardsController: cancelDelayExitMiniWindow com.soundtherapyapp null
01-19 18:48:56.724  5321  5321 D DynamicIslandWindowViewController: lastTopActivityIsSmallWindow false
01-19 18:48:56.724  5321  5321 D DynamicIslandSafeguardsController: delayExitApp com.soundtherapyapp
01-19 18:48:56.724  5321  5321 D DynamicIslandSafeguardsController: cancelDelayExitApp com.soundtherapyapp com.soundtherapyapp
01-19 18:48:56.724  4686  4686 I RectFSpringAnim_15561433: getPropertyVelocity old, value = 0.0
01-19 18:48:56.724  4686  4686 I RectFSpringAnim_15561433: getPropertyVelocity old, value = 0.0
01-19 18:48:56.724  4686  4686 I RectFSpringAnim_15561433: getPropertyVelocity old, value = 0.0
01-19 18:48:56.724  4686  4686 I RectFSpringAnim_15561433: getPropertyVelocity old, value = 0.0
01-19 18:48:56.724  4686  4686 I RectFSpringAnim_15561433: getPropertyVelocity old, value = 0.0
01-19 18:48:56.724  4686  4686 I RectFSpringAnim_15561433: getPropertyVelocity old, value = 0.0
01-19 18:48:56.724  4686  4686 E MultiSpringDynamicAnimationaee349e: ERROR Not Found Bundle Radius
01-19 18:48:56.724  4686  4686 I RectFSpringAnim_15561433: getPropertyVelocity old, value = 0.0
01-19 18:48:56.724  4686  4686 I WindowElementba8bb7f: com.miui.home.recents.anim.WindowElement@ba8bb7f TransitionTest onAnimationEnd AnimType = CLOSE_TO_HOME allowShellListener = true, isDuringMerge=true, mUserAnimListener=com.miui.home.recents.anim.WindowAnimParamsProvider$getClosingWindowAnimParams$animListener$1@3bb5c05
01-19 18:48:56.724  3278  3405 I MiuiWallpaperSurfaceAnimation: wallpaperOffsets:xOffset=0.0,yOffset=0.0
01-19 18:48:56.724  3278  3405 D MiuiWallpaperSurfaceAnimation: updateScaleIfNeeded mPivotX: 0.5, mPivotY: 0.5, x: 0.0, y: 0.0, zoom: 1.0
01-19 18:48:56.724  4686  4686 D NavStubView: setWindowAnimType  type=null
01-19 18:48:56.724  4686  4686 D NavStubView: setIsAnimatingToLauncher  isAnimatingToLauncher=false
01-19 18:48:56.725  4686  4686 D Launcher.BlurUtilities: clearAllBlur: View=com.miui.home.recents.views.FloatingIconView2{80e368 G.ED..... ......I. 382,1017-598,1497}
01-19 18:48:56.725  4686  5632 D com.miui.home: backgroundBlur makeBackgroundImage (ShortcutMenuLayer-6-0xb400007838efed10), blurRadius(183), blurType(-1), blurScaleRatio(0.000000)
01-19 18:48:56.725  1841  1841 I vendor.qti.hardware.servicetrackeraidl-service: killProcess is called for pid : 11076
01-19 18:48:56.725  1841  1841 I vendor.qti.hardware.servicetrackeraidl-service: process with pid 11076 is client
01-19 18:48:56.725  1841  1841 I vendor.qti.hardware.servicetrackeraidl-service: size of service connections for service: com.miui.analytics/.onetrack.OneTrackServiceafter removal is 25
01-19 18:48:56.725  1841  1841 I vendor.qti.hardware.servicetrackeraidl-service: removing client with pid 11076process namecom.miui.screenshot
01-19 18:48:56.725  3278  4257 E ProcessManager: error write exception log
01-19 18:48:56.726  3278  5557 I ActivityManager: note: ProcessRecord{7b59e31 11076:com.miui.screenshot/u0a166} died, saving the exit info
01-19 18:48:56.726 26170  7854 D MyLog   : -->log(1): [Tid:3495] [KeepAliveManager] -->onProcessDied(), pid=11076, uid=10166
01-19 18:48:56.726  3278  3421 I libprocessgroup: Removed cgroup /sys/fs/cgroup/apps/uid_10166/pid_11076
01-19 18:48:56.726  3278  3421 I ActivityManager: Got SIGCHLD from zygote: pid=14826, uid=1001, status=9
01-19 18:48:56.726  1692  1692 I Zygote  : Process 11076 exited due to signal 9 (Killed)
01-19 18:48:56.726 21492 21492 D HidDeviceService: handleMessage(): msg.what=8
01-19 18:48:56.726 21492 21492 D HidDeviceService: unregisterAppUid(): uid=10166
01-19 18:48:56.726 21492 21492 D HidDeviceService: unregisterAppUid(): caller UID doesn't match user UID
01-19 18:48:56.726  3278  3403 W ActivityManager: setHasOverlayUi called on unknown pid: 11076
01-19 18:48:56.726  3278  4130 I MiuiNetworkPolicy: removeUidState uid = 10166
01-19 18:48:56.727  3278  3421 I libc    : kill: send 9 to pid -15438
01-19 18:48:56.727  3278  3421 I libc    : debug pid reuse, real pid -15438
01-19 18:48:56.727  9171 21496 D ForegroundUtils: UID: 10166 deleted.
01-19 18:48:56.726  3278  3424 I ActivityManager: Update process exit info for com.miui.screenshot(11076/u10166)
01-19 18:48:56.727  3278  3424 I ActivityManager: zygote: proc died: pid=14826 uid=1001, status=9
01-19 18:48:56.727  9372  9748 V OsAgent : broadcastSystemEvent - 7
01-19 18:48:56.727  3278  3421 I libprocessgroup: Removed cgroup /sys/fs/cgroup/system/uid_1001/pid_15438
01-19 18:48:56.727  3278  3421 I ActivityManager: Got SIGCHLD from zygote: pid=11076, uid=10166, status=9
01-19 18:48:56.727  3278  3424 I ActivityManager: zygote: proc died: pid=11076 uid=10166, status=9
01-19 18:48:56.727  3278  4246 D ExternalInterface: setUidState, uid = 10166 allow = true
01-19 18:48:56.727  3278  4246 D MiSensorServiceImpl: PowerKeeperSensor resume iUid:10166 but app has not in Controlled
01-19 18:48:56.727  3278  3379 I NetworkBoostStatusManager: onUidGone uid: 10166
01-19 18:48:56.728  3278  6352 I SLM-SRV-SLSAppLib: SLM_Ai_Mode EVENT_CHECK_GMAE_AI_MODE_STATUS
01-19 18:48:56.728  3278  6352 I SLM-SRV-SLSAppLib: SLM_Ai_Mode checkGameAiModeStatus mGameAiModeCloudControl:true mLinkTurboAiModeSwitch:false mGameAiModeInterfaceReady:false mGameStartBattle:false powerMgrGameUid:0
01-19 18:48:56.728  1819  1927 I ANDR-PWR-OPT: GAMEPOWEROPT: sendEvents() 231: Start hint for app com.miui.screenshot, hintID : 4243, hintID hex : 1093 value: 0
01-19 18:48:56.728  1819  1927 I ANDR-PWR-OPT: PowerAppClassifier: getAppType() 59: checking app [com.miui.screenshot] is type 1
01-19 18:48:56.728  1819  1927 I ANDR-PWR-OPT: GAMEPOWEROPT: isGame() 348: com.miui.screenshot is Game = 1
01-19 18:48:56.730 14458 14458 D ActivityThread: setEmbeddedParam packageName=com.soundtherapyapp processName=com.soundtherapyapp isEmbedded=false isIsolated=false
01-19 18:48:56.730  2033  2109 D RenderEngine: makePassBlurBetterDownShader layername:Wallpaper BBQ wrapper#64
01-19 18:48:56.730  1828  3093 I vendor.qti.hardware.display.composer-service: Sensor: notify citsensorservice to trigger cwb, misForced = 0
01-19 18:48:56.731  1828  3097 I SDM     : CWB config passed by cwb_client : tappoint 1  CWB_ROI : (736.000000 70.000000 977.000000 311.000000) for display-0
01-19 18:48:56.732  4686  5632 D com.miui.home: backgroundBlur makeBackgroundImage (ShortcutMenuLayer-6-0xb400007838efed10), blurRadius(183), blurType(-1), blurScaleRatio(0.000000)
01-19 18:48:56.734 10369 20458 D JavaheapMonitor: Java heap used=17M max=512M, proc: com.xiaomi.aicr:cognitionService
01-19 18:48:56.734 10369 20458 V JavaheapMonitor: Check java heap usage finished! Next check delay: 300000
01-19 18:48:56.736  1692  1692 I Zygote  : Process 16333 exited cleanly (0)
01-19 18:48:56.736  3278  3421 I ActivityManager: Got SIGCHLD from zygote: pid=16333, uid=10128, status=0
01-19 18:48:56.736  3278  9277 I ActivityManager: Process com.xiaomi.aicr:searchService (pid 16333) has died: cch+15 CEM 
01-19 18:48:56.736  3278  3421 I libc    : kill: send 9 to pid -16333
01-19 18:48:56.736  3278  3421 I libc    : debug pid reuse, real pid -16333
01-19 18:48:56.736  3278  3424 I ActivityManager: zygote: proc died: pid=16333 uid=10128, status=0
01-19 18:48:56.736  3278  4257 E ProcessManager: error write exception log
01-19 18:48:56.736  3278  9277 I ActivityManager: note: ProcessRecord{7d37708 16333:com.xiaomi.aicr:searchService/u0a128} died, saving the exit info
01-19 18:48:56.736  3278  3421 I libprocessgroup: Removed cgroup /sys/fs/cgroup/apps/uid_10128/pid_16333
01-19 18:48:56.737  3278  3424 I ActivityManager: Update process exit info for com.xiaomi.aicr(16333/u10128)
01-19 18:48:56.737  1841  1841 I vendor.qti.hardware.servicetrackeraidl-service: killProcess is called for pid : 16333
01-19 18:48:56.737 26170  7854 D MyLog   : -->log(1): [Tid:3495] [KeepAliveManager] -->onProcessDied(), pid=16333, uid=10128
01-19 18:48:56.739  1828  3097 I MiClstc : simplifyLayerName Unknown layer 1, skip
01-19 18:48:56.739  1828  3097 I MiClstc : DropLayers erase layer 1
01-19 18:48:56.740  4686  4686 D SyncRtSurfaceTransactionApplierCompat: TransactionCommitListener.invoke, method=onTransactionCommitted
01-19 18:48:56.740  4686  4686 D TimeOutTask: com.android.systemui.shared.recents.system.TimeOutTask@a540661 run: hasCalled = false
01-19 18:48:56.740  4686  5632 D com.miui.home: backgroundBlur makeBackgroundImage (ShortcutMenuLayer-6-0xb400007838efed10), blurRadius(183), blurType(-1), blurScaleRatio(0.000000)
01-19 18:48:56.740  4686  4686 E WindowElementba8bb7f: com.miui.home.recents.anim.WindowElement@ba8bb7f finishTransition toHome = true isHalf = false runningTaskId = 0
01-19 18:48:56.740  4686  4686 E WindowTransitionCompat: com.android.systemui.shared.recents.system.WindowTransitionCompat@1396395 finishTransition toHome = true
01-19 18:48:56.740  4686  4686 D TransitionCallback: call executeFinishCallback, toHome = true
01-19 18:48:56.740  4686  4686 D TransitionCallback: java.lang.Exception
01-19 18:48:56.740  4686  4686 D TransitionCallback: 	at com.android.systemui.shared.recents.utilities.WindowTransitionCallbackHelper.executeFinishCallback(WindowTransitionCallbackHelper.java:221)
01-19 18:48:56.740  4686  4686 D TransitionCallback: 	at com.android.systemui.shared.recents.utilities.WindowTransitionCallbackHelper.executeFinishCallback(WindowTransitionCallbackHelper.java:160)
01-19 18:48:56.740  4686  4686 D TransitionCallback: 	at com.android.systemui.shared.recents.system.WindowTransitionCompat.finishTransition(WindowTransitionCompat.java:815)
01-19 18:48:56.740  4686  4686 D TransitionCallback: 	at com.miui.home.recents.anim.WindowElement.finishTransitionCompat(WindowElement.kt:507)
01-19 18:48:56.740  4686  4686 D TransitionCallback: 	at com.miui.home.recents.anim.WindowElement.finishTransition$lambda$7(WindowElement.kt:484)
01-19 18:48:56.740  4686  4686 D TransitionCallback: 	at com.miui.home.recents.anim.WindowElement.$r8$lambda$tWOgmEbuZc1qc6cejgwJqu9Dv-w(WindowElement.kt:0)
01-19 18:48:56.740  4686  4686 D TransitionCallback: 	at com.miui.home.recents.anim.WindowElement$$ExternalSyntheticLambda2.run(R8$$SyntheticClass:0)
01-19 18:48:56.740  4686  4686 D TransitionCallback: 	at com.miui.launcher.utils.LooperExecutor.execute(LooperExecutor.java:43)
01-19 18:48:56.740  4686  4686 D TransitionCallback: 	at com.miui.home.recents.anim.WindowElement.finishTransition(WindowElement.kt:476)
01-19 18:48:56.740  4686  4686 D TransitionCallback: 	at com.miui.home.recents.anim.WindowElement.finishTransition$default(WindowElement.kt:474)
01-19 18:48:56.740  4686  4686 D TransitionCallback: 	at com.miui.home.recents.anim.WindowElement.finishTransitionSyncIfNeed$lambda$8(WindowElement.kt:495)
01-19 18:48:56.740  4686  4686 D TransitionCallback: 	at com.miui.home.recents.anim.WindowElement.$r8$lambda$xDECQZJ_tfrZcqg1N-MLNUx9uA4(WindowElement.kt:0)
01-19 18:48:56.740  4686  4686 D TransitionCallback: 	at com.miui.home.recents.anim.WindowElement$$ExternalSyntheticLambda15.run(R8$$SyntheticClass:0)
01-19 18:48:56.740  4686  4686 D TransitionCallback: 	at com.miui.launcher.utils.LooperExecutor.execute(LooperExecutor.java:43)
01-19 18:48:56.740  4686  4686 D TransitionCallback: 	at com.android.systemui.shared.recents.system.TimeOutTask.run(TimeOutTask.java:33)
01-19 18:48:56.740  4686  4686 D TransitionCallback: 	at com.android.systemui.shared.recents.system.SyncRtSurfaceTransactionApplierCompat$TransactionCommitListenerProxy.invoke(SyncRtSurfaceTransactionApplierCompat.java:267)
01-19 18:48:56.740  4686  4686 D TransitionCallback: 	at java.lang.reflect.Proxy.invoke(Proxy.java:1006)
01-19 18:48:56.740  4686  4686 D TransitionCallback: 	at $Proxy7.onTransactionCommitted(Unknown Source)
01-19 18:48:56.740  4686  4686 D TransitionCallback: 	at android.view.SurfaceControl$Transaction$$ExternalSyntheticLambda4.run(D8$$SyntheticClass:0)
01-19 18:48:56.740  4686  4686 D TransitionCallback: 	at android.os.Handler.handleCallback(Handler.java:995)
01-19 18:48:56.740  4686  4686 D TransitionCallback: 	at android.os.Handler.dispatchMessage(Handler.java:103)
01-19 18:48:56.740  4686  4686 D TransitionCallback: 	at android.os.Looper.loopOnce(Looper.java:267)
01-19 18:48:56.740  4686  4686 D TransitionCallback: 	at android.os.Looper.loop(Looper.java:360)
01-19 18:48:56.740  4686  4686 D TransitionCallback: 	at android.app.ActivityThread.main(ActivityThread.java:10088)
01-19 18:48:56.740  4686  4686 D TransitionCallback: 	at java.lang.reflect.Method.invoke(Native Method)
01-19 18:48:56.740  4686  4686 D TransitionCallback: 	at com.android.internal.os.RuntimeInit$MethodAndArgsCaller.run(RuntimeInit.java:616)
01-19 18:48:56.740  4686  4686 D TransitionCallback: 	at com.android.internal.os.ZygoteInit.main(ZygoteInit.java:1113)
01-19 18:48:56.740  4686  4686 I TransitionCallback: addCallbackListenerSync callBack:com.android.systemui.shared.recents.system.WindowTransitionCompat$1@78b0e47
01-19 18:48:56.740  4686  4686 I TransitionCallback: mNeedShowLauncher = false
01-19 18:48:56.740  4686  4686 I TransitionCallback: addCallbackListenerSync callBack:null
01-19 18:48:56.740  4686  4686 I TransitionCallback: com.android.systemui.shared.recents.utilities.WindowTransitionCallbackHelper@69c7702 call finishMainCallback, wct = WindowContainerTransaction { changes= {} hops= [] errorCallbackToken=null taskFragmentOrganizer=null willFinishToHome=true }, sct = android.view.SurfaceControl$Transaction@678e674, callback = android.window.IRemoteTransitionFinishedCallback$Stub$Proxy@979fc38, mCounterRotatorList.size = 0, mInfoExposeList.size = 1
01-19 18:48:56.741  4686  4686 I TransitionCallback_FW_FINISH: call onTransitionFinished end
01-19 18:48:56.741  5321  5646 I RemoteTransitionHandlerStubImpl: putCallback return, transition or wctCB is null.
01-19 18:48:56.741  4686  4686 I TransitionCallback: onTransitionFinished finally call notifyFinishTransitionEnd
01-19 18:48:56.741  4686  4686 I TransitionCallback: checkCallbackSync, size = 1
01-19 18:48:56.741  4686  4686 I WindowElementba8bb7f: onFinishCompleted mDisableStateManagerListener = false
01-19 18:48:56.741  4686  4686 D AnimStateManager: onAnimationEnd view: null, windowElementcom.miui.home.recents.anim.WindowElement@ba8bb7f
01-19 18:48:56.741  4686  4686 D AnimStateManager: onAnimationEnd: current=com.miui.home.recents.anim.WindowElement@ba8bb7f, set to null
01-19 18:48:56.741  4686  4686 I AnimStateManager: go to state com.miui.home.recents.anim.StateManager$IdleState@bd7da69
01-19 18:48:56.741  5321  5646 D MultiTaskingTaskRepository: onCloseTransitionFinish taskId=1994
01-19 18:48:56.741  5321  5646 D MultiTaskingTaskRepository: removeMultiTaskingTaskInfo::taskInfo.taskId = 1994 current mMultiTaskingTaskInfoList: { ,1995 ,1994 ,5 ,4 }
01-19 18:48:56.741  5321  5646 D MultiTaskingTaskRepository: removeFullscreenTask::taskId = 1994
01-19 18:48:56.741  4686  4686 I TransitionCallback: execute finishMainCallbackSync return, no need post delay
01-19 18:48:56.741  5321  5646 I MultiTaskingTaskRepository: onCloseTransitionFinish::mMultiWindowTaskIdsInZOrder = [5, 4], mFullscreenTaskIdsInZOrder = [1995]
01-19 18:48:56.741  5321  5646 I MultiTaskingTaskRepository: try to update multiTaskingTaskInfo taskInfo taskId = 1995
01-19 18:48:56.741  5321  5646 I MultiTaskingTaskInfo: MultiTaskingBaseTaskInfo::update::mTaskBounds = Rect(0, 0 - 1440, 3200), mTaskId = 1995
01-19 18:48:56.741  5321  5704 I MultiTaskingTaskInfo: releaseCoverLayerControl::mTaskId = 1994
01-19 18:48:56.741  5321  5646 D MultiTaskingTransitionsHelper: skip updateBaseAnimParam taskId: 1995 pendingTransitions: [] readyDuringSync: [] tracks: [Track #0 readyTransitions: [{id=6235 t=OPEN f=0x0 trk=0 r=[0@Point(0, 0)] c=[{m=OPEN f=NONE leash=Surface(name=Task=1995#135486)/@0xc51c9e1 sb=Rect(0, 0 - 1440, 3200) eb=Rect(0, 0 - 1440, 3200) epz=Point(1440, 3200) d=0 taskParent=-1 v=trueMiuiChangeImpl {miuiEmbedding:false, scale:1.0}},{m=TO_BACK f=SHOW_WALLPAPER leash=Surface(name=Task=1#51)/@0xff61ff4 sb=Rect(0, 0 - 1440, 3200) eb=Rect(0, 0 - 1440, 3200) epz=Point(1440, 3200) d=0 taskParent=-1 v=falseMiuiChangeImpl {miuiEmbedding:false, scale:1.0}},{m=TO_BACK f=IS_WALLPAPER leash=Surface(name=WallpaperWindowToken{ff64f09 showWhenLocked=false}#59)/@0x9a3ef63 sb=Rect(0, 0 - 1440, 3200) eb=Rect(0, 0 - 1440, 3200) epz=Point(1440, 3200) d=0 v=falseMiuiChangeImpl {miuiEmbedding:false, scale:1.0}}] mk=[false] noAni=[false] df=[false] rsa=[false] oa=[false] nc=[0] ho=[false] hla=[false] iSync=[-1]}android.os.BinderProxy@645bdc4]Track #1 readyTransitions: []Track #2 readyTransitions: []]
01-19 18:48:56.741  5321  5646 D MultiTaskingTransitionObserver: onTransitionFinished::transition = android.os.BinderProxy@550a659 remoteFreeformTasks = []
01-19 18:48:56.741  5321  5646 D MultiTaskingTransitionObserver: onTransitionFinished::mRunningTransitions = 1 mRemoteOpenFreeformTransitions = []
01-19 18:48:56.741  5321  5646 D MulWinSwitchDecorViewModel: destroyWindowDecoration: taskId=1994 windowingMode=1 mWindowDecorByTaskId.size()=2 callers=com.android.wm.shell.freeform.FreeformTaskTransitionObserver.onTransitionFinished:62 com.android.wm.shell.transition.Transitions.onFinish:170 com.android.wm.shell.transition.Transitions.lambda$playTransition$3:1 com.android.wm.shell.transition.Transitions.$r8$lambda$96XCaSAhJXxB3nlVJy1TNPeH46k:1 com.android.wm.shell.transition.Transitions$$ExternalSyntheticLambda4.onTransitionFinished:10 
01-19 18:48:56.741  5321  5646 D MiuiDecorationDot: releaseViews_TopCaption: taskId=1994
01-19 18:48:56.741  5321  5646 D MiuiDecorationDot: releaseParentSurface_TopCaption: taskId=1994 mStatusBarParent=Surface(name=StatusBar Container of Task = 1994#135444)/@0x7967f93
01-19 18:48:56.741  5321  5646 D MiuiDecorationBottom: releaseViews_BottomCaption: taskId=1994
01-19 18:48:56.741  5321  5646 D MiuiDecorationBottom: releaseParentSurface_BottomCaption: taskId=1994 mNavBarParent=Surface(name=NavigationBar Container of Task = 1994#135443)/@0x4a54bd0
01-19 18:48:56.741  5321  5646 D SoScUtils: monitorTransitionFinished transition:android.os.BinderProxy@550a659 transaction: android.view.SurfaceControl$Transaction@9b2ba7 mRequestCloseTransition:null mRequestOpenTransition:null mPairsOpenTransition:null mPairsOpenTransitionNull:null mRequestOpenTriggerTask:-1 mRequestCloseTriggerTask:-1 mOrientationTransition: null mPendingChange:null mMainStartingTask:-1 mSideStartingTask:-1
01-19 18:48:56.741  5321  5646 D TransitionsImpl: sync this finishT,activeTask: 1, readyTask:1
01-19 18:48:56.746  3278  9277 D TransitionImpl: set transition#6234 willFinishToHome totrue
01-19 18:48:56.746  3278  9277 I TransitionImpl: home mode = 6
01-19 18:48:56.746  3278  9277 I TransitionImpl: home mode = 6
01-19 18:48:56.746  3278  9277 I TransitionImpl: home mode = 6
01-19 18:48:56.746  3278  9277 I TransitionImpl: home mode = 2
01-19 18:48:56.746  3278  9277 I TransitionImpl: home mode = 2
01-19 18:48:56.746  3278  9277 D BarFollowAnimation: onTaskInfoChanedForCaptionBar Task{b8d0961 #1994 type=standard A=10424:com.soundtherapyapp} shouldbeVisible:false isVisible:false isOnTop:false windowMode:1 preDisplayId:-1 displayId:0 mCaptionAssociatedTask:null mIsTouchedInCaption:false
01-19 18:48:56.747  3278  9277 E IPCThreadState: Binder transaction failure. id: 175223088, BR_*: 29189, error: -22 (Invalid argument)
01-19 18:48:56.747  3278  9277 W ActivityManager: pid 3278 system sent binder code 7 with flags 1 to frozen apps and got error -32
01-19 18:48:56.747  3278  9277 W WindowManager: Exception thrown during dispatchAppVisibility Window{7e149b7 u0 com.soundtherapyapp/com.soundtherapyapp.MainActivity EXITING}
01-19 18:48:56.747  3278  9277 W WindowManager: android.os.DeadObjectException
01-19 18:48:56.747  3278  9277 W WindowManager: 	at android.os.BinderProxy.transactNative(Native Method)
01-19 18:48:56.747  3278  9277 W WindowManager: 	at android.os.BinderProxy.transact(BinderProxy.java:736)
01-19 18:48:56.747  3278  9277 W WindowManager: 	at android.view.IWindow$Stub$Proxy.dispatchAppVisibility(IWindow.java:659)
01-19 18:48:56.747  3278  9277 W WindowManager: 	at com.android.server.wm.WindowState.sendAppVisibilityToClients(WindowState.java:3597)
01-19 18:48:56.747  3278  9277 W WindowManager: 	at com.android.server.wm.WindowContainer.sendAppVisibilityToClients(WindowContainer.java:1422)
01-19 18:48:56.747  3278  9277 W WindowManager: 	at com.android.server.wm.WindowToken.setClientVisible(WindowToken.java:430)
01-19 18:48:56.747  3278  9277 W WindowManager: 	at com.android.server.wm.ActivityRecord.setClientVisible(ActivityRecord.java:7704)
01-19 18:48:56.747  3278  9277 W WindowManager: 	at com.android.server.wm.ActivityRecord.commitVisibility(ActivityRecord.java:6453)
01-19 18:48:56.747  3278  9277 W WindowManager: 	at com.android.server.wm.Transition.finishTransition(Transition.java:1721)
01-19 18:48:56.747  3278  9277 W WindowManager: 	at com.android.server.wm.TransitionController.finishTransition(TransitionController.java:1216)
01-19 18:48:56.747  3278  9277 W WindowManager: 	at com.android.server.wm.WindowOrganizerController.finishTransition(WindowOrganizerController.java:622)
01-19 18:48:56.747  3278  9277 W WindowManager: 	at android.window.IWindowOrganizerController$Stub.onTransact(IWindowOrganizerController.java:305)
01-19 18:48:56.747  3278  9277 W WindowManager: 	at com.android.server.wm.WindowOrganizerController.onTransact(WindowOrganizerController.java:265)
01-19 18:48:56.747  3278  9277 W WindowManager: 	at android.os.Binder.execTransactInternal(Binder.java:1433)
01-19 18:48:56.747  3278  9277 W WindowManager: 	at android.os.Binder.execTransact(Binder.java:1372)
01-19 18:48:56.747  3278  9277 W Process : Unable to open /proc/13528/status
01-19 18:48:56.747  3278  9277 I TransitionImpl: finishTransition: updateLastSurfacePosition tf=Task{44844cf #2 type=home I=com.miui.home/.launcher.Launcher}
01-19 18:48:56.747  3278  9277 I TransitionImpl: finishTransition: updateLastSurfacePosition tf=Task{68ecabd #1 type=home}
01-19 18:48:56.747  3278  9277 I TransitionImpl: finishTransition: updateLastSurfacePosition tf=Task{b8d0961 #1994 type=standard A=10424:com.soundtherapyapp}
01-19 18:48:56.747  1828  2639 I SDM     : HWDeviceDRM::SetupConcurrentWriteback: Tear down the Concurrent Writeback topology
01-19 18:48:56.747  4686  4686 E RotationHelper: setCurrentTransitionRequest: request=0
01-19 18:48:56.747  3278  9277 D BarFollowAnimation: pairAppearanceRegionAndWin win=Window{aa09a2d u0 Splash Screen com.soundtherapyapp} 8
01-19 18:48:56.747  3278  9277 D BarFollowAnimation: isAppTaskBarOnTop win:Window{aa09a2d u0 Splash Screen com.soundtherapyapp} (mCurrentTopTask:Task{551f15a #1995 type=standard A=10424:com.soundtherapyapp} : true); (mAssociatedTask:Task{551f15a #1995 type=standard A=10424:com.soundtherapyapp} : true); (mHomeTask:Task{68ecabd #1 type=home} : true); mReparentToOriginParent:false mLastAppBarVisible:true mLastHomeBarVisible:false
01-19 18:48:56.748  3278  9277 D BarFollowAnimation: updateSystemBarAttributes index=0 statusId=1 key=1
01-19 18:48:56.748  3278  9277 D WindowManager: updateSystemBarAttributes displayId: 16777216 Window{aa09a2d u0 Splash Screen com.soundtherapyapp} winAppearance=LIGHT_STATUS_BARS LIGHT_NAVIGATION_BARS
01-19 18:48:56.748  3278  9277 D MiuiRefreshRatePolicy: reset
01-19 18:48:56.748  3278  3401 D WmSystemUiDebug: on system bar attributes changed displayId=16777216 appearance=LIGHT_STATUS_BARS LIGHT_NAVIGATION_BARS appearanceRegions=[AppearanceRegion{LIGHT_STATUS_BARS bounds=[0,0][1440,3200]}] navbarColorManagedByIme=false behavior=1 requestedVisibleTypes=[statusBars navigationBars captionBar systemGestures mandatorySystemGestures tappableElement displayCutout windowDecor systemOverlays] packageName=com.soundtherapyapp letterboxDetails=[]
01-19 18:48:56.748  5321  5321 D CommandQueueCallback: onSystemBarAttributesChanged (16777216, 24)
01-19 18:48:56.748  3278  9277 D BarFollowAnimation: pairAppearanceRegionAndWin win=Window{aa09a2d u0 Splash Screen com.soundtherapyapp} 8
01-19 18:48:56.749  3278  9277 D BarFollowAnimation: isAppTaskBarOnTop win:Window{aa09a2d u0 Splash Screen com.soundtherapyapp} (mCurrentTopTask:Task{551f15a #1995 type=standard A=10424:com.soundtherapyapp} : true); (mAssociatedTask:Task{551f15a #1995 type=standard A=10424:com.soundtherapyapp} : true); (mHomeTask:Task{68ecabd #1 type=home} : true); mReparentToOriginParent:false mLastAppBarVisible:true mLastHomeBarVisible:false
01-19 18:48:56.749  3278  9277 D MiuiRefreshRatePolicy: reset
01-19 18:48:56.749  3278  9277 D BarFollowAnimation: onTaskInfoChanedForCaptionBar Task{b8d0961 #1994 type=standard A=10424:com.soundtherapyapp} shouldbeVisible:false isVisible:false isOnTop:false windowMode:1 preDisplayId:-1 displayId:0 mCaptionAssociatedTask:null mIsTouchedInCaption:false
01-19 18:48:56.749  3278  9277 D BarFollowAnimation: onTaskValishedForCaptionBar Task{b8d0961 #1994 type=standard A=10424:com.soundtherapyapp}
01-19 18:48:56.749  3278  9277 D BarFollowAnimation: Not resetBarState for  task.inTransition() = true true
01-19 18:48:56.749  5321  5646 I RemoteTransitionHandlerStubImpl: invokeAndRemoveWctCB transition is null, curWctCB: null
01-19 18:48:56.749  5321  5646 I ShellTransitions: Is abandon offsetY: false
01-19 18:48:56.749  5321  5646 I ShellTransitions: Is abandon offsetY: false
01-19 18:48:56.749  5321  5646 I ShellTransitions: Is abandon offsetY: false
01-19 18:48:56.749  5321  5646 D SoScStageCoordinator: inCloseTransition:false inSoScUnactivie:true mDeferUpdateSoScStateCount:0
01-19 18:48:56.749  5321  5646 D MultiTaskingTransitionHandler: startAnimation try handler: com.android.wm.shell.multitasking.miuifreeform.MiuiFreeformModeAnimation@473e535
01-19 18:48:56.749  5321  5646 D MultiTaskingTransitionHandler: startAnimation try handler: com.android.wm.shell.multitasking.miuimultiwinswitch.MulWinSwitchTransition@9251312
01-19 18:48:56.749  5321  5646 W MulWinSwitchTransition: startAnimation::receive an unknown transition:: token = android.os.BinderProxy@645bdc4 type = 1
01-19 18:48:56.749  5321  5646 D MultiTaskingTransitionHandler: startAnimation no handler
01-19 18:48:56.749  5321  5321 D ShadeDarkIconDispatcher: receiver delegate onDarkChanged
