01-19 18:48:40.108  1828  2639 I SDM     : DRMPanelFeatureMgr::ApplyDirtyFeature: Commited panel feature [enabled]: 21-266
01-19 18:48:40.108  1828  2639 I SDM     : DRMPanelFeatureMgr::ApplyDirtyFeature: Commited panel feature [enabled]: 8-265
01-19 18:48:40.114  1828  3090 I SDM     : HWPeripheralDRM::SetPanelFeature: Set Panel feature property 20
01-19 18:48:40.114  1828  3090 I SDM     : HWPeripheralDRM::SetPanelFeature: Set Panel feature property 7
01-19 18:48:40.116  1828  3097 D SDM     : DisplayBuiltIn::SetPanelBrightness: Setting brightness to level 33 (0.196910 percent)
01-19 18:48:40.116  1857  2445 D DisplayFeatureHal: getParam Node Expert, case Enable, value 0
01-19 18:48:40.116  1857  2445 D DisplayEffect: HandleDCGamma Enable DC GC lut
01-19 18:48:40.116  1828  2639 I SDM     : DRMPanelFeatureMgr::ApplyDirtyFeature: Commited panel feature [enabled]: 21-266
01-19 18:48:40.116  1828  2639 I SDM     : DRMPanelFeatureMgr::ApplyDirtyFeature: Commited panel feature [enabled]: 8-265
01-19 18:48:40.117  1828  3099 I MiStcImpl: Dispatching command: 6 GC
01-19 18:48:40.117  1828  3099 I SDM     : QServiceBackend::notifyCallback: calling qservice command 5
01-19 18:48:40.117  1828  3099 I SDM     : SDMServices::notifyCallback: sdmclient qservice command 5
01-19 18:48:40.124  1828  3097 D SDM     : DisplayBuiltIn::SetPanelBrightness: Setting brightness to level 33 (0.193273 percent)
01-19 18:48:40.126  1857  2445 D DisplayFeatureHal: getParam Node Expert, case Enable, value 0
01-19 18:48:40.128  1828  2805 I SDM     : QServiceBackend::notifyCallback: calling qservice command 5
01-19 18:48:40.129  1828  2805 I SDM     : SDMServices::notifyCallback: sdmclient qservice command 5
01-19 18:48:40.133  1828  3097 D SDM     : DisplayBuiltIn::SetPanelBrightness: Setting brightness to level 32 (0.189704 percent)
01-19 18:48:40.134  1857  2445 D DisplayFeatureHal: getParam Node Expert, case Enable, value 0
01-19 18:48:40.134  1828  3090 I SDM     : HWPeripheralDRM::SetPanelFeature: Set Panel feature property 20
01-19 18:48:40.134  1828  3090 I SDM     : HWPeripheralDRM::SetPanelFeature: Set Panel feature property 7
01-19 18:48:40.138  1828  3090 I SDM     : HWPeripheralDRM::SetPanelFeature: Set Panel feature property 20
01-19 18:48:40.138  1828  3090 W SDM     : DRMPanelFeatureMgr::CachePanelFeature: Property is set twice obj_id 205, prop_id 21
01-19 18:48:40.138  1828  3090 I SDM     : HWPeripheralDRM::SetPanelFeature: Set Panel feature property 7
01-19 18:48:40.138  1828  3090 W SDM     : DRMPanelFeatureMgr::CachePanelFeature: Property is set twice obj_id 205, prop_id 8
01-19 18:48:40.139  1828  2805 I SDM     : QServiceBackend::notifyCallback: calling qservice command 5
01-19 18:48:40.139  1828  2805 I SDM     : SDMServices::notifyCallback: sdmclient qservice command 5
01-19 18:48:40.139  1828  2639 I SDM     : DRMPanelFeatureMgr::ApplyDirtyFeature: Commited panel feature [enabled]: 21-266
01-19 18:48:40.139  1828  2639 I SDM     : DRMPanelFeatureMgr::ApplyDirtyFeature: Commited panel feature [enabled]: 8-265
01-19 18:48:40.140  1828  3097 D SDM     : DisplayBuiltIn::SetPanelBrightness: Setting brightness to level 32 (0.186200 percent)
01-19 18:48:40.141  1828  2805 I SDM     : QServiceBackend::notifyCallback: calling qservice command 5
01-19 18:48:40.141  1828  2805 I SDM     : SDMServices::notifyCallback: sdmclient qservice command 5
01-19 18:48:40.142  1857  2445 D DisplayFeatureHal: getParam Node Expert, case Enable, value 0
01-19 18:48:40.146  1828  3090 I SDM     : HWPeripheralDRM::SetPanelFeature: Set Panel feature property 20
01-19 18:48:40.146  1828  3090 I SDM     : HWPeripheralDRM::SetPanelFeature: Set Panel feature property 7
01-19 18:48:40.149  1828  3097 D SDM     : DisplayBuiltIn::SetPanelBrightness: Setting brightness to level 31 (0.182761 percent)
01-19 18:48:40.150  1828  3093 I vendor.qti.hardware.display.composer-service: Sensor: notify citsensorservice to trigger cwb, misForced = 0
01-19 18:48:40.150  1828  2805 I SDM     : QServiceBackend::notifyCallback: calling qservice command 5
01-19 18:48:40.150  1828  2805 I SDM     : SDMServices::notifyCallback: sdmclient qservice command 5
01-19 18:48:40.150  1828  2639 I SDM     : DRMPanelFeatureMgr::ApplyDirtyFeature: Commited panel feature [enabled]: 21-266
01-19 18:48:40.150  1828  2639 I SDM     : DRMPanelFeatureMgr::ApplyDirtyFeature: Commited panel feature [enabled]: 8-265
01-19 18:48:40.150  1857  2445 D DisplayFeatureHal: getParam Node Expert, case Enable, value 0
01-19 18:48:40.150  1828  3097 I SDM     : CWB config passed by cwb_client : tappoint 1  CWB_ROI : (736.000000 70.000000 977.000000 311.000000) for display-0
01-19 18:48:40.155  1828  3090 I SDM     : HWPeripheralDRM::SetPanelFeature: Set Panel feature property 20
01-19 18:48:40.155  1828  3090 I SDM     : HWPeripheralDRM::SetPanelFeature: Set Panel feature property 7
01-19 18:48:40.157  1828  3097 D SDM     : DisplayBuiltIn::SetPanelBrightness: Setting brightness to level 30 (0.179385 percent)
01-19 18:48:40.158  1828  2805 I SDM     : QServiceBackend::notifyCallback: calling qservice command 5
01-19 18:48:40.158  1828  2805 I SDM     : SDMServices::notifyCallback: sdmclient qservice command 5
01-19 18:48:40.158  1828  2639 I SDM     : DRMPanelFeatureMgr::ApplyDirtyFeature: Commited panel feature [enabled]: 21-266
01-19 18:48:40.158  1828  2639 I SDM     : DRMPanelFeatureMgr::ApplyDirtyFeature: Commited panel feature [enabled]: 8-265
01-19 18:48:40.158  1857  2445 D DisplayFeatureHal: getParam Node Expert, case Enable, value 0
01-19 18:48:40.163  1828  3090 I SDM     : HWPeripheralDRM::SetPanelFeature: Set Panel feature property 20
01-19 18:48:40.163  1828  3090 I SDM     : HWPeripheralDRM::SetPanelFeature: Set Panel feature property 7
01-19 18:48:40.166  1828  3097 D SDM     : DisplayBuiltIn::SetPanelBrightness: Setting brightness to level 30 (0.176072 percent)
01-19 18:48:40.167  1828  2805 I SDM     : QServiceBackend::notifyCallback: calling qservice command 5
01-19 18:48:40.167  1828  2805 I SDM     : SDMServices::notifyCallback: sdmclient qservice command 5
01-19 18:48:40.167  1828  2639 I SDM     : HWDeviceDRM::SetupConcurrentWriteback: Tear down the Concurrent Writeback topology
01-19 18:48:40.167  1828  2639 I SDM     : DRMPanelFeatureMgr::ApplyDirtyFeature: Commited panel feature [enabled]: 21-266
01-19 18:48:40.167  1857  2445 D DisplayFeatureHal: getParam Node Expert, case Enable, value 0
01-19 18:48:40.167  1828  2639 I SDM     : DRMPanelFeatureMgr::ApplyDirtyFeature: Commited panel feature [enabled]: 8-265
01-19 18:48:40.172  1828  3090 I SDM     : HWPeripheralDRM::SetPanelFeature: Set Panel feature property 20
01-19 18:48:40.172  1828  3090 I SDM     : HWPeripheralDRM::SetPanelFeature: Set Panel feature property 7
01-19 18:48:40.174  1828  3097 D SDM     : DisplayBuiltIn::SetPanelBrightness: Setting brightness to level 29 (0.172820 percent)
01-19 18:48:40.175  1857  2445 D DisplayFeatureHal: getParam Node Expert, case Enable, value 0
01-19 18:48:40.175  1828  2805 I SDM     : QServiceBackend::notifyCallback: calling qservice command 5
01-19 18:48:40.175  1828  2639 I SDM     : DRMPanelFeatureMgr::ApplyDirtyFeature: Commited panel feature [enabled]: 21-266
01-19 18:48:40.175  1828  2805 I SDM     : SDMServices::notifyCallback: sdmclient qservice command 5
01-19 18:48:40.175  1828  2639 I SDM     : DRMPanelFeatureMgr::ApplyDirtyFeature: Commited panel feature [enabled]: 8-265
01-19 18:48:40.175  1828  4133 I SDM     : NotifyCWBStatus: Notify the client about buffer (0x30845480) status 0 for display-0.
01-19 18:48:40.176  1828  4133 I SDM     : SDMConcurrentWriteBack::ProcessCWBStatus: CWB queue is empty. Display: 0
01-19 18:48:40.181  1828  3090 I SDM     : HWPeripheralDRM::SetPanelFeature: Set Panel feature property 20
01-19 18:48:40.181  1828  3090 I SDM     : HWPeripheralDRM::SetPanelFeature: Set Panel feature property 7
01-19 18:48:40.183  1828  3097 D SDM     : DisplayBuiltIn::SetPanelBrightness: Setting brightness to level 29 (0.169628 percent)
01-19 18:48:40.184  1857  2445 D DisplayFeatureHal: getParam Node Expert, case Enable, value 0
01-19 18:48:40.184  1828  2805 I SDM     : QServiceBackend::notifyCallback: calling qservice command 5
01-19 18:48:40.184  1828  2805 I SDM     : SDMServices::notifyCallback: sdmclient qservice command 5
01-19 18:48:40.184  1828  2639 I SDM     : DRMPanelFeatureMgr::ApplyDirtyFeature: Commited panel feature [enabled]: 21-266
01-19 18:48:40.184  1828  2639 I SDM     : DRMPanelFeatureMgr::ApplyDirtyFeature: Commited panel feature [enabled]: 8-265
01-19 18:48:40.191  1828  3090 I SDM     : HWPeripheralDRM::SetPanelFeature: Set Panel feature property 20
01-19 18:48:40.191  1828  3090 I SDM     : HWPeripheralDRM::SetPanelFeature: Set Panel feature property 7
01-19 18:48:40.192  1828  3097 D SDM     : DisplayBuiltIn::SetPanelBrightness: Setting brightness to level 28 (0.166495 percent)
01-19 18:48:40.193  1857  2445 D DisplayFeatureHal: getParam Node Expert, case Enable, value 0
01-19 18:48:40.200  1828  3090 I SDM     : HWPeripheralDRM::SetPanelFeature: Set Panel feature property 20
01-19 18:48:40.200  1828  3090 W SDM     : DRMPanelFeatureMgr::CachePanelFeature: Property is set twice obj_id 205, prop_id 21
01-19 18:48:40.200  1828  3090 I SDM     : HWPeripheralDRM::SetPanelFeature: Set Panel feature property 7
01-19 18:48:40.200  1828  3090 W SDM     : DRMPanelFeatureMgr::CachePanelFeature: Property is set twice obj_id 205, prop_id 8
01-19 18:48:40.202  1828  2639 I SDM     : DRMPanelFeatureMgr::ApplyDirtyFeature: Commited panel feature [enabled]: 21-266
01-19 18:48:40.202  1828  2639 I SDM     : DRMPanelFeatureMgr::ApplyDirtyFeature: Commited panel feature [enabled]: 8-265
01-19 18:48:40.203  1828  2805 I SDM     : QServiceBackend::notifyCallback: calling qservice command 5
01-19 18:48:40.203  1828  2805 I SDM     : SDMServices::notifyCallback: sdmclient qservice command 5
01-19 18:48:40.206  1828  3090 I SDM     : HWPeripheralDRM::SetPanelFeature: Set Panel feature property 20
01-19 18:48:40.206  1828  3090 I SDM     : HWPeripheralDRM::SetPanelFeature: Set Panel feature property 7
01-19 18:48:40.206  1828  3097 D SDM     : DisplayBuiltIn::SetPanelBrightness: Setting brightness to level 28 (0.163420 percent)
01-19 18:48:40.206  1857  2445 D DisplayFeatureHal: getParam Node Expert, case Enable, value 0
01-19 18:48:40.207  1828  2805 I SDM     : QServiceBackend::notifyCallback: calling qservice command 5
01-19 18:48:40.207  1828  2805 I SDM     : SDMServices::notifyCallback: sdmclient qservice command 5
01-19 18:48:40.207  1828  2639 I SDM     : DRMPanelFeatureMgr::ApplyDirtyFeature: Commited panel feature [enabled]: 21-266
01-19 18:48:40.207  1828  2639 I SDM     : DRMPanelFeatureMgr::ApplyDirtyFeature: Commited panel feature [enabled]: 8-265
01-19 18:48:40.211  1828  3090 I SDM     : HWPeripheralDRM::SetPanelFeature: Set Panel feature property 20
01-19 18:48:40.211  1828  3090 I SDM     : HWPeripheralDRM::SetPanelFeature: Set Panel feature property 7
01-19 18:48:40.211  1828  3097 D SDM     : DisplayBuiltIn::SetPanelBrightness: Setting brightness to level 27 (0.160401 percent)
01-19 18:48:40.211  1857  2445 D DisplayFeatureHal: getParam Node Expert, case Enable, value 0
01-19 18:48:40.211  1828  2805 I SDM     : QServiceBackend::notifyCallback: calling qservice command 5
01-19 18:48:40.211  1828  2805 I SDM     : SDMServices::notifyCallback: sdmclient qservice command 5
01-19 18:48:40.211  1828  2639 I SDM     : DRMPanelFeatureMgr::ApplyDirtyFeature: Commited panel feature [enabled]: 21-266
01-19 18:48:40.212  1828  2639 I SDM     : DRMPanelFeatureMgr::ApplyDirtyFeature: Commited panel feature [enabled]: 8-265
01-19 18:48:40.222  1828  3090 I SDM     : HWPeripheralDRM::SetPanelFeature: Set Panel feature property 20
01-19 18:48:40.223  1828  3090 I SDM     : HWPeripheralDRM::SetPanelFeature: Set Panel feature property 7
01-19 18:48:40.223  1828  3097 D SDM     : DisplayBuiltIn::SetPanelBrightness: Setting brightness to level 27 (0.157438 percent)
01-19 18:48:40.223  1857  2445 D DisplayFeatureHal: getParam Node Expert, case Enable, value 0
01-19 18:48:40.224  1828  2805 I SDM     : QServiceBackend::notifyCallback: calling qservice command 5
01-19 18:48:40.224  1828  2805 I SDM     : SDMServices::notifyCallback: sdmclient qservice command 5
01-19 18:48:40.224  1828  2639 I SDM     : DRMPanelFeatureMgr::ApplyDirtyFeature: Commited panel feature [enabled]: 21-266
01-19 18:48:40.224  1828  2639 I SDM     : DRMPanelFeatureMgr::ApplyDirtyFeature: Commited panel feature [enabled]: 8-265
01-19 18:48:40.230  3278  4248 D ActionExecute: frozen uid = 10145 reason=check binder
01-19 18:48:40.231  1828  3090 I SDM     : HWPeripheralDRM::SetPanelFeature: Set Panel feature property 20
01-19 18:48:40.231  1828  3090 I SDM     : HWPeripheralDRM::SetPanelFeature: Set Panel feature property 7
01-19 18:48:40.231  3278  4248 D ActionExecute: setPkgData uid = 10145 time=0
01-19 18:48:40.231  3278  4248 D ExternalInterface: setUidState, uid = 10145 allow = false
01-19 18:48:40.231  3278  4248 D MiSensorServiceImpl: PowerKeeperSensor stop iUid:10145 but app has Controlled
01-19 18:48:40.231  1828  3097 D SDM     : DisplayBuiltIn::SetPanelBrightness: Setting brightness to level 26 (0.154530 percent)
01-19 18:48:40.231  3278  4248 D ActionExecute: setPkgData uid = 10145 time=3000
01-19 18:48:40.231  1857  2445 D DisplayFeatureHal: getParam Node Expert, case Enable, value 0
01-19 18:48:40.232  2596  4119 I libsensor-boledalgo: Write:the value of channelCali C:1952.7,R:821.0,G:780.9,B:117.5,scales [0.768425,0.771258,0.754871,0.816696]
01-19 18:48:40.232  2596  4119 D libsensor-boledalgo: brightness:31,R:1.0,G:12570.6,B:11841.7,EVENT C:5086.0,R:1912.0,G:1950.0,B:375.0, lux: 9.9, clone:10398
01-19 18:48:40.232  2596  4119 I libsensor-boledalgo: ##### the value of lux: 9.237779, cct: 5268.000000
01-19 18:48:40.232  2596  4119 I libsensor-qshcalapi: value of set_lux: 9.237779, set r: 5268.000000
01-19 18:48:40.232  1828  2805 I SDM     : QServiceBackend::notifyCallback: calling qservice command 5
01-19 18:48:40.232  1828  2805 I SDM     : SDMServices::notifyCallback: sdmclient qservice command 5
01-19 18:48:40.232  1828  2639 I SDM     : DRMPanelFeatureMgr::ApplyDirtyFeature: Commited panel feature [enabled]: 21-266
01-19 18:48:40.232  1828  2639 I SDM     : DRMPanelFeatureMgr::ApplyDirtyFeature: Commited panel feature [enabled]: 8-265
01-19 18:48:40.234  1811  3932 I sensors-hal: handle_sns_std_sensor_event:67, light_event: ts=882169472966000, lux: 8.2, powermode=1 
01-19 18:48:40.235  1857  1857 D SRE     : sensorCallback mDisplayId = 0 dataCallback value=<   8.2350,   0.0000,   0.0000>, time=882169472966000, sensortype=5
01-19 18:48:40.235  1857  1857 D IGCDither: sensorCallback mDisplayId = 0 dataCallback value=<   8.2350,   0.0000,   0.0000>, time=882169472966000, sensor=5
01-19 18:48:40.235  1811  3932 I sensors-hal: handle_sns_std_sensor_event:67, light_event: ts=882169473923813, lux: 9.2, powermode=1 
01-19 18:48:40.235  1857  1857 D TRUETONE: sensorCallback Cct value=<5268.0000>  mLastCCT 5700.000000 mTargetCCT 5700.000000
01-19 18:48:40.235  1857  1857 D SRE     : sensorCallback mDisplayId = 0 dataCallback value=<   9.2475,   0.0000,   0.0000>, time=882169473923813, sensortype=5
01-19 18:48:40.235  1857  1857 D IGCDither: sensorCallback mDisplayId = 0 dataCallback value=<   9.2475,   0.0000,   0.0000>, time=882169473923813, sensor=5
01-19 18:48:40.240  1828  3090 I SDM     : HWPeripheralDRM::SetPanelFeature: Set Panel feature property 20
01-19 18:48:40.240  1828  3090 I SDM     : HWPeripheralDRM::SetPanelFeature: Set Panel feature property 7
01-19 18:48:40.240  1828  3097 D SDM     : DisplayBuiltIn::SetPanelBrightness: Setting brightness to level 26 (0.151676 percent)
01-19 18:48:40.240  1857  2445 D DisplayFeatureHal: getParam Node Expert, case Enable, value 0
01-19 18:48:40.241  1828  2639 I SDM     : DRMPanelFeatureMgr::ApplyDirtyFeature: Commited panel feature [enabled]: 21-266
01-19 18:48:40.241  1828  2639 I SDM     : DRMPanelFeatureMgr::ApplyDirtyFeature: Commited panel feature [enabled]: 8-265
01-19 18:48:40.241  1828  2805 I SDM     : QServiceBackend::notifyCallback: calling qservice command 5
01-19 18:48:40.241  1828  2805 I SDM     : SDMServices::notifyCallback: sdmclient qservice command 5
01-19 18:48:40.243  1828  3097 D SDM     : DisplayBuiltIn::SetPanelBrightness: Setting brightness to level 25 (0.148875 percent)
01-19 18:48:40.244  1857  2445 D DisplayFeatureHal: getParam Node Expert, case Enable, value 0
01-19 18:48:40.247  1828  3090 I SDM     : HWPeripheralDRM::SetPanelFeature: Set Panel feature property 20
01-19 18:48:40.247  1828  3090 I SDM     : HWPeripheralDRM::SetPanelFeature: Set Panel feature property 7
01-19 18:48:40.247  1828  2805 I SDM     : QServiceBackend::notifyCallback: calling qservice command 5
01-19 18:48:40.247  1828  2805 I SDM     : SDMServices::notifyCallback: sdmclient qservice command 5
01-19 18:48:40.247  1828  2639 I SDM     : DRMPanelFeatureMgr::ApplyDirtyFeature: Commited panel feature [enabled]: 21-266
01-19 18:48:40.247  1828  2639 I SDM     : DRMPanelFeatureMgr::ApplyDirtyFeature: Commited panel feature [enabled]: 8-265
01-19 18:48:40.254  1828  3090 I SDM     : HWPeripheralDRM::SetPanelFeature: Set Panel feature property 20
01-19 18:48:40.254  1828  3090 I SDM     : HWPeripheralDRM::SetPanelFeature: Set Panel feature property 7
01-19 18:48:40.254  1828  3097 D SDM     : DisplayBuiltIn::SetPanelBrightness: Setting brightness to level 25 (0.146125 percent)
01-19 18:48:40.254  1857  2445 D DisplayFeatureHal: getParam Node Expert, case Enable, value 0
01-19 18:48:40.255  1828  2805 I SDM     : QServiceBackend::notifyCallback: calling qservice command 5
01-19 18:48:40.255  1828  2805 I SDM     : SDMServices::notifyCallback: sdmclient qservice command 5
01-19 18:48:40.255  1828  2639 I SDM     : DRMPanelFeatureMgr::ApplyDirtyFeature: Commited panel feature [enabled]: 21-266
01-19 18:48:40.255  1828  2639 I SDM     : DRMPanelFeatureMgr::ApplyDirtyFeature: Commited panel feature [enabled]: 8-265
01-19 18:48:40.263  1828  3090 I SDM     : HWPeripheralDRM::SetPanelFeature: Set Panel feature property 20
01-19 18:48:40.263  1828  3090 I SDM     : HWPeripheralDRM::SetPanelFeature: Set Panel feature property 7
01-19 18:48:40.263  1828  3097 D SDM     : DisplayBuiltIn::SetPanelBrightness: Setting brightness to level 24 (0.143426 percent)
01-19 18:48:40.263  1857  2445 D DisplayFeatureHal: getParam Node Expert, case Enable, value 0
01-19 18:48:40.264  1828  2639 I SDM     : DRMPanelFeatureMgr::ApplyDirtyFeature: Commited panel feature [enabled]: 21-266
01-19 18:48:40.264  1828  2639 I SDM     : DRMPanelFeatureMgr::ApplyDirtyFeature: Commited panel feature [enabled]: 8-265
01-19 18:48:40.264  1828  2805 I SDM     : QServiceBackend::notifyCallback: calling qservice command 5
01-19 18:48:40.264  1828  2805 I SDM     : SDMServices::notifyCallback: sdmclient qservice command 5
01-19 18:48:40.271  1828  3090 I SDM     : HWPeripheralDRM::SetPanelFeature: Set Panel feature property 20
01-19 18:48:40.271  1828  3090 I SDM     : HWPeripheralDRM::SetPanelFeature: Set Panel feature property 7
01-19 18:48:40.271  1828  3097 D SDM     : DisplayBuiltIn::SetPanelBrightness: Setting brightness to level 24 (0.140777 percent)
01-19 18:48:40.271  1857  2445 D DisplayFeatureHal: getParam Node Expert, case Enable, value 0
01-19 18:48:40.272  1828  2805 I SDM     : QServiceBackend::notifyCallback: calling qservice command 5
01-19 18:48:40.272  1828  2805 I SDM     : SDMServices::notifyCallback: sdmclient qservice command 5
01-19 18:48:40.272  1828  2639 I SDM     : DRMPanelFeatureMgr::ApplyDirtyFeature: Commited panel feature [enabled]: 21-266
01-19 18:48:40.272  1828  2639 I SDM     : DRMPanelFeatureMgr::ApplyDirtyFeature: Commited panel feature [enabled]: 8-265
01-19 18:48:40.279  1828  3090 I SDM     : HWPeripheralDRM::SetPanelFeature: Set Panel feature property 20
01-19 18:48:40.279  1828  3090 I SDM     : HWPeripheralDRM::SetPanelFeature: Set Panel feature property 7
01-19 18:48:40.279  1828  3097 D SDM     : DisplayBuiltIn::SetPanelBrightness: Setting brightness to level 24 (0.138176 percent)
01-19 18:48:40.280  1857  2445 D DisplayFeatureHal: getParam Node Expert, case Enable, value 0
01-19 18:48:40.280  1828  2805 I SDM     : QServiceBackend::notifyCallback: calling qservice command 5
01-19 18:48:40.280  1828  2805 I SDM     : SDMServices::notifyCallback: sdmclient qservice command 5
01-19 18:48:40.280  1828  2639 I SDM     : DRMPanelFeatureMgr::ApplyDirtyFeature: Commited panel feature [enabled]: 21-266
01-19 18:48:40.280  1828  2639 I SDM     : DRMPanelFeatureMgr::ApplyDirtyFeature: Commited panel feature [enabled]: 8-265
01-19 18:48:40.288  1828  3090 I SDM     : HWPeripheralDRM::SetPanelFeature: Set Panel feature property 20
01-19 18:48:40.288  1828  3090 I SDM     : HWPeripheralDRM::SetPanelFeature: Set Panel feature property 7
01-19 18:48:40.289  1828  3097 D SDM     : DisplayBuiltIn::SetPanelBrightness: Setting brightness to level 23 (0.135624 percent)
01-19 18:48:40.290  1857  2445 D DisplayFeatureHal: getParam Node Expert, case Enable, value 0
01-19 18:48:40.290  1828  2805 I SDM     : QServiceBackend::notifyCallback: calling qservice command 5
01-19 18:48:40.290  1828  2805 I SDM     : SDMServices::notifyCallback: sdmclient qservice command 5
01-19 18:48:40.290  1828  2639 I SDM     : DRMPanelFeatureMgr::ApplyDirtyFeature: Commited panel feature [enabled]: 21-266
01-19 18:48:40.290  1828  2639 I SDM     : DRMPanelFeatureMgr::ApplyDirtyFeature: Commited panel feature [enabled]: 8-265
01-19 18:48:40.297  1828  3090 I SDM     : HWPeripheralDRM::SetPanelFeature: Set Panel feature property 20
01-19 18:48:40.297  1828  3090 I SDM     : HWPeripheralDRM::SetPanelFeature: Set Panel feature property 7
01-19 18:48:40.297  1828  3097 D SDM     : DisplayBuiltIn::SetPanelBrightness: Setting brightness to level 23 (0.133119 percent)
01-19 18:48:40.298  1857  2445 D DisplayFeatureHal: getParam Node Expert, case Enable, value 0
01-19 18:48:40.298  1828  2639 I SDM     : DRMPanelFeatureMgr::ApplyDirtyFeature: Commited panel feature [enabled]: 21-266
01-19 18:48:40.298  1828  2639 I SDM     : DRMPanelFeatureMgr::ApplyDirtyFeature: Commited panel feature [enabled]: 8-265
01-19 18:48:40.304  1828  3090 I SDM     : HWPeripheralDRM::SetPanelFeature: Set Panel feature property 20
01-19 18:48:40.304  1828  3090 I SDM     : HWPeripheralDRM::SetPanelFeature: Set Panel feature property 7
01-19 18:48:40.304  1828  3097 D SDM     : DisplayBuiltIn::SetPanelBrightness: Setting brightness to level 22 (0.130660 percent)
01-19 18:48:40.305  1828  2639 I SDM     : DRMPanelFeatureMgr::ApplyDirtyFeature: Commited panel feature [enabled]: 21-266
01-19 18:48:40.305  1828  2639 I SDM     : DRMPanelFeatureMgr::ApplyDirtyFeature: Commited panel feature [enabled]: 8-265
01-19 18:48:40.305  1857  2445 D DisplayFeatureHal: getParam Node Expert, case Enable, value 0
01-19 18:48:40.307  1828  3097 D SDM     : DisplayBuiltIn::SetPanelBrightness: Setting brightness to level 22 (0.128247 percent)
01-19 18:48:40.308  1857  2445 D DisplayFeatureHal: getParam Node Expert, case Enable, value 0
01-19 18:48:40.313  1828  3090 I SDM     : HWPeripheralDRM::SetPanelFeature: Set Panel feature property 20
01-19 18:48:40.313  1828  3090 I SDM     : HWPeripheralDRM::SetPanelFeature: Set Panel feature property 7
01-19 18:48:40.316  1828  3097 D SDM     : DisplayBuiltIn::SetPanelBrightness: Setting brightness to level 22 (0.125878 percent)
01-19 18:48:40.316  1828  2639 I SDM     : DRMPanelFeatureMgr::ApplyDirtyFeature: Commited panel feature [enabled]: 21-266
01-19 18:48:40.316  1828  2639 I SDM     : DRMPanelFeatureMgr::ApplyDirtyFeature: Commited panel feature [enabled]: 8-265
01-19 18:48:40.317  1857  2445 D DisplayFeatureHal: getParam Node Expert, case Enable, value 0
01-19 18:48:40.321  1828  3090 I SDM     : HWPeripheralDRM::SetPanelFeature: Set Panel feature property 20
01-19 18:48:40.321  1828  3090 I SDM     : HWPeripheralDRM::SetPanelFeature: Set Panel feature property 7
01-19 18:48:40.324  1828  3097 D SDM     : DisplayBuiltIn::SetPanelBrightness: Setting brightness to level 21 (0.123553 percent)
01-19 18:48:40.325  1828  2639 I SDM     : DRMPanelFeatureMgr::ApplyDirtyFeature: Commited panel feature [enabled]: 21-266
01-19 18:48:40.325  1828  2639 I SDM     : DRMPanelFeatureMgr::ApplyDirtyFeature: Commited panel feature [enabled]: 8-265
01-19 18:48:40.325  1857  2445 D DisplayFeatureHal: getParam Node Expert, case Enable, value 0
01-19 18:48:40.330  1828  3090 I SDM     : HWPeripheralDRM::SetPanelFeature: Set Panel feature property 20
01-19 18:48:40.330  1828  3090 I SDM     : HWPeripheralDRM::SetPanelFeature: Set Panel feature property 7
01-19 18:48:40.332  1828  3097 D SDM     : DisplayBuiltIn::SetPanelBrightness: Setting brightness to level 21 (0.121271 percent)
01-19 18:48:40.333  1828  2639 I SDM     : DRMPanelFeatureMgr::ApplyDirtyFeature: Commited panel feature [enabled]: 21-266
01-19 18:48:40.334  1828  2639 I SDM     : DRMPanelFeatureMgr::ApplyDirtyFeature: Commited panel feature [enabled]: 8-265
01-19 18:48:40.334  1857  2445 D DisplayFeatureHal: getParam Node Expert, case Enable, value 0
01-19 18:48:40.339  1828  3090 I SDM     : HWPeripheralDRM::SetPanelFeature: Set Panel feature property 20
01-19 18:48:40.339  1828  3090 I SDM     : HWPeripheralDRM::SetPanelFeature: Set Panel feature property 7
01-19 18:48:40.341  1828  3097 D SDM     : DisplayBuiltIn::SetPanelBrightness: Setting brightness to level 20 (0.119031 percent)
01-19 18:48:40.341  1828  2639 I SDM     : DRMPanelFeatureMgr::ApplyDirtyFeature: Commited panel feature [enabled]: 21-266
01-19 18:48:40.342  1828  2639 I SDM     : DRMPanelFeatureMgr::ApplyDirtyFeature: Commited panel feature [enabled]: 8-265
01-19 18:48:40.342  1857  2445 D DisplayFeatureHal: getParam Node Expert, case Enable, value 0
01-19 18:48:40.346  1828  3090 I SDM     : HWPeripheralDRM::SetPanelFeature: Set Panel feature property 20
01-19 18:48:40.346  1828  3090 I SDM     : HWPeripheralDRM::SetPanelFeature: Set Panel feature property 7
01-19 18:48:40.349  1828  3097 D SDM     : DisplayBuiltIn::SetPanelBrightness: Setting brightness to level 20 (0.116832 percent)
01-19 18:48:40.349  1828  2639 I SDM     : DRMPanelFeatureMgr::ApplyDirtyFeature: Commited panel feature [enabled]: 21-266
01-19 18:48:40.349  1828  2639 I SDM     : DRMPanelFeatureMgr::ApplyDirtyFeature: Commited panel feature [enabled]: 8-265
01-19 18:48:40.350  1857  2445 D DisplayFeatureHal: getParam Node Expert, case Enable, value 0
01-19 18:48:40.352  3278  4130 I MiuiNetworkPolicy: bandwidth: 0 KB/s, Max bandwidth: 200 KB/s
01-19 18:48:40.354  1828  3090 I SDM     : HWPeripheralDRM::SetPanelFeature: Set Panel feature property 20
01-19 18:48:40.354  1828  3090 I SDM     : HWPeripheralDRM::SetPanelFeature: Set Panel feature property 7
01-19 18:48:40.357  1828  3097 D SDM     : DisplayBuiltIn::SetPanelBrightness: Setting brightness to level 20 (0.114674 percent)
01-19 18:48:40.358  1828  2639 I SDM     : DRMPanelFeatureMgr::ApplyDirtyFeature: Commited panel feature [enabled]: 21-266
01-19 18:48:40.358  1828  2639 I SDM     : DRMPanelFeatureMgr::ApplyDirtyFeature: Commited panel feature [enabled]: 8-265
01-19 18:48:40.358  1828  3093 I vendor.qti.hardware.display.composer-service: Sensor: notify citsensorservice to trigger cwb, misForced = 0
01-19 18:48:40.359  1857  2445 D DisplayFeatureHal: getParam Node Expert, case Enable, value 0
01-19 18:48:40.359  1828  3097 I SDM     : CWB config passed by cwb_client : tappoint 1  CWB_ROI : (736.000000 70.000000 977.000000 311.000000) for display-0
01-19 18:48:40.364  1828  3090 I SDM     : HWPeripheralDRM::SetPanelFeature: Set Panel feature property 20
01-19 18:48:40.364  1828  3090 I SDM     : HWPeripheralDRM::SetPanelFeature: Set Panel feature property 7
01-19 18:48:40.366  1828  3097 D SDM     : DisplayBuiltIn::SetPanelBrightness: Setting brightness to level 19 (0.112556 percent)
01-19 18:48:40.367  1828  2639 I SDM     : DRMPanelFeatureMgr::ApplyDirtyFeature: Commited panel feature [enabled]: 21-266
01-19 18:48:40.367  1828  2639 I SDM     : DRMPanelFeatureMgr::ApplyDirtyFeature: Commited panel feature [enabled]: 8-265
01-19 18:48:40.368  1857  2445 D DisplayFeatureHal: getParam Node Expert, case Enable, value 0
01-19 18:48:40.373  1828  3090 I SDM     : HWPeripheralDRM::SetPanelFeature: Set Panel feature property 20
01-19 18:48:40.373  1828  3090 I SDM     : HWPeripheralDRM::SetPanelFeature: Set Panel feature property 7
01-19 18:48:40.374  1828  3097 D SDM     : DisplayBuiltIn::SetPanelBrightness: Setting brightness to level 19 (0.110477 percent)
01-19 18:48:40.374  1828  2639 I SDM     : HWDeviceDRM::SetupConcurrentWriteback: Tear down the Concurrent Writeback topology
01-19 18:48:40.375  1828  2639 I SDM     : DRMPanelFeatureMgr::ApplyDirtyFeature: Commited panel feature [enabled]: 21-266
01-19 18:48:40.375  1828  2639 I SDM     : DRMPanelFeatureMgr::ApplyDirtyFeature: Commited panel feature [enabled]: 8-265
01-19 18:48:40.375  1857  2445 D DisplayFeatureHal: getParam Node Expert, case Enable, value 0
01-19 18:48:40.380  1828  3090 I SDM     : HWPeripheralDRM::SetPanelFeature: Set Panel feature property 20
01-19 18:48:40.380  1828  3090 I SDM     : HWPeripheralDRM::SetPanelFeature: Set Panel feature property 7
01-19 18:48:40.382  1828  3097 D SDM     : DisplayBuiltIn::SetPanelBrightness: Setting brightness to level 19 (0.108437 percent)
01-19 18:48:40.384  1828  2639 I SDM     : DRMPanelFeatureMgr::ApplyDirtyFeature: Commited panel feature [enabled]: 21-266
01-19 18:48:40.384  1857  2445 D DisplayFeatureHal: getParam Node Expert, case Enable, value 0
01-19 18:48:40.384  1828  4133 I SDM     : NotifyCWBStatus: Notify the client about buffer (0x30846f50) status 0 for display-0.
01-19 18:48:40.384  1828  2639 I SDM     : DRMPanelFeatureMgr::ApplyDirtyFeature: Commited panel feature [enabled]: 8-265
01-19 18:48:40.384  1828  4133 I SDM     : SDMConcurrentWriteBack::ProcessCWBStatus: CWB queue is empty. Display: 0
01-19 18:48:40.390  1828  3090 I SDM     : HWPeripheralDRM::SetPanelFeature: Set Panel feature property 20
01-19 18:48:40.390  1828  3090 I SDM     : HWPeripheralDRM::SetPanelFeature: Set Panel feature property 7
01-19 18:48:40.390  1828  3097 D SDM     : DisplayBuiltIn::SetPanelBrightness: Setting brightness to level 18 (0.106434 percent)
01-19 18:48:40.392  1857  2445 D DisplayFeatureHal: getParam Node Expert, case Enable, value 0
01-19 18:48:40.397  1828  3090 I SDM     : HWPeripheralDRM::SetPanelFeature: Set Panel feature property 20
01-19 18:48:40.397  1828  3090 W SDM     : DRMPanelFeatureMgr::CachePanelFeature: Property is set twice obj_id 205, prop_id 21
01-19 18:48:40.397  1828  3090 I SDM     : HWPeripheralDRM::SetPanelFeature: Set Panel feature property 7
01-19 18:48:40.397  1828  3090 W SDM     : DRMPanelFeatureMgr::CachePanelFeature: Property is set twice obj_id 205, prop_id 8
01-19 18:48:40.399  1828  3097 D SDM     : DisplayBuiltIn::SetPanelBrightness: Setting brightness to level 18 (0.104468 percent)
01-19 18:48:40.399  1828  2639 I SDM     : DRMPanelFeatureMgr::ApplyDirtyFeature: Commited panel feature [enabled]: 21-266
01-19 18:48:40.399  1828  2639 I SDM     : DRMPanelFeatureMgr::ApplyDirtyFeature: Commited panel feature [enabled]: 8-265
01-19 18:48:40.400  1857  2445 D DisplayFeatureHal: getParam Node Expert, case Enable, value 0
01-19 18:48:40.404  1828  3090 I SDM     : HWPeripheralDRM::SetPanelFeature: Set Panel feature property 20
01-19 18:48:40.404  1828  3090 I SDM     : HWPeripheralDRM::SetPanelFeature: Set Panel feature property 7
01-19 18:48:40.407  1828  3097 D SDM     : DisplayBuiltIn::SetPanelBrightness: Setting brightness to level 18 (0.102538 percent)
01-19 18:48:40.407  1857  2445 D DisplayFeatureHal: getParam Node Expert, case Enable, value 0
01-19 18:48:40.407  1828  3090 I SDM     : HWPeripheralDRM::SetPanelFeature: Set Panel feature property 20
01-19 18:48:40.407  1828  3090 W SDM     : DRMPanelFeatureMgr::CachePanelFeature: Property is set twice obj_id 205, prop_id 21
01-19 18:48:40.407  1828  3090 I SDM     : HWPeripheralDRM::SetPanelFeature: Set Panel feature property 7
01-19 18:48:40.407  1828  3090 W SDM     : DRMPanelFeatureMgr::CachePanelFeature: Property is set twice obj_id 205, prop_id 8
01-19 18:48:40.408  1828  2639 I SDM     : DRMPanelFeatureMgr::ApplyDirtyFeature: Commited panel feature [enabled]: 21-266
01-19 18:48:40.408  1828  2639 I SDM     : DRMPanelFeatureMgr::ApplyDirtyFeature: Commited panel feature [enabled]: 8-265
01-19 18:48:40.413  1828  3090 I SDM     : HWPeripheralDRM::SetPanelFeature: Set Panel feature property 20
01-19 18:48:40.413  1828  3090 I SDM     : HWPeripheralDRM::SetPanelFeature: Set Panel feature property 7
01-19 18:48:40.416  1828  3097 D SDM     : DisplayBuiltIn::SetPanelBrightness: Setting brightness to level 17 (0.100645 percent)
01-19 18:48:40.417  1828  2639 I SDM     : DRMPanelFeatureMgr::ApplyDirtyFeature: Commited panel feature [enabled]: 21-266
01-19 18:48:40.417  1828  2639 I SDM     : DRMPanelFeatureMgr::ApplyDirtyFeature: Commited panel feature [enabled]: 8-265
01-19 18:48:40.417  1857  2445 D DisplayFeatureHal: getParam Node Expert, case Enable, value 0
01-19 18:48:40.424  1828  3097 D SDM     : DisplayBuiltIn::SetPanelBrightness: Setting brightness to level 17 (0.098786 percent)
01-19 18:48:40.425  1857  2445 D DisplayFeatureHal: getParam Node Expert, case Enable, value 0
01-19 18:48:40.431  1828  3090 I SDM     : HWPeripheralDRM::SetPanelFeature: Set Panel feature property 20
01-19 18:48:40.431  1828  3090 I SDM     : HWPeripheralDRM::SetPanelFeature: Set Panel feature property 7
01-19 18:48:40.433  1828  3097 D SDM     : DisplayBuiltIn::SetPanelBrightness: Setting brightness to level 17 (0.096961 percent)
01-19 18:48:40.434  1828  2639 I SDM     : DRMPanelFeatureMgr::ApplyDirtyFeature: Commited panel feature [enabled]: 21-266
01-19 18:48:40.434  1828  2639 I SDM     : DRMPanelFeatureMgr::ApplyDirtyFeature: Commited panel feature [enabled]: 8-265
01-19 18:48:40.434  1857  2445 D DisplayFeatureHal: getParam Node Expert, case Enable, value 0
01-19 18:48:40.439  1828  3090 I SDM     : HWPeripheralDRM::SetPanelFeature: Set Panel feature property 20
01-19 18:48:40.439  1828  3090 I SDM     : HWPeripheralDRM::SetPanelFeature: Set Panel feature property 7
01-19 18:48:40.441  1828  3097 D SDM     : DisplayBuiltIn::SetPanelBrightness: Setting brightness to level 17 (0.095170 percent)
01-19 18:48:40.441  1857  2445 D DisplayFeatureHal: getParam Node Expert, case Enable, value 0
01-19 18:48:40.445  1828  3090 I SDM     : HWPeripheralDRM::SetPanelFeature: Set Panel feature property 20
01-19 18:48:40.445  1828  3090 W SDM     : DRMPanelFeatureMgr::CachePanelFeature: Property is set twice obj_id 205, prop_id 21
01-19 18:48:40.445  1828  3090 I SDM     : HWPeripheralDRM::SetPanelFeature: Set Panel feature property 7
01-19 18:48:40.445  1828  3090 W SDM     : DRMPanelFeatureMgr::CachePanelFeature: Property is set twice obj_id 205, prop_id 8
01-19 18:48:40.446  1828  2639 I SDM     : DRMPanelFeatureMgr::ApplyDirtyFeature: Commited panel feature [enabled]: 21-266
01-19 18:48:40.446  1828  2639 I SDM     : DRMPanelFeatureMgr::ApplyDirtyFeature: Commited panel feature [enabled]: 8-265
01-19 18:48:40.450  1828  3090 I SDM     : HWPeripheralDRM::SetPanelFeature: Set Panel feature property 20
01-19 18:48:40.450  1828  3090 I SDM     : HWPeripheralDRM::SetPanelFeature: Set Panel feature property 7
01-19 18:48:40.451  1828  3097 D SDM     : DisplayBuiltIn::SetPanelBrightness: Setting brightness to level 16 (0.093412 percent)
01-19 18:48:40.451  1857  2445 D DisplayFeatureHal: getParam Node Expert, case Enable, value 0
01-19 18:48:40.451  1828  2639 I SDM     : DRMPanelFeatureMgr::ApplyDirtyFeature: Commited panel feature [enabled]: 21-266
01-19 18:48:40.451  1828  2639 I SDM     : DRMPanelFeatureMgr::ApplyDirtyFeature: Commited panel feature [enabled]: 8-265
01-19 18:48:40.457  1828  3097 D SDM     : DisplayBuiltIn::SetPanelBrightness: Setting brightness to level 16 (0.091687 percent)
01-19 18:48:40.458  1857  2445 D DisplayFeatureHal: getParam Node Expert, case Enable, value 0
01-19 18:48:40.466  1828  3090 I SDM     : HWPeripheralDRM::SetPanelFeature: Set Panel feature property 20
01-19 18:48:40.466  1828  3090 I SDM     : HWPeripheralDRM::SetPanelFeature: Set Panel feature property 7
01-19 18:48:40.466  1828  3097 D SDM     : DisplayBuiltIn::SetPanelBrightness: Setting brightness to level 16 (0.089993 percent)
01-19 18:48:40.467  1857  2445 D DisplayFeatureHal: getParam Node Expert, case Enable, value 0
01-19 18:48:40.472  1828  3090 I SDM     : HWPeripheralDRM::SetPanelFeature: Set Panel feature property 20
01-19 18:48:40.472  1828  3090 W SDM     : DRMPanelFeatureMgr::CachePanelFeature: Property is set twice obj_id 205, prop_id 21
01-19 18:48:40.472  1828  3090 I SDM     : HWPeripheralDRM::SetPanelFeature: Set Panel feature property 7
01-19 18:48:40.472  1828  3090 W SDM     : DRMPanelFeatureMgr::CachePanelFeature: Property is set twice obj_id 205, prop_id 8
01-19 18:48:40.474  1828  3097 D SDM     : DisplayBuiltIn::SetPanelBrightness: Setting brightness to level 15 (0.088331 percent)
01-19 18:48:40.475  1828  2639 I SDM     : DRMPanelFeatureMgr::ApplyDirtyFeature: Commited panel feature [enabled]: 21-266
01-19 18:48:40.476  1857  2445 D DisplayFeatureHal: getParam Node Expert, case Enable, value 0
01-19 18:48:40.476  1828  2639 I SDM     : DRMPanelFeatureMgr::ApplyDirtyFeature: Commited panel feature [enabled]: 8-265
01-19 18:48:40.477  3278  3462 D BrightnessDataProcessor: actualBrightness: 8.54597E-4originalBrightness: 8.54597E-4
01-19 18:48:40.481  1828  3090 I SDM     : HWPeripheralDRM::SetPanelFeature: Set Panel feature property 20
01-19 18:48:40.482  1828  3090 I SDM     : HWPeripheralDRM::SetPanelFeature: Set Panel feature property 7
01-19 18:48:40.482  1828  3097 D SDM     : DisplayBuiltIn::SetPanelBrightness: Setting brightness to level 15 (0.085460 percent)
01-19 18:48:40.482  1857  2445 D DisplayFeatureHal: getParam Node Expert, case Enable, value 0
01-19 18:48:40.486  1828  3090 I SDM     : HWPeripheralDRM::SetPanelFeature: Set Panel feature property 20
01-19 18:48:40.486  1828  3090 W SDM     : DRMPanelFeatureMgr::CachePanelFeature: Property is set twice obj_id 205, prop_id 21
01-19 18:48:40.486  1828  3090 I SDM     : HWPeripheralDRM::SetPanelFeature: Set Panel feature property 7
01-19 18:48:40.486  1828  3090 W SDM     : DRMPanelFeatureMgr::CachePanelFeature: Property is set twice obj_id 205, prop_id 8
01-19 18:48:40.490  1828  3090 I SDM     : HWPeripheralDRM::SetPanelFeature: Set Panel feature property 20
01-19 18:48:40.490  1828  3090 W SDM     : DRMPanelFeatureMgr::CachePanelFeature: Property is set twice obj_id 205, prop_id 21
01-19 18:48:40.490  1828  3090 I SDM     : HWPeripheralDRM::SetPanelFeature: Set Panel feature property 7
01-19 18:48:40.490  1828  3090 W SDM     : DRMPanelFeatureMgr::CachePanelFeature: Property is set twice obj_id 205, prop_id 8
01-19 18:48:40.491  1828  2639 I SDM     : DRMPanelFeatureMgr::ApplyDirtyFeature: Commited panel feature [enabled]: 21-266
01-19 18:48:40.491  1828  2639 I SDM     : DRMPanelFeatureMgr::ApplyDirtyFeature: Commited panel feature [enabled]: 8-265
01-19 18:48:40.493 12372 12624 D JavaheapMonitor: Java heap used=11M max=256M, proc: com.xiaomi.joyose
01-19 18:48:40.493 12372 12624 V JavaheapMonitor: Check java heap usage finished! Next check delay: 300000
01-19 18:48:40.571  1828  2639 I SDM     : DisplayBase::CommitThread: Received Idle Timeout, panel: cmd, timeout: 70000 us
01-19 18:48:40.582  2596  4119 I libsensor-boledalgo: Write:the value of channelCali C:1108.5,R:378.0,G:469.4,B:59.7,scales [0.768425,0.771258,0.754871,0.816696]
01-19 18:48:40.582  2596  4119 D libsensor-boledalgo: brightness:15,R:1.0,G:12840.1,B:11841.7,EVENT C:4063.0,R:1549.0,G:1554.0,B:309.0, lux: 8.2, clone:10398
01-19 18:48:40.650  1828  3093 I vendor.qti.hardware.display.composer-service: Sensor: notify citsensorservice to trigger cwb, misForced = 1
01-19 18:48:40.651  1828  3097 I SDM     : CWB config passed by cwb_client : tappoint 1  CWB_ROI : (736.000000 70.000000 977.000000 311.000000) for display-0
01-19 18:48:40.676  1828  4133 I SDM     : NotifyCWBStatus: Notify the client about buffer (0x308467c0) status 0 for display-0.
01-19 18:48:40.676  1828  4133 I SDM     : SDMConcurrentWriteBack::ProcessCWBStatus: CWB queue is empty. Display: 0
01-19 18:48:40.733  1828  2639 I SDM     : DisplayBase::CommitThread: Received Idle Timeout, panel: cmd, timeout: 70000 us
01-19 18:48:40.781  2596  4119 I libsensor-boledalgo: Write:the value of channelCali C:1108.5,R:378.0,G:469.4,B:59.7,scales [0.768425,0.771258,0.754871,0.816696]
01-19 18:48:40.781  2596  4119 D libsensor-boledalgo: brightness:15,R:1.0,G:12840.1,B:11841.7,EVENT C:4047.0,R:1546.0,G:1554.0,B:311.0, lux: 8.2, clone:10398
01-19 18:48:40.790 17111 21555 D JavaheapMonitor: Java heap used=5M max=256M, proc: android:ui
01-19 18:48:40.790 17111 21555 V JavaheapMonitor: Check java heap usage finished! Next check delay: 300000
01-19 18:48:40.898  3278  4769 I NetworkBoostStatusManager: handle: 107
01-19 18:48:40.901  5271  6317 E PhoneAdapter: get ntnphones failed, exception: java.lang.IllegalStateException: not support satellite!
01-19 18:48:40.903  3278  4769 D SLM-SRV-SLAService: isModemSingnalStrengthStatus = 0
01-19 18:48:40.948 10016 21655 D JavaheapMonitor: Java heap used=8M max=256M, proc: com.miui.contentcatcher
01-19 18:48:40.948 10016 21655 V JavaheapMonitor: Check java heap usage finished! Next check delay: 300000
01-19 18:48:40.981  2596  4119 I libsensor-boledalgo: Write:the value of channelCali C:1108.5,R:378.0,G:469.4,B:59.7,scales [0.768425,0.771258,0.754871,0.816696]
01-19 18:48:40.981  2596  4119 D libsensor-boledalgo: brightness:15,R:1.0,G:12840.1,B:11841.7,EVENT C:4064.0,R:1553.0,G:1555.0,B:306.0, lux: 8.2, clone:10398
01-19 18:48:41.122  3278  6352 D SLM-SRV-SLAService: checktemp temperature = 29987 temperature_average = 29823 isPerformanceMode = false thermal_enable_slm = true
01-19 18:48:41.181  2596  4119 I libsensor-boledalgo: Write:the value of channelCali C:1108.5,R:378.0,G:469.4,B:59.7,scales [0.768425,0.771258,0.754871,0.816696]
01-19 18:48:41.181  2596  4119 D libsensor-boledalgo: brightness:15,R:1.0,G:12840.1,B:11841.7,EVENT C:5010.0,R:1872.0,G:1911.0,B:397.0, lux: 11.3, clone:10398
01-19 18:48:41.316  2033  2033 D MI-SF   : isTpIdleScene ,mAverageFrameRate is 0, 0 
01-19 18:48:41.320  1828  3093 I vendor.qti.hardware.display.composer-service: Sensor: notify citsensorservice to trigger cwb, misForced = 0
01-19 18:48:41.321  1828  3097 I SDM     : CWB config passed by cwb_client : tappoint 1  CWB_ROI : (736.000000 70.000000 977.000000 311.000000) for display-0
01-19 18:48:41.333  1828  3091 I SDM     : DemuraTnCaptureIntfImpl::ProcessCapturePanelData: Screen capture status = 0
01-19 18:48:41.357  3278  6655 I NetworkAccelerateSwitchService: EVENT_RSSI_POLL. mRssiPoll=true
01-19 18:48:41.357  3278  6655 I NetworkAccelerateSwitchService: checkWifiRssiAndLinkSpeed rssi:48
01-19 18:48:41.357  3278  6655 I NetworkAccelerateSwitchService: checkWifiRssiAndLinkSpeed mWifiFastFade:false mWifiFastFadeAdjustThreshold:false
01-19 18:48:41.357  3278  6655 I NetworkAccelerateSwitchService: getAverageWifiRssi:47
01-19 18:48:41.357  3278  6655 D NetworkAccelerateSwitchService: checkIntervalModeChange mMovementState:false mIntervalMode:0 mIsBadLinkLayerQoE:false mBadLinkLayerQoETimes = 0
01-19 18:48:41.380  2596  4119 I libsensor-boledalgo: Write:the value of channelCali C:1108.5,R:378.0,G:469.4,B:59.7,scales [0.768425,0.771258,0.754871,0.816696]
01-19 18:48:41.380  2596  4119 D libsensor-boledalgo: brightness:15,R:1.0,G:12840.1,B:11841.7,EVENT C:4047.0,R:1546.0,G:1554.0,B:311.0, lux: 8.2, clone:10398
01-19 18:48:41.390  1828  2639 I SDM     : DisplayBase::CommitThread: Received Idle Timeout, panel: cmd, timeout: 70000 us
01-19 18:48:41.424  3278  5488 W ActivityManagerServiceImpl: Sending non-protected broadcast com.modemenhance.ACTION_MODEMWIFI_RSSI_POLL from system 5271:com.android.phone/1001 pkg com.android.phone. Callers=
01-19 18:48:41.425  1828  4133 I SDM     : NotifyCWBStatus: Notify the client about buffer (0x30843430) status 0 for display-0.
01-19 18:48:41.425  1828  4133 I SDM     : SDMConcurrentWriteBack::ProcessCWBStatus: CWB queue is empty. Display: 0
01-19 18:48:41.427  3278  3419 D BroadcastQueue: Logging broadcast for com.android.phone, stopped=false, firstLaunch=false
01-19 18:48:41.428  5271  5271 D SlaveWifiManager: getWifiSlaveConnectionInfo
01-19 18:48:41.449  3278  4248 D InetDiagMessage: Destroyed 0 sockets, proto=IPPROTO_TCP, family=AF_INET, states=14
01-19 18:48:41.451  3278  4248 D InetDiagMessage: Destroyed 0 sockets, proto=IPPROTO_TCP, family=AF_INET6, states=14
01-19 18:48:41.451  3278  4248 D InetDiagMessage: Destroyed live tcp sockets for uids={10282} in 6ms
01-19 18:48:41.451  3278  4248 D ActionExecute: frozen uid = 10282 reason=check binder
01-19 18:48:41.452  3278  4248 D ExternalInterface: setUidState, uid = 10282 allow = false
01-19 18:48:41.452  3278  4248 D MiSensorServiceImpl: PowerKeeperSensor stop iUid:10282 but app has Controlled
01-19 18:48:41.473  1828  2639 I SDM     : DisplayBase::CommitThread: Received Idle Timeout, panel: cmd, timeout: 70000 us
01-19 18:48:41.497 21673 21673 I adbd    : in ShellService: export ANDROID_LOG_TAGS=''; exec logcat '-d'
