01-19 18:48:56.861 21492 21776 E ScanManager: scan data is null
01-19 18:48:56.861 21492 21776 D ScanManager: handling stopping scan  [ScanClient scanModeApp 1 scanModeUsed 0 scannerId 1 [appScanStats android.uid.bluetooth:1002]]
01-19 18:48:56.861  3278  3419 D BroadcastQueue: Logging broadcast for android, stopped=false, firstLaunch=false
01-19 18:48:56.861 21492 21776 E BluetoothUtils: isDeepDozeMode? false
01-19 18:48:56.861 21492 21776 I bt_shim_scanner: system/main/shim/le_scanning_manager.cc:186 ScanFilterParamSetup: in shim layer, clientIf=1
01-19 18:48:56.861  3278  5492 E TransitionChain: Can't collect into a chain with no transition
01-19 18:48:56.861  3278  5492 D ActivityTaskManager:  setSkipCaptureLayers tr: Task{551f15a #1995 type=standard A=10424:com.soundtherapyapp}
01-19 18:48:56.861  1793  1964 D vendor.qti.bluetooth@1.0-ibs_handler: SerialClockVote: vote for UART CLK ON
01-19 18:48:56.861  3278  3419 D BroadcastQueue: Logging broadcast for android, stopped=false, firstLaunch=false
01-19 18:48:56.861  1793  1964 I vendor.qti.bluetooth@1.0-ibs_handler: DeviceWakeUp: Writing IBS_WAKE_IND
01-19 18:48:56.861 21492 21754 D ScanController: onScanFilterParamsConfigured() - clientIf=1, status=0, action=0, availableSpace=0
01-19 18:48:56.861 21492 21754 D ScanManager: callback done for scannerId - 1 status - 0
01-19 18:48:56.861  5271  5271 D Modem_MESystem: GAME_SCENE_NEW forgroud=0
01-19 18:48:56.861 21492 21776 D ScanManager: configureRegularScanParams() - queue=2
01-19 18:48:56.861 21492 21776 D ScanManager: configureRegularScanParams() - queue empty, scan stopped
01-19 18:48:56.861  5271  6197 D Modem_ModemEnhanceMain: handleMessage msg id: 15
01-19 18:48:56.861  5271  6197 D Modem_ModemEnhanceMain: handleMessage msg id: 15 value=true
01-19 18:48:56.861  5271  6197 D Modem_MEModuleSignal: onStateChanged: type = 15, value = true
01-19 18:48:56.861  5271  6197 D Modem_MEModuleSignalGesture: onStateChanged: type = 15, value = true
01-19 18:48:56.861  5271  6197 D Modem_MEModuleSignalGesture: isGameState = true
01-19 18:48:56.861 21492 21776 D ScanManager: track LE scan event: callerPackage = [com.xiaomi.mi_connect_service], scanMode = [0], reportDelayMillis = [0], behavior = [771], scannerId = [2], duration = [308]
01-19 18:48:56.861  5271  6197 D Modem_MEModuleSignalGesture:  gripPostureState = -1, 0
01-19 18:48:56.861  5271  6197 D Modem_ModemEnhanceMain: repeat behavior, removeMessages and return!
01-19 18:48:56.861  5271  6197 D Modem_MEGestureModeConfig: coexistPolicyMatch matched index = 3   mode=1
01-19 18:48:56.861  5271  6197 D Modem_MEModuleSignalGesture: coexistMode new=0  old=0mode=1
01-19 18:48:56.861  5271  6197 D Modem_MEModuleTx: onStateChanged: type = 15, value = true
01-19 18:48:56.861 21492 21776 D ScanManager: handling stopping scan  [ScanClient scanModeApp 0 scanModeUsed 0 scannerId 2 [appScanStats android.uid.system:1000]]
01-19 18:48:56.861  5271  5271 D NetworkMetricsController: receive actioncom.android.phone.intent.action.CHANGE_LEVEL
01-19 18:48:56.861 21492 21664 D BT_OneTrack_I/F: region:CN
01-19 18:48:56.862  3278  3419 D BroadcastQueue: Logging broadcast for android, stopped=false, firstLaunch=false
01-19 18:48:56.862  5271  5271 D CellPingPongManager: receive action com.android.phone.intent.action.CHANGE_LEVEL
01-19 18:48:56.862  5271  5271 D OemDataEnhance: mIntentReceiver action=com.android.phone.intent.action.CHANGE_LEVEL
01-19 18:48:56.862  1847  1847 I qspmHal : enter getGpuProf at: -706789090
01-19 18:48:56.862  1847  1847 I qspmHal : Coudn't match the GFX PID 14458 to AT PID 16333. Checking in local cache.
01-19 18:48:56.862  1847  1847 I qspmHal : Found the GFX PID in cache
01-19 18:48:56.862  1847  1847 I qspmHal : PID 14458 from GFX matched.
01-19 18:48:56.862  1847  1847 I qspmHal : gpuProfName:com.soundtherapyapp-gpu - gpu prof_info.path:/data/vendor/gaming/com.soundtherapyapp-gpu
01-19 18:48:56.862  1847  1847 E qspmHal : GPU profile file NOT found !!
01-19 18:48:56.862  5271  6073 D HingeNetworkManager: EVENT_SET_LEVEL
01-19 18:48:56.862  5271  6073 D HingeNetworkManager: enableDualLink alwaysOn=true,isRoaming=false,isDualLinkEnabled=falseScene=1
01-19 18:48:56.862  3278  3419 D BroadcastQueue: Logging broadcast for android, stopped=false, firstLaunch=false
01-19 18:48:56.862 14458 17180 I AdrenoVK-0: ===== BEGIN DUMP OF OVERRIDDEN SETTINGS =====
01-19 18:48:56.862 14458 17180 I AdrenoVK-0: ===== END DUMP OF OVERRIDDEN SETTINGS =====
01-19 18:48:56.862  3278  3278 D WifiPowerSaveMode: mWifiPowerSaveBroadcastReceiver action = com.xiaomi.joyose.GAME_START
01-19 18:48:56.862  3278  4140 D WifiPowerSaveMode: MSG_CLEAR_WIFI_POWER_SAVE_POLICY
01-19 18:48:56.862  3278  4140 D WifiPowerSaveMode: setWifiAntHalf enter, enable = 0
01-19 18:48:56.862  3278  4140 D WifiPowerSaveMode: no need to nss switch
01-19 18:48:56.862  3278  3278 D WifiPowerSaveMode: mWifiPowerSaveBroadcastReceiver action = com.xiaomi.joyose.GAME_START
01-19 18:48:56.862  5271  6081 D CellPingPongManager: processLlmChangeLevel isLlm=true, lastIsLlm=false
01-19 18:48:56.862  5271  6081 D CellPingPongManager: wifi=true, mobile=false, mode=true, sensorState=true
01-19 18:48:56.862  5271  6081 D CellPingPongManager: isNecessaryCase rst=false
01-19 18:48:56.862  3278  4563 D WifiFeatureControl: gameState: false, battleState: false
01-19 18:48:56.862  3278  4769 I NetworkBoostStatusManager: handle: 116
01-19 18:48:56.862  3278  4754 D WifiPowerSaveMode: MSG_CLEAR_WIFI_POWER_SAVE_POLICY
01-19 18:48:56.862  3278  4754 D WifiPowerSaveMode: setWifiAntHalf enter, enable = 0
01-19 18:48:56.862  3278  4754 D WifiPowerSaveMode: no need to nss switch
01-19 18:48:56.862  3278  4769 D NetworkBoostStatusManager: register joyose success
01-19 18:48:56.863  3278  5488 D ActivityManager: Logging startService for com.miui.analytics, stopped=false, firstLaunch=false, intent=Intent { act=onetrack.action.TRACK_EVENT flg=0x2 xflg=0x4 pkg=com.miui.analytics (has extras) }, r.app=ProcessRecord{764b6dc 20463:com.miui.analytics/u0a146}
01-19 18:48:56.863  5271  6055 D NetworkMetricsController: unregisterJoyoseInfoCallBack
01-19 18:48:56.863  5271  6055 D NetworkMetricsController: EVENT_GAME_SCENE_CHANGED game=true,feature=true,depri=false
01-19 18:48:56.863  5271  6091 D SmartNetworkGameController: handle message msg.what = 7
01-19 18:48:56.863  2033  2033 D MI-SF   : isTpIdleScene ,mAverageFrameRate is 108, 0 
01-19 18:48:56.863  2033  2033 D MI-SF   : modeGroup0 mIsSupportAutomodeForMaxFpsSetting is 0(0), getCurrentBrightness() = 15(388), mIsKeepAutoMode 0 isAutoModeAllowed() 1
01-19 18:48:56.863  2033  2033 D RefreshRateSelector: fixedMode_group: 0, isFindModeGroup 0
01-19 18:48:56.863  2033  2033 D RefreshRateSelector: find max refresh rate:120, mode Group:0
01-19 18:48:56.864 20463 20534 D IdProviderImpl: getOAID from com.miui.analytics
01-19 18:48:56.864 14458 17180 D qdgralloc: Fetching IMapper5 from QtiMapper5
01-19 18:48:56.864  5271  6090 D SelfStudyController: handleMessage msg.what is 1048
01-19 18:48:56.864  5271  6090 D SelfStudyController: cloudGameResidentOn: true mIsMobileDataOn: false
01-19 18:48:56.864  2033  2109 D RenderEngine: makePassBlurBetterDownShader layername:Wallpaper BBQ wrapper#64
01-19 18:48:56.864 14458 17188 I soundtherapyapp: AssetManager2(0xb400007828ec5658) locale list changing from [] to [zh-CN]
01-19 18:48:56.865  3278  4132 W MiuiAntiIF: AntiIF did not start
01-19 18:48:56.865  3278  3405 I MiuiWallpaperSurfaceAnimation: wallpaperOffsets:xOffset=0.0,yOffset=0.0
01-19 18:48:56.865  3278  3405 D MiuiWallpaperSurfaceAnimation: updateScaleIfNeeded mPivotX: 0.5, mPivotY: 0.5, x: 0.0, y: 0.0, zoom: 1.0510001
01-19 18:48:56.866  4686  4686 D PassBlur: textureState not update, view com.miui.home.launcher.BlurView{5420920 V.ED..... ........ 0,0-1440,3200 #7f0a026a app:id/launcher_blur_view} visible is true
01-19 18:48:56.866  1793 21721 I vendor.qti.bluetooth@1.0-ibs_handler: ProcessIbsCmd: Received IBS_WAKE_ACK: 0xFC
01-19 18:48:56.866  1793 21721 I vendor.qti.bluetooth@1.0-ibs_handler: ProcessIbsCmd: Signal wack_cond_
01-19 18:48:56.866  1793  1964 D vendor.qti.bluetooth@1.0-ibs_handler: DeviceWakeUp: Unblocked from waiting for FC, pthread_cond_timedwait ret = 0
01-19 18:48:56.866  4686  5632 D com.miui.home: backgroundBlur makeBackgroundImage (ShortcutMenuLayer-6-0xb400007838efed10), blurRadius(183), blurType(-1), blurScaleRatio(0.000000)
01-19 18:48:56.866  5321  5321 D ShadeDarkIconDispatcher: receiver delegate onDarkChanged
01-19 18:48:56.866  5321  5321 D ShadeDarkIconDispatcher: receiver delegate onDarkChangedWithContrast
01-19 18:48:56.866  5321  5321 D ShadeDarkIconDispatcher: receiver delegate onLightDarkTintChanged
01-19 18:48:56.866  4686  5632 D com.miui.home: backgroundBlur makeBackgroundImage (BlurView-6-0xb400007838f44d30), blurRadius(73), blurType(-1), blurScaleRatio(0.000000)
01-19 18:48:56.867  5271  6088 D OemDataEnhance: processGameScene enable[true],simCn[1]
01-19 18:48:56.867 14458 14458 W SoLoader: SoLoader already initialized
01-19 18:48:56.867 21492 21776 E BluetoothUtils: isDeepDozeMode? false
01-19 18:48:56.867 21492 21776 I bt_shim_scanner: system/main/shim/le_scanning_manager.cc:186 ScanFilterParamSetup: in shim layer, clientIf=2
01-19 18:48:56.867 14458 17180 I SnapAlloc: Graphics lib is available
01-19 18:48:56.867 21492 21754 D ScanController: onScanFilterParamsConfigured() - clientIf=2, status=0, action=0, availableSpace=0
01-19 18:48:56.867 21492 21754 D ScanManager: callback done for scannerId - 2 status - 0
01-19 18:48:56.867 21492 21776 I bt_shim_scanner: system/main/shim/le_scanning_manager.cc:186 ScanFilterParamSetup: in shim layer, clientIf=2
01-19 18:48:56.867 21492 21754 D ScanController: onScanFilterParamsConfigured() - clientIf=2, status=0, action=0, availableSpace=0
01-19 18:48:56.867 21492 21754 D ScanManager: callback done for scannerId - 2 status - 0
01-19 18:48:56.867 21492 21776 I bt_shim_scanner: system/main/shim/le_scanning_manager.cc:186 ScanFilterParamSetup: in shim layer, clientIf=2
01-19 18:48:56.867 21492 21754 D ScanController: onScanFilterParamsConfigured() - clientIf=2, status=0, action=0, availableSpace=0
01-19 18:48:56.867 21492 21754 D ScanManager: callback done for scannerId - 2 status - 0
01-19 18:48:56.867 21492 21776 D ScanManager: configureRegularScanParams() - queue=1
01-19 18:48:56.867 21492 21776 D ScanManager: configureRegularScanParams() - queue empty, scan stopped
01-19 18:48:56.867 21492 21776 D ScanManager: track LE scan event: callerPackage = [com.xiaomi.bluetooth], scanMode = [0], reportDelayMillis = [0], behavior = [771], scannerId = [5], duration = [307]
01-19 18:48:56.867 21492 21776 D ScanManager: handling stopping scan  [ScanClient scanModeApp 0 scanModeUsed 0 scannerId 5 [appScanStats android.uid.bluetooth:1002]]
01-19 18:48:56.867 21492 21664 D BT_OneTrack_I/F: region:CN
01-19 18:48:56.867 14458 17188 D nativeloader: Configuring clns-11 for other apk /system_ext/app/miuisystem/miuisystem.apk. target_sdk_version=35, uses_libraries=ALL, library_path=/product/app/ContentCatcherOS3/lib/arm64:/product/app/ContentCatcherOS3/ContentCatcherOS3.apk!/lib/arm64-v8a:/system_ext/priv-app/RtMiCloudSDK/RtMiCloudSDK.apk!/lib/arm64-v8a:/system_ext/app/miuisystem/miuisystem.apk!/lib/arm64-v8a, permitted_path=/data:/mnt/expand
01-19 18:48:56.867 14458 17188 D nativeloader: Extending system_exposed_libraries: libbinauralrenderer_wrapper.qti.so:libhoaeffects.qti.so:libmisys_jni.xiaomi.so:libpag.hyperos.so:libffavc.hyperos.so:libxiaomi_modemdumpsdx55_jni.modem.so:libxiaomi_modemdump_jni.modem.so:libmodemsmartengine_jni.modem.so:libupdateprof.qti.so:libthermalclient.qti.so:libdiag_system.qti.so:libqape.qti.so:libqesdk_ndk_platform.qti.so:liblistenjni.qti.so
01-19 18:48:56.867 21492 21776 E BluetoothUtils: isDeepDozeMode? false
01-19 18:48:56.867 21492 21776 D ScanManager: stop gattClientScanNative
01-19 18:48:56.867  1793 21721 I vendor.qti.bluetooth@1.0-ibs_handler: ProcessIbsCmd: Received IBS_WAKE_IND: 0xFD
01-19 18:48:56.867 21492 21776 I bt_shim_scanner: system/main/shim/le_scanning_manager.cc:153 Scan: in shim layer stopped
01-19 18:48:56.867  1793 21721 I vendor.qti.bluetooth@1.0-ibs_handler: ProcessIbsCmd: Writing IBS_WAKE_ACK
01-19 18:48:56.867 21492 21705 I bluetooth: system/gd/hci/le_address_manager.cc:278 unregister_client: Client unregistered
01-19 18:48:56.868 21492 21776 W ScanManager: trackLeScan() - mLastNativeScanParams = 0
01-19 18:48:56.868 21492 21776 I bt_shim_scanner: system/main/shim/le_scanning_manager.cc:186 ScanFilterParamSetup: in shim layer, clientIf=5
01-19 18:48:56.868 21492 21754 D ScanController: onScanFilterParamsConfigured() - clientIf=5, status=0, action=0, availableSpace=0
01-19 18:48:56.868 21492 21754 D ScanManager: callback done for scannerId - 5 status - 0
01-19 18:48:56.868 21492 21776 I bt_shim_scanner: system/main/shim/le_scanning_manager.cc:186 ScanFilterParamSetup: in shim layer, clientIf=5
01-19 18:48:56.868 21492 21754 D ScanController: onScanFilterParamsConfigured() - clientIf=5, status=0, action=0, availableSpace=0
01-19 18:48:56.868 21492 21754 D ScanManager: callback done for scannerId - 5 status - 0
01-19 18:48:56.868 21492 21776 D ScanManager: configureRegularScanParams() - queue=0
01-19 18:48:56.868 21492 21776 D ScanManager: configureRegularScanParams() - queue empty, scan stopped
01-19 18:48:56.869  3278  6367 D ActivityManager: Logging startService for com.miui.analytics, stopped=false, firstLaunch=false, intent=Intent { act=onetrack.action.TRACK_EVENT flg=0x2 xflg=0x4 pkg=com.miui.analytics (has extras) }, r.app=ProcessRecord{764b6dc 20463:com.miui.analytics/u0a146}
01-19 18:48:56.870 20463 20534 D IdProviderImpl: getOAID from com.miui.analytics
01-19 18:48:56.871 14458 14458 D JavaScriptCore.Version: 2026004.0.1
01-19 18:48:56.871 14458 14458 D nativeloader: Load /data/app/~~jm8cFKfZNCUV81ommGT1pA==/com.soundtherapyapp-BLyaV6ZyV8KWRa18fQEEqQ==/lib/arm64/libjscexecutor.so using class loader ns clns-10 (caller=/data/app/~~jm8cFKfZNCUV81ommGT1pA==/com.soundtherapyapp-BLyaV6ZyV8KWRa18fQEEqQ==/base.apk): ok
01-19 18:48:56.871  2033  2033 D MI-SF   : isTpIdleScene ,mAverageFrameRate is 108, 0 
01-19 18:48:56.871  2033  2033 D MI-SF   : modeGroup0 mIsSupportAutomodeForMaxFpsSetting is 0(0), getCurrentBrightness() = 15(388), mIsKeepAutoMode 0 isAutoModeAllowed() 1
01-19 18:48:56.871  2033  2033 D RefreshRateSelector: fixedMode_group: 0, isFindModeGroup 0
01-19 18:48:56.871  2033  2033 D RefreshRateSelector: find max refresh rate:120, mode Group:0
01-19 18:48:56.872 14458 14458 W SoLoader: SoLoader already initialized
01-19 18:48:56.873 14458 17188 D nativeloader: Configuring clns-12 for other apk /system_ext/priv-app/RtMiCloudSDK/RtMiCloudSDK.apk. target_sdk_version=35, uses_libraries=ALL, library_path=/product/app/ContentCatcherOS3/lib/arm64:/product/app/ContentCatcherOS3/ContentCatcherOS3.apk!/lib/arm64-v8a:/system_ext/priv-app/RtMiCloudSDK/RtMiCloudSDK.apk!/lib/arm64-v8a:/system_ext/app/miuisystem/miuisystem.apk!/lib/arm64-v8a, permitted_path=/data:/mnt/expand
01-19 18:48:56.873 14458 17188 D nativeloader: Extending system_exposed_libraries: libbinauralrenderer_wrapper.qti.so:libhoaeffects.qti.so:libmisys_jni.xiaomi.so:libpag.hyperos.so:libffavc.hyperos.so:libxiaomi_modemdumpsdx55_jni.modem.so:libxiaomi_modemdump_jni.modem.so:libmodemsmartengine_jni.modem.so:libupdateprof.qti.so:libthermalclient.qti.so:libdiag_system.qti.so:libqape.qti.so:libqesdk_ndk_platform.qti.so:liblistenjni.qti.so
01-19 18:48:56.873 14458 17188 D ApplicationLoaders: Returning zygote-cached class loader: /system/framework/org.apache.http.legacy.jar
01-19 18:48:56.874  3278  3405 I MiuiWallpaperSurfaceAnimation: wallpaperOffsets:xOffset=0.0,yOffset=0.0
01-19 18:48:56.874 14458 17188 D ApplicationLoaders: Returning zygote-cached class loader: /system_ext/framework/androidx.window.extensions.jar
01-19 18:48:56.874 14458 17188 D ApplicationLoaders: Returning zygote-cached class loader: /system_ext/framework/androidx.window.sidecar.jar
01-19 18:48:56.874  3278  3405 D MiuiWallpaperSurfaceAnimation: updateScaleIfNeeded mPivotX: 0.5, mPivotY: 0.5, x: 0.0, y: 0.0, zoom: 1.0551351
01-19 18:48:56.874  4686  4686 D PassBlur: textureState not update, view com.miui.home.launcher.BlurView{5420920 V.ED..... ........ 0,0-1440,3200 #7f0a026a app:id/launcher_blur_view} visible is true
01-19 18:48:56.874  4686  5632 D com.miui.home: backgroundBlur makeBackgroundImage (ShortcutMenuLayer-6-0xb400007838efed10), blurRadius(183), blurType(-1), blurScaleRatio(0.000000)
01-19 18:48:56.874  4686  5632 D com.miui.home: backgroundBlur makeBackgroundImage (BlurView-6-0xb400007838f44d30), blurRadius(78), blurType(-1), blurScaleRatio(0.000000)
01-19 18:48:56.875  5321  5321 D ShadeDarkIconDispatcher: receiver delegate onDarkChanged
01-19 18:48:56.875  5321  5321 D ShadeDarkIconDispatcher: receiver delegate onDarkChangedWithContrast
01-19 18:48:56.875  5321  5321 D ShadeDarkIconDispatcher: receiver delegate onLightDarkTintChanged
01-19 18:48:56.875 14458 17180 I Adreno-UNKNOWN: Using previously loaded IMapper library.
01-19 18:48:56.876  5321  5321 D DynamicIslandSafeguardsController: delayExitApp: com.soundtherapyapp com.soundtherapyapp count = 0
01-19 18:48:56.876 14458 17180 I AdrenoVK-0: QUALCOMM build          : 6cec7db601, Ie2229927e4
01-19 18:48:56.876 14458 17180 I AdrenoVK-0: Build Date              : 09/10/25
01-19 18:48:56.876 14458 17180 I AdrenoVK-0: Shader Compiler Version : E031.47.18.42
01-19 18:48:56.876 14458 17180 I AdrenoVK-0: Local Branch            : 
01-19 18:48:56.876 14458 17180 I AdrenoVK-0: Remote Branch           : refs/tags/AU_LINUX_ANDROID_LA.VENDOR.15.4.0.11.00.00.1088.743
01-19 18:48:56.876 14458 17180 I AdrenoVK-0: Remote Branch           : NONE
01-19 18:48:56.876 14458 17180 I AdrenoVK-0: Reconstruct Branch      : NOTHING
01-19 18:48:56.876 14458 17180 I AdrenoVK-0: Build Config            : S P 18.0.0 AArch64
01-19 18:48:56.876 14458 17180 I AdrenoVK-0: Driver Path             : /vendor/lib64/hw/vulkan.adreno.so
01-19 18:48:56.876 14458 17180 I AdrenoVK-0: Driver Version          : 0800.56.1
01-19 18:48:56.876 14458 17180 I AdrenoVK-0: PFP                     : 0x01500077
01-19 18:48:56.876 14458 17180 I AdrenoVK-0: ME                      : 0x01500014
01-19 18:48:56.876 14458 17180 I AdrenoVK-0: Application Name    : android framework
01-19 18:48:56.876 14458 17180 I AdrenoVK-0: Process Name        : com.soundtherapyapp
01-19 18:48:56.876 14458 17180 I AdrenoVK-0: Application Version : 0x00000000
01-19 18:48:56.876 14458 17180 I AdrenoVK-0: Engine Name         : android framework
01-19 18:48:56.876 14458 17180 I AdrenoVK-0: Engine Version      : 0x00000000
01-19 18:48:56.876 14458 17180 I AdrenoVK-0: Api Version         : 0x00401000
01-19 18:48:56.877 14458 17188 D nativeloader: InitLlndkLibrariesProduct: libEGL.so:libGLESv1_CM.so:libGLESv2.so:libGLESv3.so:libRS.so:libandroid_net.so:libapexsupport.so:libavf.so:libbinder_ndk.so:libc.so:libcgrouprc.so:libclang_rt.asan-aarch64-android.so:libclang_rt.asan-arm-android.so:libclang_rt.hwasan-aarch64-android.so:libcom.android.tethering.connectivity_native.so:libdl.so:libft2.so:liblog.so:libm.so:libmediandk.so:libnativewindow.so:libneuralnetworks.so:libselinux.so:libsync.so:libvendorsupport.so:libvndksupport.so:libvulkan.so
01-19 18:48:56.877 14458 17188 D nativeloader: Configuring product-clns-13 for unbundled product apk /product/app/ContentCatcherOS3/ContentCatcherOS3.apk. target_sdk_version=35, uses_libraries=, library_path=/product/app/ContentCatcherOS3/lib/arm64:/product/app/ContentCatcherOS3/ContentCatcherOS3.apk!/lib/arm64-v8a:/system_ext/priv-app/RtMiCloudSDK/RtMiCloudSDK.apk!/lib/arm64-v8a:/system_ext/app/miuisystem/miuisystem.apk!/lib/arm64-v8a:/product/lib64:/system/product/lib64, permitted_path=/data:/mnt/expand:/product/lib64:/system/product/lib64
01-19 18:48:56.877 14458 17188 D nativeloader: InitVndkspLibrariesProduct: VNDK is deprecated with product
01-19 18:48:56.879 14458 17180 I libEGL  : shader cache num entries: 3
01-19 18:48:56.879 14458 17180 D HWUI    : [HWUI] Flag vulkan_enhance_pipeline_cache enabled
01-19 18:48:56.879 14458 17180 D HWUI    : [HWUI] EnhanceVkPipelineCache is enabled
01-19 18:48:56.879 14458 17188 D ViewContentFactory: initViewContentFetcherClass
01-19 18:48:56.879 14458 17188 D ViewContentFactory: getInterceptorPackageInfo
01-19 18:48:56.879 14458 17188 D ViewContentFactory: getInitialApplication took 0ms
01-19 18:48:56.879 14458 17188 D ViewContentFactory: packageInfo.packageName: com.miui.contentcatcher
01-19 18:48:56.879 14458 17188 D ViewContentFactory: initViewContentFetcherClass took 1ms
01-19 18:48:56.879 14458 17188 I ContentCatcher: ViewContentFetcher : ViewContentFetcher
01-19 18:48:56.879 14458 17188 D ViewContentFactory: createInterceptor took 1ms
01-19 18:48:56.879 14458 17180 D SKIA    : [Skia] Flag vulkan_enhance_pipeline_cache enabled
01-19 18:48:56.879 14458 17180 D SKIA    : [Skia] EnhanceVkPipelineCache is true
01-19 18:48:56.879  2033  2033 D MI-SF   : isTpIdleScene ,mAverageFrameRate is 108, 0 
01-19 18:48:56.879  2033  2033 D MI-SF   : modeGroup0 mIsSupportAutomodeForMaxFpsSetting is 0(0), getCurrentBrightness() = 15(388), mIsKeepAutoMode 0 isAutoModeAllowed() 1
01-19 18:48:56.879  2033  2033 D RefreshRateSelector: fixedMode_group: 0, isFindModeGroup 0
01-19 18:48:56.879  2033  2033 D RefreshRateSelector: find max refresh rate:120, mode Group:0
01-19 18:48:56.880  5271  6158 D LowLatencyAidlService: onGameControlStateChanged status = true, cloud = false
01-19 18:48:56.880  5271  6158 D LowLatencyAidlService: setLevel: rat = 0, slot_id = 1, uplink = 4, downlink = 4, enableConnectionExtension = false
01-19 18:48:56.880  5271  6158 D LowLatencyAidlService: setLevel status: 0
01-19 18:48:56.880  5271  6158 D LowLatencyAidlService: setLevel result.effectiveUplink: 4
01-19 18:48:56.880  5271  6158 D LowLatencyAidlService: setLevel result.effectiveDownlink: 4
01-19 18:48:56.882  3278  3405 I MiuiWallpaperSurfaceAnimation: wallpaperOffsets:xOffset=0.0,yOffset=0.0
01-19 18:48:56.882  3278  3405 D MiuiWallpaperSurfaceAnimation: updateScaleIfNeeded mPivotX: 0.5, mPivotY: 0.5, x: 0.0, y: 0.0, zoom: 1.059168
01-19 18:48:56.882  4686  4686 D PassBlur: textureState not update, view com.miui.home.launcher.BlurView{5420920 V.ED..... ........ 0,0-1440,3200 #7f0a026a app:id/launcher_blur_view} visible is true
01-19 18:48:56.882  5321  5321 D ShadeDarkIconDispatcher: receiver delegate onDarkChanged
01-19 18:48:56.883  4686  5632 D com.miui.home: backgroundBlur makeBackgroundImage (ShortcutMenuLayer-6-0xb400007838efed10), blurRadius(183), blurType(-1), blurScaleRatio(0.000000)
01-19 18:48:56.883  4686  5632 D com.miui.home: backgroundBlur makeBackgroundImage (BlurView-6-0xb400007838f44d30), blurRadius(83), blurType(-1), blurScaleRatio(0.000000)
01-19 18:48:56.883  5321  5321 D ShadeDarkIconDispatcher: receiver delegate onDarkChangedWithContrast
01-19 18:48:56.883  5321  5321 D ShadeDarkIconDispatcher: receiver delegate onLightDarkTintChanged
01-19 18:48:56.888  2033  2033 D MI-SF   : isTpIdleScene ,mAverageFrameRate is 108, 0 
01-19 18:48:56.888  2033  2033 D MI-SF   : modeGroup0 mIsSupportAutomodeForMaxFpsSetting is 0(0), getCurrentBrightness() = 15(388), mIsKeepAutoMode 0 isAutoModeAllowed() 1
01-19 18:48:56.888  2033  2033 D RefreshRateSelector: fixedMode_group: 0, isFindModeGroup 0
01-19 18:48:56.888  2033  2033 D RefreshRateSelector: find max refresh rate:120, mode Group:0
01-19 18:48:56.890  4686  4686 D PassBlur: textureState not update, view com.miui.home.launcher.BlurView{5420920 V.ED..... ........ 0,0-1440,3200 #7f0a026a app:id/launcher_blur_view} visible is true
01-19 18:48:56.890  3278  3405 I MiuiWallpaperSurfaceAnimation: wallpaperOffsets:xOffset=0.0,yOffset=0.0
01-19 18:48:56.890  3278  3405 D MiuiWallpaperSurfaceAnimation: updateScaleIfNeeded mPivotX: 0.5, mPivotY: 0.5, x: 0.0, y: 0.0, zoom: 1.0630879
01-19 18:48:56.891  4686  5632 D com.miui.home: backgroundBlur makeBackgroundImage (ShortcutMenuLayer-6-0xb400007838efed10), blurRadius(183), blurType(-1), blurScaleRatio(0.000000)
01-19 18:48:56.891  4686  5632 D com.miui.home: backgroundBlur makeBackgroundImage (BlurView-6-0xb400007838f44d30), blurRadius(88), blurType(-1), blurScaleRatio(0.000000)
01-19 18:48:56.896  2033  2033 D MI-SF   : isTpIdleScene ,mAverageFrameRate is 108, 0 
01-19 18:48:56.896  2033  2033 D MI-SF   : modeGroup0 mIsSupportAutomodeForMaxFpsSetting is 0(0), getCurrentBrightness() = 15(388), mIsKeepAutoMode 0 isAutoModeAllowed() 1
01-19 18:48:56.896  2033  2033 D RefreshRateSelector: fixedMode_group: 0, isFindModeGroup 0
01-19 18:48:56.896  2033  2033 D RefreshRateSelector: find max refresh rate:120, mode Group:0
01-19 18:48:56.896  2033  2109 D RenderEngine: makePassBlurBetterDownShader layername:Wallpaper BBQ wrapper#64
01-19 18:48:56.898  3278  3405 I MiuiWallpaperSurfaceAnimation: wallpaperOffsets:xOffset=0.0,yOffset=0.0
01-19 18:48:56.898  3278  3405 D MiuiWallpaperSurfaceAnimation: updateScaleIfNeeded mPivotX: 0.5, mPivotY: 0.5, x: 0.0, y: 0.0, zoom: 1.0668864
01-19 18:48:56.898  1811  1811 I sensors-hal: batch:141, android.sensor.accelerometer/11, period=66667000, max_latency=0
01-19 18:48:56.898  1811  1811 I sensors-hal: set_config:56, sample_period_ns is adjusted to 66667000 based on min/max delay_ns
01-19 18:48:56.898  1811  1811 I sensors-hal: batch:150, android.sensor.accelerometer/11, period=66667000, max_latency=0 request completed
01-19 18:48:56.898  3278  3822 I SensorService: 	>>> actuating h/w activate handle=0xb enabled=1
01-19 18:48:56.898  1811  1811 I sensors-hal: activate:108, android.sensor.accelerometer/11 en=1
01-19 18:48:56.898  1811  1811 I sensors-hal: acquire_qsh_interface:123, acquire_qsh_interface with sensor_id 90 , conn_type 2 
01-19 18:48:56.899  3278  3431 D SsruManagerImpl: MiSsru Sensor not init!!!!
01-19 18:48:56.899  4686  4686 D PassBlur: textureState not update, view com.miui.home.launcher.BlurView{5420920 V.ED..... ........ 0,0-1440,3200 #7f0a026a app:id/launcher_blur_view} visible is true
01-19 18:48:56.899  4686  5632 D com.miui.home: backgroundBlur makeBackgroundImage (ShortcutMenuLayer-6-0xb400007838efed10), blurRadius(183), blurType(-1), blurScaleRatio(0.000000)
01-19 18:48:56.899  4686  5632 D com.miui.home: backgroundBlur makeBackgroundImage (BlurView-6-0xb400007838f44d30), blurRadius(92), blurType(-1), blurScaleRatio(0.000000)
01-19 18:48:56.901  1811  1811 I sensors-hal: qsh_qmi:41, qsh_qmi
01-19 18:48:56.901  1811  1811 I sensors-hal: send_sensor_config_request:566, resampler is used, set resampler config
01-19 18:48:56.901  1811  1811 I sensors-hal: send_sync_sensor_request:471, send sync request
01-19 18:48:56.901  1811  1811 I sensors-hal: send_sync_sensor_request:500, wait for notification of response
01-19 18:48:56.902  1811 17192 I sensors-hal: qsh_conn_resp_cb:825, resp_value = 0 for accel 
01-19 18:48:56.902  1811  1811 I sensors-hal: send_sync_sensor_request:506, takes 1 ms to receive the response with 0
01-19 18:48:56.902  1811  1811 I sensors-hal: activate:119, android.sensor.accelerometer/11 en=1 completed
01-19 18:48:56.904  2033  2033 D MI-SF   : isTpIdleScene ,mAverageFrameRate is 108, 0 
01-19 18:48:56.904  2033  2033 D MI-SF   : modeGroup0 mIsSupportAutomodeForMaxFpsSetting is 0(0), getCurrentBrightness() = 15(388), mIsKeepAutoMode 0 isAutoModeAllowed() 1
01-19 18:48:56.904  2033  2033 D RefreshRateSelector: fixedMode_group: 0, isFindModeGroup 0
01-19 18:48:56.904  2033  2033 D RefreshRateSelector: find max refresh rate:120, mode Group:0
01-19 18:48:56.905 14458 17194 D nativeloader: Load /data/app/~~jm8cFKfZNCUV81ommGT1pA==/com.soundtherapyapp-BLyaV6ZyV8KWRa18fQEEqQ==/lib/arm64/libreact_devsupportjni.so using class loader ns clns-10 (caller=/data/app/~~jm8cFKfZNCUV81ommGT1pA==/com.soundtherapyapp-BLyaV6ZyV8KWRa18fQEEqQ==/base.apk): ok
01-19 18:48:56.907  3278  3405 I MiuiWallpaperSurfaceAnimation: wallpaperOffsets:xOffset=0.0,yOffset=0.0
01-19 18:48:56.907  3278  3405 D MiuiWallpaperSurfaceAnimation: updateScaleIfNeeded mPivotX: 0.5, mPivotY: 0.5, x: 0.0, y: 0.0, zoom: 1.0705575
01-19 18:48:56.907  4686  4686 D PassBlur: textureState not update, view com.miui.home.launcher.BlurView{5420920 V.ED..... ........ 0,0-1440,3200 #7f0a026a app:id/launcher_blur_view} visible is true
01-19 18:48:56.907  4686  5632 D com.miui.home: backgroundBlur makeBackgroundImage (ShortcutMenuLayer-6-0xb400007838efed10), blurRadius(183), blurType(-1), blurScaleRatio(0.000000)
01-19 18:48:56.907  4686  5632 D com.miui.home: backgroundBlur makeBackgroundImage (BlurView-6-0xb400007838f44d30), blurRadius(95), blurType(-1), blurScaleRatio(0.000000)
01-19 18:48:56.910 14458 17193 I libc    : kill: send 15 to pid 17195
01-19 18:48:56.910 14458 17193 W libc    : Access denied finding property "ro.debuggable"
01-19 18:48:56.910 14458 17193 I libc    : debug pid reuse, real pid 17195
01-19 18:48:56.913  2033  2033 D MI-SF   : isTpIdleScene ,mAverageFrameRate is 108, 0 
01-19 18:48:56.913  2033  2033 D MI-SF   : modeGroup0 mIsSupportAutomodeForMaxFpsSetting is 0(0), getCurrentBrightness() = 15(388), mIsKeepAutoMode 0 isAutoModeAllowed() 1
01-19 18:48:56.913  2033  2033 D RefreshRateSelector: fixedMode_group: 0, isFindModeGroup 0
01-19 18:48:56.913  2033  2033 D RefreshRateSelector: find max refresh rate:120, mode Group:0
01-19 18:48:56.913 14458 14458 D CompatChangeReporter: Compat change id reported: 309578419; UID 10424; state: ENABLED
01-19 18:48:56.913  1793 21721 I vendor.qti.bluetooth@1.0-ibs_handler: ProcessIbsCmd: Received IBS_SLEEP_IND: 0xFE
01-19 18:48:56.913 14458 14458 D DesktopModeFlags: Toggle override initialized to: OVERRIDE_UNSET
01-19 18:48:56.915  3278  3405 I MiuiWallpaperSurfaceAnimation: wallpaperOffsets:xOffset=0.0,yOffset=0.0
01-19 18:48:56.915  3278  3405 D MiuiWallpaperSurfaceAnimation: updateScaleIfNeeded mPivotX: 0.5, mPivotY: 0.5, x: 0.0, y: 0.0, zoom: 1.0740968
01-19 18:48:56.915  4686  4686 D PassBlur: textureState not update, view com.miui.home.launcher.BlurView{5420920 V.ED..... ........ 0,0-1440,3200 #7f0a026a app:id/launcher_blur_view} visible is true
01-19 18:48:56.916  4686  5632 D com.miui.home: backgroundBlur makeBackgroundImage (ShortcutMenuLayer-6-0xb400007838efed10), blurRadius(183), blurType(-1), blurScaleRatio(0.000000)
01-19 18:48:56.916  4686  5632 D com.miui.home: backgroundBlur makeBackgroundImage (BlurView-6-0xb400007838f44d30), blurRadius(99), blurType(-1), blurScaleRatio(0.000000)
01-19 18:48:56.918 14458 14458 D DecorView: updateFreeformOutlineFromActivity, inFreeform=false,inFreeformWindowMode=false
01-19 18:48:56.921  2033  2033 D MI-SF   : isTpIdleScene ,mAverageFrameRate is 108, 0 
01-19 18:48:56.921  2033  2033 D MI-SF   : modeGroup0 mIsSupportAutomodeForMaxFpsSetting is 0(0), getCurrentBrightness() = 15(388), mIsKeepAutoMode 0 isAutoModeAllowed() 1
01-19 18:48:56.921  2033  2033 D RefreshRateSelector: fixedMode_group: 0, isFindModeGroup 0
01-19 18:48:56.921  2033  2033 D RefreshRateSelector: find max refresh rate:120, mode Group:0
01-19 18:48:56.922 14458 14458 I soundtherapyapp: hiddenapi: Accessing hidden method Landroid/view/View;->computeFitSystemWindows(Landroid/graphics/Rect;Landroid/graphics/Rect;)Z (runtime_flags=0, domain=platform, api=unsupported) from Landroidx/appcompat/widget/ViewUtils; (domain=app) using reflection: allowed
01-19 18:48:56.922 14458 14458 I soundtherapyapp: hiddenapi: Accessing hidden method Landroid/view/ViewGroup;->makeOptionalFitsSystemWindows()V (runtime_flags=0, domain=platform, api=unsupported) from Landroidx/appcompat/widget/ViewUtils; (domain=app) using reflection: allowed
01-19 18:48:56.923  3278  3405 I MiuiWallpaperSurfaceAnimation: wallpaperOffsets:xOffset=0.0,yOffset=0.0
01-19 18:48:56.923  3278  3405 D MiuiWallpaperSurfaceAnimation: updateScaleIfNeeded mPivotX: 0.5, mPivotY: 0.5, x: 0.0, y: 0.0, zoom: 1.077502
01-19 18:48:56.924  4686  4686 D PassBlur: textureState not update, view com.miui.home.launcher.BlurView{5420920 V.ED..... ........ 0,0-1440,3200 #7f0a026a app:id/launcher_blur_view} visible is true
01-19 18:48:56.924  4686  5632 D com.miui.home: backgroundBlur makeBackgroundImage (ShortcutMenuLayer-6-0xb400007838efed10), blurRadius(183), blurType(-1), blurScaleRatio(0.000000)
01-19 18:48:56.924  4686  5632 D com.miui.home: backgroundBlur makeBackgroundImage (BlurView-6-0xb400007838f44d30), blurRadius(101), blurType(-1), blurScaleRatio(0.000000)
01-19 18:48:56.926 14458 14458 D Activity: Activity = ActivityInfo{b10f7a7 com.soundtherapyapp.MainActivity}, Resume onConfigurationChanged = {1.0 460mcc11mnc [zh_CN] ldltr sw384dp w384dp h853dp 600dpi nrml long hdr widecg port finger -keyb/v/h -nav/h winConfig={ mBounds=Rect(0, 0 - 1440, 3200) mAppBounds=Rect(0, 0 - 1440, 3200) mMaxBounds=Rect(0, 0 - 1440, 3200) mDisplayRotation=ROTATION_0 mWindowingMode=fullscreen mActivityType=standard mAlwaysOnTop=undefined mRotation=ROTATION_0 mInSplitScreen=false letterBoxed=false foScaled=false isSpecificEmbedded=false embeddingScale=1.0} s.2 fontWeightAdjustment=0/d/o themeChanged=0 themeChangedFlags=0 display=0 extraData = Bundle[{}] screenType=0/o}
01-19 18:48:56.929  3278 19886 D AppLock_AccessControlImpl: activityResume packageName: com.soundtherapyapp userId: 0 enabled: true
01-19 18:48:56.929  3278 19886 D AppLock_AccessControlImpl: activityResume lockMode: 1
01-19 18:48:56.929 14458 14458 D SecurityManager: checkAccessControl flag1
01-19 18:48:56.929 14458 17188 I ContentCatcher: SettingTrigger : register screen QA status observer com.soundtherapyapp.MainActivity
01-19 18:48:56.929  2033  2033 D MI-SF   : isTpIdleScene ,mAverageFrameRate is 108, 0 
01-19 18:48:56.929  2033  2033 D MI-SF   : modeGroup0 mIsSupportAutomodeForMaxFpsSetting is 0(0), getCurrentBrightness() = 15(388), mIsKeepAutoMode 0 isAutoModeAllowed() 1
01-19 18:48:56.929  2033  2033 D RefreshRateSelector: fixedMode_group: 0, isFindModeGroup 0
01-19 18:48:56.929  2033  2033 D RefreshRateSelector: find max refresh rate:120, mode Group:0
01-19 18:48:56.929 14458 14458 D CompatChangeReporter: Compat change id reported: 352594277; UID 10424; state: ENABLED
01-19 18:48:56.930 14458 17188 I ContentCatcher: SettingTrigger : register global collect status observer com.soundtherapyapp.MainActivity
01-19 18:48:56.930 14458 17188 I ContentCatcher: SettingTrigger : registerUIAgentListener com.soundtherapyapp.MainActivity, uid:10424
01-19 18:48:56.930  3278 19886 I DataHub : registerUIAgentListener packageName: com.soundtherapyapp~10424, client:miui.security.IUIAgentInteractionClient$Stub$Proxy@274f1d7
01-19 18:48:56.930  2033  2109 D RenderEngine: makePassBlurBetterDownShader layername:Wallpaper BBQ wrapper#64
01-19 18:48:56.930  3278 19886 I RemoteCallbackList: register success, put callback for com.soundtherapyapp~10424
01-19 18:48:56.931 14458 14458 D RenderLite: trim renderNode enable: false
01-19 18:48:56.932  3278  3405 I MiuiWallpaperSurfaceAnimation: wallpaperOffsets:xOffset=0.0,yOffset=0.0
01-19 18:48:56.932  3278  3405 D MiuiWallpaperSurfaceAnimation: updateScaleIfNeeded mPivotX: 0.5, mPivotY: 0.5, x: 0.0, y: 0.0, zoom: 1.0807717
01-19 18:48:56.932  4686  4686 D PassBlur: textureState not update, view com.miui.home.launcher.BlurView{5420920 V.ED..... ........ 0,0-1440,3200 #7f0a026a app:id/launcher_blur_view} visible is true
01-19 18:48:56.932 14458 14458 D CompatChangeReporter: Compat change id reported: 349153669; UID 10424; state: ENABLED
01-19 18:48:56.932 14458 14458 D FramePredict: FramePredict init: true
01-19 18:48:56.932  4686  5632 D com.miui.home: backgroundBlur makeBackgroundImage (ShortcutMenuLayer-6-0xb400007838efed10), blurRadius(183), blurType(-1), blurScaleRatio(0.000000)
01-19 18:48:56.933  4686  5632 D com.miui.home: backgroundBlur makeBackgroundImage (BlurView-6-0xb400007838f44d30), blurRadius(104), blurType(-1), blurScaleRatio(0.000000)
01-19 18:48:56.933 14458 14458 D FramePredict: init success
01-19 18:48:56.933 14458 14458 W libc    : Access denied finding property "vendor.boostfwk.frameprefetcher"
01-19 18:48:56.933  3278  3822 W ActivityManager: Permission Denial: getCurrentUser() from pid=14458, uid=10424 requires android.permission.INTERACT_ACROSS_USERS
01-19 18:48:56.934 14458 17207 E FramePredict: registerContentObserver fail
01-19 18:48:56.934 14458 14458 E MI-PreRender: init cloud whiteList failed
01-19 18:48:56.934 14458 14458 D soundtherapyapp: MiuiProcessManagerServiceStub setSchedFifo
01-19 18:48:56.934 14458 14458 I MiuiProcessManagerImpl: setSchedFifo pid:14458, mode:3
01-19 18:48:56.934  3278  6367 D ProcessManager: beginSchedThreads is not Enabled
01-19 18:48:56.935  3278  5491 D IorapForwardingService: onRenderThread! tid:17180 uid:10424 pkn:com.soundtherapyapp
01-19 18:48:56.936 14458 14458 D FirstFrameSpeedUp: bls: [com.xcj.hm.kangfuyixue]
01-19 18:48:56.936 14458 14458 I ViewRootImpl: com.soundtherapyapp/com.soundtherapyapp.MainActivity use first frame acceleration
01-19 18:48:56.938 14458 14458 I ComputilityLevel: getComputilityLevel(): 6
01-19 18:48:56.938 14458 14458 W unknown:ReactNative: Packager connection already open, nooping.
01-19 18:48:56.938  2033  2033 D MI-SF   : isTpIdleScene ,mAverageFrameRate is 108, 0 
01-19 18:48:56.938  2033  2033 D MI-SF   : modeGroup0 mIsSupportAutomodeForMaxFpsSetting is 0(0), getCurrentBrightness() = 15(388), mIsKeepAutoMode 0 isAutoModeAllowed() 1
01-19 18:48:56.938  2033  2033 D RefreshRateSelector: fixedMode_group: 0, isFindModeGroup 0
01-19 18:48:56.938  2033  2033 D RefreshRateSelector: find max refresh rate:120, mode Group:0
01-19 18:48:56.938  5321  5646 I MultiTaskingTaskInfo: MultiTaskingBaseTaskInfo::update::mTaskBounds = Rect(0, 0 - 1440, 3200), mTaskId = 1995
01-19 18:48:56.938  5321  5646 D MultiTaskingTransitionsHelper: skip updateBaseAnimParam taskId: 1995 pendingTransitions: [] readyDuringSync: [] tracks: [Track #0 activeTransition: {id=6235 t=OPEN f=0x0 trk=0 r=[0@Point(0, 0)] c=[{m=OPEN f=NONE leash=Surface(name=Task=1995#135486)/@0xc51c9e1 sb=Rect(0, 0 - 1440, 3200) eb=Rect(0, 0 - 1440, 3200) epz=Point(1440, 3200) d=0 taskParent=-1 v=trueMiuiChangeImpl {miuiEmbedding:false, scale:1.0}},{m=TO_BACK f=SHOW_WALLPAPER leash=Surface(name=Task=1#51)/@0xff61ff4 sb=Rect(0, 0 - 1440, 3200) eb=Rect(0, 0 - 1440, 3200) epz=Point(1440, 3200) d=0 taskParent=-1 v=falseMiuiChangeImpl {miuiEmbedding:false, scale:1.0}},{m=TO_BACK f=IS_WALLPAPER leash=Surface(name=WallpaperWindowToken{ff64f09 showWhenLocked=false}#59)/@0x9a3ef63 sb=Rect(0, 0 - 1440, 3200) eb=Rect(0, 0 - 1440, 3200) epz=Point(1440, 3200) d=0 v=falseMiuiChangeImpl {miuiEmbedding:false, scale:1.0}}] mk=[false] noAni=[false] df=[false] rsa=[false] oa=[false] nc=[0] ho=[false] hla=[false] iSync=[-1]}android.os.BinderProxy@645bdc4 readyTransitions: []Track #1 readyTransitions: []Track #2 readyTransitions: []]
01-19 18:48:56.938  5321  5646 I MultiTaskingTaskRepository: onTaskInfoChanged::taskId = 1995, windowingMode = 1, mMultiWindowTaskIdsInZOrder = [5, 4], mFullscreenTaskIdsInZOrder = [1995], mFreeformTaskIdsInZOrder = [], mTasks: 1995, 8, 7, 6, 5, 4, 3, 1, 
01-19 18:48:56.938  5321  5646 D MiuiDecorationController: relayout:: taskId=1995 mRunningTaskInfo.mStatusBarParent=Surface(name=StatusBar Container of Task = 1995#135488)/@0xd3025b5 taskInfo.mStatusBarParent=Surface(name=StatusBar Container of Task = 1995#135488)/@0x96c566d
01-19 18:48:56.938  5321  5646 D MiuiDecorationController: relayout:: taskId=1995 mRunningTaskInfo.mNavBarParent=Surface(name=NavigationBar Container of Task = 1995#135487)/@0x7fb644a taskInfo.mNavBarParent=Surface(name=NavigationBar Container of Task = 1995#135487)/@0xac432a2
01-19 18:48:56.938  5321  5646 D MiuiDecorationController: relayout::taskId=1995, visible=true, bounds=Rect(0, 0 - 1440, 3200), focused=true, oldImmersive=false, newImmersive=false, windowMode=1, activityType=1, displayId=0, baseActivity=ComponentInfo{com.soundtherapyapp/com.soundtherapyapp.MainActivity}, topActivity=ComponentInfo{com.soundtherapyapp/com.soundtherapyapp.MainActivity}, callers=com.android.wm.shell.multitasking.miuimultiwinswitch.miuiwindowdecor.decoration.MiuiDecorationController.relayout:4 com.android.wm.shell.multitasking.miuimultiwinswitch.miuiwindowdecor.MulWinSwitchDecorViewModel.onTaskInfoChanged:18 com.android.wm.shell.multitasking.common.taskmanager.MultiTaskingTaskListener.onTaskInfoChanged:47 com.android.wm.shell.ShellTaskOrganizer.onTaskInfoChanged:129 android.window.TaskOrganizer$1.lambda$onTaskInfoChanged$6:300 
01-19 18:48:56.938  4686  4686 D BackGestureBreakController: mAppLaunchingButNotResume= false
01-19 18:48:56.938 26170  7854 D AppUpdateXmsfLauncher: activityResumed intent : Intent { cmp=com.soundtherapyapp/.MainActivity (has extras) }
01-19 18:48:56.938  4686  4686 D RecentsImpl: mActivityStateObserver com.soundtherapyapp.MainActivity
01-19 18:48:56.938  4686  4686 D BackGestureBreakController: mAppLaunchingButNotResume= false
01-19 18:48:56.939  4686  4686 W RecentsImpl: updateGestureWindowVisibleImpl, className=com.soundtherapyapp.MainActivity
01-19 18:48:56.939  4686  4686 D RecentsImpl: useSysUiFlagsUpdateGestureWindowVisible, unlock
01-19 18:48:56.939  4686  4686 D GestureStubView_Left: setBackTouchable changed: false->true, swipeLock=false
01-19 18:48:56.939  4686  4686 D GestureStubView_Right: setBackTouchable changed: false->true, swipeLock=false
01-19 18:48:56.939  4686  4686 D RecentsImpl: showNavStubView
01-19 18:48:56.939  4686  4686 D NavStubView_Touch: setKeepHidden    old=false   new=false
01-19 18:48:56.938 15761 17085 I VA_ActivityStateHelper: activityResumed componentName ComponentInfo{com.soundtherapyapp/com.soundtherapyapp.MainActivity}
01-19 18:48:56.939 15761 17085 I VA_ActivityStateHelper: activityResumed mAiSkillPush is false
01-19 18:48:56.939 26170 15562 D services: [XMS][observer] ActivityObserver activityResumed packageName: com.soundtherapyapp
01-19 18:48:56.939  5321  5646 D MiuiDecorationDot: needTopCaption: isFullscreen = true isPadDevice = false isFoldInnerScreen = false canShowCaptionWhenCasting = false
01-19 18:48:56.939  5321  5646 D MiuiDecorationDot: releaseViews_TopCaption: taskId=1995
01-19 18:48:56.939  5321  5646 D MiuiDecorationDot: releaseViews_TopCaption: taskId=1995
01-19 18:48:56.939  5321  5646 D MiuiDecorationBottom: needBottomCaption: needShow = true
01-19 18:48:56.939  9464 12076 I travelService_ActivityObserverUtils: activityResumed ComponentInfo{com.soundtherapyapp/com.soundtherapyapp.MainActivity}
01-19 18:48:56.939  5321  5646 D MiuiDecorationBottom: updateRootView_BottomCaption: taskId = 1995 needBottomCaption = true bottomCaptionView = java.lang.Object@4fce9b6
01-19 18:48:56.939  4686  5504 W RecentsImpl: disableTouchBySwipeStatusBar    disable=false
01-19 18:48:56.939  4686  5504 D GestureStubView_Left: disableTouchBySwipeStatusBar    old=false   new=false
01-19 18:48:56.939  4686  5504 D GestureStubView_Right: disableTouchBySwipeStatusBar    old=false   new=false
01-19 18:48:56.939  5321  5646 D MiuiDecorationBottom: updateViews_BottomCaption: taskId=1995 scale=1.0 outResult = RelayoutResult{mRoot=java.lang.Object@4fce9b6, mCaptionX=468, mCaptionY=3162, mCaptionWidth=504.0, mCaptionHeight=60.0}
01-19 18:48:56.939  9464 12076 I travelService_TopActivityMonitor: user change app but last app use time not enough
01-19 18:48:56.939  4686  5504 D RecentsImpl: showBackStubWindow, show gesture stub view
01-19 18:48:56.939  4686  5504 W GestureStubView_Left: adaptRotation   currentRotation=0   mRotation=0
01-19 18:48:56.939  4686  5504 D GestureStubView_Left: resetRenderProperty: showGestureStub   isLayoutParamChanged=false
01-19 18:48:56.939  3278  5491 D CoreBackPreview: Window{c7644cf u0 com.soundtherapyapp/com.soundtherapyapp.MainActivity}: Setting back callback OnBackInvokedCallbackInfo{mCallback=android.window.IOnBackInvokedCallback$Stub$Proxy@a3dd23a, mPriority=0, mIsAnimationCallback=false, mOverrideBehavior=0}
01-19 18:48:56.939  5321  5646 D MiuiDecorationBase: updateFocus: same focus
01-19 18:48:56.939  5321  5646 D MiuiDecorationBase: updateSampling_BottomCaption: taskId = 1995 scale = 1.0 mTaskBounds = Rect(0, 0 - 1440, 3200) mCaptionVisibility = true mIsFsgestureEntered = false isRunningAnim = false isDraggingRecent = false isFreeformElude = false isDecorationShowing = true shouldEnableSampling = true
01-19 18:48:56.939  5321  5646 D MiuiDecorationBase: updateSampling_BottomCaption: samplingRect = Rect(468, 3162 - 972, 3177)
01-19 18:48:56.939  5321  5646 D MiuiDecorationBase: updateVisibility_BottomCaption: taskId=1995, isRotationAnimationRunning=false, mCaptionVisible=true, isCaptionVisible=true
01-19 18:48:56.939  5321  5646 D MiuiDecorationMoveHelper: periodicallyMoveUpFirst mTaskId=1995, windowingMode=1, caller=relayout
01-19 18:48:56.939  4686  5504 D GestureStubView_Left: showGestureStub
01-19 18:48:56.939  4686  5504 W GestureStubView_Right: adaptRotation   currentRotation=0   mRotation=0
01-19 18:48:56.939  4686  5504 D GestureStubView_Right: resetRenderProperty: showGestureStub   isLayoutParamChanged=false
01-19 18:48:56.939  4686  5504 D GestureStubView_Right: showGestureStub
01-19 18:48:56.939  9464  9145 I ActivityObserverUtil: activityResumed ComponentInfo{com.soundtherapyapp/com.soundtherapyapp.MainActivity}
01-19 18:48:56.939  9464  9145 I TopActivityMonitor: send TopActivityChangeEvent=TopActivityChangeEvent(prev=ComponentInfo{com.miui.home/com.miui.home.launcher.Launcher}, current=ComponentInfo{com.soundtherapyapp/com.soundtherapyapp.MainActivity},appChanged=true)
01-19 18:48:56.939  1828  3093 I vendor.qti.hardware.display.composer-service: Sensor: notify citsensorservice to trigger cwb, misForced = 0
01-19 18:48:56.939 26763 26798 D auth    : [XMS][Auth] ActivityObserver activityResumed packageName: com.soundtherapyapp
01-19 18:48:56.939  3278  5491 D BarFollowAnimation: pairAppearanceRegionAndWin win=Window{aa09a2d u0 Splash Screen com.soundtherapyapp} 8
01-19 18:48:56.940  1828  3097 I SDM     : CWB config passed by cwb_client : tappoint 1  CWB_ROI : (736.000000 70.000000 977.000000 311.000000) for display-0
01-19 18:48:56.940  3278  5491 D BarFollowAnimation: isAppTaskBarOnTop win:Window{aa09a2d u0 Splash Screen com.soundtherapyapp} (mCurrentTopTask:Task{551f15a #1995 type=standard A=10424:com.soundtherapyapp} : true); (mAssociatedTask:Task{551f15a #1995 type=standard A=10424:com.soundtherapyapp} : true); (mHomeTask:Task{68ecabd #1 type=home} : false); mReparentToOriginParent:false mLastAppBarVisible:true mLastHomeBarVisible:false
01-19 18:48:56.940  3278  5491 D MiuiRefreshRatePolicy: reset
01-19 18:48:56.940  4686  5504 D GestureStubView_Left: gatherTransparentRegion: need render w:82  h:3200
01-19 18:48:56.940  3278  3405 I MiuiWallpaperSurfaceAnimation: wallpaperOffsets:xOffset=0.0,yOffset=0.0
01-19 18:48:56.940  3278  5491 D BarFollowAnimation: isAppTaskBarOnTop win:Window{c7644cf u0 com.soundtherapyapp/com.soundtherapyapp.MainActivity} (mCurrentTopTask:Task{551f15a #1995 type=standard A=10424:com.soundtherapyapp} : true); (mAssociatedTask:Task{551f15a #1995 type=standard A=10424:com.soundtherapyapp} : true); (mHomeTask:Task{68ecabd #1 type=home} : false); mReparentToOriginParent:false mLastAppBarVisible:true mLastHomeBarVisible:false
01-19 18:48:56.940  4686  5504 D GestureStubView_Right: gatherTransparentRegion: need render w:82  h:3200
01-19 18:48:56.940  3278  3405 D MiuiWallpaperSurfaceAnimation: updateScaleIfNeeded mPivotX: 0.5, mPivotY: 0.5, x: 0.0, y: 0.0, zoom: 1.0839058
01-19 18:48:56.940 10369 11313 I AIRC_CounterTrack: collect: signal-TopActivityPerception
01-19 18:48:56.941  4686  4686 D PassBlur: textureState not update, view com.miui.home.launcher.BlurView{5420920 V.ED..... ........ 0,0-1440,3200 #7f0a026a app:id/launcher_blur_view} visible is true
01-19 18:48:56.941  5321  5716 D VRI[Miui Bottom Caption of Task=1995]: getMiuiFreeformStackInfo mTmpFrames.miuiFreeFormStackInfo: null
01-19 18:48:56.941  3278  5491 D BarFollowAnimation: updateSystemBarAttributes index=0 statusId=1 key=1
01-19 18:48:56.941  4686  5632 D com.miui.home: backgroundBlur makeBackgroundImage (ShortcutMenuLayer-6-0xb400007838efed10), blurRadius(183), blurType(-1), blurScaleRatio(0.000000)
01-19 18:48:56.941  3278  5491 D WindowManager: updateSystemBarAttributes displayId: 16777216 Window{c7644cf u0 com.soundtherapyapp/com.soundtherapyapp.MainActivity} winAppearance=
01-19 18:48:56.941  3278  5491 D WindowManager: wms.Input focus has changed to Window{c7644cf u0 com.soundtherapyapp/com.soundtherapyapp.MainActivity} display=0 updateInputWindows = true
01-19 18:48:56.941  3278  5491 I MultiSenceManagerInternalStub: getInstance
01-19 18:48:56.941  3278  3401 D WmSystemUiDebug: on system bar attributes changed displayId=16777216 appearance=LIGHT_NAVIGATION_BARS appearanceRegions=[AppearanceRegion{LIGHT_STATUS_BARS bounds=[0,0][1440,3200]}] navbarColorManagedByIme=false behavior=1 requestedVisibleTypes=[statusBars navigationBars captionBar systemGestures mandatorySystemGestures tappableElement displayCutout windowDecor systemOverlays] packageName=com.soundtherapyapp letterboxDetails=[]
01-19 18:48:56.941  3278  4451 I MultiSenceManagerInternalStubImpl: packageName = com.soundtherapyapp
01-19 18:48:56.941  3278  5491 I WindowManager: Allow fixed rotation for not collecting:ActivityRecord{107379567 u0 com.soundtherapyapp/.MainActivity t1995}
01-19 18:48:56.941  4686  5632 D com.miui.home: backgroundBlur makeBackgroundImage (BlurView-6-0xb400007838f44d30), blurRadius(106), blurType(-1), blurScaleRatio(0.000000)
01-19 18:48:56.941  3278  4451 W ContextImpl: Calling a method in the system process without a qualified user: android.app.ContextImpl.sendBroadcast:1280 com.android.server.wm.MultiSenceManagerInternalStubImpl.sendFocusWindowsBroadcast:151 com.android.server.wm.MultiSenceManagerInternalStubImpl$UpdateScreenStatus.run:96 android.os.Handler.handleCallback:995 android.os.Handler.dispatchMessage:103 
