--------- beginning of main
01-19 18:48:36.389  1828  2639 I SDM     : DisplayBase::CommitThread: Received Idle Timeout, panel: cmd, timeout: 70000 us
01-19 18:48:36.424  1828  4133 I SDM     : NotifyCWBStatus: Notify the client about buffer (0x30847790) status 0 for display-0.
01-19 18:48:36.424  1828  4133 I SDM     : SDMConcurrentWriteBack::ProcessCWBStatus: CWB queue is empty. Display: 0
01-19 18:48:36.437  3278  4248 D InetDiagMessage: Destroyed 0 sockets, proto=IPPROTO_TCP, family=AF_INET, states=14
01-19 18:48:36.440  3278  4248 D InetDiagMessage: Destroyed 0 sockets, proto=IPPROTO_TCP, family=AF_INET6, states=14
01-19 18:48:36.440  3278  4248 D InetDiagMessage: Destroyed live tcp sockets for uids={10282} in 6ms
01-19 18:48:36.440  3278  4248 D ActionExecute: frozen uid = 10282 reason=check binder
--------- beginning of system
01-19 18:48:36.442  3278  4248 D ExternalInterface: setUidState, uid = 10282 allow = false
01-19 18:48:36.442  3278  4248 D MiSensorServiceImpl: PowerKeeperSensor stop iUid:10282 but app has Controlled
01-19 18:48:36.444 21673 21673 I adbd    : in ShellService: am start -n com.soundtherapyapp/.MainActivity
01-19 18:48:36.469  3278 11065 I SecurityManagerService: isVirtualDisplayActive caller=com.android.shell~2000, target=com.soundtherapyapp~10424~0
01-19 18:48:36.469  3278 11065 I SecurityManagerService: find uiagent virtual display id=0
01-19 18:48:36.469  3278 11065 I SecurityManagerService: no uiagent display, return
01-19 18:48:36.469  3278 11065 I SecurityManagerService: isVirtualDisplayActive, should not intercept
01-19 18:48:36.469  3278 11065 W ActivityTaskManager: callingPackage for (uid=2000, pid=16999) has no WPC
01-19 18:48:36.470 10434 10756 I PermissionManagerProvider: call method : 14 Binder.getCallingUid() 10208 Binder.getCallingUid() 10434
01-19 18:48:36.470  3278 11065 V GrammaticalInflectionUtils: AttributionSource: android.content.AttributionSource@5f3f9e7 does not have READ_SYSTEM_GRAMMATICAL_GENDER permission.
01-19 18:48:36.470  3278 11065 W OptProp : Cannot read opt property android.window.PROPERTY_COMPAT_ALLOW_RESIZEABLE_ACTIVITY_OVERRIDES
01-19 18:48:36.470  3278 11065 W OptProp : Cannot read opt property android.window.PROPERTY_COMPAT_ALLOW_MIN_ASPECT_RATIO_OVERRIDE
01-19 18:48:36.470  3278 11065 I AnimInterruptController: FIS notify Foresee interrupt start:6232
01-19 18:48:36.470  3278 11065 I AnimInterruptController: remove FO timeout
01-19 18:48:36.470  3278 11065 I ActivityStarterImpl: isKeyguardEditor: false, newTransition: TransitionRecord{d8eddb3 id=6233 type=OPEN flags=0x0}
01-19 18:48:36.470  3278 11065 D WindowManager: Collecting in transition 6233: ActivityRecord{148053872 u0 com.soundtherapyapp/.MainActivity init visibleRequested:false
01-19 18:48:36.470  3278 11065 I ActivityStarterImpl: boost warm start activity for com.soundtherapyapp
01-19 18:48:36.470  3278 11065 D MiuiFreeformServiceImpl: addLaunchFreeformActivityOptionIfNeed skip due to not find sourceTask: null sourceFfas: null sourceFreeFormActivity: null
01-19 18:48:36.471  3278 11065 D Transition: setReady 6233 wc=Display{#0 state=ON size=1440x3200 ROTATION_0} ready=true
01-19 18:48:36.471  3278 11065 D Transition: setReady 6233 wc=Display{#0 state=ON size=1440x3200 ROTATION_0} ready=true
01-19 18:48:36.471  3278 11065 D MiuiFreeFormManagerService: onStartActivityInner as = Task{b8d0961 #1994 type=standard A=10424:com.soundtherapyapp} op = null
01-19 18:48:36.471  1828  2639 I SDM     : DisplayBase::CommitThread: Received Idle Timeout, panel: cmd, timeout: 70000 us
01-19 18:48:36.471  3278 11065 D TransitionImpl: abort TransitionRecord{d8eddb3 id=6233 type=OPEN flags=0x0 c=[
01-19 18:48:36.471  3278 11065 D TransitionImpl:    ChangeInfo{83d5b6e container=ActivityRecord{148053872 u0 com.soundtherapyapp/.MainActivity t-1} flags=0x0}
01-19 18:48:36.471  3278 11065 D TransitionImpl: ]
01-19 18:48:36.471  3278 11065 D TransitionImpl: } from = 0 Caller: com.android.server.wm.Transition.abort:2101 com.android.server.wm.Transition.abort:2092 com.android.server.wm.ActivityStarter.handleStartResult:2109 com.android.server.wm.ActivityStarter.startActivityUnchecked:1945 com.android.server.wm.ActivityStarter.executeRequest:1747 
01-19 18:48:36.471  3278 11065 I AnimInterruptController: FIS reset Foresee interrupt status
01-19 18:48:36.471  3278 11065 I AnimInterruptController: FIS reset Foresee interrupt status
01-19 18:48:36.471  3278 11065 D miuiBarFollowAnimation:  BarFollowAnimation core services Flag is effective！
01-19 18:48:36.471  3278 11065 D miuiElementAnimation:  ElementAnimation core services Flag is effective！
01-19 18:48:36.472  5321  9651 D KeyguardService: setOccluded(false)
01-19 18:48:36.472  5321  9651 D KeyguardViewMediator: setOccluded(false)
01-19 18:48:36.472  5321  9651 D KeyguardViewMediator: setOccluded false
01-19 18:48:36.472  5321  5321 D KeyguardViewMediator: handleSetOccluded(false)
01-19 18:48:36.472  5321  5321 D KeyguardViewMediator: isOccluded=false,mPowerGestureIntercepted=false
01-19 18:48:36.472  5321  5321 D KeyguardViewMediator: KeyguardViewMediator queue processing message: SET_OCCLUDED
01-19 18:48:36.472  3278 11065 I ActivityTaskManager: START u0 {flg=0x10000000 xflg=0x5 cmp=com.soundtherapyapp/.MainActivity} with LAUNCH_SINGLE_TASK from uid 2000 from pid 16999 callingPackage com.android.shell (BAL_ALLOW_PERMISSION) result code=3
01-19 18:48:36.475 13528 16816 I ContentCatcher: SettingTrigger : unregister status observer com.soundtherapyapp.MainActivity
01-19 18:48:36.475  3278 11065 I SensorService: 	>>> actuating h/w activate handle=0xb enabled=0
01-19 18:48:36.475  1811  1811 I sensors-hal: activate:108, android.sensor.accelerometer/11 en=0
01-19 18:48:36.475  3278  3431 D SsruManagerImpl: MiSsru Sensor not init!!!!
01-19 18:48:36.475  1811  1811 I sensors-hal: send_sync_sensor_request:471, send sync request
01-19 18:48:36.475  1811  1811 I sensors-hal: send_sync_sensor_request:500, wait for notification of response
01-19 18:48:36.476 13528 16816 I ContentCatcher: SettingTrigger : unregisterUIAgentListener com.soundtherapyapp.MainActivity, uid:10424
01-19 18:48:36.476  3278  6006 I DataHub : unregisterUIAgentListener packageName: com.soundtherapyapp~10424
01-19 18:48:36.476  3278  6006 I RemoteCallbackList: unregister success, remove callback for com.soundtherapyapp~10424
01-19 18:48:36.476  5321  5646 D WindowManagerShell: onActivityRestartAttempt: topActivity=ComponentInfo{com.soundtherapyapp/com.soundtherapyapp.MainActivity}, wasVisible=true
01-19 18:48:36.477  1811 16823 I sensors-hal: qsh_conn_resp_cb:825, resp_value = 0 for accel 
01-19 18:48:36.477  1811  1811 I sensors-hal: send_sync_sensor_request:506, takes 1 ms to receive the response with 0
01-19 18:48:36.477  1811  1811 I sensors-hal: ~qsh_qmi:68, ~qsh_qmi
01-19 18:48:36.477  1811  1811 I sensors-hal: activate:119, android.sensor.accelerometer/11 en=0 completed
01-19 18:48:36.478 13528 13528 W unknown:ReactInstanceManager: Instance detached from instance manager
01-19 18:48:36.478 13528 13528 D Activity: Activity = ActivityInfo{36391c0 com.soundtherapyapp.MainActivity}, Resume onConfigurationChanged = {1.0 460mcc11mnc [zh_CN] ldltr sw384dp w384dp h853dp 600dpi nrml long hdr widecg port finger -keyb/v/h -nav/h winConfig={ mBounds=Rect(0, 0 - 1440, 3200) mAppBounds=Rect(0, 0 - 1440, 3200) mMaxBounds=Rect(0, 0 - 1440, 3200) mDisplayRotation=ROTATION_0 mWindowingMode=fullscreen mActivityType=standard mAlwaysOnTop=undefined mRotation=ROTATION_0 mInSplitScreen=false letterBoxed=false foScaled=false isSpecificEmbedded=false embeddingScale=1.0} s.2 fontWeightAdjustment=0/d/o themeChanged=0 themeChangedFlags=0 display=0 extraData = Bundle[{}] screenType=0/o}
01-19 18:48:36.479  3278  3823 D AppLock_AccessControlImpl: activityResume packageName: com.soundtherapyapp userId: 0 enabled: true
01-19 18:48:36.479  3278  3823 D AppLock_AccessControlImpl: activityResume lockMode: 1
01-19 18:48:36.479 13528 13528 D SecurityManager: checkAccessControl flag1
01-19 18:48:36.479 13528 16816 I ContentCatcher: SettingTrigger : register screen QA status observer com.soundtherapyapp.MainActivity
01-19 18:48:36.480 13528 16816 I ContentCatcher: SettingTrigger : register global collect status observer com.soundtherapyapp.MainActivity
01-19 18:48:36.480 13528 16816 I ContentCatcher: SettingTrigger : registerUIAgentListener com.soundtherapyapp.MainActivity, uid:10424
01-19 18:48:36.480  3278  5488 I DataHub : registerUIAgentListener packageName: com.soundtherapyapp~10424, client:miui.security.IUIAgentInteractionClient$Stub$Proxy@b67c07a
01-19 18:48:36.480  3278  5488 I RemoteCallbackList: register success, put callback for com.soundtherapyapp~10424
01-19 18:48:36.480  3278  3431 D SsruManagerImpl: MiSsru Sensor not init!!!!
01-19 18:48:36.480  1811  1811 I sensors-hal: batch:141, android.sensor.accelerometer/11, period=66667000, max_latency=0
01-19 18:48:36.480  1811  1811 I sensors-hal: set_config:56, sample_period_ns is adjusted to 66667000 based on min/max delay_ns
01-19 18:48:36.480  1811  1811 I sensors-hal: batch:150, android.sensor.accelerometer/11, period=66667000, max_latency=0 request completed
01-19 18:48:36.481  3278  3823 I SensorService: 	>>> actuating h/w activate handle=0xb enabled=1
01-19 18:48:36.481  1811  1811 I sensors-hal: activate:108, android.sensor.accelerometer/11 en=1
01-19 18:48:36.481  1811  1811 I sensors-hal: acquire_qsh_interface:123, acquire_qsh_interface with sensor_id 90 , conn_type 2 
01-19 18:48:36.483  1811  1811 I sensors-hal: qsh_qmi:41, qsh_qmi
01-19 18:48:36.483  1811  1811 I sensors-hal: send_sensor_config_request:566, resampler is used, set resampler config
01-19 18:48:36.483  1811  1811 I sensors-hal: send_sync_sensor_request:471, send sync request
01-19 18:48:36.483  1811  1811 I sensors-hal: send_sync_sensor_request:500, wait for notification of response
01-19 18:48:36.485  1811 17003 I sensors-hal: qsh_conn_resp_cb:825, resp_value = 0 for accel 
01-19 18:48:36.485  1811  1811 I sensors-hal: send_sync_sensor_request:506, takes 2 ms to receive the response with 0
01-19 18:48:36.485  1811  1811 I sensors-hal: activate:119, android.sensor.accelerometer/11 en=1 completed
01-19 18:48:36.492 13528 13528 I Choreographer: first vsync insert message into MessageQueue Head
01-19 18:48:36.492 13528 13528 D VRI[MainActivity]: getMiuiFreeformStackInfo mTmpFrames.miuiFreeFormStackInfo: null
01-19 18:48:36.494  3278  5488 D BarFollowAnimation: pairAppearanceRegionAndWin win=Window{7e149b7 u0 com.soundtherapyapp/com.soundtherapyapp.MainActivity} 0
01-19 18:48:36.495  3278  5488 D BarFollowAnimation: isAppTaskBarOnTop win:Window{7e149b7 u0 com.soundtherapyapp/com.soundtherapyapp.MainActivity} (mCurrentTopTask:Task{b8d0961 #1994 type=standard A=10424:com.soundtherapyapp} : true); (mAssociatedTask:Task{b8d0961 #1994 type=standard A=10424:com.soundtherapyapp} : true); (mHomeTask:Task{68ecabd #1 type=home} : false); mReparentToOriginParent:false mLastAppBarVisible:true mLastHomeBarVisible:false
01-19 18:48:36.495  3278  5488 D MiuiRefreshRatePolicy: reset
01-19 18:48:36.495 13528 16808 I soundtherapyapp: DynamicFPS DF top: com.soundtherapyapp : 0.000000
01-19 18:48:36.495 13528 16808 I soundtherapyapp: DF com.soundtherapyapp Support DynamicFPS.
01-19 18:48:36.489  2033  2033 W binder:2033_4: type=1400 audit(0.0:3112590): avc:  denied  { search } for  name="mcd" dev="dm-56" ino=1126 scontext=u:r:surfaceflinger:s0 tcontext=u:object_r:mcd_data_file:s0 tclass=dir permissive=0
01-19 18:48:36.499 21396 23230 D JavaheapMonitor: Java heap used=10M max=256M, proc: com.miui.analytics
01-19 18:48:36.500 21396 23230 V JavaheapMonitor: Check java heap usage finished! Next check delay: 300000
01-19 18:48:36.500  3278  3403 W ProcessStats: Tracking association SourceState{4ca9419 com.android.quicksearchbox/10135 BFgs #645390} whose proc state 4 is better than process ProcessState{9becca1 com.xiaomi.barrage/1000 pkg=com.xiaomi.barrage} proc state 5 (5 skipped)
01-19 18:48:36.506  2033  2033 D MI-SF   : isTpIdleScene ,mAverageFrameRate is 0, 0 
01-19 18:48:36.506  2033  2033 D MI-SF   : modeGroup0 mIsSupportAutomodeForMaxFpsSetting is 0(0), getCurrentBrightness() = 201(388), mIsKeepAutoMode 0 isAutoModeAllowed() 1
01-19 18:48:36.506  2033  2033 D RefreshRateSelector: fixedMode_group: 0, isFindModeGroup 0
01-19 18:48:36.506  2033  2033 D RefreshRateSelector: find max refresh rate:120, mode Group:0
01-19 18:48:36.507  1828  2639 I SDM     : HWDeviceDRM::SetupConcurrentWriteback: Tear down the Concurrent Writeback topology
01-19 18:48:36.578  1828  2639 I SDM     : DisplayBase::CommitThread: Received Idle Timeout, panel: cmd, timeout: 70000 us
01-19 18:48:36.589  3278  4132 D MiuiWifiCommonBase: band: 4, compensate: 0
01-19 18:48:36.594  5271  6317 E PhoneAdapter: get ntnphones failed, exception: java.lang.IllegalStateException: not support satellite!
01-19 18:48:36.630  2596  4119 I libsensor-boledalgo: Write:the value of channelCali C:11144.2,R:3967.1,G:4085.6,B:730.7,scales [0.768425,0.771258,0.754871,0.816696]
01-19 18:48:36.631  2596  4119 D libsensor-boledalgo: brightness:214,R:1.0,G:13296.8,B:12588.6,EVENT C:14115.0,R:5197.0,G:5248.0,B:1024.0, lux: 9.1, clone:11044
01-19 18:48:36.931 16206 16219 I viders.calendar: This is non sticky GC, maxfree is 33554432 minfree is 8388608
01-19 18:48:36.932 16206 17009 D JavaheapMonitor: Java heap used=1M max=256M, proc: com.android.providers.calendar
01-19 18:48:36.932 16206 17009 V JavaheapMonitor: Check java heap usage finished! Next check delay: 300000
01-19 18:48:37.034  2596  4119 I libsensor-boledalgo: Write:the value of channelCali C:11144.2,R:3967.1,G:4085.6,B:730.7,scales [0.768425,0.771258,0.754871,0.816696]
01-19 18:48:37.034  2596  4119 D libsensor-boledalgo: brightness:214,R:1.0,G:13296.8,B:12588.6,EVENT C:14071.0,R:5189.0,G:5238.0,B:1016.0, lux: 9.0, clone:11044
01-19 18:48:37.231  2596  4119 I libsensor-boledalgo: Write:the value of channelCali C:11144.2,R:3967.1,G:4085.6,B:730.7,scales [0.768425,0.771258,0.754871,0.816696]
01-19 18:48:37.231  2596  4119 D libsensor-boledalgo: brightness:214,R:1.0,G:13296.8,B:12588.6,EVENT C:14111.0,R:5198.0,G:5238.0,B:1012.0, lux: 9.0, clone:11044
01-19 18:48:37.290  1841  1841 I vendor.qti.hardware.servicetrackeraidl-service: bindService is called for service : com.xiaomi.aon/.AonAttentionService and for client system
01-19 18:48:37.290  1841  1841 I vendor.qti.hardware.servicetrackeraidl-service: total connections for service : com.xiaomi.aon/.AonAttentionServiceare :1
01-19 18:48:37.291  1841  1841 I vendor.qti.hardware.servicetrackeraidl-service: total connections for client : systemare :26
01-19 18:48:37.296 15025 15564 D JavaheapMonitor: Java heap used=2M max=256M, proc: com.miui.thirdappassistant:persistent
01-19 18:48:37.297 15025 15564 V JavaheapMonitor: Check java heap usage finished! Next check delay: 300000
01-19 18:48:37.351  3278  4130 I MiuiNetworkPolicy: bandwidth: 3 KB/s, Max bandwidth: 200 KB/s
01-19 18:48:37.435  2596  4119 I libsensor-boledalgo: Write:the value of channelCali C:11144.2,R:3967.1,G:4085.6,B:730.7,scales [0.768425,0.771258,0.754871,0.816696]
01-19 18:48:37.436  2596  4119 D libsensor-boledalgo: brightness:214,R:1.0,G:13296.8,B:12588.6,EVENT C:14071.0,R:5181.0,G:5232.0,B:1011.0, lux: 9.0, clone:11044
01-19 18:48:37.437 10211 10670 D JavaheapMonitor: Java heap used=11M max=256M, proc: com.miui.powerkeeper
01-19 18:48:37.437 10211 10670 V JavaheapMonitor: Check java heap usage finished! Next check delay: 300000
01-19 18:48:37.631  2596  4119 I libsensor-boledalgo: Write:the value of channelCali C:11144.2,R:3967.1,G:4085.6,B:730.7,scales [0.768425,0.771258,0.754871,0.816696]
01-19 18:48:37.632  2596  4119 D libsensor-boledalgo: brightness:214,R:1.0,G:13296.8,B:12588.6,EVENT C:14115.0,R:5201.0,G:5241.0,B:1024.0, lux: 9.0, clone:11044
01-19 18:48:37.835  2596  4119 I libsensor-boledalgo: Write:the value of channelCali C:11144.2,R:3967.1,G:4085.6,B:730.7,scales [0.768425,0.771258,0.754871,0.816696]
01-19 18:48:37.835  2596  4119 D libsensor-boledalgo: brightness:214,R:1.0,G:13296.8,B:12588.6,EVENT C:14117.0,R:5207.0,G:5255.0,B:1018.0, lux: 9.1, clone:11044
01-19 18:48:38.031  2596  4119 I libsensor-boledalgo: Write:the value of channelCali C:11144.2,R:3967.1,G:4085.6,B:730.7,scales [0.768425,0.771258,0.754871,0.816696]
01-19 18:48:38.031  2596  4119 D libsensor-boledalgo: brightness:214,R:1.0,G:13296.8,B:12588.6,EVENT C:14094.0,R:5190.0,G:5229.0,B:1013.0, lux: 8.9, clone:11044
01-19 18:48:38.231  2596  4119 I libsensor-boledalgo: Write:the value of channelCali C:11144.2,R:3967.1,G:4085.6,B:730.7,scales [0.768425,0.771258,0.754871,0.816696]
01-19 18:48:38.231  2596  4119 D libsensor-boledalgo: brightness:214,R:1.0,G:13296.8,B:12588.6,EVENT C:14133.0,R:5219.0,G:5251.0,B:1018.0, lux: 9.1, clone:11044
01-19 18:48:38.289  3278  3278 W system_server: Long monitor contention with owner PowerManagerService (3462) at android.os.PowerSaveState com.android.server.power.batterysaver.BatterySaverPolicy.getBatterySaverPolicy(int)(BatterySaverPolicy.java:973) waiters=0 in void com.android.server.power.PowerManagerService.startUidChangesInternal() for 997ms
01-19 18:48:38.296  3278  3278 D ActivityManager: Logging bindService for com.xiaomi.aon, stopped=false, firstLaunch=false
01-19 18:48:38.297  3278  3278 W Looper  : Slow dispatch took 1008ms main app=system_server main=true group=FOREGROUND h=com.android.server.attention.AttentionManagerService$AttentionHandler c=com.android.server.attention.AttentionManagerService$$ExternalSyntheticLambda1@50a99a3 m=0
01-19 18:48:38.304 23354 23354 I AonAttentionService: onCreate:  com.xiaomi.aon.AonAttentionService@fcce655
01-19 18:48:38.305 23354 23354 I AONAdapter: AONAdapter instance has exist
01-19 18:48:38.308 23354 27636 I AonAttentionService: getScreenLocked:false
01-19 18:48:38.308 23354 27636 I AonAttentionService: onCheckAttention start, vername: 5.0.89, vercode: 89, isScreenLocked: false
01-19 18:48:38.308 23354 27636 I AONAdapter: AON use statistic: <2026-01-17, 3>
01-19 18:48:38.309 23354 27636 I AONAdapter: AON use statistic: <2026-01-18, 95>
01-19 18:48:38.309 23354 27636 I AONAdapter: AON use statistic: <2026-01-19, 88>
01-19 18:48:38.309 23354 27636 I AONAdapter: ======>registerListener type: 4, algo_type: 0.0, timeout: 18000, client: com.xiaomi.aon.AonAttentionService$AttentionClient$1@54292d1
01-19 18:48:38.309 23354 27636 I AONAdapter: registerListener enable face
01-19 18:48:38.310 23354 27636 D AONFaceEnpuV2: AonEventRegister type: 4
01-19 18:48:38.310 23354 27636 I AONFaceEnpuV2: AonEventRegister, start FaceEventManager
01-19 18:48:38.310 23354 27636 D AONFaceEnpuV2: FaceEventManager SM reference[0 0 1 0], mAONPolicy: POLICY_SIGNAL_MODE
01-19 18:48:38.310 23354 27636 I AONFaceEnpuV2: FaceEventManager change status from FS_NONE to FS_EXIST_ROIEYE
01-19 18:48:38.310 23354 27636 D AONFaceEnpuV2: FaceEnpuAONTrigger ...
01-19 18:48:38.310 23354 27636 I AONFaceEnpuV2: AonEventRegister, done
01-19 18:48:38.310 23354 23885 I AONFaceEnpuV2: handle register/unregister event run
01-19 18:48:38.310 23354 23885 I AONFaceEnpuV2: run register
01-19 18:48:38.310 23354 23885 D AONFaceEnpuV2: [IAlwaysOn] Service init completed
01-19 18:48:38.317  1811  3932 I sensors-hal: handle_sns_std_sensor_event:67, light_event: ts=882167556912667, lux: 8.2, powermode=1 
01-19 18:48:38.317  1871 12336 W vendor.qti.camera.provider-service_64: AIBinder_linkToDeath is being called with a non-null cookie and no onUnlink callback set. This might not be intended. AIBinder_DeathRecipient_setOnUnlinked should be called first.
01-19 18:48:38.318 23354 23885 I AONFaceEnpuV2: postHandleEventLogic registerClient result status: 0
01-19 18:48:38.318  1857  1857 D SRE     : sensorCallback mDisplayId = 0 dataCallback value=<   8.2350,   0.0000,   0.0000>, time=882167556912667, sensortype=5
01-19 18:48:38.318  1857  1857 D IGCDither: sensorCallback mDisplayId = 0 dataCallback value=<   8.2350,   0.0000,   0.0000>, time=882167556912667, sensor=5
01-19 18:48:38.330  1857  1857 D TRUETONE: sensorCallback Cct value=<5268.0000>  mLastCCT 5700.000000 mTargetCCT 5700.000000
01-19 18:48:38.353  3278  6655 I NetworkAccelerateSwitchService: EVENT_RSSI_POLL. mRssiPoll=true
01-19 18:48:38.353  3278  6655 I NetworkAccelerateSwitchService: checkWifiRssiAndLinkSpeed rssi:46
01-19 18:48:38.353  3278  6655 I NetworkAccelerateSwitchService: checkWifiRssiAndLinkSpeed mWifiFastFade:false mWifiFastFadeAdjustThreshold:false
01-19 18:48:38.353  3278  6655 I NetworkAccelerateSwitchService: getAverageWifiRssi:47
01-19 18:48:38.354  3278  6655 D NetworkAccelerateSwitchService: checkIntervalModeChange mMovementState:false mIntervalMode:0 mIsBadLinkLayerQoE:false mBadLinkLayerQoETimes = 0
01-19 18:48:38.369  3278  3823 W ActivityManagerServiceImpl: Sending non-protected broadcast com.modemenhance.ACTION_MODEMWIFI_RSSI_POLL from system 5271:com.android.phone/1001 pkg com.android.phone. Callers=
01-19 18:48:38.372  3278  3419 D BroadcastQueue: Logging broadcast for com.android.phone, stopped=false, firstLaunch=false
01-19 18:48:38.374  5271  5271 D SlaveWifiManager: getWifiSlaveConnectionInfo
01-19 18:48:38.432  2596  4119 I libsensor-boledalgo: Write:the value of channelCali C:11144.2,R:3967.1,G:4085.6,B:730.7,scales [0.768425,0.771258,0.754871,0.816696]
01-19 18:48:38.432  2596  4119 D libsensor-boledalgo: brightness:214,R:1.0,G:13296.8,B:12588.6,EVENT C:14098.0,R:5197.0,G:5238.0,B:1009.0, lux: 9.0, clone:11044
01-19 18:48:38.451  7247  7272 D QLM-Service: check_headroom_zone: Timer EVT, Temp: 32013
01-19 18:48:38.631  2596  4119 I libsensor-boledalgo: Write:the value of channelCali C:11144.2,R:3967.1,G:4085.6,B:730.7,scales [0.768425,0.771258,0.754871,0.816696]
01-19 18:48:38.631  2596  4119 D libsensor-boledalgo: brightness:214,R:1.0,G:13296.8,B:12588.6,EVENT C:14062.0,R:5185.0,G:5232.0,B:1013.0, lux: 9.0, clone:11044
01-19 18:48:38.645 10301 11710 D JavaheapMonitor: Java heap used=23M max=256M, proc: com.miui.securitycenter.remote
01-19 18:48:38.645 10301 11710 V JavaheapMonitor: Check java heap usage finished! Next check delay: 300000
01-19 18:48:38.770  5321  5321 D ControlCenterHeaderExpandController: onExpansionChanged: progress =  0.0
01-19 18:48:38.771  5321  5321 D ControlCenterHeaderExpandController: onExpansionChanged: progress =  0.0
01-19 18:48:38.771  5321  5321 D ControlCenterHeaderExpandController: onExpansionChanged: progress =  0.0
01-19 18:48:38.769  2033  2033 W binder:2033_5: type=1400 audit(0.0:3112591): avc:  denied  { search } for  name="mcd" dev="dm-56" ino=1126 scontext=u:r:surfaceflinger:s0 tcontext=u:object_r:mcd_data_file:s0 tclass=dir permissive=0
01-19 18:48:38.779  5321  5321 D ControlCenterHeaderExpandController: onExpansionChanged: progress =  0.0
01-19 18:48:38.773  2033  2033 W binder:2033_5: type=1400 audit(0.0:3112592): avc:  denied  { search } for  name="mcd" dev="dm-56" ino=1126 scontext=u:r:surfaceflinger:s0 tcontext=u:object_r:mcd_data_file:s0 tclass=dir permissive=0
01-19 18:48:38.773  2033  2033 W binder:2033_5: type=1400 audit(0.0:3112593): avc:  denied  { search } for  name="mcd" dev="dm-56" ino=1126 scontext=u:r:surfaceflinger:s0 tcontext=u:object_r:mcd_data_file:s0 tclass=dir permissive=0
01-19 18:48:38.783  2033  2033 D MI-SF   : isTpIdleScene ,mAverageFrameRate is 0, 0 
01-19 18:48:38.783  2033  2033 D MI-SF   : modeGroup0 mIsSupportAutomodeForMaxFpsSetting is 0(0), getCurrentBrightness() = 201(388), mIsKeepAutoMode 0 isAutoModeAllowed() 1
01-19 18:48:38.783  2033  2033 D RefreshRateSelector: fixedMode_group: 0, isFindModeGroup 0
01-19 18:48:38.783  2033  2033 D RefreshRateSelector: find max refresh rate:120, mode Group:0
01-19 18:48:38.781  2033  2033 W binder:2033_5: type=1400 audit(0.0:3112594): avc:  denied  { search } for  name="mcd" dev="dm-56" ino=1126 scontext=u:r:surfaceflinger:s0 tcontext=u:object_r:mcd_data_file:s0 tclass=dir permissive=0
01-19 18:48:38.786  5321  5321 D ControlCenterHeaderExpandController: onExpansionChanged: progress =  0.0
01-19 18:48:38.786  1828  3093 I vendor.qti.hardware.display.composer-service: Sensor: notify citsensorservice to trigger cwb, misForced = 0
01-19 18:48:38.787  1828  3097 I SDM     : CWB config passed by cwb_client : tappoint 1  CWB_ROI : (736.000000 70.000000 977.000000 311.000000) for display-0
01-19 18:48:38.806  1692  1692 I zygote  : Delayed USAP Pool refill. New USAPs: 1
01-19 18:48:38.808  1828  4133 I SDM     : NotifyCWBStatus: Notify the client about buffer (0x30844fb0) status 0 for display-0.
01-19 18:48:38.809  1828  4133 I SDM     : SDMConcurrentWriteBack::ProcessCWBStatus: CWB queue is empty. Display: 0
01-19 18:48:38.831  1692  1692 D Zygote  : Forked child process 17014
01-19 18:48:38.862  1828  2639 I SDM     : DisplayBase::CommitThread: Received Idle Timeout, panel: cmd, timeout: 70000 us
01-19 18:48:38.882 21492 21690 D JavaheapMonitor: Java heap used=5M max=256M, proc: com.android.bluetooth
01-19 18:48:38.882 21492 21690 V JavaheapMonitor: Check java heap usage finished! Next check delay: 300000
01-19 18:48:38.904  3278  4439 I SmartPower: com.mobiletools.systemhelper/10100(13845): background->idle(3075ms) R(broadcast end Intent { flg=0x10 xflg=0x4 cmp=com.mobiletools.systemhelper/.control.GetSignalInfoReceiver }) adj=905.
01-19 18:48:39.032  2596  4119 I libsensor-boledalgo: Write:the value of channelCali C:11144.2,R:3967.1,G:4085.6,B:730.7,scales [0.768425,0.771258,0.754871,0.816696]
01-19 18:48:39.032  2596  4119 D libsensor-boledalgo: brightness:214,R:1.0,G:13296.8,B:12588.6,EVENT C:14056.0,R:5187.0,G:5231.0,B:1018.0, lux: 8.9, clone:11044
01-19 18:48:39.186  3278  4130 D MiuiNetworkPolicy: updateLimit mLimitEnabled=false,enabled=true,mNetworkPriorityMode=1,mThermalForceMode=0
01-19 18:48:39.190  3278  4130 I MiuiNetworkPolicy: getEnableLimitTimeout when thermal mode is:0
01-19 18:48:39.289  3278  3462 I MiInputDispatcher: set display0 dim state 1
01-19 18:48:39.291  5321  5818 D JavaheapMonitor: Java heap used=57M max=256M, proc: com.android.systemui
01-19 18:48:39.292  5321  5818 V JavaheapMonitor: Check java heap usage finished! Next check delay: 180000
01-19 18:48:39.293  3278  3462 I SceneDetector: mNeedCheckAonFlare:false, mNeedCheckProximitySensor:false
01-19 18:48:39.294  3278  3462 D DisplayPowerControllerImpl: updateBrightnessChangeStatus: animating: true, displayState: 2, slowChange: false, appliedDimming: false, currentBrightness: 0.012202227, currentSdrBrightness: 0.012202227, targetBrightness: 8.54597E-4, targetSdrBrightness: 8.54597E-4, previousDisplayPolicy: 3, currentDisplayPolicy: 2
01-19 18:48:39.294  3278  3462 D RampRateController[0]: updateBrightnessRate: screenBrightnessFloat: brightness rate changing from [auto_brightness_rate] to [dim_rate], rate: 0.027035495
01-19 18:48:39.294  3278  3462 D RampRateController[0]: updateBrightnessRate: sdrScreenBrightnessFloat: brightness rate changing from [auto_brightness_rate] to [dim_rate], rate: 0.027035495
01-19 18:48:39.296  3278  3462 D BrightnessDataProcessor: actualBrightness: 8.54597E-4originalBrightness: 8.54597E-4
01-19 18:48:39.296  3278  3462 I DisplayPowerController[0]: Brightness [8.54597E-4] reason changing to: 'automatic [ dim ]', previous reason: 'automatic'.
01-19 18:48:39.296  3278  3462 I DisplayPowerController[0]: BrightnessEvent: brt=8.54597E-4 (14.0%), nits= 2.0, lux=5.6616235, reason=automatic [ dim ], strat=InvalidBrightnessStrategy, state=ON, stateReason=KEY, policy=DIM, flags=, initBrt=0.012202227, rcmdBrt=0.012202227, preBrt=0.030492384, preLux=26.185528, wasShortTermModelActive=true, autoBrightness=true (default), unclampedBrt=0.012202227, hbmMax=0.12587112, hbmMode=off, thrmMax=1.0, rbcStrength=50, powerFactor=1.0, physDisp=内置屏幕(local:4630946338122044307), logicalId=0, slowChange=false, rampSpeed=0.3010011
01-19 18:48:39.307  1828  3097 D SDM     : DisplayBuiltIn::SetPanelBrightness: Setting brightness to level 198 (1.201162 percent)
01-19 18:48:39.308  2033  4624 D MI-SF   : callback LOCKFPS value 1
01-19 18:48:39.308  1857  2445 D DisplayFeatureHal: getParam Node Expert, case Enable, value 0
01-19 18:48:39.308  2033  4624 D MI-SF   : isIdleTimerSkip is 1,mSetIdleForceFlag = 0
01-19 18:48:39.315  1828  3090 I SDM     : HWPeripheralDRM::SetPanelFeature: Set Panel feature property 20
01-19 18:48:39.315  1828  3090 I SDM     : HWPeripheralDRM::SetPanelFeature: Set Panel feature property 7
01-19 18:48:39.315  1828  3097 D SDM     : DisplayBuiltIn::SetPanelBrightness: Setting brightness to level 194 (1.178978 percent)
01-19 18:48:39.315  1857  2445 D DisplayFeatureHal: getParam Node Expert, case Enable, value 0
01-19 18:48:39.320  1828  3090 I SDM     : HWPeripheralDRM::SetPanelFeature: Set Panel feature property 20
01-19 18:48:39.320  1828  3090 W SDM     : DRMPanelFeatureMgr::CachePanelFeature: Property is set twice obj_id 205, prop_id 21
01-19 18:48:39.320  1828  3090 I SDM     : HWPeripheralDRM::SetPanelFeature: Set Panel feature property 7
01-19 18:48:39.320  1828  3090 W SDM     : DRMPanelFeatureMgr::CachePanelFeature: Property is set twice obj_id 205, prop_id 8
01-19 18:48:39.324  1828  3097 D SDM     : DisplayBuiltIn::SetPanelBrightness: Setting brightness to level 191 (1.157203 percent)
01-19 18:48:39.325  1857  2445 D DisplayFeatureHal: getParam Node Expert, case Enable, value 0
01-19 18:48:39.325  1828  2639 I SDM     : HWDeviceDRM::SetupConcurrentWriteback: Tear down the Concurrent Writeback topology
01-19 18:48:39.326  1828  2639 I SDM     : DRMPanelFeatureMgr::ApplyDirtyFeature: Commited panel feature [enabled]: 21-266
01-19 18:48:39.326  1828  2639 I SDM     : DRMPanelFeatureMgr::ApplyDirtyFeature: Commited panel feature [enabled]: 8-265
01-19 18:48:39.326  1828  3093 I vendor.qti.hardware.display.composer-service: Sensor: notify citsensorservice to trigger cwb, misForced = 0
01-19 18:48:39.329  1828  3097 I SDM     : CWB config passed by cwb_client : tappoint 1  CWB_ROI : (736.000000 70.000000 977.000000 311.000000) for display-0
01-19 18:48:39.330  1828  3090 I SDM     : HWPeripheralDRM::SetPanelFeature: Set Panel feature property 20
01-19 18:48:39.330  1828  3090 I SDM     : HWPeripheralDRM::SetPanelFeature: Set Panel feature property 7
01-19 18:48:39.332  1828  3097 D SDM     : DisplayBuiltIn::SetPanelBrightness: Setting brightness to level 187 (1.135831 percent)
01-19 18:48:39.332  1857  2445 D DisplayFeatureHal: getParam Node Expert, case Enable, value 0
01-19 18:48:39.333  1828  2639 I SDM     : DRMPanelFeatureMgr::ApplyDirtyFeature: Commited panel feature [enabled]: 21-266
01-19 18:48:39.333  1828  2639 I SDM     : DRMPanelFeatureMgr::ApplyDirtyFeature: Commited panel feature [enabled]: 8-265
01-19 18:48:39.337  1828  3090 I SDM     : HWPeripheralDRM::SetPanelFeature: Set Panel feature property 20
01-19 18:48:39.337  1828  3090 I SDM     : HWPeripheralDRM::SetPanelFeature: Set Panel feature property 7
01-19 18:48:39.340  1828  3097 D SDM     : DisplayBuiltIn::SetPanelBrightness: Setting brightness to level 184 (1.114854 percent)
01-19 18:48:39.340  1857  2445 D DisplayFeatureHal: getParam Node Expert, case Enable, value 0
01-19 18:48:39.341  1828  2639 I SDM     : DRMPanelFeatureMgr::ApplyDirtyFeature: Commited panel feature [enabled]: 21-266
01-19 18:48:39.341  1828  2639 I SDM     : DRMPanelFeatureMgr::ApplyDirtyFeature: Commited panel feature [enabled]: 8-265
01-19 18:48:39.347  1828  3090 I SDM     : HWPeripheralDRM::SetPanelFeature: Set Panel feature property 20
01-19 18:48:39.347  1828  3090 I SDM     : HWPeripheralDRM::SetPanelFeature: Set Panel feature property 7
01-19 18:48:39.349  1828  3097 D SDM     : DisplayBuiltIn::SetPanelBrightness: Setting brightness to level 180 (1.094263 percent)
01-19 18:48:39.349  1857  2445 D DisplayFeatureHal: getParam Node Expert, case Enable, value 0
01-19 18:48:39.349  1828  2639 I SDM     : HWDeviceDRM::SetupConcurrentWriteback: Tear down the Concurrent Writeback topology
01-19 18:48:39.349  1828  2639 I SDM     : DRMPanelFeatureMgr::ApplyDirtyFeature: Commited panel feature [enabled]: 21-266
01-19 18:48:39.349  1828  2639 I SDM     : DRMPanelFeatureMgr::ApplyDirtyFeature: Commited panel feature [enabled]: 8-265
01-19 18:48:39.353  1828  3090 I SDM     : HWPeripheralDRM::SetPanelFeature: Set Panel feature property 20
01-19 18:48:39.353  1828  3090 I SDM     : HWPeripheralDRM::SetPanelFeature: Set Panel feature property 7
01-19 18:48:39.357  1828  3097 D SDM     : DisplayBuiltIn::SetPanelBrightness: Setting brightness to level 177 (1.074089 percent)
01-19 18:48:39.357  1857  2445 D DisplayFeatureHal: getParam Node Expert, case Enable, value 0
01-19 18:48:39.358  1828  2639 I SDM     : DRMPanelFeatureMgr::ApplyDirtyFeature: Commited panel feature [enabled]: 21-266
01-19 18:48:39.358  1828  2639 I SDM     : DRMPanelFeatureMgr::ApplyDirtyFeature: Commited panel feature [enabled]: 8-265
01-19 18:48:39.358  1828  4133 I SDM     : NotifyCWBStatus: Notify the client about buffer (0x30845480) status 0 for display-0.
01-19 18:48:39.359  1828  4133 I SDM     : SDMConcurrentWriteBack::ProcessCWBStatus: CWB queue is empty. Display: 0
01-19 18:48:39.363  1828  3090 I SDM     : HWPeripheralDRM::SetPanelFeature: Set Panel feature property 20
01-19 18:48:39.363  1828  3090 I SDM     : HWPeripheralDRM::SetPanelFeature: Set Panel feature property 7
01-19 18:48:39.365  1828  3097 D SDM     : DisplayBuiltIn::SetPanelBrightness: Setting brightness to level 174 (1.054254 percent)
01-19 18:48:39.365  1857  2445 D DisplayFeatureHal: getParam Node Expert, case Enable, value 0
01-19 18:48:39.366  1828  2639 I SDM     : DRMPanelFeatureMgr::ApplyDirtyFeature: Commited panel feature [enabled]: 21-266
01-19 18:48:39.366  1828  2639 I SDM     : DRMPanelFeatureMgr::ApplyDirtyFeature: Commited panel feature [enabled]: 8-265
01-19 18:48:39.372  1828  3090 I SDM     : HWPeripheralDRM::SetPanelFeature: Set Panel feature property 20
01-19 18:48:39.372  1828  3090 I SDM     : HWPeripheralDRM::SetPanelFeature: Set Panel feature property 7
01-19 18:48:39.374  1828  3097 D SDM     : DisplayBuiltIn::SetPanelBrightness: Setting brightness to level 171 (1.034770 percent)
01-19 18:48:39.374  1857  2445 D DisplayFeatureHal: getParam Node Expert, case Enable, value 0
01-19 18:48:39.374  1828  2639 I SDM     : DRMPanelFeatureMgr::ApplyDirtyFeature: Commited panel feature [enabled]: 21-266
01-19 18:48:39.374  1828  2639 I SDM     : DRMPanelFeatureMgr::ApplyDirtyFeature: Commited panel feature [enabled]: 8-265
01-19 18:48:39.379  1828  3090 I SDM     : HWPeripheralDRM::SetPanelFeature: Set Panel feature property 20
01-19 18:48:39.379  1828  3090 I SDM     : HWPeripheralDRM::SetPanelFeature: Set Panel feature property 7
01-19 18:48:39.382  1828  3097 D SDM     : DisplayBuiltIn::SetPanelBrightness: Setting brightness to level 167 (1.015672 percent)
01-19 18:48:39.383  1857  2445 D DisplayFeatureHal: getParam Node Expert, case Enable, value 0
01-19 18:48:39.384  1828  2639 I SDM     : DRMPanelFeatureMgr::ApplyDirtyFeature: Commited panel feature [enabled]: 21-266
01-19 18:48:39.384  1828  2639 I SDM     : DRMPanelFeatureMgr::ApplyDirtyFeature: Commited panel feature [enabled]: 8-265
01-19 18:48:39.389  1828  3090 I SDM     : HWPeripheralDRM::SetPanelFeature: Set Panel feature property 20
01-19 18:48:39.389  1828  3090 I SDM     : HWPeripheralDRM::SetPanelFeature: Set Panel feature property 7
01-19 18:48:39.390  1828  3097 D SDM     : DisplayBuiltIn::SetPanelBrightness: Setting brightness to level 164 (0.996899 percent)
01-19 18:48:39.391  1857  2445 D DisplayFeatureHal: getParam Node Expert, case Enable, value 0
01-19 18:48:39.392  1828  2639 I SDM     : DRMPanelFeatureMgr::ApplyDirtyFeature: Commited panel feature [enabled]: 21-266
01-19 18:48:39.392  1828  2639 I SDM     : DRMPanelFeatureMgr::ApplyDirtyFeature: Commited panel feature [enabled]: 8-265
01-19 18:48:39.397  1828  3090 I SDM     : HWPeripheralDRM::SetPanelFeature: Set Panel feature property 20
01-19 18:48:39.397  1828  3090 I SDM     : HWPeripheralDRM::SetPanelFeature: Set Panel feature property 7
01-19 18:48:39.399  1828  3097 D SDM     : DisplayBuiltIn::SetPanelBrightness: Setting brightness to level 161 (0.978491 percent)
01-19 18:48:39.399  1857  2445 D DisplayFeatureHal: getParam Node Expert, case Enable, value 0
01-19 18:48:39.399  1828  2639 I SDM     : DRMPanelFeatureMgr::ApplyDirtyFeature: Commited panel feature [enabled]: 21-266
01-19 18:48:39.399  1828  2639 I SDM     : DRMPanelFeatureMgr::ApplyDirtyFeature: Commited panel feature [enabled]: 8-265
01-19 18:48:39.407  1828  3097 D SDM     : DisplayBuiltIn::SetPanelBrightness: Setting brightness to level 158 (0.960420 percent)
01-19 18:48:39.409  1857  2445 D DisplayFeatureHal: getParam Node Expert, case Enable, value 0
01-19 18:48:39.416  1828  3097 D SDM     : DisplayBuiltIn::SetPanelBrightness: Setting brightness to level 155 (0.942682 percent)
01-19 18:48:39.416  1828  3090 I SDM     : HWPeripheralDRM::SetPanelFeature: Set Panel feature property 20
01-19 18:48:39.416  1828  3090 I SDM     : HWPeripheralDRM::SetPanelFeature: Set Panel feature property 7
01-19 18:48:39.417  1857  2445 D DisplayFeatureHal: getParam Node Expert, case Enable, value 0
01-19 18:48:39.422  1828  3090 I SDM     : HWPeripheralDRM::SetPanelFeature: Set Panel feature property 20
01-19 18:48:39.422  1828  3090 W SDM     : DRMPanelFeatureMgr::CachePanelFeature: Property is set twice obj_id 205, prop_id 21
01-19 18:48:39.422  1828  3090 I SDM     : HWPeripheralDRM::SetPanelFeature: Set Panel feature property 7
01-19 18:48:39.422  1828  3090 W SDM     : DRMPanelFeatureMgr::CachePanelFeature: Property is set twice obj_id 205, prop_id 8
01-19 18:48:39.423  1828  3097 D SDM     : DisplayBuiltIn::SetPanelBrightness: Setting brightness to level 153 (0.925272 percent)
01-19 18:48:39.424  1857  2445 D DisplayFeatureHal: getParam Node Expert, case Enable, value 0
01-19 18:48:39.426  1828  3090 I SDM     : HWPeripheralDRM::SetPanelFeature: Set Panel feature property 20
01-19 18:48:39.426  1828  3090 W SDM     : DRMPanelFeatureMgr::CachePanelFeature: Property is set twice obj_id 205, prop_id 21
01-19 18:48:39.426  1828  3090 I SDM     : HWPeripheralDRM::SetPanelFeature: Set Panel feature property 7
01-19 18:48:39.426  1828  3090 W SDM     : DRMPanelFeatureMgr::CachePanelFeature: Property is set twice obj_id 205, prop_id 8
01-19 18:48:39.427  1828  2639 I SDM     : DRMPanelFeatureMgr::ApplyDirtyFeature: Commited panel feature [enabled]: 21-266
01-19 18:48:39.427  1828  2639 I SDM     : DRMPanelFeatureMgr::ApplyDirtyFeature: Commited panel feature [enabled]: 8-265
01-19 18:48:39.430  1828  3090 I SDM     : HWPeripheralDRM::SetPanelFeature: Set Panel feature property 20
01-19 18:48:39.430  1828  3090 I SDM     : HWPeripheralDRM::SetPanelFeature: Set Panel feature property 7
01-19 18:48:39.431  2596  4119 I libsensor-boledalgo: Write:the value of channelCali C:9870.3,R:3443.3,G:3571.9,B:643.9,scales [0.768425,0.771258,0.754871,0.816696]
01-19 18:48:39.431  2596  4119 D libsensor-boledalgo: brightness:184,R:1.0,G:13148.0,B:12448.6,EVENT C:12454.0,R:4592.0,G:4657.0,B:899.0, lux: 8.5, clone:10923
01-19 18:48:39.432  1828  3097 D SDM     : DisplayBuiltIn::SetPanelBrightness: Setting brightness to level 150 (0.908184 percent)
01-19 18:48:39.432  1857  2445 D DisplayFeatureHal: getParam Node Expert, case Enable, value 0
01-19 18:48:39.432  1828  2639 I SDM     : DRMPanelFeatureMgr::ApplyDirtyFeature: Commited panel feature [enabled]: 21-266
01-19 18:48:39.432  1828  2639 I SDM     : DRMPanelFeatureMgr::ApplyDirtyFeature: Commited panel feature [enabled]: 8-265
01-19 18:48:39.436  1828  3090 I SDM     : HWPeripheralDRM::SetPanelFeature: Set Panel feature property 20
01-19 18:48:39.437  1828  3090 I SDM     : HWPeripheralDRM::SetPanelFeature: Set Panel feature property 7
01-19 18:48:39.440  1828  3097 D SDM     : DisplayBuiltIn::SetPanelBrightness: Setting brightness to level 147 (0.891420 percent)
01-19 18:48:39.440  1857  2445 D DisplayFeatureHal: getParam Node Expert, case Enable, value 0
01-19 18:48:39.441  1828  2639 I SDM     : DRMPanelFeatureMgr::ApplyDirtyFeature: Commited panel feature [enabled]: 21-266
01-19 18:48:39.441  1828  2639 I SDM     : DRMPanelFeatureMgr::ApplyDirtyFeature: Commited panel feature [enabled]: 8-265
01-19 18:48:39.447  1828  3090 I SDM     : HWPeripheralDRM::SetPanelFeature: Set Panel feature property 20
01-19 18:48:39.447  1828  3090 I SDM     : HWPeripheralDRM::SetPanelFeature: Set Panel feature property 7
01-19 18:48:39.449  1828  3097 D SDM     : DisplayBuiltIn::SetPanelBrightness: Setting brightness to level 144 (0.874957 percent)
01-19 18:48:39.449  1857  2445 D DisplayFeatureHal: getParam Node Expert, case Enable, value 0
01-19 18:48:39.450  1828  2639 I SDM     : DRMPanelFeatureMgr::ApplyDirtyFeature: Commited panel feature [enabled]: 21-266
01-19 18:48:39.450  1828  2639 I SDM     : DRMPanelFeatureMgr::ApplyDirtyFeature: Commited panel feature [enabled]: 8-265
01-19 18:48:39.455  1828  3090 I SDM     : HWPeripheralDRM::SetPanelFeature: Set Panel feature property 20
01-19 18:48:39.455  1828  3090 I SDM     : HWPeripheralDRM::SetPanelFeature: Set Panel feature property 7
01-19 18:48:39.457  1828  3097 D SDM     : DisplayBuiltIn::SetPanelBrightness: Setting brightness to level 142 (0.858793 percent)
01-19 18:48:39.457  1857  2445 D DisplayFeatureHal: getParam Node Expert, case Enable, value 0
01-19 18:48:39.458  1828  2639 I SDM     : DRMPanelFeatureMgr::ApplyDirtyFeature: Commited panel feature [enabled]: 21-266
01-19 18:48:39.458  1828  2639 I SDM     : DRMPanelFeatureMgr::ApplyDirtyFeature: Commited panel feature [enabled]: 8-265
01-19 18:48:39.463  1828  3090 I SDM     : HWPeripheralDRM::SetPanelFeature: Set Panel feature property 20
01-19 18:48:39.463  1828  3090 I SDM     : HWPeripheralDRM::SetPanelFeature: Set Panel feature property 7
01-19 18:48:39.465  1828  3097 D SDM     : DisplayBuiltIn::SetPanelBrightness: Setting brightness to level 139 (0.842928 percent)
01-19 18:48:39.466  1857  2445 D DisplayFeatureHal: getParam Node Expert, case Enable, value 0
01-19 18:48:39.466  1828  2639 I SDM     : DRMPanelFeatureMgr::ApplyDirtyFeature: Commited panel feature [enabled]: 21-266
01-19 18:48:39.467  1828  2639 I SDM     : DRMPanelFeatureMgr::ApplyDirtyFeature: Commited panel feature [enabled]: 8-265
01-19 18:48:39.472  1828  3090 I SDM     : HWPeripheralDRM::SetPanelFeature: Set Panel feature property 20
01-19 18:48:39.472  1828  3090 I SDM     : HWPeripheralDRM::SetPanelFeature: Set Panel feature property 7
01-19 18:48:39.474  1828  3097 D SDM     : DisplayBuiltIn::SetPanelBrightness: Setting brightness to level 137 (0.827355 percent)
01-19 18:48:39.474  1857  2445 D DisplayFeatureHal: getParam Node Expert, case Enable, value 0
01-19 18:48:39.475  1828  2639 I SDM     : DRMPanelFeatureMgr::ApplyDirtyFeature: Commited panel feature [enabled]: 21-266
01-19 18:48:39.475  1828  2639 I SDM     : DRMPanelFeatureMgr::ApplyDirtyFeature: Commited panel feature [enabled]: 8-265
01-19 18:48:39.480  1828  3090 I SDM     : HWPeripheralDRM::SetPanelFeature: Set Panel feature property 20
01-19 18:48:39.480  1828  3090 I SDM     : HWPeripheralDRM::SetPanelFeature: Set Panel feature property 7
01-19 18:48:39.482  1828  3097 D SDM     : DisplayBuiltIn::SetPanelBrightness: Setting brightness to level 134 (0.812087 percent)
01-19 18:48:39.482  1857  2445 D DisplayFeatureHal: getParam Node Expert, case Enable, value 0
01-19 18:48:39.483  1828  2639 I SDM     : DRMPanelFeatureMgr::ApplyDirtyFeature: Commited panel feature [enabled]: 21-266
01-19 18:48:39.483  1828  2639 I SDM     : DRMPanelFeatureMgr::ApplyDirtyFeature: Commited panel feature [enabled]: 8-265
01-19 18:48:39.487  1828  3090 I SDM     : HWPeripheralDRM::SetPanelFeature: Set Panel feature property 20
01-19 18:48:39.487  1828  3090 I SDM     : HWPeripheralDRM::SetPanelFeature: Set Panel feature property 7
01-19 18:48:39.490  1828  3097 D SDM     : DisplayBuiltIn::SetPanelBrightness: Setting brightness to level 132 (0.797089 percent)
01-19 18:48:39.490  1857  2445 D DisplayFeatureHal: getParam Node Expert, case Enable, value 0
01-19 18:48:39.491  1828  2639 I SDM     : DRMPanelFeatureMgr::ApplyDirtyFeature: Commited panel feature [enabled]: 21-266
01-19 18:48:39.491  1828  2639 I SDM     : DRMPanelFeatureMgr::ApplyDirtyFeature: Commited panel feature [enabled]: 8-265
01-19 18:48:39.496  1828  3090 I SDM     : HWPeripheralDRM::SetPanelFeature: Set Panel feature property 20
01-19 18:48:39.496  1828  3090 I SDM     : HWPeripheralDRM::SetPanelFeature: Set Panel feature property 7
01-19 18:48:39.499  1828  3097 D SDM     : DisplayBuiltIn::SetPanelBrightness: Setting brightness to level 129 (0.782368 percent)
01-19 18:48:39.499  1857  2445 D DisplayFeatureHal: getParam Node Expert, case Enable, value 0
01-19 18:48:39.500  1828  2639 I SDM     : DRMPanelFeatureMgr::ApplyDirtyFeature: Commited panel feature [enabled]: 21-266
01-19 18:48:39.500  1828  2639 I SDM     : DRMPanelFeatureMgr::ApplyDirtyFeature: Commited panel feature [enabled]: 8-265
01-19 18:48:39.506  1828  3090 I SDM     : HWPeripheralDRM::SetPanelFeature: Set Panel feature property 20
01-19 18:48:39.506  1828  3090 I SDM     : HWPeripheralDRM::SetPanelFeature: Set Panel feature property 7
01-19 18:48:39.507  1828  3097 D SDM     : DisplayBuiltIn::SetPanelBrightness: Setting brightness to level 127 (0.767918 percent)
01-19 18:48:39.507  1857  2445 D DisplayFeatureHal: getParam Node Expert, case Enable, value 0
01-19 18:48:39.508  1828  2639 I SDM     : DRMPanelFeatureMgr::ApplyDirtyFeature: Commited panel feature [enabled]: 21-266
01-19 18:48:39.508  1828  2639 I SDM     : DRMPanelFeatureMgr::ApplyDirtyFeature: Commited panel feature [enabled]: 8-265
01-19 18:48:39.513  1828  3090 I SDM     : HWPeripheralDRM::SetPanelFeature: Set Panel feature property 20
01-19 18:48:39.513  1828  3090 I SDM     : HWPeripheralDRM::SetPanelFeature: Set Panel feature property 7
01-19 18:48:39.515  1828  3097 D SDM     : DisplayBuiltIn::SetPanelBrightness: Setting brightness to level 124 (0.753735 percent)
01-19 18:48:39.516  1857  2445 D DisplayFeatureHal: getParam Node Expert, case Enable, value 0
01-19 18:48:39.516  1828  2639 I SDM     : DRMPanelFeatureMgr::ApplyDirtyFeature: Commited panel feature [enabled]: 21-266
01-19 18:48:39.516  1828  2639 I SDM     : DRMPanelFeatureMgr::ApplyDirtyFeature: Commited panel feature [enabled]: 8-265
01-19 18:48:39.521  1828  3090 I SDM     : HWPeripheralDRM::SetPanelFeature: Set Panel feature property 20
01-19 18:48:39.521  1828  3090 I SDM     : HWPeripheralDRM::SetPanelFeature: Set Panel feature property 7
01-19 18:48:39.524  1828  3097 D SDM     : DisplayBuiltIn::SetPanelBrightness: Setting brightness to level 122 (0.739814 percent)
01-19 18:48:39.524  1828  2639 I SDM     : DRMPanelFeatureMgr::ApplyDirtyFeature: Commited panel feature [enabled]: 21-266
01-19 18:48:39.525  1857  2445 D DisplayFeatureHal: getParam Node Expert, case Enable, value 0
01-19 18:48:39.525  1828  2639 I SDM     : DRMPanelFeatureMgr::ApplyDirtyFeature: Commited panel feature [enabled]: 8-265
01-19 18:48:39.530  1828  3090 I SDM     : HWPeripheralDRM::SetPanelFeature: Set Panel feature property 20
01-19 18:48:39.530  1828  3090 I SDM     : HWPeripheralDRM::SetPanelFeature: Set Panel feature property 7
01-19 18:48:39.532  1828  3097 D SDM     : DisplayBuiltIn::SetPanelBrightness: Setting brightness to level 120 (0.726145 percent)
01-19 18:48:39.533  1857  2445 D DisplayFeatureHal: getParam Node Expert, case Enable, value 0
01-19 18:48:39.533  1828  3093 I vendor.qti.hardware.display.composer-service: Sensor: notify citsensorservice to trigger cwb, misForced = 0
01-19 18:48:39.533  1828  2639 I SDM     : DRMPanelFeatureMgr::ApplyDirtyFeature: Commited panel feature [enabled]: 21-266
01-19 18:48:39.533  1828  2639 I SDM     : DRMPanelFeatureMgr::ApplyDirtyFeature: Commited panel feature [enabled]: 8-265
01-19 18:48:39.534  1828  3097 I SDM     : CWB config passed by cwb_client : tappoint 1  CWB_ROI : (736.000000 70.000000 977.000000 311.000000) for display-0
01-19 18:48:39.538  1828  3090 I SDM     : HWPeripheralDRM::SetPanelFeature: Set Panel feature property 20
01-19 18:48:39.538  1828  3090 I SDM     : HWPeripheralDRM::SetPanelFeature: Set Panel feature property 7
01-19 18:48:39.540  1828  3097 D SDM     : DisplayBuiltIn::SetPanelBrightness: Setting brightness to level 118 (0.712734 percent)
01-19 18:48:39.540  1857  2445 D DisplayFeatureHal: getParam Node Expert, case Enable, value 0
01-19 18:48:39.541  1828  2639 I SDM     : DRMPanelFeatureMgr::ApplyDirtyFeature: Commited panel feature [enabled]: 21-266
01-19 18:48:39.541  1828  2639 I SDM     : DRMPanelFeatureMgr::ApplyDirtyFeature: Commited panel feature [enabled]: 8-265
01-19 18:48:39.546  1828  3090 I SDM     : HWPeripheralDRM::SetPanelFeature: Set Panel feature property 20
01-19 18:48:39.546  1828  3090 I SDM     : HWPeripheralDRM::SetPanelFeature: Set Panel feature property 7
01-19 18:48:39.549  1828  3097 D SDM     : DisplayBuiltIn::SetPanelBrightness: Setting brightness to level 116 (0.699570 percent)
01-19 18:48:39.549  1857  2445 D DisplayFeatureHal: getParam Node Expert, case Enable, value 0
01-19 18:48:39.549  1828  2639 I SDM     : HWDeviceDRM::SetupConcurrentWriteback: Tear down the Concurrent Writeback topology
01-19 18:48:39.549  1828  2639 I SDM     : DRMPanelFeatureMgr::ApplyDirtyFeature: Commited panel feature [enabled]: 21-266
01-19 18:48:39.549  1828  2639 I SDM     : DRMPanelFeatureMgr::ApplyDirtyFeature: Commited panel feature [enabled]: 8-265
01-19 18:48:39.554  1828  3090 I SDM     : HWPeripheralDRM::SetPanelFeature: Set Panel feature property 20
01-19 18:48:39.554  1828  3090 I SDM     : HWPeripheralDRM::SetPanelFeature: Set Panel feature property 7
01-19 18:48:39.557  1828  3097 D SDM     : DisplayBuiltIn::SetPanelBrightness: Setting brightness to level 113 (0.686649 percent)
