01-19 18:48:56.691  4686  4686 D LauncherClient: already connected
01-19 18:48:56.691  4686  5632 D com.miui.home: backgroundBlur makeBackgroundImage (ShortcutMenuLayer-6-0xb400007838efed10), blurRadius(183), blurType(-1), blurScaleRatio(0.000000)
01-19 18:48:56.691  3278  3451 I libc    : kill: send 9 to pid 14826
01-19 18:48:56.691  3278  3451 I libc    : debug pid reuse, real pid 14826
01-19 18:48:56.691 29090  5445 D ExecutorUtils: Task[RALH-notifyTaskStackChanged,257517920] running ON mirror-thread-4
01-19 18:48:56.692  4686  5632 D com.miui.home: backgroundBlur makeBackgroundImage (BlurView-6-0xb400007838f44d30), blurRadius(58), blurType(-1), blurScaleRatio(0.000000)
01-19 18:48:56.692 29090  5445 D RelayAppLocalHelper: both hide, no need notify devices. check com.soundtherapyapp
01-19 18:48:56.692  3278  3421 I libc    : kill: send 9 to pid -14826
01-19 18:48:56.692  3278  3421 I libc    : debug pid reuse, real pid -14826
01-19 18:48:56.692  3278  3421 I libc    : kill: send 9 to pid -14826
01-19 18:48:56.692  3278  3421 I libc    : debug pid reuse, real pid -14826
01-19 18:48:56.693  5321  5801 D VRI[soundtherapyapp]: vri.reportDrawFinished 0 0 Rect(0, 0 - 1440, 3200)
01-19 18:48:56.693  4686  6972 E ActivityManagerWrapper: getRecentTasksForceIncludingTaskIdIfValid: getRecentTasks: size=1
01-19 18:48:56.693  4686  6972 E ActivityManagerWrapper:  mainTaskId=1995   userId=0   windowMode=1   isExcludedFromRecents=false   baseIntent=Intent { act=null flag=268435456 cmp=ComponentInfo{com.soundtherapyapp/com.soundtherapyapp.MainActivity} }
01-19 18:48:56.693  5321  5801 I Choreographer: first vsync insert message into MessageQueue Head
01-19 18:48:56.693  4686  6972 D RecentsTaskLoader: reloadTasksData [TaskKey{id=1995, stackId=0, baseIntent=Intent { flg=0x10000000 cmp=com.soundtherapyapp/.MainActivity }, userId=0, lastActiveTime=882185910, windowingMode=1, isThumbnailBlur=false, isAccessLocked=false, isScreening=false, topActivity=ComponentInfo{com.soundtherapyapp/com.soundtherapyapp.MainActivity}, mHashCode=60356597}, title=SoundTherapyApp, titleDescription=SoundTherapyApp, bounds=null, isLaunchTarget=false, isStackTask=true, isSystemApp=false, isDockable=true, baseActivity=ComponentInfo{com.soundtherapyapp/com.soundtherapyapp.MainActivity}, isLocked=false, mNeedHide=false, hasMultipleTasks=false, cti1Key=, cti2Key=] 
01-19 18:48:56.693  3278  5562 D WindowManager: Finishing drawing starting window: Window{aa09a2d u0 Splash Screen com.soundtherapyapp} mDrawState: DRAW_PENDING
01-19 18:48:56.693  5321  5896 D HWUI    : [HWUI] Flag vulkan_enhance_pipeline_cache enabled
01-19 18:48:56.693  5321  5896 D HWUI    : [HWUI] EnhanceVkPipelineCache is enabled
01-19 18:48:56.694  3278  3404 D BarFollowAnimation: pairAppearanceRegionAndWin win=Window{7f85f52 u0 com.miui.home/com.miui.home.launcher.Launcher} 0
01-19 18:48:56.694  3278  4246 D ExternalInterface: setUidState, uid = 10192 allow = false
01-19 18:48:56.694  4686  6972 W IconCustomizer: Density abnormal: context density=586 systemDensity=600
01-19 18:48:56.694  4686  6972 W IconCustomizer: Density abnormal: context density=586 systemDensity=600
01-19 18:48:56.694  3278  3404 D BarFollowAnimation: isAppTaskBarOnTop win:Window{7f85f52 u0 com.miui.home/com.miui.home.launcher.Launcher} (mCurrentTopTask:Task{551f15a #1995 type=standard A=10424:com.soundtherapyapp} : true); (mAssociatedTask:Task{b8d0961 #1994 type=standard A=10424:com.soundtherapyapp} : false); (mHomeTask:Task{68ecabd #1 type=home} : true); mReparentToOriginParent:false mLastAppBarVisible:false mLastHomeBarVisible:true
01-19 18:48:56.694  1819  1927 I ANDR-PWR-OPT: GAMEPOWEROPT: sendEvents() 231: Start hint for app com.miui.contentextension, hintID : 4243, hintID hex : 1093 value: 0
01-19 18:48:56.694  3278  3404 D MiuiRefreshRatePolicy: reset
01-19 18:48:56.694  3278  3404 D Transition: setReady 6235 wc=Display{#0 state=ON size=1440x3200 ROTATION_0} ready=true
01-19 18:48:56.694  3278  3404 D WindowManager: Set transition=TransitionRecord{b6c3e4e id=6235 type=OPEN flags=0x0 c=[
01-19 18:48:56.694  3278  3404 D WindowManager:    ChangeInfo{c8306a container=Task{44844cf #2 type=home I=com.miui.home/.launcher.Launcher} flags=0x0}
01-19 18:48:56.694  3278  3404 D WindowManager:    ChangeInfo{8ad6fe container=Display{#0 state=ON size=1440x3200 ROTATION_0} flags=0x0}
01-19 18:48:56.694  3278  3404 D WindowManager:    ChangeInfo{f131e5f container=Task{551f15a #1995 type=standard A=10424:com.soundtherapyapp} flags=0x0}
01-19 18:48:56.694  3278  3404 D WindowManager:    ChangeInfo{adf10ac container=ActivityRecord{107379567 u0 com.soundtherapyapp/.MainActivity t1995} flags=0x0}
01-19 18:48:56.694  3278  3404 D WindowManager:    ChangeInfo{ff9195b container=Task{68ecabd #1 type=home} flags=0x0}
01-19 18:48:56.694  3278  3404 D WindowManager:    ChangeInfo{916b175 container=DefaultTaskDisplayArea@148137897 flags=0x0}
01-19 18:48:56.694  3278  3404 D WindowManager:    ChangeInfo{a2bb5f8 container=ActivityRecord{163041850 u0 com.miui.home/.launcher.Launcher t2} flags=0x0}
01-19 18:48:56.694  3278  3404 D WindowManager:    ChangeInfo{bde3ad1 container=WallpaperWindowToken{a04a540 showWhenLocked=true} flags=0x0}
01-19 18:48:56.694  3278  3404 D WindowManager:    ChangeInfo{230e936 container=WallpaperWindowToken{ff64f09 showWhenLocked=false} flags=0x0}
01-19 18:48:56.694  3278  3404 D WindowManager: ]
01-19 18:48:56.694  3278  3404 D WindowManager: }, ready=true, SyncId=6235 info=used=true, override=false, defer=0, states=Display{#0 state=ON size=1440x3200 ROTATION_0}:true reason=com.android.server.wm.Transition.applyReady:1263 com.android.server.wm.Transition.setReady:1245 com.android.server.wm.TransitionController.setReady:1157 com.android.server.wm.TransitionController.setReady:1162 com.android.server.wm.DisplayContent.executeAppTransition:6208 com.android.server.wm.ActivityRecord.onStartingWindowDrawn:7558 com.android.server.wm.WindowState.performShowLocked:4927 com.android.server.wm.WindowStateAnimator.commitFinishDrawingLocked:320 
01-19 18:48:56.694  3278  3404 I TransitionImpl: home mode = 6
01-19 18:48:56.694  1819  1927 I ANDR-PWR-OPT: PowerAppClassifier: getAppType() 59: checking app [com.miui.contentextension] is type 0
01-19 18:48:56.694  3278  3404 I TransitionImpl: home mode = 6
01-19 18:48:56.694  1819  1927 I ANDR-PWR-OPT: GAMEPOWEROPT: isGame() 348: com.miui.contentextension is Game = 0
01-19 18:48:56.694  3278  3404 I TransitionImpl: home mode = 6
01-19 18:48:56.694  3278  3404 I TransitionImpl: home mode = 2
01-19 18:48:56.694  3278  3404 I TransitionImpl: home mode = 2
01-19 18:48:56.694  3278  3404 I TransitionImpl: home mode = 6
01-19 18:48:56.694  3278  3404 I TransitionImpl: home mode = 6
01-19 18:48:56.694  3278  3404 I TransitionImpl: home mode = 6
01-19 18:48:56.694  3278  3404 I TransitionImpl: home mode = 2
01-19 18:48:56.694  3278  3404 I TransitionImpl: home mode = 2
01-19 18:48:56.694  3278  3404 I TransitionImpl: home mode = 6
01-19 18:48:56.694  3278  3404 I TransitionImpl: home mode = 6
01-19 18:48:56.694  3278  3404 I TransitionImpl: home mode = 6
01-19 18:48:56.694  3278  3404 I TransitionImpl: home mode = 2
01-19 18:48:56.694  3278  3404 I TransitionImpl: home mode = 2
01-19 18:48:56.694  4686  4686 D Launcher.Lifecycle: onWindowFocusChanged:false,UserHandle{0},bfe571,true
01-19 18:48:56.694  3278  3404 I AnimInterruptController: FIS reset Foresee interrupt status
01-19 18:48:56.695  3278  3419 I SmartPower: com.qualcomm.qti.workloadclassifier/10231(15171): idle->background(47476ms) R(broadcast start Intent { act=com.qualcomm.qti.workloadclassifier.APP_LAUNCH flg=0x30 xflg=0x4 pkg=com.qualcomm.qti.workloadclassifier (has extras) }) adj=500.
01-19 18:48:56.695  3278  3404 D PreStartingManager: showPreStarting, colorSurfaceControl: Surface(name=PreColorStarting#135490)/@0x2947bd  preSurfaceControl: null
01-19 18:48:56.695  3278  3404 I SmartPower: com.soundtherapyapp/10424(0): died->visible(209ms) R(become visible) adj=-10000.
01-19 18:48:56.695  3278  3404 D BarFollowAnimation: onTaskInfoChanedForCaptionBar Task{551f15a #1995 type=standard A=10424:com.soundtherapyapp} shouldbeVisible:true isVisible:true isOnTop:true windowMode:1 preDisplayId:-1 displayId:0 mCaptionAssociatedTask:null mIsTouchedInCaption:false
01-19 18:48:56.695  3278  3404 I WindowManager: wms.showSurfaceRobustly mWin:Window{aa09a2d u0 Splash Screen com.soundtherapyapp} in Surface(name=Splash Screen com.soundtherapyapp#135492)/@0xdfc0ac8
01-19 18:48:56.695  3278  3404 D BarFollowAnimation: onTaskAppearedForCaptionBar Task{551f15a #1995 type=standard A=10424:com.soundtherapyapp}
01-19 18:48:56.695  3278  3404 D miuiBarFollowAnimation:  BarFollowAnimation core services Flag is effective’╝ü
01-19 18:48:56.695  3278  3404 D miuiElementAnimation:  ElementAnimation core services Flag is effective’╝ü
01-19 18:48:56.695  3278  3404 I Transition: calculateTargets isHomeOpen = false, isHomeLaunchApp = false
01-19 18:48:56.695  3278  3404 D WindowManager: Final targets: [ChangeInfo{f131e5f container=Task{551f15a #1995 type=standard A=10424:com.soundtherapyapp} flags=0x10}, ChangeInfo{ff9195b container=Task{68ecabd #1 type=home} flags=0x10}, ChangeInfo{230e936 container=WallpaperWindowToken{ff64f09 showWhenLocked=false} flags=0x0}]
01-19 18:48:56.695  3278  4246 D ExternalInterface: setUidState, uid = 10274 allow = false
01-19 18:48:56.695  3278  3451 I ActivityManager: Killing 11076:com.miui.screenshot/u0a166 (adj 955): app_launch
01-19 18:48:56.695  3278  3451 I ActivityManager: note: ProcessRecord{7b59e31 11076:com.miui.screenshot/u0a166} is being killed, reason: OTHER KILLS BY SYSTEM, sub-reason: UNKNOWN, message: app_launch
01-19 18:48:56.695  3278  3404 I DynamicIslandService: elementSurfaceTransition is null for:com.soundtherapyapp
01-19 18:48:56.695  9162 29534 I MiuiPerfServiceClient: begin killProcessRecord
01-19 18:48:56.695  3278  4246 D ExternalInterface: setUidState, uid = 10160 allow = false
01-19 18:48:56.695  3278  3451 I libc    : kill: send 9 to pid 11076
01-19 18:48:56.695  3278  3451 I libc    : debug pid reuse, real pid 11076
01-19 18:48:56.696  3278  3404 D WindowManager: Calling onTransitionReady info={id=6235 t=OPEN f=0x0 trk=0 r=[0@Point(0, 0)] c=[{WCT{RemoteToken{f6c7309 Task{551f15a #1995 type=standard A=10424:com.soundtherapyapp}}} m=OPEN f=NONE leash=Surface(name=Task=1995#135486)/@0x4637d05 sb=Rect(0, 0 - 1440, 3200) eb=Rect(0, 0 - 1440, 3200) epz=Point(1440, 3200) d=0 taskParent=-1 v=trueMiuiChangeImpl {miuiEmbedding:false, scale:1.0}},{WCT{RemoteToken{c439a9d Task{68ecabd #1 type=home}}} m=TO_BACK f=SHOW_WALLPAPER leash=Surface(name=Task=1#51)/@0x8622026 sb=Rect(0, 0 - 1440, 3200) eb=Rect(0, 0 - 1440, 3200) epz=Point(1440, 3200) d=0 taskParent=-1 v=falseMiuiChangeImpl {miuiEmbedding:false, scale:1.0}},{m=TO_BACK f=IS_WALLPAPER leash=Surface(name=WallpaperWindowToken{ff64f09 showWhenLocked=false}#59)/@0x1ea950e sb=Rect(0, 0 - 1440, 3200) eb=Rect(0, 0 - 1440, 3200) epz=Point(1440, 3200) d=0 v=falseMiuiChangeImpl {miuiEmbedding:false, scale:1.0}}] mk=[false] noAni=[false] df=[false] rsa=[false] oa=[false] nc=[0] ho=[false] hla=[false] iSync=[-1]}, mToken=Token{e2fe90e TransitionRecord{b6c3e4e id=6235 type=OPEN flags=0x0 c=[
01-19 18:48:56.696  3278  3404 D WindowManager:    ChangeInfo{c8306a container=Task{44844cf #2 type=home I=com.miui.home/.launcher.Launcher} flags=0x10}
01-19 18:48:56.696  3278  3404 D WindowManager:    ChangeInfo{8ad6fe container=Display{#0 state=ON size=1440x3200 ROTATION_0} flags=0x0}
01-19 18:48:56.696  3278  3404 D WindowManager:    ChangeInfo{f131e5f container=Task{551f15a #1995 type=standard A=10424:com.soundtherapyapp} flags=0x10}
01-19 18:48:56.696  3278  3404 D WindowManager:    ChangeInfo{adf10ac container=ActivityRecord{107379567 u0 com.soundtherapyapp/.MainActivity t1995} flags=0x0}
01-19 18:48:56.696  3278  3404 D WindowManager:    ChangeInfo{ff9195b container=Task{68ecabd #1 type=home} flags=0x10}
01-19 18:48:56.696  3278  3404 D WindowManager:    ChangeInfo{916b175 container=DefaultTaskDisplayArea@148137897 flags=0x0}
01-19 18:48:56.696  3278  3404 D WindowManager:    ChangeInfo{a2bb5f8 container=ActivityRecord{163041850 u0 com.miui.home/.launcher.Launcher t2} flags=0x0}
01-19 18:48:56.696  3278  3404 D WindowManager:    ChangeInfo{bde3ad1 container=WallpaperWindowToken{a04a540 showWhenLocked=true} flags=0x0}
01-19 18:48:56.696  3278  3404 D WindowManager:    ChangeInfo{230e936 container=WallpaperWindowToken{ff64f09 showWhenLocked=false} flags=0x0}
01-19 18:48:56.696  3278  3404 D WindowManager: ]
01-19 18:48:56.696  3278  3404 D WindowManager: }}
01-19 18:48:56.696  3278  4605 D BarFollowAnimation: disableBarAnimation change={WCT{RemoteToken{f6c7309 Task{551f15a #1995 type=standard A=10424:com.soundtherapyapp}}} m=OPEN f=NONE leash=Surface(name=Task=1995#135486)/@0x4637d05 sb=Rect(0, 0 - 1440, 3200) eb=Rect(0, 0 - 1440, 3200) epz=Point(1440, 3200) d=0 taskParent=-1 v=trueMiuiChangeImpl {miuiEmbedding:false, scale:1.0}} 1 1
01-19 18:48:56.696  3278  4605 D BarFollowAnimation: disableBarAnimation change={WCT{RemoteToken{c439a9d Task{68ecabd #1 type=home}}} m=TO_BACK f=SHOW_WALLPAPER leash=Surface(name=Task=1#51)/@0x8622026 sb=Rect(0, 0 - 1440, 3200) eb=Rect(0, 0 - 1440, 3200) epz=Point(1440, 3200) d=0 taskParent=-1 v=falseMiuiChangeImpl {miuiEmbedding:false, scale:1.0}} 1 1
01-19 18:48:56.696  3278  4605 D BarFollowAnimation: disableBarAnimation change={m=TO_BACK f=IS_WALLPAPER leash=Surface(name=WallpaperWindowToken{ff64f09 showWhenLocked=false}#59)/@0x1ea950e sb=Rect(0, 0 - 1440, 3200) eb=Rect(0, 0 - 1440, 3200) epz=Point(1440, 3200) d=0 v=falseMiuiChangeImpl {miuiEmbedding:false, scale:1.0}} 1 1
01-19 18:48:56.696  3278  4605 D BarFollowAnimation: startStatusBarAnimation change= {WCT{RemoteToken{f6c7309 Task{551f15a #1995 type=standard A=10424:com.soundtherapyapp}}} m=OPEN f=NONE leash=Surface(name=Task=1995#135486)/@0x4637d05 sb=Rect(0, 0 - 1440, 3200) eb=Rect(0, 0 - 1440, 3200) epz=Point(1440, 3200) d=0 taskParent=-1 v=trueMiuiChangeImpl {miuiEmbedding:false, scale:1.0}} isRecent=false startWindowMode=1 endWindowMode=1 statusState=5 isRotationAnimation=false
01-19 18:48:56.696  3278  4605 D BarFollowAnimation: startStatusBarAnimation change= {WCT{RemoteToken{c439a9d Task{68ecabd #1 type=home}}} m=TO_BACK f=SHOW_WALLPAPER leash=Surface(name=Task=1#51)/@0x8622026 sb=Rect(0, 0 - 1440, 3200) eb=Rect(0, 0 - 1440, 3200) epz=Point(1440, 3200) d=0 taskParent=-1 v=falseMiuiChangeImpl {miuiEmbedding:false, scale:1.0}} isRecent=false startWindowMode=1 endWindowMode=1 statusState=5 isRotationAnimation=false
01-19 18:48:56.696  3278  4605 D BarFollowAnimation: startStatusBarAnimation hometask=Task{68ecabd #1 type=home}
01-19 18:48:56.696  3278  4605 D BarFollowAnimation: startStatusBarAnimation mHomeSurface=Surface(name=StatusBar Container of Task = 1#53)/@0xf7e2214
01-19 18:48:56.696  3278  4605 D BarFollowAnimation: startStatusBarAnimation task=Task{551f15a #1995 type=standard A=10424:com.soundtherapyapp}
01-19 18:48:56.696  3278  4605 D BarFollowAnimation: startStatusBarAnimation mAppSurface=Surface(name=StatusBar Container of Task = 1995#135488)/@0xc9c3868
01-19 18:48:56.696  3278  4605 D BarFollowAnimation: bindAssociatedTask task=Task{551f15a #1995 type=standard A=10424:com.soundtherapyapp}
01-19 18:48:56.696  3278  4605 D BarFollowAnimation: bindAssociatedTask task=Task{551f15a #1995 type=standard A=10424:com.soundtherapyapp}
01-19 18:48:56.696  3278  3404 I TransitionImpl: home mode = 6
01-19 18:48:56.696  3278  3404 I TransitionImpl: home mode = 6
01-19 18:48:56.696  3278  3404 I TransitionImpl: home mode = 6
01-19 18:48:56.696  3278  3404 I TransitionImpl: home mode = 2
01-19 18:48:56.696  3278  3404 I TransitionImpl: home mode = 2
01-19 18:48:56.696  3278  3404 I WindowManager: wms.hideSurface mWin:Window{9d06dfe u0 com.miui.miwallpaper.wallpaperservice.MiuiKeyguardPictorialWallpaper} reason:(prepareSurfaceLocked) in Surface(name=com.miui.miwallpaper.wallpaperservice.MiuiKeyguardPictorialWallpaper#66)/@0x8cb7262
01-19 18:48:56.696  3278  3404 I TransitionImpl: home mode = 6
01-19 18:48:56.696  3278  3404 I TransitionImpl: home mode = 6
01-19 18:48:56.696  3278  3404 I TransitionImpl: home mode = 6
01-19 18:48:56.696  3278  3404 I TransitionImpl: home mode = 2
01-19 18:48:56.696  3278  3404 I TransitionImpl: home mode = 2
01-19 18:48:56.696  3278  3404 I TransitionImpl: home mode = 6
01-19 18:48:56.696  3278  3404 I TransitionImpl: home mode = 6
01-19 18:48:56.696  3278  3404 I TransitionImpl: home mode = 6
01-19 18:48:56.696  3278  3404 I TransitionImpl: home mode = 2
01-19 18:48:56.696  3278  3404 I TransitionImpl: home mode = 2
01-19 18:48:56.696  3278  3404 I TransitionImpl: home mode = 6
01-19 18:48:56.696  3278  3404 I TransitionImpl: home mode = 6
01-19 18:48:56.696  3278  3404 I TransitionImpl: home mode = 6
01-19 18:48:56.696  3278  3404 I TransitionImpl: home mode = 2
01-19 18:48:56.696  3278  3404 I TransitionImpl: home mode = 2
01-19 18:48:56.696  3278  4605 D BarFollowAnimation: startNavBarAnimation show  homeTypeCount = 1 standardTypeCount = 1 mAppSurface = Surface(name=NavigationBar Container of Task = 1995#135487)/@0x1095f8b
01-19 18:48:56.696  3278  4605 D BarFollowAnimation: startNavBarAnimation show homeSurface!
01-19 18:48:56.696  3278  4605 D BarFollowAnimation: hasHideFlags getTopFullscreenMainWindow = null
01-19 18:48:56.696  3278  4605 E BarFollowAnimation: navBarVisible throw Exception
01-19 18:48:56.696  3278  4605 D BarFollowAnimation: startNavBarAnimation  mIsFromApp = true mLastTransitionFinished = false mIsFromRecents = false isAppCrash = false isLandscapeActivity = false mHasHideAppSurface = false mIsSwitchToFreeform = false mNavBarState = 5
01-19 18:48:56.697  2033  2033 D MI-SF   : isSupportLowBrightnessFpsSwitch current_setting_fps: 120
01-19 18:48:56.697  2033  2033 D MI-SF   : isTpIdleScene ,mAverageFrameRate is 36, 0 
01-19 18:48:56.697  3278  3451 I ActivityManager: Killing 15438:com.xiaomi.phone/1001 (adj 945): app_launch
01-19 18:48:56.697  2033  2033 D MI-SF   : modeGroup0 mIsSupportAutomodeForMaxFpsSetting is 0(0), getCurrentBrightness() = 15(388), mIsKeepAutoMode 0 isAutoModeAllowed() 1
01-19 18:48:56.697  3278  3451 I ActivityManager: note: ProcessRecord{4d15072 15438:com.xiaomi.phone/1001} is being killed, reason: OTHER KILLS BY SYSTEM, sub-reason: UNKNOWN, message: app_launch
01-19 18:48:56.697  2033  2033 D RefreshRateSelector: fixedMode_group: 0, isFindModeGroup 0
01-19 18:48:56.697  2033  2033 D RefreshRateSelector: find max refresh rate:120, mode Group:0
01-19 18:48:56.697  5321  5646 I MultiTaskingTaskRepository: onTaskAppeared::taskId = 1995 mTasks: 1994, 8, 7, 6, 5, 4, 3, 1, 
01-19 18:48:56.697  5321  5646 D MultiTaskingTaskRepository: addOrMoveFullscreenTaskToTop::taskId = 1995
01-19 18:48:56.697  5321  5646 D MiuiMultiWindowUtils: supportMultiWindow: isSupportDevice = -1
01-19 18:48:56.697  5321  5646 D MiuiMultiWindowUtils: supportMultiWindow: isSupportDevice = -1
01-19 18:48:56.697  5321  5646 D MiuiMultiWindowRecommendHelper: device not support split screen recommend
01-19 18:48:56.697 14458 14458 I soundtherapyapp: Using CollectorTypeCC GC.
01-19 18:48:56.697  5321  5646 D MultiTaskingTaskRepository: putOrUpdateTaskInfo::taskInfo.taskId = 1995 current mMultiTaskingTaskInfoList:  ,1994 ,5 ,4
01-19 18:48:56.697  5321  5646 D MultiTaskingTaskRepository: java.lang.Throwable
01-19 18:48:56.697  5321  5646 D MultiTaskingTaskRepository: 	at com.android.wm.shell.multitasking.common.taskmanager.MultiTaskingTaskRepository.updateMultiTaskingTaskInfo(go/retraceme 65eef0675bf913bce2829215cbd88892b79173b491c3585387d9f76f49700d33:71)
01-19 18:48:56.697  5321  5646 D MultiTaskingTaskRepository: 	at com.android.wm.shell.multitasking.common.taskmanager.MultiTaskingTaskRepository.putOrUpdateTaskInfo(go/retraceme 65eef0675bf913bce2829215cbd88892b79173b491c3585387d9f76f49700d33:40)
01-19 18:48:56.697  5321  5646 D MultiTaskingTaskRepository: 	at com.android.wm.shell.multitasking.common.taskmanager.MultiTaskingTaskRepository.onTaskAppeared(go/retraceme 65eef0675bf913bce2829215cbd88892b79173b491c3585387d9f76f49700d33:42)
01-19 18:48:56.697  5321  5646 D MultiTaskingTaskRepository: 	at com.android.wm.shell.multitasking.common.taskmanager.MultiTaskingTaskListener.onTaskAppeared(go/retraceme 65eef0675bf913bce2829215cbd88892b79173b491c3585387d9f76f49700d33:3)
01-19 18:48:56.697  5321  5646 D MultiTaskingTaskRepository: 	at com.android.wm.shell.ShellTaskOrganizer.onTaskAppeared(go/retraceme 65eef0675bf913bce2829215cbd88892b79173b491c3585387d9f76f49700d33:11)
01-19 18:48:56.697  5321  5646 D MultiTaskingTaskRepository: 	at com.android.wm.shell.ShellTaskOrganizer.onTaskAppeared(go/retraceme 65eef0675bf913bce2829215cbd88892b79173b491c3585387d9f76f49700d33:3)
01-19 18:48:56.697  5321  5646 D MultiTaskingTaskRepository: 	at android.window.TaskOrganizer$1.lambda$onTaskAppeared$4(TaskOrganizer.java:290)
01-19 18:48:56.697  5321  5646 D MultiTaskingTaskRepository: 	at android.window.TaskOrganizer$1.$r8$lambda$JFybI7116bqnvmWm835b0heUmQg(Unknown Source:0)
01-19 18:48:56.697  5321  5646 D MultiTaskingTaskRepository: 	at android.window.TaskOrganizer$1$$ExternalSyntheticLambda13.run(D8$$SyntheticClass:0)
01-19 18:48:56.697  5321  5646 D MultiTaskingTaskRepository: 	at android.os.Handler.handleCallback(Handler.java:995)
01-19 18:48:56.697  5321  5646 D MultiTaskingTaskRepository: 	at android.os.Handler.dispatchMessage(Handler.java:103)
01-19 18:48:56.697  5321  5646 D MultiTaskingTaskRepository: 	at android.os.Looper.loopOnce(Looper.java:267)
01-19 18:48:56.697  5321  5646 D MultiTaskingTaskRepository: 	at android.os.Looper.loop(Looper.java:360)
01-19 18:48:56.697  5321  5646 D MultiTaskingTaskRepository: 	at android.os.HandlerThread.run(HandlerThread.java:85)
01-19 18:48:56.697  5321  5646 I MultiTaskingTaskInfo: MultiTaskingBaseTaskInfo::MultiTaskingBaseTaskInfo::mTaskBounds = Rect(0, 0 - 1440, 3200), mTaskId = 1995
01-19 18:48:56.697  4686  6972 D TaskSnapshotCompatVV: getIsInvalidateFromTaskSnapshot, return, mTaskSnapshot=null, mTaskSnapshotClazz=null
01-19 18:48:56.697  4686  6972 D RecentsTaskLoader: reloadTasksData [TaskKey{id=1995, stackId=0, baseIntent=Intent { flg=0x10000000 cmp=com.soundtherapyapp/.MainActivity }, userId=0, lastActiveTime=882185910, windowingMode=1, isThumbnailBlur=false, isAccessLocked=false, isScreening=false, topActivity=ComponentInfo{com.soundtherapyapp/com.soundtherapyapp.MainActivity}, mHashCode=60356597}, title=SoundTherapyApp, titleDescription=SoundTherapyApp, bounds=null, isLaunchTarget=false, isStackTask=true, isSystemApp=false, isDockable=true, baseActivity=ComponentInfo{com.soundtherapyapp/com.soundtherapyapp.MainActivity}, isLocked=false, mNeedHide=false, hasMultipleTasks=false, cti1Key=, cti2Key=] 
01-19 18:48:56.697  5321  5646 D MultiTaskingAnimTarget: setAnimParam bounds: Rect(0, 0 - 1440, 3200) scaleX: 1.0 scaleY: 1.0
01-19 18:48:56.697  5321  5646 D MultiTaskingAnimTarget: java.lang.Throwable
01-19 18:48:56.697  5321  5646 D MultiTaskingAnimTarget: 	at com.android.wm.shell.multitasking.common.animation.MultiTaskingAnimTarget.setAnimParam(go/retraceme 65eef0675bf913bce2829215cbd88892b79173b491c3585387d9f76f49700d33:35)
01-19 18:48:56.697  5321  5646 D MultiTaskingAnimTarget: 	at com.android.wm.shell.multitasking.common.animation.MultiTaskingFolmeControl.updateBaseAnimParam(go/retraceme 65eef0675bf913bce2829215cbd88892b79173b491c3585387d9f76f49700d33:15)
01-19 18:48:56.697  5321  5646 D MultiTaskingAnimTarget: 	at com.android.wm.shell.multitasking.common.taskmanager.MultiTaskingTaskInfo.<init>(go/retraceme 65eef0675bf913bce2829215cbd88892b79173b491c3585387d9f76f49700d33:35)
01-19 18:48:56.697  5321  5646 D MultiTaskingAnimTarget: 	at com.android.wm.shell.multitasking.common.taskmanager.MultiTaskingTaskRepository.updateMultiTaskingTaskInfo(go/retraceme 65eef0675bf913bce2829215cbd88892b79173b491c3585387d9f76f49700d33:102)
01-19 18:48:56.697  5321  5646 D MultiTaskingAnimTarget: 	at com.android.wm.shell.multitasking.common.taskmanager.MultiTaskingTaskRepository.putOrUpdateTaskInfo(go/retraceme 65eef0675bf913bce2829215cbd88892b79173b491c3585387d9f76f49700d33:40)
01-19 18:48:56.697  5321  5646 D MultiTaskingAnimTarget: 	at com.android.wm.shell.multitasking.common.taskmanager.MultiTaskingTaskRepository.onTaskAppeared(go/retraceme 65eef0675bf913bce2829215cbd88892b79173b491c3585387d9f76f49700d33:42)
01-19 18:48:56.697  5321  5646 D MultiTaskingAnimTarget: 	at com.android.wm.shell.multitasking.common.taskmanager.MultiTaskingTaskListener.onTaskAppeared(go/retraceme 65eef0675bf913bce2829215cbd88892b79173b491c3585387d9f76f49700d33:3)
01-19 18:48:56.697  5321  5646 D MultiTaskingAnimTarget: 	at com.android.wm.shell.ShellTaskOrganizer.onTaskAppeared(go/retraceme 65eef0675bf913bce2829215cbd88892b79173b491c3585387d9f76f49700d33:11)
01-19 18:48:56.697  5321  5646 D MultiTaskingAnimTarget: 	at com.android.wm.shell.ShellTaskOrganizer.onTaskAppeared(go/retraceme 65eef0675bf913bce2829215cbd88892b79173b491c3585387d9f76f49700d33:3)
01-19 18:48:56.697  5321  5646 D MultiTaskingAnimTarget: 	at android.window.TaskOrganizer$1.lambda$onTaskAppeared$4(TaskOrganizer.java:290)
01-19 18:48:56.697  5321  5646 D MultiTaskingAnimTarget: 	at android.window.TaskOrganizer$1.$r8$lambda$JFybI7116bqnvmWm835b0heUmQg(Unknown Source:0)
01-19 18:48:56.697  5321  5646 D MultiTaskingAnimTarget: 	at android.window.TaskOrganizer$1$$ExternalSyntheticLambda13.run(D8$$SyntheticClass:0)
01-19 18:48:56.697  5321  5646 D MultiTaskingAnimTarget: 	at android.os.Handler.handleCallback(Handler.java:995)
01-19 18:48:56.697  5321  5646 D MultiTaskingAnimTarget: 	at android.os.Handler.dispatchMessage(Handler.java:103)
01-19 18:48:56.697  5321  5646 D MultiTaskingAnimTarget: 	at android.os.Looper.loopOnce(Looper.java:267)
01-19 18:48:56.697  5321  5646 D MultiTaskingAnimTarget: 	at android.os.Looper.loop(Looper.java:360)
01-19 18:48:56.697  5321  5646 D MultiTaskingAnimTarget: 	at android.os.HandlerThread.run(HandlerThread.java:85)
01-19 18:48:56.697  4686  6972 D TaskSnapshotCompatVV: getIsInvalidateFromTaskSnapshot, return, mTaskSnapshot=null, mTaskSnapshotClazz=null
01-19 18:48:56.697  5321  5704 I MultiTaskingCoverLayerController: create cover layer, tag = 1995
01-19 18:48:56.697  5321  5646 D MultiTaskingFolmeControl: updateBaseAnimParam taskId = 1995 taskBounds : Rect(0, 0 - 1440, 3200)
01-19 18:48:56.697  3278  3451 I libc    : kill: send 9 to pid 15438
01-19 18:48:56.697  3278  3451 I libc    : debug pid reuse, real pid 15438
01-19 18:48:56.697  1819  1927 I ANDR-PWR-OPT: GAMEPOWEROPT: sendEvents() 231: Start hint for app com.miui.screenshot, hintID : 4243, hintID hex : 1093 value: 0
01-19 18:48:56.697  1819  1927 I ANDR-PWR-OPT: PowerAppClassifier: getAppType() 59: checking app [com.miui.screenshot] is type 1
01-19 18:48:56.697  1819  1927 I ANDR-PWR-OPT: GAMEPOWEROPT: isGame() 348: com.miui.screenshot is Game = 1
01-19 18:48:56.697  5321  5646 D MultiTaskingTaskRepository: addOrMoveFullscreenTaskToTop::taskId = 1995
01-19 18:48:56.697  5321  5646 D MiuiMultiWindowUtils: supportMultiWindow: isSupportDevice = -1
01-19 18:48:56.697  5321  5646 D MiuiMultiWindowUtils: supportMultiWindow: isSupportDevice = -1
01-19 18:48:56.698  5321  5646 D MiuiMultiWindowRecommendHelper: device not support split screen recommend
01-19 18:48:56.698  5321  5646 I MultiTaskingTaskInfo: MultiTaskingBaseTaskInfo::update::mTaskBounds = Rect(0, 0 - 1440, 3200), mTaskId = 1995
01-19 18:48:56.698  2033  2109 D RenderEngine: makePassBlurBetterDownShader layername:Wallpaper BBQ wrapper#64
01-19 18:48:56.698  5321  5646 D MultiTaskingTransitionsHelper: skip updateBaseAnimParam taskId: 1995 pendingTransitions: [] readyDuringSync: [] tracks: [Track #0 activeTransition: {id=6234 t=CLOSE f=0x0 trk=0 r=[0@Point(0, 0)] c=[{m=TO_FRONT f=SHOW_WALLPAPER|MOVE_TO_TOP leash=Surface(name=Task=1#51)/@0xed42af7 sb=Rect(0, 0 - 1440, 3200) eb=Rect(0, 0 - 1440, 3200) epz=Point(1440, 3200) d=0 taskParent=-1 v=trueMiuiChangeImpl {miuiEmbedding:false, scale:1.0}},{m=CLOSE f=NONE leash=Surface(name=Task=1994#135442)/@0xd2eec82 sb=Rect(0, 0 - 1440, 3200) eb=Rect(0, 0 - 1440, 3200) epz=Point(1440, 3200) d=0 taskParent=-1 v=falseMiuiChangeImpl {miuiEmbedding:false, scale:1.0}},{m=TO_FRONT f=IS_WALLPAPER leash=Surface(name=WallpaperWindowToken{ff64f09 showWhenLocked=false}#59)/@0xa5ad7c9 sb=Rect(0, 0 - 1440, 3200) eb=Rect(0, 0 - 1440, 3200) epz=Point(1440, 3200) d=0 v=trueMiuiChangeImpl {miuiEmbedding:false, scale:1.0}}] mk=[false] noAni=[false] df=[false] rsa=[false] oa=[false] nc=[0] ho=[true] hla=[false] iSync=[-1]}android.os.BinderProxy@550a659 readyTransitions: [{id=6235 t=OPEN f=0x0 trk=0 r=[0@Point(0, 0)] c=[{m=OPEN f=NONE leash=Surface(name=Task=1995#135486)/@0xc51c9e1 sb=Rect(0, 0 - 1440, 3200) eb=Rect(0, 0 - 1440, 3200) epz=Point(1440, 3200) d=0 taskParent=-1 v=trueMiuiChangeImpl {miuiEmbedding:false, scale:1.0}},{m=TO_BACK f=SHOW_WALLPAPER leash=Surface(name=Task=1#51)/@0xff61ff4 sb=Rect(0, 0 - 1440, 3200) eb=Rect(0, 0 - 1440, 3200) epz=Point(1440, 3200) d=0 taskParent=-1 v=falseMiuiChangeImpl {miuiEmbedding:false, scale:1.0}},{m=TO_BACK f=IS_WALLPAPER leash=Surface(name=WallpaperWindowToken{ff64f09 showWhenLocked=false}#59)/@0x9a3ef63 sb=Rect(0, 0 - 1440, 3200) eb=Rect(0, 0 - 1440, 3200) epz=Point(1440, 3200) d=0 v=falseMiuiChangeImpl {miuiEmbedding:false, scale:1.0}}] mk=[false] noAni=[false] df=[false] rsa=[false] oa=[false] nc=[0] ho=[false] hla=[false] iSync=[-1]}android.os.BinderProxy@645bdc4]Track #1 readyTransitions: []Track #2 readyTransitions: []]
01-19 18:48:56.698  5321  5646 D MulWinSwitchDecorViewModel: createWindowDecoration: taskId=1995, isHome=false, windowingMode=1, mWindowDecorByTaskId.size()=3, callers=com.android.wm.shell.multitasking.miuimultiwinswitch.miuiwindowdecor.MulWinSwitchDecorViewModel.onTaskOpening:10 com.android.wm.shell.freeform.FreeformTaskTransitionObserver.onTransitionReady:262 com.android.wm.shell.transition.Transitions.dispatchReady:241 com.android.wm.shell.transition.Transitions.onTransitionReady:246 com.android.wm.shell.transition.Transitions$TransitionPlayerImpl$$ExternalSyntheticLambda1.run:42 
01-19 18:48:56.698  5321  5646 D MiuiDecorationController: relayout::taskId=1995, visible=true, bounds=Rect(0, 0 - 1440, 3200), focused=false, oldImmersive=false, newImmersive=false, windowMode=1, activityType=1, displayId=0, baseActivity=ComponentInfo{com.soundtherapyapp/com.soundtherapyapp.MainActivity}, topActivity=ComponentInfo{com.soundtherapyapp/com.soundtherapyapp.MainActivity}, callers=com.android.wm.shell.multitasking.miuimultiwinswitch.miuiwindowdecor.MulWinSwitchDecorViewModel.createWindowDecoration:317 com.android.wm.shell.multitasking.miuimultiwinswitch.miuiwindowdecor.MulWinSwitchDecorViewModel.onTaskOpening:10 com.android.wm.shell.freeform.FreeformTaskTransitionObserver.onTransitionReady:262 com.android.wm.shell.transition.Transitions.dispatchReady:241 com.android.wm.shell.transition.Transitions.onTransitionReady:246 
01-19 18:48:56.698  5321  5646 D MiuiDecorationDot: needTopCaption: isFullscreen = true isPadDevice = false isFoldInnerScreen = false canShowCaptionWhenCasting = false
01-19 18:48:56.698  5321  5646 D MiuiDecorationDot: releaseViews_TopCaption: taskId=1995
01-19 18:48:56.698  5321  5646 D MiuiDecorationDot: releaseViews_TopCaption: taskId=1995
01-19 18:48:56.698  5321  5646 D MiuiDecorationBottom: needBottomCaption: needShow = true
01-19 18:48:56.698  5321  5646 D MiuiDecorationBottom: updateRootView_BottomCaption: taskId = 1995 needBottomCaption = true bottomCaptionView = java.lang.Object@4fce9b6
01-19 18:48:56.698  5321  5646 D MiuiDecorationBottom: updateViews_BottomCaption: taskId=1995 scale=1.0 outResult = RelayoutResult{mRoot=java.lang.Object@4fce9b6, mCaptionX=468, mCaptionY=3162, mCaptionWidth=504.0, mCaptionHeight=60.0}
01-19 18:48:56.698  5321  5321 D DynamicIslandSafeguardsController: delayExitApp: com.miui.home com.miui.home count = 0
01-19 18:48:56.698  3278  4246 D ExternalInterface: setUidState, uid = 10282 allow = false
01-19 18:48:56.698  5321  5646 D MiuiDecorationBottom: updateViews_BottomCaption: taskId=1995 setParent mNavBarParent=Surface(name=NavigationBar Container of Task = 1995#135487)/@0x73b3dc7
01-19 18:48:56.698  5321  5646 D MiuiDecorationBase: updateFocus: update targetAlpha = 77, taskId = 1995
01-19 18:48:56.698  5321  5646 D MiuiDecorationBase: updateSampling_BottomCaption: taskId = 1995 scale = 1.0 mTaskBounds = Rect(0, 0 - 1440, 3200) mCaptionVisibility = true mIsFsgestureEntered = false isRunningAnim = false isDraggingRecent = false isFreeformElude = false isDecorationShowing = true shouldEnableSampling = true
01-19 18:48:56.698  5321  5716 I MiuiDecorationRootViewHost: surfaceControl is null
01-19 18:48:56.698  5321  5646 D MiuiDecorationBase: updateSampling_BottomCaption: samplingRect = Rect(468, 3162 - 972, 3177)
01-19 18:48:56.698  5321  5646 D MiuiDecorationBase: updateVisibility_BottomCaption: taskId=1995, isRotationAnimationRunning=false, mCaptionVisible=true, isCaptionVisible=true
01-19 18:48:56.698  5321  5646 D MiuiDecorationMoveHelper: BottomCaption tag = RESET, taskId=1995, posY=3162
01-19 18:48:56.698  5321  5646 D MiuiDecorationMoveHelper: periodicallyMoveUpFirst mTaskId=1995, windowingMode=1, caller=relayout
01-19 18:48:56.698  5321  5646 D MulWinSwitchDecorViewModel: onTaskChanging taskId:1 decoration = com.android.wm.shell.multitasking.miuimultiwinswitch.miuiwindowdecor.decoration.MiuiDecorationHomeController@d62b4d1
01-19 18:48:56.698  5321  5646 D MiuiDecorationHomeController: relayout::taskId=1, userId=0, visible=true, bounds=Rect(0, 0 - 1440, 3200), focused=true, activityType=2, displayId=0, baseActivity=ComponentInfo{com.miui.home/com.miui.home.launcher.Launcher}, topActivity=ComponentInfo{com.miui.home/com.miui.home.launcher.Launcher}, callers=com.android.wm.shell.multitasking.miuimultiwinswitch.miuiwindowdecor.MulWinSwitchDecorViewModel.onTaskChanging:110 com.android.wm.shell.freeform.FreeformTaskTransitionObserver.onTransitionReady:187 com.android.wm.shell.transition.Transitions.dispatchReady:241 com.android.wm.shell.transition.Transitions.onTransitionReady:246 com.android.wm.shell.transition.Transitions$TransitionPlayerImpl$$ExternalSyntheticLambda1.run:42 
01-19 18:48:56.698  5321  5646 D MiuiDecorationHomeBottom: needHomeBottomCaption: needShow = true isSoScLeftRightSplit = false isSoScMinimized = false isPortrait = true needHomeBottomCaption = true
01-19 18:48:56.698  5321  5646 D MiuiDecorationBottom: updateRootView_HomeBottomCaption: taskId = 1 needBottomCaption = true bottomCaptionView = java.lang.Object@483624c
01-19 18:48:56.698  5321  5646 D MiuiDecorationHomeBottom: updateViews_HomeBottomCaption: taskId=1 soscHomeCenterX=0.0 soscHomeShowingWidth=0 outResult=RelayoutResult{mRoot=java.lang.Object@483624c, mCaptionX=468, mCaptionY=3162, mCaptionWidth=504.0, mCaptionHeight=60.0}
01-19 18:48:56.698  5321  5646 D MiuiDecorationBase: updateFocus: same focus
01-19 18:48:56.698  5321  5646 D MiuiDecorationBase: updateSampling_HomeBottomCaption: taskId = 1 scale = 1.0 mTaskBounds = Rect(0, 0 - 1440, 3200) mCaptionVisibility = true mIsFsgestureEntered = false isRunningAnim = false isDraggingRecent = false isFreeformElude = false isDecorationShowing = true shouldEnableSampling = true
01-19 18:48:56.698  5321  5646 D MiuiDecorationBase: updateSampling_HomeBottomCaption: samplingRect = Rect(468, 3162 - 972, 3177)
01-19 18:48:56.698  5321  5646 D MiuiDecorationBase: updateVisibility_HomeBottomCaption: taskId=1, isRotationAnimationRunning=false, mCaptionVisible=true, isCaptionVisible=true
01-19 18:48:56.698  5321  5646 D MiuiDecorationMoveHelper: periodicallyMoveUpFirst mTaskId=1, windowingMode=1, caller=relayout
01-19 18:48:56.699  4686  4686 D PassBlur: textureState not update, view com.miui.home.launcher.BlurView{5420920 V.ED..... ........ 0,0-1440,3200 #7f0a026a app:id/launcher_blur_view} visible is true
01-19 18:48:56.699  3278  5557 D BroadcastQueue: Logging broadcast for com.qualcomm.qti.workloadclassifier, stopped=false, firstLaunch=false
01-19 18:48:56.699  1819  1927 I ANDR-PWR-OPT: GAMEPOWEROPT: sendEvents() 231: Start hint for app com.xiaomi.phone, hintID : 4243, hintID hex : 1093 value: 0
01-19 18:48:56.699  4686  4728 D EventBus: No subscribers registered for event class com.miui.home.recents.messages.RecentTasksChangedEvent
01-19 18:48:56.699  4686  4728 D EventBus: No subscribers registered for event class org.greenrobot.eventbus.NoSubscriberEvent
01-19 18:48:56.699  5321  5646 D MultiTaskingTransitionHandler: canHandleTransition try handler: com.android.wm.shell.multitasking.miuifreeform.MiuiFreeformModeAnimation@473e535
01-19 18:48:56.699  3278  3405 I MiuiWallpaperSurfaceAnimation: wallpaperOffsets:xOffset=0.0,yOffset=0.0
01-19 18:48:56.699  3278  3405 D MiuiWallpaperSurfaceAnimation: updateScaleIfNeeded mPivotX: 0.5, mPivotY: 0.5, x: 0.0, y: 0.0, zoom: 1.0871329
01-19 18:48:56.699  3278  4130 I MiuiNetworkPolicy: updateUidState uid = 10231, uidState = 10
01-19 18:48:56.699  4686  4728 I IPCThreadState: oneway function results for code 5 on binder at 0xb4000078893e7450 will be dropped but finished with status UNKNOWN_TRANSACTION
01-19 18:48:56.699  4686  6972 E ActivityManagerWrapper: get all recent tasks force including -1 userId =0
01-19 18:48:56.699  4686  5632 D com.miui.home: backgroundBlur makeBackgroundImage (ShortcutMenuLayer-6-0xb400007838efed10), blurRadius(183), blurType(-1), blurScaleRatio(0.000000)
01-19 18:48:56.699  5321  5646 D MultiTaskingTransitionHandler: canHandleTransition try handler: com.android.wm.shell.multitasking.miuimultiwinswitch.MulWinSwitchTransition@9251312
01-19 18:48:56.700  1819  1927 I ANDR-PWR-OPT: PowerAppClassifier: getAppType() 59: checking app [com.xiaomi.phone] is type 0
01-19 18:48:56.700  1819  1927 I ANDR-PWR-OPT: GAMEPOWEROPT: isGame() 348: com.xiaomi.phone is Game = 0
01-19 18:48:56.700  5321  5646 I ShellTransitions: getMaybeHandlerType active = (#6235) android.os.BinderProxy@645bdc4@0, type = 11
01-19 18:48:56.700  5321  5646 D MultiTaskingTransitionHandler: canHandleTransition try handler: com.android.wm.shell.multitasking.miuifreeform.MiuiFreeformModeAnimation@473e535
01-19 18:48:56.700  5321  5646 D MultiTaskingTransitionHandler: canHandleTransition try handler: com.android.wm.shell.multitasking.miuimultiwinswitch.MulWinSwitchTransition@9251312
01-19 18:48:56.700  4686  5632 D com.miui.home: backgroundBlur makeBackgroundImage (BlurView-6-0xb400007838f44d30), blurRadius(54), blurType(-1), blurScaleRatio(0.000000)
01-19 18:48:56.700  9372  9748 V OsAgent : broadcastSystemEvent - 7
01-19 18:48:56.700  3278  6273 E TransitionChain: Can't collect into a chain with no transition
01-19 18:48:56.700  3278  6273 D ActivityTaskManager:  setSkipCaptureLayers tr: Task{551f15a #1995 type=standard A=10424:com.soundtherapyapp}
01-19 18:48:56.700  4686  5428 D AnimStateManager: send event 9001 currentState = HomeState windowElement = com.miui.home.recents.anim.WindowElement@ba8bb7f
01-19 18:48:56.701  3278  4246 D ExternalInterface: setUidState, uid = 10287 allow = false
01-19 18:48:56.701  3278  4130 I MiuiNetworkPolicy: updateUidState uid = 10231, uidState = 10
01-19 18:48:56.701  4686  6972 E ActivityManagerWrapper: getRecentTasksForceIncludingTaskIdIfValid: getRecentTasks: size=1
01-19 18:48:56.701  4686  6972 E ActivityManagerWrapper:  mainTaskId=1995   userId=0   windowMode=1   isExcludedFromRecents=false   baseIntent=Intent { act=null flag=268435456 cmp=ComponentInfo{com.soundtherapyapp/com.soundtherapyapp.MainActivity} }
01-19 18:48:56.701  3278  6273 W ActivityManagerServiceImpl: Sending non-protected broadcast com.modemenhance.ACTION_MODEMWIFI_RSSI_POLL from system 5271:com.android.phone/1001 pkg com.android.phone. Callers=
01-19 18:48:56.702  3278  4246 D ExternalInterface: setUidState, uid = 10134 allow = false
01-19 18:48:56.702 21673 21684 I adbd    : jdwp connection from 14458
01-19 18:48:56.702 12372 12624 I HeavyPackageIdentify: splitMode: false, splitPackages: null, foregroundPkg: com.miui.home
01-19 18:48:56.702  3278  4246 D ExternalInterface: setUidState, uid = 10127 allow = false
01-19 18:48:56.703  4686  6972 D RecentsTaskLoader: reloadTasksData [TaskKey{id=1995, stackId=0, baseIntent=Intent { flg=0x10000000 cmp=com.soundtherapyapp/.MainActivity }, userId=0, lastActiveTime=882185910, windowingMode=1, isThumbnailBlur=false, isAccessLocked=false, isScreening=false, topActivity=ComponentInfo{com.soundtherapyapp/com.soundtherapyapp.MainActivity}, mHashCode=60356597}, title=SoundTherapyApp, titleDescription=SoundTherapyApp, bounds=null, isLaunchTarget=false, isStackTask=true, isSystemApp=false, isDockable=true, baseActivity=ComponentInfo{com.soundtherapyapp/com.soundtherapyapp.MainActivity}, isLocked=false, mNeedHide=false, hasMultipleTasks=false, cti1Key=, cti2Key=] 
01-19 18:48:56.703  3278  5557 D ActivityManager: Logging startService for com.qualcomm.qti.workloadclassifier, stopped=false, firstLaunch=false, intent=Intent { act=com.qualcomm.qti.workloadclassifier.APP_LAUNCH flg=0x30 xflg=0x4 pkg=com.qualcomm.qti.workloadclassifier cmp=com.qualcomm.qti.workloadclassifier/.WLCService (has extras) }, r.app=ProcessRecord{4496ff4 15171:com.qualcomm.qti.workloadclassifier/u0a231}
01-19 18:48:56.703  4686  6972 D TaskSnapshotCompatVV: getIsInvalidateFromTaskSnapshot, return, mTaskSnapshot=null, mTaskSnapshotClazz=null
01-19 18:48:56.703 14458 14458 D nativeloader: Load libframework-connectivity-tiramisu-jni.so using APEX ns com_android_tethering for caller /apex/com.android.tethering/javalib/framework-connectivity-t.jar: ok
01-19 18:48:56.703  3278  3419 D BroadcastQueue: Logging broadcast for com.android.phone, stopped=false, firstLaunch=false
01-19 18:48:56.704  3278  4246 D GreezeManager:  report signal uid = 10424 pid = 13528is not frozen.
01-19 18:48:56.704  5271  5271 D SlaveWifiManager: getWifiSlaveConnectionInfo
01-19 18:48:56.705  5321  5716 I ViewRootImpl: Miui Bottom Caption of Task=1995 use first frame acceleration
01-19 18:48:56.705 15171 15228 W SQLiteLog: (28) double-quoted string literal: "com.soundtherapyapp"
01-19 18:48:56.705  3278  4246 D GreezeManager: iso uid:10134 p:{15674} :true
01-19 18:48:56.706  3278  5557 D MiuiForceVkService: shouldUseVk, pkg=com.soundtherapyapp useVk 0
01-19 18:48:56.706 14458 14458 I ActivityThread: Current dynamic renderEngine type=0
01-19 18:48:56.706  2033  2109 D RenderEngine: makePassBlurBetterDownShader layername:Wallpaper BBQ wrapper#64
01-19 18:48:56.707  3278  3405 I MiuiWallpaperSurfaceAnimation: wallpaperOffsets:xOffset=0.0,yOffset=0.0
01-19 18:48:56.707  3278  3405 D MiuiWallpaperSurfaceAnimation: updateScaleIfNeeded mPivotX: 0.5, mPivotY: 0.5, x: 0.0, y: 0.0, zoom: 1.083622
01-19 18:48:56.707  4686  4686 D PassBlur: textureState not update, view com.miui.home.launcher.BlurView{5420920 V.ED..... ........ 0,0-1440,3200 #7f0a026a app:id/launcher_blur_view} visible is true
01-19 18:48:56.707  4686  4686 I AnimStateManager: HomeState handle event 9001
01-19 18:48:56.707  4686  4686 I AnimStateManager: CommonState handle event 9001
01-19 18:48:56.708  4686  5632 D com.miui.home: backgroundBlur makeBackgroundImage (ShortcutMenuLayer-6-0xb400007838efed10), blurRadius(183), blurType(-1), blurScaleRatio(0.000000)
01-19 18:48:56.708  4686  4686 I WindowElementba8bb7f: injectRemoteTransition params=RemoteTransitionInfo(token=android.os.BinderProxy@1a93eae, mainInfoDebugId=6234, transitionInfo={id=6235 t=OPEN f=0x0 trk=0 r=[0@Point(0, 0)] c=[{m=OPEN f=NONE leash=Surface(name=Task=1995#135486)/@0x107aad6 sb=Rect(0, 0 - 1440, 3200) eb=Rect(0, 0 - 1440, 3200) epz=Point(1440, 3200) d=0 taskParent=-1 v=trueMiuiChangeImpl {miuiEmbedding:false, scale:1.0}},{m=TO_BACK f=SHOW_WALLPAPER leash=Surface(name=Task=1#51)/@0xd63192d sb=Rect(0, 0 - 1440, 3200) eb=Rect(0, 0 - 1440, 3200) epz=Point(1440, 3200) d=0 taskParent=-1 v=falseMiuiChangeImpl {miuiEmbedding:false, scale:1.0}},{m=TO_BACK f=IS_WALLPAPER leash=Surface(name=WallpaperWindowToken{ff64f09 showWhenLocked=false}#59)/@0xf8b00b0 sb=Rect(0, 0 - 1440, 3200) eb=Rect(0, 0 - 1440, 3200) epz=Point(1440, 3200) d=0 v=falseMiuiChangeImpl {miuiEmbedding:false, scale:1.0}}] mk=[false] noAni=[false] df=[false] rsa=[false] oa=[false] nc=[0] ho=[false] hla=[false] iSync=[-1]}, t=android.view.SurfaceControl$Transaction@ebce44f, finishCallback=android.window.IRemoteTransitionFinishedCallback$Stub$Proxy@81777dc, isMerge=true, mergeTarget=android.os.BinderProxy@c04fcaa, transitionType=1)
01-19 18:48:56.708  4686  4686 E WindowTransitionCompat: TransitionTest wrapRemoteTransition
01-19 18:48:56.708  4686  4686 D BoostRtHelper: boostGesture main
01-19 18:48:56.708  4686  4686 D Launcher.Boost: setTurboSchedActionWithPriority::threadIds = [4686, 5632, 5684, 5623, 5622]
01-19 18:48:56.708  4686  4686 I WindowTransitionCompat: HomeShellTransition IRemoteTransition mergeAnimation,expectHandlerType = 11 only ar = false
01-19 18:48:56.708  4686  4686 I WindowElementba8bb7f: onTransitionMerged, done = false hasNewAnim = false
01-19 18:48:56.708  4686  5632 D com.miui.home: backgroundBlur makeBackgroundImage (BlurView-6-0xb400007838f44d30), blurRadius(49), blurType(-1), blurScaleRatio(0.000000)
01-19 18:48:56.708  5321  5716 I MiuiDecorationSamplingHelper: CompositionSamplingListener.unregister mAttached=true, mSamplingEnabled=false, mSamplingRect=Rect(0, 0 - 0, 0), mView=MiuiBottomBarView#194732357
01-19 18:48:56.708  3278  5562 I Perf[AppStartScene]: onSceneChangeNotify:Bundle[{applicationThread=android.os.BinderProxy@9bdc21f, hostingRecordName={com.soundtherapyapp/com.soundtherapyapp.MainActivity}, hostingRecordType=next-top-activity, pid=14458, uid=10424, type=0, state=3, processName=com.soundtherapyapp, packageName=com.soundtherapyapp, applicationThreadExt=android.os.BinderProxy@9eb496c}]
01-19 18:48:56.709  4686  5684 D WindowTransitionCompat:  printLeash::TransitionInfo = {id=6235 t=OPEN f=0x0 trk=0 r=[0@Point(0, 0)] c=[{m=OPEN f=NONE leash=Surface(name=Task=1995#135486)/@0x107aad6 sb=Rect(0, 0 - 1440, 3200) eb=Rect(0, 0 - 1440, 3200) epz=Point(1440, 3200) d=0 taskParent=-1 v=trueMiuiChangeImpl {miuiEmbedding:false, scale:1.0}},{m=TO_BACK f=SHOW_WALLPAPER leash=Surface(name=Task=1#51)/@0xd63192d sb=Rect(0, 0 - 1440, 3200) eb=Rect(0, 0 - 1440, 3200) epz=Point(1440, 3200) d=0 taskParent=-1 v=falseMiuiChangeImpl {miuiEmbedding:false, scale:1.0}},{m=TO_BACK f=IS_WALLPAPER leash=Surface(name=WallpaperWindowToken{ff64f09 showWhenLocked=false}#59)/@0xf8b00b0 sb=Rect(0, 0 - 1440, 3200) eb=Rect(0, 0 - 1440, 3200) epz=Point(1440, 3200) d=0 v=falseMiuiChangeImpl {miuiEmbedding:false, scale:1.0}}] mk=[false] noAni=[false] df=[false] rsa=[false] oa=[false] nc=[0] ho=[false] hla=[false] iSync=[-1]}
01-19 18:48:56.709  4686  5684 D WindowTransitionCompat:  printLeash::index = 0, change = {m=OPEN f=NONE leash=Surface(name=Task=1995#135486)/@0x107aad6 sb=Rect(0, 0 - 1440, 3200) eb=Rect(0, 0 - 1440, 3200) epz=Point(1440, 3200) d=0 taskParent=-1 v=trueMiuiChangeImpl {miuiEmbedding:false, scale:1.0}}
01-19 18:48:56.709  4686  5684 D WindowTransitionCompat:  printLeash::taskInfo = TaskInfo{userId=0 taskId=1995 effectiveUid=10424 displayId=0 isRunning=true baseIntent=Intent { flg=0x10000000 cmp=com.soundtherapyapp/.MainActivity } baseActivity=ComponentInfo{com.soundtherapyapp/com.soundtherapyapp.MainActivity} topActivity=ComponentInfo{com.soundtherapyapp/com.soundtherapyapp.MainActivity} origActivity=null realActivity=ComponentInfo{com.soundtherapyapp/com.soundtherapyapp.MainActivity} numActivities=1 lastActiveTime=882185910 supportsSplitScreenMultiWindow=true mSoScDisplayMode=-1 supportsMultiWindow=true resizeMode=1 isResizeable=true minWidth=-1 minHeight=-1 defaultMinSize=200 token=WCT{android.window.IWindowContainerToken$Stub$Proxy@8ab40e5} topActivityType=1 pictureInPictureParams=null shouldDockBigOverlays=false launchIntoPipHostTaskId=-1 lastParentTaskIdBeforePip=-1 displayCutoutSafeInsets=Rect(0, 0 - 0, 0) topActivityInfo=ActivityInfo{4ce97ba com.soundtherapyapp.MainActivity} launchCookies=[] positionInParent=Point(0, 0) parentTaskId=-1 isFocused=false isVisible=true isVisibleRequested=true isTopActivityNoDisplay=false isSleeping=false locusId=null displayAreaFeatureId=1 isTopActivityTransparent=false isActivityStackTransparent=false lastNonFullscreenBounds=Rect(372, 930 - 1068, 2370) capturedLink=null capturedLinkTimestamp=0 requestedVisibleTypes=-9 topActivityRequestOpenInBrowserEducationTimestamp=0 appCompatTaskInfo=AppCompatTaskInfo { topActivityInSizeCompat=false eligibleForLetterboxEducation= false topActivityInMiuiSizeCompat=false isLetterboxEducationEnabled= false isLetterboxDoubleTapEnabled= false eligibleForUserAspectRatioButton= false topActivityBoundsLetterboxed= false isFromLetterboxDoubleTap= false topActivityLetterboxVerticalPosition= -1 topActivityLetterboxHorizontalPosition= -1 topActivityLetterboxWidth=-1 topActivityLetterboxHeight=-1 topActivityAppBounds=Rect(0, 0 - 1440, 3200) isUserFullscreenOverrideEnabled=false isSystemFullscreenOverrideEnabled=false hasMinAspectRatioOverride=false topActivityLetterboxBounds=null cameraCompatTaskInfo=CameraCompatTaskInfo { freeformCameraCompatMode=inactive}} isImmersive=false mTopActivityRequestOrientation=-1 mStatusBarParent=null mNavBarParent=null mBehindAppLockPkg=null mOriginatingUid=0 isEmbedded=false shouldBeVisible=true isCreatedByOrganizer=false mIsCastMode=false mTopActivityMediaSize=null mTopActivityRecordName=ActivityRecord{107379567 u0 com.soundtherapyapp/.MainActivity t1995} mTopActivityOrientation=-1 topActivityMainWindowFrame=null}
