01-19 18:48:56.824  4686  4686 D PassBlur: textureState not update, view com.miui.home.launcher.BlurView{5420920 V.ED..... ........ 0,0-1440,3200 #7f0a026a app:id/launcher_blur_view} visible is true
01-19 18:48:56.824  4686  5632 D com.miui.home: backgroundBlur makeBackgroundImage (ShortcutMenuLayer-6-0xb400007838efed10), blurRadius(183), blurType(-1), blurScaleRatio(0.000000)
01-19 18:48:56.824  4686  5632 D com.miui.home: backgroundBlur makeBackgroundImage (BlurView-6-0xb400007838f44d30), blurRadius(39), blurType(-1), blurScaleRatio(0.000000)
01-19 18:48:56.824  5321  5321 D ShadeDarkIconDispatcher: receiver delegate onDarkChanged
01-19 18:48:56.824  5321  5321 D ShadeDarkIconDispatcher: receiver delegate onDarkChangedWithContrast
01-19 18:48:56.824  5321  5321 D ShadeDarkIconDispatcher: receiver delegate onLightDarkTintChanged
01-19 18:48:56.825 21492 21690 D JavaheapMonitor: Java heap used=5M max=256M, proc: com.android.bluetooth
01-19 18:48:56.825 21492 21690 V JavaheapMonitor: Check java heap usage finished! Next check delay: 300000
01-19 18:48:56.828 14458 14458 D nativeloader: Configuring clns-10 for other apk /data/app/~~jm8cFKfZNCUV81ommGT1pA==/com.soundtherapyapp-BLyaV6ZyV8KWRa18fQEEqQ==/base.apk. target_sdk_version=35, uses_libraries=, library_path=/data/app/~~jm8cFKfZNCUV81ommGT1pA==/com.soundtherapyapp-BLyaV6ZyV8KWRa18fQEEqQ==/lib/arm64:/data/app/~~jm8cFKfZNCUV81ommGT1pA==/com.soundtherapyapp-BLyaV6ZyV8KWRa18fQEEqQ==/base.apk!/lib/arm64-v8a, permitted_path=/data:/mnt/expand:/data/user/0/com.soundtherapyapp
01-19 18:48:56.829 14458 14458 D CompatChangeReporter: Compat change id reported: 202956589; UID 10424; state: ENABLED
01-19 18:48:56.829  2033  2033 D MI-SF   : isSupportLowBrightnessFpsSwitch current_setting_fps: 120
01-19 18:48:56.829  2033  2033 D MI-SF   : isTpIdleScene ,mAverageFrameRate is 36, 0 
01-19 18:48:56.829  2033  2033 D MI-SF   : modeGroup0 mIsSupportAutomodeForMaxFpsSetting is 0(0), getCurrentBrightness() = 15(388), mIsKeepAutoMode 0 isAutoModeAllowed() 1
01-19 18:48:56.829  2033  2033 D RefreshRateSelector: fixedMode_group: 0, isFindModeGroup 0
01-19 18:48:56.829  2033  2033 D RefreshRateSelector: find max refresh rate:120, mode Group:0
01-19 18:48:56.830  2033  2109 D RenderEngine: makePassBlurBetterDownShader layername:Wallpaper BBQ wrapper#64
01-19 18:48:56.830  2596  4119 I libsensor-boledalgo: Write:the value of channelCali C:334.9,R:114.5,G:141.3,B:17.3,scales [0.768425,0.771258,0.754871,0.816696]
01-19 18:48:56.830  2596  4119 D libsensor-boledalgo: brightness:15,R:1.0,G:4164.7,B:4302.6,EVENT C:4634.0,R:1723.0,G:1738.0,B:380.0, lux: 12.7, clone:1410
01-19 18:48:56.830 14458 14458 I soundtherapyapp: AssetManager2(0xb400007828ebf898) locale list changing from [] to [zh-CN]
01-19 18:48:56.832  3278  3405 I MiuiWallpaperSurfaceAnimation: wallpaperOffsets:xOffset=0.0,yOffset=0.0
01-19 18:48:56.832  3278  3405 D MiuiWallpaperSurfaceAnimation: updateScaleIfNeeded mPivotX: 0.5, mPivotY: 0.5, x: 0.0, y: 0.0, zoom: 1.0337775
01-19 18:48:56.832  4686  4686 D PassBlur: textureState not update, view com.miui.home.launcher.BlurView{5420920 V.ED..... ........ 0,0-1440,3200 #7f0a026a app:id/launcher_blur_view} visible is true
01-19 18:48:56.832  4686  5632 D com.miui.home: backgroundBlur makeBackgroundImage (ShortcutMenuLayer-6-0xb400007838efed10), blurRadius(183), blurType(-1), blurScaleRatio(0.000000)
01-19 18:48:56.832  5321  5321 D ShadeDarkIconDispatcher: receiver delegate onDarkChanged
01-19 18:48:56.832 14458 17161 D MiuiMonitorThread: Shared singleton Thread for stability monitor start
01-19 18:48:56.832  5321  5321 D ShadeDarkIconDispatcher: receiver delegate onDarkChangedWithContrast
01-19 18:48:56.832 14458 14458 D HWUI    : [HWUI] Flag vulkan_enhance_pipeline_cache enabled
01-19 18:48:56.832  5321  5321 D ShadeDarkIconDispatcher: receiver delegate onLightDarkTintChanged
01-19 18:48:56.832 14458 14458 D HWUI    : [HWUI] EnhanceVkPipelineCache is enabled
01-19 18:48:56.832  4686  5632 D com.miui.home: backgroundBlur makeBackgroundImage (BlurView-6-0xb400007838f44d30), blurRadius(47), blurType(-1), blurScaleRatio(0.000000)
01-19 18:48:56.833 14458 14458 V GraphicsEnvironment: Currently set values for:
01-19 18:48:56.833 14458 14458 V GraphicsEnvironment:   angle_gl_driver_selection_pkgs=[]
01-19 18:48:56.833 14458 14458 V GraphicsEnvironment:   angle_gl_driver_selection_values=[]
01-19 18:48:56.833 14458 14458 V GraphicsEnvironment: com.soundtherapyapp is not listed in per-application setting
01-19 18:48:56.833 14458 14458 V GraphicsEnvironment: ANGLE allowlist from config: 
01-19 18:48:56.833 14458 14458 V GraphicsEnvironment: com.soundtherapyapp is not listed in ANGLE allowlist or settings, returning default
01-19 18:48:56.833 14458 14458 V GraphicsEnvironment: Updatable production driver is not supported on the device.
01-19 18:48:56.835 14458 17161 I Perf    : Connecting to perf service.
01-19 18:48:56.835 14458 14458 D ResMonitorStub: The current process type is: third_party_app, process name is: com.soundtherapyapp
01-19 18:48:56.835 14458 14458 I MiuiAppAdaptationStubsControl: Feature Flag of ThirdAppOpt is turned off
01-19 18:48:56.836 14458 17161 I ActivityThread: TrafficStats init done
01-19 18:48:56.836 14458 14458 D CompatChangeReporter: Compat change id reported: 279646685; UID 10424; state: ENABLED
01-19 18:48:56.836 14458 17161 E ashmem  : Pinning is deprecated since Android Q. Please use trim or other methods.
01-19 18:48:56.836 14458 17161 I ForceDarkHelperStubImpl: initialize for com.soundtherapyapp , ForceDarkOrigin
01-19 18:48:56.837 14458 17161 D nativeloader: Load libforcedarkimpl.so using system ns (caller=/system_ext/framework/miui-framework.jar): ok
01-19 18:48:56.837 14458 17161 D HWUI    : JNI_OnLoad success
01-19 18:48:56.837 14458 17161 I MiuiForceDarkConfig: setConfig density:3.750000, mainRule:0, secondaryRule:0, tertiaryRule:0
01-19 18:48:56.838  2033  2033 D MI-SF   : isSupportLowBrightnessFpsSwitch current_setting_fps: 120
01-19 18:48:56.838  2033  2033 D MI-SF   : isTpIdleScene ,mAverageFrameRate is 36, 0 
01-19 18:48:56.838  2033  2033 D MI-SF   : modeGroup0 mIsSupportAutomodeForMaxFpsSetting is 0(0), getCurrentBrightness() = 15(388), mIsKeepAutoMode 0 isAutoModeAllowed() 1
01-19 18:48:56.838  2033  2033 D RefreshRateSelector: fixedMode_group: 0, isFindModeGroup 0
01-19 18:48:56.838  2033  2033 D RefreshRateSelector: find max refresh rate:120, mode Group:0
01-19 18:48:56.839 14458 17161 I ActivityThread: Miui Feature Init done
01-19 18:48:56.840 14458 14458 D RN_DEBUG: App started
01-19 18:48:56.840  3278  3405 I MiuiWallpaperSurfaceAnimation: wallpaperOffsets:xOffset=0.0,yOffset=0.0
01-19 18:48:56.840  3278  3405 D MiuiWallpaperSurfaceAnimation: updateScaleIfNeeded mPivotX: 0.5, mPivotY: 0.5, x: 0.0, y: 0.0, zoom: 1.0381417
01-19 18:48:56.840 14458 14458 W SoLoader: Initializing SoLoader: 0
01-19 18:48:56.840  4686  4686 D PassBlur: textureState not update, view com.miui.home.launcher.BlurView{5420920 V.ED..... ........ 0,0-1440,3200 #7f0a026a app:id/launcher_blur_view} visible is true
01-19 18:48:56.840 14458 14458 W SoLoader: SoLoader initialized: 0
01-19 18:48:56.841  4686  5632 D com.miui.home: backgroundBlur makeBackgroundImage (ShortcutMenuLayer-6-0xb400007838efed10), blurRadius(183), blurType(-1), blurScaleRatio(0.000000)
01-19 18:48:56.841  3278  5488 W MiuiBoosterUtils: enable_miuibooster_launch : false
01-19 18:48:56.841  5321  5321 D ShadeDarkIconDispatcher: receiver delegate onDarkChanged
01-19 18:48:56.841  5321  5321 D ShadeDarkIconDispatcher: receiver delegate onDarkChangedWithContrast
01-19 18:48:56.841  5321  5321 D ShadeDarkIconDispatcher: receiver delegate onLightDarkTintChanged
01-19 18:48:56.841  3278  5488 I WindowManager: Allow fixed rotation for not collecting:ActivityRecord{107379567 u0 com.soundtherapyapp/.MainActivity t1995}
01-19 18:48:56.841  4686  5632 D com.miui.home: backgroundBlur makeBackgroundImage (BlurView-6-0xb400007838f44d30), blurRadius(54), blurType(-1), blurScaleRatio(0.000000)
01-19 18:48:56.841  3278  5488 I WindowManager: Allow fixed rotation for not collecting:ActivityRecord{107379567 u0 com.soundtherapyapp/.MainActivity t1995}
01-19 18:48:56.841  3278  5488 D BarFollowAnimation: onTaskInfoChanedForCaptionBar Task{551f15a #1995 type=standard A=10424:com.soundtherapyapp} shouldbeVisible:true isVisible:true isOnTop:true windowMode:1 preDisplayId:-1 displayId:0 mCaptionAssociatedTask:null mIsTouchedInCaption:false
01-19 18:48:56.841  5321  5646 I MultiTaskingTaskInfo: MultiTaskingBaseTaskInfo::update::mTaskBounds = Rect(0, 0 - 1440, 3200), mTaskId = 1995
01-19 18:48:56.841  3278  5488 I ATMSImpl: cacheTasksForDefaultDisplay size=2 topId=1995
01-19 18:48:56.841  5321  5646 D MultiTaskingTransitionsHelper: skip updateBaseAnimParam taskId: 1995 pendingTransitions: [] readyDuringSync: [] tracks: [Track #0 activeTransition: {id=6235 t=OPEN f=0x0 trk=0 r=[0@Point(0, 0)] c=[{m=OPEN f=NONE leash=Surface(name=Task=1995#135486)/@0xc51c9e1 sb=Rect(0, 0 - 1440, 3200) eb=Rect(0, 0 - 1440, 3200) epz=Point(1440, 3200) d=0 taskParent=-1 v=trueMiuiChangeImpl {miuiEmbedding:false, scale:1.0}},{m=TO_BACK f=SHOW_WALLPAPER leash=Surface(name=Task=1#51)/@0xff61ff4 sb=Rect(0, 0 - 1440, 3200) eb=Rect(0, 0 - 1440, 3200) epz=Point(1440, 3200) d=0 taskParent=-1 v=falseMiuiChangeImpl {miuiEmbedding:false, scale:1.0}},{m=TO_BACK f=IS_WALLPAPER leash=Surface(name=WallpaperWindowToken{ff64f09 showWhenLocked=false}#59)/@0x9a3ef63 sb=Rect(0, 0 - 1440, 3200) eb=Rect(0, 0 - 1440, 3200) epz=Point(1440, 3200) d=0 v=falseMiuiChangeImpl {miuiEmbedding:false, scale:1.0}}] mk=[false] noAni=[false] df=[false] rsa=[false] oa=[false] nc=[0] ho=[false] hla=[false] iSync=[-1]}android.os.BinderProxy@645bdc4 readyTransitions: []Track #1 readyTransitions: []Track #2 readyTransitions: []]
01-19 18:48:56.841  5321  5646 I MultiTaskingTaskRepository: onTaskInfoChanged::taskId = 1995, windowingMode = 1, mMultiWindowTaskIdsInZOrder = [5, 4], mFullscreenTaskIdsInZOrder = [1995], mFreeformTaskIdsInZOrder = [], mTasks: 1995, 8, 7, 6, 5, 4, 3, 1, 
01-19 18:48:56.841  3278  5488 D BarFollowAnimation: onTaskInfoChanedForCaptionBar Task{68ecabd #1 type=home} shouldbeVisible:false isVisible:true isOnTop:false windowMode:1 preDisplayId:-1 displayId:0 mCaptionAssociatedTask:null mIsTouchedInCaption:false
01-19 18:48:56.841  5321  5646 D MiuiDecorationController: relayout:: taskId=1995 mRunningTaskInfo.mStatusBarParent=Surface(name=StatusBar Container of Task = 1995#135488)/@0xf5bb306 taskInfo.mStatusBarParent=Surface(name=StatusBar Container of Task = 1995#135488)/@0x7f1f5c0
01-19 18:48:56.841  3278  5488 D BarFollowAnimation: onTaskInfoChanedForCaptionBar Task{551f15a #1995 type=standard A=10424:com.soundtherapyapp} shouldbeVisible:true isVisible:true isOnTop:true windowMode:1 preDisplayId:-1 displayId:0 mCaptionAssociatedTask:null mIsTouchedInCaption:false
01-19 18:48:56.841  5321  5646 D MiuiDecorationController: relayout:: taskId=1995 mRunningTaskInfo.mNavBarParent=Surface(name=NavigationBar Container of Task = 1995#135487)/@0x73b3dc7 taskInfo.mNavBarParent=Surface(name=NavigationBar Container of Task = 1995#135487)/@0xd6652f9
01-19 18:48:56.842  5321  5646 D MiuiDecorationController: relayout::taskId=1995, visible=true, bounds=Rect(0, 0 - 1440, 3200), focused=false, oldImmersive=false, newImmersive=false, windowMode=1, activityType=1, displayId=0, baseActivity=ComponentInfo{com.soundtherapyapp/com.soundtherapyapp.MainActivity}, topActivity=ComponentInfo{com.soundtherapyapp/com.soundtherapyapp.MainActivity}, callers=com.android.wm.shell.multitasking.miuimultiwinswitch.miuiwindowdecor.decoration.MiuiDecorationController.relayout:4 com.android.wm.shell.multitasking.miuimultiwinswitch.miuiwindowdecor.MulWinSwitchDecorViewModel.onTaskInfoChanged:18 com.android.wm.shell.multitasking.common.taskmanager.MultiTaskingTaskListener.onTaskInfoChanged:47 com.android.wm.shell.ShellTaskOrganizer.onTaskInfoChanged:129 android.window.TaskOrganizer$1.lambda$onTaskInfoChanged$6:300 
01-19 18:48:56.842  3278  4257 D EventReceiver: foregroundChange uid  uid=10424 pkg=com.soundtherapyapp
01-19 18:48:56.842 14458 14458 I ActivityThread: currentPkg not in xmlPackages
01-19 18:48:56.842 10211 19912 D PowerKeeper.Audio: onForegroundInfoChanged mSubScreenUid=-1
01-19 18:48:56.842 23975 24041 I AICall_MemoryTrim: binder:23975_2 onAppBackground()
01-19 18:48:56.842  3278  4257 D BluetoothAdapter: getActiveDevices(A2DP)
01-19 18:48:56.842 10211 19911 D PerfEngineController: ForegroundInfo{mForegroundPackageName='com.soundtherapyapp', mForegroundUid=10424, mForegroundPid=14458, mForegroundDisplayId=0, mLastForegroundPackageName='com.miui.home', mLastForegroundUid=10142, mLastForegroundPid=4686, mLastForegroundDisplayId=0, mMultiWindowForegroundPackageName='com.soundtherapyapp', mMultiWindowForegroundUid=10424, mFlags=1}
01-19 18:48:56.843 14458 14458 D HWUI    : [HWUI] Flag vulkan_enhance_pipeline_cache enabled
01-19 18:48:56.843 14458 14458 D HWUI    : [HWUI] EnhanceVkPipelineCache is enabled
01-19 18:48:56.843 14458 14458 D soundtherapyapp: blurUtils, initBackgroundBlurMinInterval processName(com.soundtherapyapp), inWhiteLists(0)
01-19 18:48:56.843 21492 21831 I BluetoothAdapterService: getActiveDevices: A2dp device: null
01-19 18:48:56.843  3278  4257 D BluetoothAdapter: getActiveDevices(HEADSET)
01-19 18:48:56.843 14458 17161 I ActivityThread: HardwareRenderer preload  done
01-19 18:48:56.843 21492 21831 I BluetoothAdapterService: getActiveDevices: CallAudio device: null
01-19 18:48:56.843  3278  4257 D BluetoothAdapter: getActiveDevices(LE_AUDIO)
01-19 18:48:56.843 21492 21831 I BluetoothAdapterService: getActiveDevices: LeAudio devices: Lead[null] - member_1[null]
01-19 18:48:56.844 14458 14458 I soundtherapyapp: AssetManager2(0xb400007828eb9df8) locale list changing from [] to [zh-CN]
01-19 18:48:56.844 14458 17180 I DisplayManager: Choreographer implicitly registered for the refresh rate.
01-19 18:48:56.844  1963  7984 D AudioFlingerImpl: setGameParameters keyvalue: bluetoothlowlatencystatus=false;foregroundUid=10424
01-19 18:48:56.844  1963  7984 D DeviceHalAidl: [default] setParameters: parameters: "bluetoothlowlatencystatus=false;foregroundUid=10424"
01-19 18:48:56.844  1816  1816 I AHAL_ModulePrimary_MI: setVendorParameters: parameter count 2, async: 0
01-19 18:48:56.844  1816  1816 D AHAL_ModulePrimary_MI: setVendorParameters parameters id = bluetoothlowlatencystatus val false
01-19 18:48:56.844  1816  1816 D AHAL_ModulePrimary_MI: setVendorParameters parameters id = foregroundUid val 10424
01-19 18:48:56.844  1816  1816 D AHAL_ModulePrimary_MI: setVendorParameters: enter miam_setParameters_v2 ret = -2
01-19 18:48:56.844  1816  1816 D AHAL_ModulePrimary_QTI: setVendorParameters: parameter count 2, async: 0
01-19 18:48:56.844  1816  1816 D AHAL_HFP_QTI: hfp_set_parameters enter
01-19 18:48:56.844  1816  1816 D AHAL_HFP_QTI: hfp_set_parameters Exit
01-19 18:48:56.844  1816  1816 D AHAL_HFP_QTI: hfp_set_parameters enter
01-19 18:48:56.844  1816  1816 D AHAL_HFP_QTI: hfp_set_parameters Exit
01-19 18:48:56.844  1963  7984 D DeviceHalAidl: [usb] setParameters: parameters: "bluetoothlowlatencystatus=false;foregroundUid=10424"
01-19 18:48:56.844  1963  7984 E ConversionHelperAidl: Function: parseAndSetVendorParameters Line: 94 Failed 
01-19 18:48:56.844  1963  7984 D DeviceHalAidl: [r_submix] setParameters: parameters: "bluetoothlowlatencystatus=false;foregroundUid=10424"
01-19 18:48:56.844  1816  1816 D AHAL_ModuleRemoteSubmix: setVendorParameters: parameter count 2, async: 0
01-19 18:48:56.844  1816  1816 D AHAL_ModuleRemoteSubmix: setVendorParameters parameters id = bluetoothlowlatencystatus val false
01-19 18:48:56.844  1816  1816 D AHAL_ModuleRemoteSubmix: setVendorParameters parameters id = foregroundUid val 10424
01-19 18:48:56.844  1963  7984 E ConversionHelperAidl: Function: parseAndSetVendorParameters Line: 94 Failed 
01-19 18:48:56.844  1963  7984 D DeviceHalAidl: [bluetooth] setParameters: parameters: "bluetoothlowlatencystatus=false;foregroundUid=10424"
01-19 18:48:56.844  1963  7984 E ConversionHelperAidl: Function: parseAndSetVendorParameters Line: 94 Failed 
01-19 18:48:56.844  3278  4257 I AudioGameEffect: foreground change to com.soundtherapyapp, last foreground is com.miui.home
01-19 18:48:56.845  3278  4257 I AudioGameEffect: get enable packages from setting: null
01-19 18:48:56.845  3278  4257 I AudioGameEffect: get enable packages from setting: null
01-19 18:48:56.845  3278  3416 I QuickScannerController: onForegroundInfoChanged. packageName:com.soundtherapyapp
01-19 18:48:56.845 12372  4091 I GST     : forePkg: com.soundtherapyapp, preForePkg: com.miui.home
01-19 18:48:56.845 10301 10337 I ProcessMonitor: onForegroundInfoChanged: ForegroundInfo{mForegroundPackageName='com.soundtherapyapp', mForegroundUid=10424, mForegroundPid=14458, mForegroundDisplayId=0, mLastForegroundPackageName='com.miui.home', mLastForegroundUid=10142, mLastForegroundPid=4686, mLastForegroundDisplayId=0, mMultiWindowForegroundPackageName='com.soundtherapyapp', mMultiWindowForegroundUid=10424, mFlags=1}
01-19 18:48:56.845 12372  4091 D VENUS_GAMEAI_START_GameAiStartManager: venusGameAiSupportApps is not monitor packageName=com.soundtherapyapp
01-19 18:48:56.845  5321  5646 D MiuiDecorationDot: needTopCaption: isFullscreen = true isPadDevice = false isFoldInnerScreen = false canShowCaptionWhenCasting = false
01-19 18:48:56.845  5321  5646 D MiuiDecorationDot: releaseViews_TopCaption: taskId=1995
01-19 18:48:56.845  5321  5646 D MiuiDecorationDot: releaseViews_TopCaption: taskId=1995
01-19 18:48:56.845  5321  5646 D MiuiDecorationBottom: needBottomCaption: needShow = true
01-19 18:48:56.846  5321  5646 D MiuiDecorationBottom: updateRootView_BottomCaption: taskId = 1995 needBottomCaption = true bottomCaptionView = java.lang.Object@4fce9b6
01-19 18:48:56.846  5321  5646 D MiuiDecorationBottom: updateViews_BottomCaption: taskId=1995 scale=1.0 outResult = RelayoutResult{mRoot=java.lang.Object@4fce9b6, mCaptionX=468, mCaptionY=3162, mCaptionWidth=504.0, mCaptionHeight=60.0}
01-19 18:48:56.846  5321  5646 D MiuiDecorationBase: updateFocus: same focus
01-19 18:48:56.846  5321  5646 D MiuiDecorationBase: updateSampling_BottomCaption: taskId = 1995 scale = 1.0 mTaskBounds = Rect(0, 0 - 1440, 3200) mCaptionVisibility = true mIsFsgestureEntered = false isRunningAnim = false isDraggingRecent = false isFreeformElude = false isDecorationShowing = true shouldEnableSampling = true
01-19 18:48:56.846  5321  5646 D MiuiDecorationBase: updateSampling_BottomCaption: samplingRect = Rect(468, 3162 - 972, 3177)
01-19 18:48:56.846  5321  5646 D MiuiDecorationBase: updateVisibility_BottomCaption: taskId=1995, isRotationAnimationRunning=false, mCaptionVisible=true, isCaptionVisible=true
01-19 18:48:56.846 12372  4091 I GID     : PKG: com.miui.home IG ? false
01-19 18:48:56.846  5321  5646 D MiuiDecorationMoveHelper: periodicallyMoveUpFirst mTaskId=1995, windowingMode=1, caller=relayout
01-19 18:48:56.846  3278  4257 D MiuiIntegratedMemorySwap: uid:10424, packageName: com.soundtherapyapp
01-19 18:48:56.846  3278  4257 I NetworkBoostStatusManager: onForegroundInfoChanged uid:10424, onLastForegroundInfoChanged uid:10142, isColdStart:true, mIgnoreUid:-1
01-19 18:48:56.846  3278  4257 I SLM-SRV-SLAToast: foreground uid:10424, isColdStart:true, isLinkTurboEnable:false
01-19 18:48:56.846  3278  4257 D NetworkSDKService: handleMultiAppsDualWifi isSet = false isEverOpened = false
01-19 18:48:56.846 10301 23176 D L0      : myUserId = 0	currentUserId0
01-19 18:48:56.846 10301 10337 I GameBoosterService: onForegroundInfoChanged: Cur=com.soundtherapyapp	 last=com.miui.home
01-19 18:48:56.846 29090  2374 D RelayAppLocalHelper: onForegroundInfoChanged: ForegroundInfo{mForegroundPackageName='com.soundtherapyapp', mForegroundUid=10424, mForegroundPid=14458, mForegroundDisplayId=0, mLastForegroundPackageName='com.miui.home', mLastForegroundUid=10142, mLastForegroundPid=4686, mLastForegroundDisplayId=0, mMultiWindowForegroundPackageName='com.soundtherapyapp', mMultiWindowForegroundUid=10424, mFlags=1}
01-19 18:48:56.846  2033  2033 D MI-SF   : isSupportLowBrightnessFpsSwitch current_setting_fps: 120
01-19 18:48:56.846  2033  2033 D MI-SF   : isTpIdleScene ,mAverageFrameRate is 36, 0 
01-19 18:48:56.846  2033  2033 D MI-SF   : modeGroup0 mIsSupportAutomodeForMaxFpsSetting is 0(0), getCurrentBrightness() = 15(388), mIsKeepAutoMode 0 isAutoModeAllowed() 1
01-19 18:48:56.846  2033  2033 D RefreshRateSelector: fixedMode_group: 0, isFindModeGroup 0
01-19 18:48:56.846  2033  2033 D RefreshRateSelector: find max refresh rate:120, mode Group:0
01-19 18:48:56.846 10211 19863 D DFS-AppUsageTracker: Fg changed, new=com.soundtherapyapp, but charging.
01-19 18:48:56.846 12372  4091 I GID     : PKG: com.miui.home IG ? false
01-19 18:48:56.847  2033  3158 D MI-SF   : updateGameFlag 1
01-19 18:48:56.847  2033  3158 D MI-SF   : isIdleTimerSkip is 1,mSetIdleForceFlag = 0
01-19 18:48:56.847 14458 17180 W libc    : Access denied finding property "vendor.mivk.log.debug"
01-19 18:48:56.847 12372  4091 I SmartPhoneTag_SurfaceMonitorHelper: updateFpsScene, cookie: 277, status: 1, pkg: com.soundtherapyapp
01-19 18:48:56.847 10301 10337 D GameBoosterService: onGameStatusChange foreground:ForegroundInfo{mForegroundPackageName='com.soundtherapyapp', mForegroundUid=10424, mForegroundPid=14458, mForegroundDisplayId=0, mLastForegroundPackageName='com.miui.home', mLastForegroundUid=10142, mLastForegroundPid=4686, mLastForegroundDisplayId=0, mMultiWindowForegroundPackageName='com.soundtherapyapp', mMultiWindowForegroundUid=10424, mFlags=1}
01-19 18:48:56.847 10301 10337 I VideoBoxUtils: isSupportVideoBox: true
01-19 18:48:56.847 10301 10337 I VideoToolBoxService: vtb is closed!!!
01-19 18:48:56.847 10301 10337 I AppPredictPrivacyLaunchManager: getLauncherHomeAppList size: 47
01-19 18:48:56.847 12372  4091 W ContextImpl: Calling a method in the system process without a qualified user: android.app.ContextImpl.bindService:2102 android.content.ContextWrapper.bindService:907 com.xiaomi.joyose.utils.e0.b:25 com.xiaomi.joyose.smartop.gamebooster.control.i.b:1282 com.xiaomi.joyose.smartop.smartp.SmartPPkgStatusManager.e:19 
01-19 18:48:56.847 14458 17180 D vulkan  : searching for layers in '/data/app/~~jm8cFKfZNCUV81ommGT1pA==/com.soundtherapyapp-BLyaV6ZyV8KWRa18fQEEqQ==/lib/arm64'
01-19 18:48:56.847 21492 21831 D BluetoothLatencyMode: ForegroundInfo{mForegroundPackageName='com.soundtherapyapp', mForegroundUid=10424, mForegroundPid=14458, mForegroundDisplayId=0, mLastForegroundPackageName='com.miui.home', mLastForegroundUid=10142, mLastForegroundPid=4686, mLastForegroundDisplayId=0, mMultiWindowForegroundPackageName='com.soundtherapyapp', mMultiWindowForegroundUid=10424, mFlags=1}
01-19 18:48:56.847 10301 12168 E SuggestManager: openApp name = com.soundtherapyapp
01-19 18:48:56.847 10301 12168 I NewAutoTaskManager: app use - delay = 9223372036854775807, doRemove = false, doPost = false
01-19 18:48:56.847  4686  5428 D RecentsImpl: onForegroundChanged, foregroundPackageName=com.soundtherapyapp
01-19 18:48:56.847  3278  3404 D BarFollowAnimation: pairAppearanceRegionAndWin win=Window{aa09a2d u0 Splash Screen com.soundtherapyapp} 8
01-19 18:48:56.847  3278  3822 D AS.AudioService: mSupportFakeHfpApp{com.ss.android.ugc.aweme=0, com.microsoft.teams=0, com.baidu.BaiduMap=0, com.systec.umeeting=0, com.cisco.webex.meetings=0, com.tencent.mobileqq=0, com.skype.raider=0, com.instagram.android=0, com.ss.android.lark.kami=0, com.zhiliaoapp.musically=0, com.skype.rover=0, com.smile.gifmaker=0, com.ss.android.lark.saxmsa667=0, com.tencent.wemeet.app=0, com.mediatek.engineermode=0, com.ss.android.ugc.aweme.lite=0, com.alibaba.android.rimet=0, com.autonavi.minimap=0, com.whatsapp=0, com.immomo.momo=0, com.facebook.katana=0, com.taobao.idlefish=0, com.tencent.lolm=0, com.tencent.mf.uam=0, com.xingin.xhs=0, com.cisco.wx2.android=0, com.tencent.tmgp.sgame=0, com.tencent.tmgp.pubgmhd=0, com.ss.android.lark=0, im.yixin=0} packageName com.android.bluetooth appVersion 36 mSupportFakeHfpApp.get(packageName) null
01-19 18:48:56.847  3278  3404 D BarFollowAnimation: isAppTaskBarOnTop win:Window{aa09a2d u0 Splash Screen com.soundtherapyapp} (mCurrentTopTask:Task{551f15a #1995 type=standard A=10424:com.soundtherapyapp} : true); (mAssociatedTask:Task{551f15a #1995 type=standard A=10424:com.soundtherapyapp} : true); (mHomeTask:Task{68ecabd #1 type=home} : false); mReparentToOriginParent:false mLastAppBarVisible:true mLastHomeBarVisible:false
01-19 18:48:56.847 21492 21831 D BluetoothLatencyMode: isWiredAudioHeadset.type: 1
01-19 18:48:56.848 21492 21831 D BluetoothLatencyMode: isWiredAudioHeadset.type: 2
01-19 18:48:56.848 21492 21831 D BluetoothLatencyMode: isWiredAudioHeadset.type: 18
01-19 18:48:56.848 29090  2374 E RecentAppsManager: com.soundtherapyapp can't be added to recent list!!
01-19 18:48:56.848 21492 21831 D BluetoothLatencyMode: isWiredAudioHeadset.type: 14
01-19 18:48:56.848 29090  2374 D RelayAppLocalHelper: notifyTaskStackChanged:
01-19 18:48:56.848  3278  3404 D MiuiRefreshRatePolicy: reset
01-19 18:48:56.848 10301 10337 I AppPredictService: difTIme = 343
01-19 18:48:56.848  3278  5557 E TransitionChain: Can't collect into a chain with no transition
01-19 18:48:56.848  3278  5557 D ActivityTaskManager:  setSkipCaptureLayers tr: Task{551f15a #1995 type=standard A=10424:com.soundtherapyapp}
01-19 18:48:56.848  3278  3405 I MiuiWallpaperSurfaceAnimation: wallpaperOffsets:xOffset=0.0,yOffset=0.0
01-19 18:48:56.848  3278  3405 D MiuiWallpaperSurfaceAnimation: updateScaleIfNeeded mPivotX: 0.5, mPivotY: 0.5, x: 0.0, y: 0.0, zoom: 1.0424838
01-19 18:48:56.849 10301 10337 W ContextImpl: Calling a method in the system process without a qualified user: android.app.ContextImpl.startService:2013 android.content.ContextWrapper.startService:871 C1.b.f:40 C1.b$c.onForegroundInfoChanged:22 com.miui.gamebooster.mutiwindow.b$a.onForegroundInfoChanged:174 
01-19 18:48:56.849 14458 17180 D vulkan  : searching for layers in '/data/app/~~jm8cFKfZNCUV81ommGT1pA==/com.soundtherapyapp-BLyaV6ZyV8KWRa18fQEEqQ==/base.apk!/lib/arm64-v8a'
01-19 18:48:56.849  4686  4686 D PassBlur: textureState not update, view com.miui.home.launcher.BlurView{5420920 V.ED..... ........ 0,0-1440,3200 #7f0a026a app:id/launcher_blur_view} visible is true
01-19 18:48:56.849  4686  5632 D com.miui.home: backgroundBlur makeBackgroundImage (ShortcutMenuLayer-6-0xb400007838efed10), blurRadius(183), blurType(-1), blurScaleRatio(0.000000)
01-19 18:48:56.849  5321  5646 I MultiTaskingTaskRepository: needSkip::is home task
01-19 18:48:56.849  3278  5557 D ActivityManager: Logging startService for com.miui.securitycenter, stopped=false, firstLaunch=false, intent=Intent { act=action_anti_fraud_auto_scan_single_app xflg=0x4 cmp=com.miui.securitycenter/com.miui.antivirus.service.GuardService (has extras) }, r.app=ProcessRecord{69c24c9 10301:com.miui.securitycenter.remote/1000}
01-19 18:48:56.849  4686  5632 D com.miui.home: backgroundBlur makeBackgroundImage (BlurView-6-0xb400007838f44d30), blurRadius(61), blurType(-1), blurScaleRatio(0.000000)
01-19 18:48:56.850 10301 12313 E b       : insert result = 71145
01-19 18:48:56.850  5321  5646 D MiuiDecorationHomeController: relayout::taskId=1, userId=0, visible=true, bounds=Rect(0, 0 - 1440, 3200), focused=false, activityType=2, displayId=0, baseActivity=ComponentInfo{com.miui.home/com.miui.home.launcher.Launcher}, topActivity=ComponentInfo{com.miui.home/com.miui.home.launcher.Launcher}, callers=com.android.wm.shell.multitasking.miuimultiwinswitch.miuiwindowdecor.decoration.MiuiDecorationController.relayout:4 com.android.wm.shell.multitasking.miuimultiwinswitch.miuiwindowdecor.MulWinSwitchDecorViewModel.onTaskInfoChanged:18 com.android.wm.shell.multitasking.common.taskmanager.MultiTaskingTaskListener.onTaskInfoChanged:47 com.android.wm.shell.ShellTaskOrganizer.onTaskInfoChanged:129 android.window.TaskOrganizer$1.lambda$onTaskInfoChanged$6:300 
01-19 18:48:56.850  5321  5716 D VRI[Miui Bottom Caption of Task=1995]: getMiuiFreeformStackInfo mTmpFrames.miuiFreeFormStackInfo: null
01-19 18:48:56.850 29090  2374 E SystemUtils: appIsTopAndXSpace: package com.soundtherapyapp, result false
01-19 18:48:56.850 14458 14458 D AppCompatDelegate: Checking for metadata for AppLocalesMetadataHolderService : Service not found
01-19 18:48:56.850  5271  6063 E CountableHandler: Pending message count is over 200, drop message.msg.what = 10007 handler = Handler (com.android.phone.statistics.utils.ModemHydraStat$ModemHydraHandler) {eb04c79}
01-19 18:48:56.850  5321  5321 D ShadeDarkIconDispatcher: receiver delegate onDarkChanged
01-19 18:48:56.850  5271  6055 D NetworkMetricsController: processUidChangeEvent :activity is:ComponentInfo{com.soundtherapyapp/com.soundtherapyapp.MainActivity}
01-19 18:48:56.850  5321  5321 D ShadeDarkIconDispatcher: receiver delegate onDarkChangedWithContrast
01-19 18:48:56.850  5321  5321 D ShadeDarkIconDispatcher: receiver delegate onLightDarkTintChanged
01-19 18:48:56.850  5271  6055 D NetworkMetricsController: processUidChangeEvent :mCurApptype is NONE tempAppType is NONE
01-19 18:48:56.850 14458 14458 I soundtherapyapp: AssetManager2(0xb400007828ebc698) locale list changing from [] to [zh-CN]
01-19 18:48:56.852  5321  5646 D MiuiDecorationHomeBottom: needHomeBottomCaption: needShow = true isSoScLeftRightSplit = false isSoScMinimized = false isPortrait = true needHomeBottomCaption = true
01-19 18:48:56.852  5321  5646 D MiuiDecorationBottom: updateRootView_HomeBottomCaption: taskId = 1 needBottomCaption = true bottomCaptionView = java.lang.Object@483624c
01-19 18:48:56.853  3278  5491 D ActivityManager: Logging bindService for com.miui.powerkeeper, stopped=false, firstLaunch=false
01-19 18:48:56.853  1841  1841 I vendor.qti.hardware.servicetrackeraidl-service: bindService is called for service : com.miui.powerkeeper/.PowerKeeperBackgroundService and for client com.xiaomi.joyose
01-19 18:48:56.853  1841  1841 I vendor.qti.hardware.servicetrackeraidl-service: total connections for service : com.miui.powerkeeper/.PowerKeeperBackgroundServiceare :1
01-19 18:48:56.853  1841  1841 I vendor.qti.hardware.servicetrackeraidl-service: total connections for client : com.xiaomi.joyoseare :2
01-19 18:48:56.853  5321  5646 D MiuiDecorationHomeBottom: updateViews_HomeBottomCaption: taskId=1 soscHomeCenterX=0.0 soscHomeShowingWidth=0 outResult=RelayoutResult{mRoot=java.lang.Object@483624c, mCaptionX=468, mCaptionY=3162, mCaptionWidth=504.0, mCaptionHeight=60.0}
01-19 18:48:56.853  2033  3158 D MI-SF   : updateScene: module = 258 (TpIdle), value = 0, pkg = com.soundtherapyapp, Vrr = 1, mSetTpIdleFlag = 1
01-19 18:48:56.853  2033  3158 D MI-SF   : updateScene mSetTpIdleFlag 0
01-19 18:48:56.853 12372  4091 I SmartPhoneTag_h0: isEnableOptimizeGame: true
01-19 18:48:56.853  5321  5646 D MiuiDecorationBase: updateFocus: update targetAlpha = 77, taskId = 1
01-19 18:48:56.853  5321  5646 D MiuiDecorationBase: updateSampling_HomeBottomCaption: taskId = 1 scale = 1.0 mTaskBounds = Rect(0, 0 - 1440, 3200) mCaptionVisibility = true mIsFsgestureEntered = false isRunningAnim = false isDraggingRecent = false isFreeformElude = false isDecorationShowing = true shouldEnableSampling = true
01-19 18:48:56.853  5321  5646 D MiuiDecorationBase: updateSampling_HomeBottomCaption: samplingRect = Rect(468, 3162 - 972, 3177)
01-19 18:48:56.853  5321  5646 D MiuiDecorationBase: updateVisibility_HomeBottomCaption: taskId=1, isRotationAnimationRunning=false, mCaptionVisible=true, isCaptionVisible=true
01-19 18:48:56.853  5321  5646 D MiuiDecorationMoveHelper: periodicallyMoveUpFirst mTaskId=1, windowingMode=1, caller=relayout
01-19 18:48:56.854 12372  4091 W ContextImpl: Calling a method in the system process without a qualified user: android.app.ContextImpl.sendBroadcast:1280 android.content.ContextWrapper.sendBroadcast:522 z.d.i:38 com.xiaomi.joyose.smartop.gamebooster.control.i.b:1452 com.xiaomi.joyose.smartop.smartp.SmartPPkgStatusManager.e:19 
01-19 18:48:56.855  3278  5557 W ActivityManagerServiceImpl: Sending non-protected broadcast com.android.phone.intent.action.CHANGE_LEVEL from system 12372:com.xiaomi.joyose/1000 pkg com.xiaomi.joyose. Callers=
01-19 18:48:56.855  2033  2033 D MI-SF   : isTpIdleScene ,mAverageFrameRate is 36, 0 
01-19 18:48:56.855  2033  2033 D MI-SF   : modeGroup0 mIsSupportAutomodeForMaxFpsSetting is 0(0), getCurrentBrightness() = 15(388), mIsKeepAutoMode 0 isAutoModeAllowed() 1
01-19 18:48:56.855  2033  2033 D RefreshRateSelector: fixedMode_group: 0, isFindModeGroup 0
01-19 18:48:56.855  2033  2033 D RefreshRateSelector: find max refresh rate:120, mode Group:0
01-19 18:48:56.855  5321  5646 D MultiTaskingTaskRepository: addOrMoveFullscreenTaskToTop::taskId = 1995
01-19 18:48:56.855 12372  4091 I GameBoosterUtils: setNetworkLowDelayPolicy, enable: true
01-19 18:48:56.855 12372  4091 I GST     : app com.soundtherapyapp cold start
01-19 18:48:56.855  3278  5557 D ProcessManager: pms : packageName = com.soundtherapyapp gameScene =0 appState = 3
01-19 18:48:56.855 12372  4091 I GameSceneIdSender: sendGameSceneId, gamePackage: com.soundtherapyapp, sceneId: SCENE_ID_DEFAULT-0, gameStatus: GAME_GOTO_FOREGROUND-3
01-19 18:48:56.855  5321  5646 I MultiTaskingTaskInfo: MultiTaskingBaseTaskInfo::update::mTaskBounds = Rect(0, 0 - 1440, 3200), mTaskId = 1995
01-19 18:48:56.855  5321  5646 D MultiTaskingTransitionsHelper: skip updateBaseAnimParam taskId: 1995 pendingTransitions: [] readyDuringSync: [] tracks: [Track #0 activeTransition: {id=6235 t=OPEN f=0x0 trk=0 r=[0@Point(0, 0)] c=[{m=OPEN f=NONE leash=Surface(name=Task=1995#135486)/@0xc51c9e1 sb=Rect(0, 0 - 1440, 3200) eb=Rect(0, 0 - 1440, 3200) epz=Point(1440, 3200) d=0 taskParent=-1 v=trueMiuiChangeImpl {miuiEmbedding:false, scale:1.0}},{m=TO_BACK f=SHOW_WALLPAPER leash=Surface(name=Task=1#51)/@0xff61ff4 sb=Rect(0, 0 - 1440, 3200) eb=Rect(0, 0 - 1440, 3200) epz=Point(1440, 3200) d=0 taskParent=-1 v=falseMiuiChangeImpl {miuiEmbedding:false, scale:1.0}},{m=TO_BACK f=IS_WALLPAPER leash=Surface(name=WallpaperWindowToken{ff64f09 showWhenLocked=false}#59)/@0x9a3ef63 sb=Rect(0, 0 - 1440, 3200) eb=Rect(0, 0 - 1440, 3200) epz=Point(1440, 3200) d=0 v=falseMiuiChangeImpl {miuiEmbedding:false, scale:1.0}}] mk=[false] noAni=[false] df=[false] rsa=[false] oa=[false] nc=[0] ho=[false] hla=[false] iSync=[-1]}android.os.BinderProxy@645bdc4 readyTransitions: []Track #1 readyTransitions: []Track #2 readyTransitions: []]
01-19 18:48:56.855  5321  5646 I MultiTaskingTaskRepository: onTaskInfoChanged::taskId = 1995, windowingMode = 1, mMultiWindowTaskIdsInZOrder = [5, 4], mFullscreenTaskIdsInZOrder = [1995], mFreeformTaskIdsInZOrder = [], mTasks: 1995, 8, 7, 6, 5, 4, 3, 1, 
01-19 18:48:56.855  5321  5646 D MiuiDecorationController: relayout:: taskId=1995 mRunningTaskInfo.mStatusBarParent=Surface(name=StatusBar Container of Task = 1995#135488)/@0x7f1f5c0 taskInfo.mStatusBarParent=Surface(name=StatusBar Container of Task = 1995#135488)/@0xd3025b5
01-19 18:48:56.855  5321  5646 D MiuiDecorationController: relayout:: taskId=1995 mRunningTaskInfo.mNavBarParent=Surface(name=NavigationBar Container of Task = 1995#135487)/@0xd6652f9 taskInfo.mNavBarParent=Surface(name=NavigationBar Container of Task = 1995#135487)/@0x7fb644a
01-19 18:48:56.855  5321  5646 D MiuiDecorationController: relayout::taskId=1995, visible=true, bounds=Rect(0, 0 - 1440, 3200), focused=true, oldImmersive=false, newImmersive=false, windowMode=1, activityType=1, displayId=0, baseActivity=ComponentInfo{com.soundtherapyapp/com.soundtherapyapp.MainActivity}, topActivity=ComponentInfo{com.soundtherapyapp/com.soundtherapyapp.MainActivity}, callers=com.android.wm.shell.multitasking.miuimultiwinswitch.miuiwindowdecor.decoration.MiuiDecorationController.relayout:4 com.android.wm.shell.multitasking.miuimultiwinswitch.miuiwindowdecor.MulWinSwitchDecorViewModel.onTaskInfoChanged:18 com.android.wm.shell.multitasking.common.taskmanager.MultiTaskingTaskListener.onTaskInfoChanged:47 com.android.wm.shell.ShellTaskOrganizer.onTaskInfoChanged:129 android.window.TaskOrganizer$1.lambda$onTaskInfoChanged$6:300 
01-19 18:48:56.855 12372 12836 I SmartPhoneTag_j: BL: getBoost: block: false blockNew: 0
01-19 18:48:56.855 12372 12836 I SmartPhoneTag_j: BL: Running action
01-19 18:48:56.855  3278  3419 D BroadcastQueue: Logging broadcast for com.android.phone, stopped=false, firstLaunch=false
01-19 18:48:56.855  5321  5646 D MiuiDecorationDot: needTopCaption: isFullscreen = true isPadDevice = false isFoldInnerScreen = false canShowCaptionWhenCasting = false
01-19 18:48:56.856  5321  5646 D MiuiDecorationDot: releaseViews_TopCaption: taskId=1995
01-19 18:48:56.856  5321  5646 D MiuiDecorationDot: releaseViews_TopCaption: taskId=1995
01-19 18:48:56.856  5321  5646 D MiuiDecorationBottom: needBottomCaption: needShow = true
01-19 18:48:56.856  5321  5646 D MiuiDecorationBottom: updateRootView_BottomCaption: taskId = 1995 needBottomCaption = true bottomCaptionView = java.lang.Object@4fce9b6
01-19 18:48:56.856  5321  5646 D MiuiDecorationBottom: updateViews_BottomCaption: taskId=1995 scale=1.0 outResult = RelayoutResult{mRoot=java.lang.Object@4fce9b6, mCaptionX=468, mCaptionY=3162, mCaptionWidth=504.0, mCaptionHeight=60.0}
01-19 18:48:56.856 12372  4091 I SmartPhoneTag_i: TLC disabled on com.soundtherapyapp
01-19 18:48:56.856 12372  4091 W w       : unregisterThermalChangedCallback failed! the listener is not in list! listener: com.xiaomi.joyose.smartop.gamebooster.control.w@5c33d93
01-19 18:48:56.856  5321  5646 D MiuiDecorationBase: updateFocus: update targetAlpha = 166, taskId = 1995
01-19 18:48:56.856 12372  4091 W w       : unregisterThermalChangedCallback failed! the listener is not in list! listener: com.xiaomi.joyose.smartop.gamebooster.control.v@100c5c9
01-19 18:48:56.856  5321  5646 D MiuiDecorationBase: updateSampling_BottomCaption: taskId = 1995 scale = 1.0 mTaskBounds = Rect(0, 0 - 1440, 3200) mCaptionVisibility = true mIsFsgestureEntered = false isRunningAnim = false isDraggingRecent = false isFreeformElude = false isDecorationShowing = true shouldEnableSampling = true
01-19 18:48:56.856 12372  4091 I GameBoosterUtils: sendGameStatusBroadcastToAndroid, gameStatus: 1 backgroundFreezeWhitelist: [com.xiaomi.joyose, com.miui.powerkeeper, com.xiaomi.migameservice, mcd, com.xiaomi.gamecenter.sdk.service]
01-19 18:48:56.856  5321  5646 D MiuiDecorationBase: updateSampling_BottomCaption: samplingRect = Rect(468, 3162 - 972, 3177)
01-19 18:48:56.856  5321  5646 D MiuiDecorationBase: updateVisibility_BottomCaption: taskId=1995, isRotationAnimationRunning=false, mCaptionVisible=true, isCaptionVisible=true
01-19 18:48:56.856  5321  5646 D MiuiDecorationMoveHelper: periodicallyMoveUpFirst mTaskId=1995, windowingMode=1, caller=relayout
01-19 18:48:56.856  3278  3419 D BroadcastQueue: Logging broadcast for com.android.phone, stopped=false, firstLaunch=false
01-19 18:48:56.856 12372  4091 W ContextImpl: Calling a method in the system process without a qualified user: android.app.ContextImpl.sendBroadcast:1280 android.content.ContextWrapper.sendBroadcast:522 z.d.h:60 com.xiaomi.joyose.smartop.gamebooster.control.i.b:1975 com.xiaomi.joyose.smartop.smartp.SmartPPkgStatusManager.e:19 
01-19 18:48:56.856  5321  5646 D MiuiFreeformModeController: onFocusTaskChanged taskInfo: TaskInfo{userId=0 taskId=1995 effectiveUid=10424 displayId=0 isRunning=true baseIntent=Intent { flg=0x10000000 cmp=com.soundtherapyapp/.MainActivity } baseActivity=ComponentInfo{com.soundtherapyapp/com.soundtherapyapp.MainActivity} topActivity=ComponentInfo{com.soundtherapyapp/com.soundtherapyapp.MainActivity} origActivity=null realActivity=ComponentInfo{com.soundtherapyapp/com.soundtherapyapp.MainActivity} numActivities=1 lastActiveTime=882186081 supportsSplitScreenMultiWindow=true mSoScDisplayMode=-1 supportsMultiWindow=true resizeMode=1 isResizeable=true minWidth=-1 minHeight=-1 defaultMinSize=200 token=WCT{android.window.IWindowContainerToken$Stub$Proxy@9504c97} topActivityType=1 pictureInPictureParams=null shouldDockBigOverlays=false launchIntoPipHostTaskId=-1 lastParentTaskIdBeforePip=-1 displayCutoutSafeInsets=Rect(0, 0 - 0, 0) topActivityInfo=ActivityInfo{250ce84 com.soundtherapyapp.MainActivity} launchCookies=[] positionInParent=Point(0, 0) parentTaskId=-1 isFocused=true isVisible=true isVisibleRequested=true isTopActivityNoDisplay=false isSleeping=false locusId=null displayAreaFeatureId=1 isTopActivityTransparent=false isActivityStackTransparent=false lastNonFullscreenBounds=Rect(372, 930 - 1068, 2370) capturedLink=null capturedLinkTimestamp=0 requestedVisibleTypes=-9 topActivityRequestOpenInBrowserEducationTimestamp=0 appCompatTaskInfo=AppCompatTaskInfo { topActivityInSizeCompat=false eligibleForLetterboxEducation= false topActivityInMiuiSizeCompat=false isLetterboxEducationEnabled= false isLetterboxDoubleTapEnabled= false eligibleForUserAspectRatioButton= false topActivityBoundsLetterboxed= false isFromLetterboxDoubleTap= false topActivityLetterboxVerticalPosition= -1 topActivityLetterboxHorizontalPosition= -1 topActivityLetterboxWidth=-1 topActivityLetterboxHeight=-1 topActivityAppBounds=Rect(0, 0 - 1440, 3200) isUserFullscreenOverrideEnabled=false isSystemFullscreenOverrideEnabled=false hasMinAspectRatioOverride=false topActivityLetterboxBounds=null cameraCompatTaskInfo=CameraCompatTaskInfo { freeformCameraCompatMode=inactive}} isImmersive=false mTopActivityRequestOrientation=-1 mStatusBarParent=Surface(name=StatusBar Container of Task = 1995#135488)/@0xd3025b5 mNavBarParent=Surface(name=NavigationBar Container of Task = 1995#135487)/@0x7fb644a mBehindAppLockPkg=null mOriginatingUid=0 isEmbedded=false shouldBeVisible=true isCreatedByOrganizer=false mIsCastMode=false mTopActivityMediaSize=null mTopActivityRecordName=ActivityRecord{107379567 u0 com.soundtherapyapp/.MainActivity t1995} mTopActivityOrientation=-1 topActivityMainWindowFrame=null}
01-19 18:48:56.856  3278  3419 D BroadcastQueue: Logging broadcast for com.android.phone, stopped=false, firstLaunch=false
01-19 18:48:56.856  3278  3419 D BroadcastQueue: Logging broadcast for com.android.phone, stopped=false, firstLaunch=false
01-19 18:48:56.856  3278  3419 D BroadcastQueue: Logging broadcast for com.android.phone, stopped=false, firstLaunch=false
01-19 18:48:56.857  3278  3419 D BroadcastQueue: Logging broadcast for com.android.phone, stopped=false, firstLaunch=false
01-19 18:48:56.857  3278  3405 I MiuiWallpaperSurfaceAnimation: wallpaperOffsets:xOffset=0.0,yOffset=0.0
01-19 18:48:56.857  3278  3405 D MiuiWallpaperSurfaceAnimation: updateScaleIfNeeded mPivotX: 0.5, mPivotY: 0.5, x: 0.0, y: 0.0, zoom: 1.0467771
01-19 18:48:56.857  3278  3419 D BroadcastQueue: Logging broadcast for com.android.phone, stopped=false, firstLaunch=false
01-19 18:48:56.857  3278  3419 D BroadcastQueue: Logging broadcast for com.android.phone, stopped=false, firstLaunch=false
01-19 18:48:56.857  4686  4686 D PassBlur: textureState not update, view com.miui.home.launcher.BlurView{5420920 V.ED..... ........ 0,0-1440,3200 #7f0a026a app:id/launcher_blur_view} visible is true
01-19 18:48:56.857  3278  3419 D BroadcastQueue: Logging broadcast for com.android.phone, stopped=false, firstLaunch=false
01-19 18:48:56.858  3278  3419 D BroadcastQueue: Logging broadcast for com.android.phone, stopped=false, firstLaunch=false
01-19 18:48:56.858  4686  5632 D com.miui.home: backgroundBlur makeBackgroundImage (ShortcutMenuLayer-6-0xb400007838efed10), blurRadius(183), blurType(-1), blurScaleRatio(0.000000)
01-19 18:48:56.858  5271  6158 D LowLatencyAidlService: Low Latency Level Changed Event Received
01-19 18:48:56.858  5271  6158 D LowLatencyAidlService: handleMessage msg.what:2
01-19 18:48:56.858  3278  3419 D BroadcastQueue: Logging broadcast for com.android.phone, stopped=false, firstLaunch=false
01-19 18:48:56.858  5271  5707 E CountableHandler: Pending message count is over 200, drop message.msg.what = 0 handler = Handler (com.android.phone.statistics.utils.ModemHydraStat$ModemHydraHandler) {eb04c79}
01-19 18:48:56.858  4686  5632 D com.miui.home: backgroundBlur makeBackgroundImage (BlurView-6-0xb400007838f44d30), blurRadius(67), blurType(-1), blurScaleRatio(0.000000)
01-19 18:48:56.857  5321  5716 D VRI[Miui Bottom Caption of Task=1]: getMiuiFreeformStackInfo mTmpFrames.miuiFreeFormStackInfo: null
01-19 18:48:56.858  3278  5488 D BarFollowAnimation: onTaskInfoChanedForCaptionBar Task{551f15a #1995 type=standard A=10424:com.soundtherapyapp} shouldbeVisible:true isVisible:true isOnTop:true windowMode:1 preDisplayId:-1 displayId:0 mCaptionAssociatedTask:null mIsTouchedInCaption:false
01-19 18:48:56.858  3278  5557 W ActivityManagerServiceImpl: Sending non-protected broadcast com.xiaomi.joyose.action.GAME_STATUS_UPDATE from system 12372:com.xiaomi.joyose/1000 pkg com.xiaomi.joyose. Callers=
01-19 18:48:56.858  1834  2080 E PERFHAL-REQUEST: PERFHAL-REQUEST: Process() 398: Translate to physical failed
01-19 18:48:56.858  1834  2080 E PERFHAL-TARGETCONFIG: PERFHAL-TARGETCONFIG: getCoresInCluster() 86: Error: Invalid cluster id 3
01-19 18:48:56.858  1834  2080 E PERFHAL-REQUEST: PERFHAL-REQUEST: Process() 398: Translate to physical failed
01-19 18:48:56.858  1834  2080 E PERFHAL-OPTSHANDLER: PERFHAL-OPTSHANDLER: modify_sysfsnode() 1356: Perflock resource /sys/class/devfreq/soc:qcom,cpubw/min_freq not supported
01-19 18:48:56.858  1834  2080 E PERFHAL-RESOURCEQS: PERFHAL-RESOURCEQS: AddAndApply() 159: Failed to apply optimization [6, 0]
01-19 18:48:56.858  4686  4686 D RecentsModel: onTaskDescriptionChanged =  taskId = 1995
01-19 18:48:56.858  1834  2080 E PERFHAL-UTIL: PERFHAL-UTIL: save_node_val() 266: Failed to read /sys/class/mmc_host/mmc0/clk_scaling/enable
01-19 18:48:56.858  1834  2080 E PERFHAL-OPTSHANDLER: PERFHAL-OPTSHANDLER: modify_sysfsnode() 1409: Failed to read /sys/class/mmc_host/mmc0/clk_scaling/enable
01-19 18:48:56.858  1834  2080 E PERFHAL-RESOURCEQS: PERFHAL-RESOURCEQS: AddAndApply() 159: Failed to apply optimization [11, 4]
01-19 18:48:56.858  1834  2080 E PERFHAL-OPTSHANDLER: PERFHAL-OPTSHANDLER: modify_sysfsnode() 1356: Perflock resource /sys/class/devfreq/soc:qcom,llccbw/min_freq not supported
01-19 18:48:56.858  1834  2080 E PERFHAL-RESOURCEQS: PERFHAL-RESOURCEQS: AddAndApply() 159: Failed to apply optimization [12, 0]
01-19 18:48:56.859  3278  3419 D BroadcastQueue: Logging broadcast for android, stopped=false, firstLaunch=false
01-19 18:48:56.859 12372  4091 W ContextImpl: Calling a method in the system process without a qualified user: android.app.ContextImpl.sendStickyBroadcast:1670 android.content.ContextWrapper.sendStickyBroadcast:714 com.xiaomi.joyose.smartop.gamebooster.control.i.b:1993 com.xiaomi.joyose.smartop.smartp.SmartPPkgStatusManager.e:19 com.xiaomi.joyose.smartop.smartp.SmartPPkgStatusManager.a:1 
01-19 18:48:56.859  5321  5321 D ShadeDarkIconDispatcher: receiver delegate onDarkChanged
01-19 18:48:56.860  5321  5321 D ShadeDarkIconDispatcher: receiver delegate onDarkChangedWithContrast
01-19 18:48:56.860  5321  5321 D ShadeDarkIconDispatcher: receiver delegate onLightDarkTintChanged
01-19 18:48:56.860 12372  4091 W ContextImpl: Calling a method in the system process without a qualified user: android.app.ContextImpl.sendStickyBroadcast:1670 android.content.ContextWrapper.sendStickyBroadcast:714 com.xiaomi.joyose.smartop.gamebooster.control.i.b:2001 com.xiaomi.joyose.smartop.smartp.SmartPPkgStatusManager.e:19 com.xiaomi.joyose.smartop.smartp.SmartPPkgStatusManager.a:1 
01-19 18:48:56.860  3278  3419 D BroadcastQueue: Logging broadcast for com.xiaomi.bluetooth, stopped=false, firstLaunch=false
01-19 18:48:56.860  6522  6522 D MiuiFastConnectService_Plugin: onReceive(): action = com.xiaomi.joyose.GAME_START
01-19 18:48:56.860  6522  6522 D MiuiFastConnectService_Plugin: game_start_state: true
01-19 18:48:56.860  6522  6522 D MiuiFastConnectService_Plugin: stopBleScan: scanning: false
01-19 18:48:56.860 12372  4091 W ContextImpl: Calling a method in the system process without a qualified user: android.app.ContextImpl.sendStickyBroadcast:1670 android.content.ContextWrapper.sendStickyBroadcast:714 com.xiaomi.joyose.smartop.gamebooster.control.i.b:2009 com.xiaomi.joyose.smartop.smartp.SmartPPkgStatusManager.e:19 com.xiaomi.joyose.smartop.smartp.SmartPPkgStatusManager.a:1 
01-19 18:48:56.860  5321  5716 D VRI[Miui Bottom Caption of Task=1995]: getMiuiFreeformStackInfo mTmpFrames.miuiFreeFormStackInfo: null
01-19 18:48:56.860 12372 12836 I SmartPhoneTag_j: BL: getBoost: block: false blockNew: 0
01-19 18:48:56.860 12372 12836 I SmartPhoneTag_j: BL: Running action
01-19 18:48:56.860 12372  4091 I CurrentGameInfo: isGaming, mSceneId = -1
01-19 18:48:56.860 12372  4091 E g_AT    : is not perf version
01-19 18:48:56.861 12372  4091 I SmartPhoneTag_MiEventController: start watching
01-19 18:48:56.861  3278  3419 D BroadcastQueue: Logging broadcast for android, stopped=false, firstLaunch=false
01-19 18:48:56.861  3278  3822 D MiuiMultiFingerGestureManager: ganme name: com.soundtherapyapp ganme uid: 10424
01-19 18:48:56.861  3278  3822 D MiuiMultiFingerGestureManager: isGameForeground: true
01-19 18:48:56.861 12372 31149 I SmartPhoneTag_a: MSG_GAME_FOREGROUND
01-19 18:48:56.861 12372 31149 I SmartPhoneTag_a: onCompositeSceneChanged, pkg: com.soundtherapyapp, hasSmallWindow: false, isCGame: false, compositeSceneType: 0
01-19 18:48:56.861 21492 21831 D BtGatt.ScanManagerInjector: onEvent() - mForegroundGameUid = 10424
01-19 18:48:56.861  3278  3419 D BroadcastQueue: Logging broadcast for android, stopped=false, firstLaunch=false
01-19 18:48:56.861 21492 17186 D BtGatt.ScanManagerInjector: suspend background scans when game start
01-19 18:48:56.861 21492 21776 I ScanManager: msg.what = MSG_SUSPEND_BACKGROUND_SCANS, msg.arg1 = GAME_MODE
