01-19 18:48:39.557  1857  2445 D DisplayFeatureHal: getParam Node Expert, case Enable, value 0
01-19 18:48:39.558  1828  2639 I SDM     : DRMPanelFeatureMgr::ApplyDirtyFeature: Commited panel feature [enabled]: 21-266
01-19 18:48:39.558  1828  2639 I SDM     : DRMPanelFeatureMgr::ApplyDirtyFeature: Commited panel feature [enabled]: 8-265
01-19 18:48:39.558  1828  4133 I SDM     : NotifyCWBStatus: Notify the client about buffer (0x30844fb0) status 0 for display-0.
01-19 18:48:39.559  1828  4133 I SDM     : SDMConcurrentWriteBack::ProcessCWBStatus: CWB queue is empty. Display: 0
01-19 18:48:39.563  1828  3090 I SDM     : HWPeripheralDRM::SetPanelFeature: Set Panel feature property 20
01-19 18:48:39.563  1828  3090 I SDM     : HWPeripheralDRM::SetPanelFeature: Set Panel feature property 7
01-19 18:48:39.565  1828  3097 D SDM     : DisplayBuiltIn::SetPanelBrightness: Setting brightness to level 111 (0.673967 percent)
01-19 18:48:39.566  1857  2445 D DisplayFeatureHal: getParam Node Expert, case Enable, value 0
01-19 18:48:39.566  1828  2639 I SDM     : DRMPanelFeatureMgr::ApplyDirtyFeature: Commited panel feature [enabled]: 21-266
01-19 18:48:39.566  1828  2639 I SDM     : DRMPanelFeatureMgr::ApplyDirtyFeature: Commited panel feature [enabled]: 8-265
01-19 18:48:39.571  1828  3090 I SDM     : HWPeripheralDRM::SetPanelFeature: Set Panel feature property 20
01-19 18:48:39.572  1828  3090 I SDM     : HWPeripheralDRM::SetPanelFeature: Set Panel feature property 7
01-19 18:48:39.573  1828  3097 D SDM     : DisplayBuiltIn::SetPanelBrightness: Setting brightness to level 109 (0.661520 percent)
01-19 18:48:39.574  1857  2445 D DisplayFeatureHal: getParam Node Expert, case Enable, value 0
01-19 18:48:39.574  1828  2639 I SDM     : DRMPanelFeatureMgr::ApplyDirtyFeature: Commited panel feature [enabled]: 21-266
01-19 18:48:39.574  1828  2639 I SDM     : DRMPanelFeatureMgr::ApplyDirtyFeature: Commited panel feature [enabled]: 8-265
01-19 18:48:39.579  1828  3090 I SDM     : HWPeripheralDRM::SetPanelFeature: Set Panel feature property 20
01-19 18:48:39.579  1828  3090 I SDM     : HWPeripheralDRM::SetPanelFeature: Set Panel feature property 7
01-19 18:48:39.582  1828  3097 D SDM     : DisplayBuiltIn::SetPanelBrightness: Setting brightness to level 107 (0.649302 percent)
01-19 18:48:39.582  1828  2639 I SDM     : DRMPanelFeatureMgr::ApplyDirtyFeature: Commited panel feature [enabled]: 21-266
01-19 18:48:39.582  1828  2639 I SDM     : DRMPanelFeatureMgr::ApplyDirtyFeature: Commited panel feature [enabled]: 8-265
01-19 18:48:39.583  1857  2445 D DisplayFeatureHal: getParam Node Expert, case Enable, value 0
01-19 18:48:39.587  1828  3090 I SDM     : HWPeripheralDRM::SetPanelFeature: Set Panel feature property 20
01-19 18:48:39.587  1828  3090 I SDM     : HWPeripheralDRM::SetPanelFeature: Set Panel feature property 7
01-19 18:48:39.590  1828  3097 D SDM     : DisplayBuiltIn::SetPanelBrightness: Setting brightness to level 105 (0.637309 percent)
01-19 18:48:39.591  1857  2445 D DisplayFeatureHal: getParam Node Expert, case Enable, value 0
01-19 18:48:39.591  1828  2639 I SDM     : DRMPanelFeatureMgr::ApplyDirtyFeature: Commited panel feature [enabled]: 21-266
01-19 18:48:39.591  1828  2639 I SDM     : DRMPanelFeatureMgr::ApplyDirtyFeature: Commited panel feature [enabled]: 8-265
01-19 18:48:39.597  1828  3090 I SDM     : HWPeripheralDRM::SetPanelFeature: Set Panel feature property 20
01-19 18:48:39.597  1828  3090 I SDM     : HWPeripheralDRM::SetPanelFeature: Set Panel feature property 7
01-19 18:48:39.599  1828  3097 D SDM     : DisplayBuiltIn::SetPanelBrightness: Setting brightness to level 103 (0.625538 percent)
01-19 18:48:39.599  1857  2445 D DisplayFeatureHal: getParam Node Expert, case Enable, value 0
01-19 18:48:39.600  1828  2639 I SDM     : DRMPanelFeatureMgr::ApplyDirtyFeature: Commited panel feature [enabled]: 21-266
01-19 18:48:39.600  1828  2639 I SDM     : DRMPanelFeatureMgr::ApplyDirtyFeature: Commited panel feature [enabled]: 8-265
01-19 18:48:39.606  1828  3090 I SDM     : HWPeripheralDRM::SetPanelFeature: Set Panel feature property 20
01-19 18:48:39.606  1828  3090 I SDM     : HWPeripheralDRM::SetPanelFeature: Set Panel feature property 7
01-19 18:48:39.607  1828  3097 D SDM     : DisplayBuiltIn::SetPanelBrightness: Setting brightness to level 102 (0.613984 percent)
01-19 18:48:39.607  1857  2445 D DisplayFeatureHal: getParam Node Expert, case Enable, value 0
01-19 18:48:39.613  1828  3090 I SDM     : HWPeripheralDRM::SetPanelFeature: Set Panel feature property 20
01-19 18:48:39.613  1828  3090 W SDM     : DRMPanelFeatureMgr::CachePanelFeature: Property is set twice obj_id 205, prop_id 21
01-19 18:48:39.613  1828  3090 I SDM     : HWPeripheralDRM::SetPanelFeature: Set Panel feature property 7
01-19 18:48:39.613  1828  3090 W SDM     : DRMPanelFeatureMgr::CachePanelFeature: Property is set twice obj_id 205, prop_id 8
01-19 18:48:39.615  3278  4132 D MiuiWifiCommonBase: band: 4, compensate: 0
01-19 18:48:39.616  1828  3097 D SDM     : DisplayBuiltIn::SetPanelBrightness: Setting brightness to level 100 (0.602644 percent)
01-19 18:48:39.617  1828  2639 I SDM     : DRMPanelFeatureMgr::ApplyDirtyFeature: Commited panel feature [enabled]: 21-266
01-19 18:48:39.617  1828  2639 I SDM     : DRMPanelFeatureMgr::ApplyDirtyFeature: Commited panel feature [enabled]: 8-265
01-19 18:48:39.617  1857  2445 D DisplayFeatureHal: getParam Node Expert, case Enable, value 0
01-19 18:48:39.620  5271  6317 E PhoneAdapter: get ntnphones failed, exception: java.lang.IllegalStateException: not support satellite!
01-19 18:48:39.621  7696  7780 D JavaheapMonitor: Java heap used=8M max=256M, proc: com.xiaomi.cameramind
01-19 18:48:39.621  7696  7780 V JavaheapMonitor: Check java heap usage finished! Next check delay: 300000
01-19 18:48:39.623  1828  3090 I SDM     : HWPeripheralDRM::SetPanelFeature: Set Panel feature property 20
01-19 18:48:39.623  1828  3090 I SDM     : HWPeripheralDRM::SetPanelFeature: Set Panel feature property 7
01-19 18:48:39.624  1828  3097 D SDM     : DisplayBuiltIn::SetPanelBrightness: Setting brightness to level 98 (0.591514 percent)
01-19 18:48:39.624  1857  2445 D DisplayFeatureHal: getParam Node Expert, case Enable, value 0
01-19 18:48:39.624  1828  2639 I SDM     : DRMPanelFeatureMgr::ApplyDirtyFeature: Commited panel feature [enabled]: 21-266
01-19 18:48:39.624  1828  2639 I SDM     : DRMPanelFeatureMgr::ApplyDirtyFeature: Commited panel feature [enabled]: 8-265
01-19 18:48:39.627  5321  5321 D ControlCenterHeaderExpandController: onExpansionChanged: progress =  0.0
01-19 18:48:39.628  5321  5321 D ControlCenterHeaderExpandController: onExpansionChanged: progress =  0.0
01-19 18:48:39.628  5321  5321 D ControlCenterHeaderExpandController: onExpansionChanged: progress =  0.0
01-19 18:48:39.628  1828  3090 I SDM     : HWPeripheralDRM::SetPanelFeature: Set Panel feature property 20
01-19 18:48:39.628  1828  3090 I SDM     : HWPeripheralDRM::SetPanelFeature: Set Panel feature property 7
01-19 18:48:39.625  2033  2033 W binder:2033_4: type=1400 audit(0.0:3112595): avc:  denied  { search } for  name="mcd" dev="dm-56" ino=1126 scontext=u:r:surfaceflinger:s0 tcontext=u:object_r:mcd_data_file:s0 tclass=dir permissive=0
01-19 18:48:39.625  2033  2033 W binder:2033_4: type=1400 audit(0.0:3112596): avc:  denied  { search } for  name="mcd" dev="dm-56" ino=1126 scontext=u:r:surfaceflinger:s0 tcontext=u:object_r:mcd_data_file:s0 tclass=dir permissive=0
01-19 18:48:39.631  2596  4119 I libsensor-boledalgo: Write:the value of channelCali C:6620.7,R:2394.5,G:2469.0,B:411.6,scales [0.768425,0.771258,0.754871,0.816696]
01-19 18:48:39.631  2596  4119 D libsensor-boledalgo: brightness:129,R:1.0,G:12879.5,B:12195.8,EVENT C:9487.0,R:3503.0,G:3586.0,B:702.0, lux: 8.6, clone:10704
01-19 18:48:39.632  1828  3097 D SDM     : DisplayBuiltIn::SetPanelBrightness: Setting brightness to level 96 (0.580589 percent)
01-19 18:48:39.632  1857  2445 D DisplayFeatureHal: getParam Node Expert, case Enable, value 0
01-19 18:48:39.633  1828  2639 I SDM     : DRMPanelFeatureMgr::ApplyDirtyFeature: Commited panel feature [enabled]: 21-266
01-19 18:48:39.633  1828  2639 I SDM     : DRMPanelFeatureMgr::ApplyDirtyFeature: Commited panel feature [enabled]: 8-265
01-19 18:48:39.635  5321  5321 D ControlCenterHeaderExpandController: onExpansionChanged: progress =  0.0
01-19 18:48:39.638  1828  3090 I SDM     : HWPeripheralDRM::SetPanelFeature: Set Panel feature property 20
01-19 18:48:39.638  1828  3090 I SDM     : HWPeripheralDRM::SetPanelFeature: Set Panel feature property 7
01-19 18:48:39.641  1828  3097 D SDM     : DisplayBuiltIn::SetPanelBrightness: Setting brightness to level 94 (0.569866 percent)
01-19 18:48:39.641  1857  2445 D DisplayFeatureHal: getParam Node Expert, case Enable, value 0
01-19 18:48:39.641  1828  2639 I SDM     : DRMPanelFeatureMgr::ApplyDirtyFeature: Commited panel feature [enabled]: 21-266
01-19 18:48:39.642  1828  2639 I SDM     : DRMPanelFeatureMgr::ApplyDirtyFeature: Commited panel feature [enabled]: 8-265
01-19 18:48:39.643  5321  5321 D ControlCenterHeaderExpandController: onExpansionChanged: progress =  0.0
01-19 18:48:39.647  1828  3090 I SDM     : HWPeripheralDRM::SetPanelFeature: Set Panel feature property 20
01-19 18:48:39.647  1828  3090 I SDM     : HWPeripheralDRM::SetPanelFeature: Set Panel feature property 7
01-19 18:48:39.649  1828  3097 D SDM     : DisplayBuiltIn::SetPanelBrightness: Setting brightness to level 93 (0.559341 percent)
01-19 18:48:39.649  1857  2445 D DisplayFeatureHal: getParam Node Expert, case Enable, value 0
01-19 18:48:39.650  1828  2639 I SDM     : DRMPanelFeatureMgr::ApplyDirtyFeature: Commited panel feature [enabled]: 21-266
01-19 18:48:39.650  1828  2639 I SDM     : DRMPanelFeatureMgr::ApplyDirtyFeature: Commited panel feature [enabled]: 8-265
01-19 18:48:39.656  1828  3090 I SDM     : HWPeripheralDRM::SetPanelFeature: Set Panel feature property 20
01-19 18:48:39.656  1828  3090 I SDM     : HWPeripheralDRM::SetPanelFeature: Set Panel feature property 7
01-19 18:48:39.657  1828  3097 D SDM     : DisplayBuiltIn::SetPanelBrightness: Setting brightness to level 91 (0.549010 percent)
01-19 18:48:39.658  1857  2445 D DisplayFeatureHal: getParam Node Expert, case Enable, value 0
01-19 18:48:39.658  1828  2639 I SDM     : DRMPanelFeatureMgr::ApplyDirtyFeature: Commited panel feature [enabled]: 21-266
01-19 18:48:39.658  1828  2639 I SDM     : DRMPanelFeatureMgr::ApplyDirtyFeature: Commited panel feature [enabled]: 8-265
01-19 18:48:39.664  1828  3090 I SDM     : HWPeripheralDRM::SetPanelFeature: Set Panel feature property 20
01-19 18:48:39.664  1828  3090 I SDM     : HWPeripheralDRM::SetPanelFeature: Set Panel feature property 7
01-19 18:48:39.665  1828  3097 D SDM     : DisplayBuiltIn::SetPanelBrightness: Setting brightness to level 89 (0.538870 percent)
01-19 18:48:39.665  1857  2445 D DisplayFeatureHal: getParam Node Expert, case Enable, value 0
01-19 18:48:39.666  1828  2639 I SDM     : DRMPanelFeatureMgr::ApplyDirtyFeature: Commited panel feature [enabled]: 21-266
01-19 18:48:39.666  1828  2639 I SDM     : DRMPanelFeatureMgr::ApplyDirtyFeature: Commited panel feature [enabled]: 8-265
01-19 18:48:39.671  1828  3090 I SDM     : HWPeripheralDRM::SetPanelFeature: Set Panel feature property 20
01-19 18:48:39.671  1828  3090 I SDM     : HWPeripheralDRM::SetPanelFeature: Set Panel feature property 7
01-19 18:48:39.674  1828  3097 D SDM     : DisplayBuiltIn::SetPanelBrightness: Setting brightness to level 88 (0.528917 percent)
01-19 18:48:39.674  1857  2445 D DisplayFeatureHal: getParam Node Expert, case Enable, value 0
01-19 18:48:39.674  1828  2639 I SDM     : DRMPanelFeatureMgr::ApplyDirtyFeature: Commited panel feature [enabled]: 21-266
01-19 18:48:39.674  1828  2639 I SDM     : DRMPanelFeatureMgr::ApplyDirtyFeature: Commited panel feature [enabled]: 8-265
01-19 18:48:39.679  1828  3090 I SDM     : HWPeripheralDRM::SetPanelFeature: Set Panel feature property 20
01-19 18:48:39.679  1828  3090 I SDM     : HWPeripheralDRM::SetPanelFeature: Set Panel feature property 7
01-19 18:48:39.682  1828  3097 D SDM     : DisplayBuiltIn::SetPanelBrightness: Setting brightness to level 86 (0.519148 percent)
01-19 18:48:39.682  1857  2445 D DisplayFeatureHal: getParam Node Expert, case Enable, value 0
01-19 18:48:39.682  1828  2639 I SDM     : DRMPanelFeatureMgr::ApplyDirtyFeature: Commited panel feature [enabled]: 21-266
01-19 18:48:39.682  1828  2639 I SDM     : DRMPanelFeatureMgr::ApplyDirtyFeature: Commited panel feature [enabled]: 8-265
01-19 18:48:39.689  1828  3090 I SDM     : HWPeripheralDRM::SetPanelFeature: Set Panel feature property 20
01-19 18:48:39.689  1828  3090 I SDM     : HWPeripheralDRM::SetPanelFeature: Set Panel feature property 7
01-19 18:48:39.690  1828  3097 D SDM     : DisplayBuiltIn::SetPanelBrightness: Setting brightness to level 84 (0.509560 percent)
01-19 18:48:39.691  1857  2445 D DisplayFeatureHal: getParam Node Expert, case Enable, value 0
01-19 18:48:39.697  1828  3090 I SDM     : HWPeripheralDRM::SetPanelFeature: Set Panel feature property 20
01-19 18:48:39.697  1828  3090 W SDM     : DRMPanelFeatureMgr::CachePanelFeature: Property is set twice obj_id 205, prop_id 21
01-19 18:48:39.697  1828  3090 I SDM     : HWPeripheralDRM::SetPanelFeature: Set Panel feature property 7
01-19 18:48:39.697  1828  3090 W SDM     : DRMPanelFeatureMgr::CachePanelFeature: Property is set twice obj_id 205, prop_id 8
01-19 18:48:39.699  1828  3097 D SDM     : DisplayBuiltIn::SetPanelBrightness: Setting brightness to level 83 (0.500148 percent)
01-19 18:48:39.699  1857  2445 D DisplayFeatureHal: getParam Node Expert, case Enable, value 0
01-19 18:48:39.700  1828  2639 I SDM     : DRMPanelFeatureMgr::ApplyDirtyFeature: Commited panel feature [enabled]: 21-266
01-19 18:48:39.700  1828  2639 I SDM     : DRMPanelFeatureMgr::ApplyDirtyFeature: Commited panel feature [enabled]: 8-265
01-19 18:48:39.705  1828  3090 I SDM     : HWPeripheralDRM::SetPanelFeature: Set Panel feature property 20
01-19 18:48:39.705  1828  3090 I SDM     : HWPeripheralDRM::SetPanelFeature: Set Panel feature property 7
01-19 18:48:39.707  1828  3097 D SDM     : DisplayBuiltIn::SetPanelBrightness: Setting brightness to level 81 (0.490911 percent)
01-19 18:48:39.707  1828  2639 I SDM     : DRMPanelFeatureMgr::ApplyDirtyFeature: Commited panel feature [enabled]: 21-266
01-19 18:48:39.708  1828  2639 I SDM     : DRMPanelFeatureMgr::ApplyDirtyFeature: Commited panel feature [enabled]: 8-265
01-19 18:48:39.708  1857  2445 D DisplayFeatureHal: getParam Node Expert, case Enable, value 0
01-19 18:48:39.714  1828  3090 I SDM     : HWPeripheralDRM::SetPanelFeature: Set Panel feature property 20
01-19 18:48:39.714  1828  3090 I SDM     : HWPeripheralDRM::SetPanelFeature: Set Panel feature property 7
01-19 18:48:39.716  1828  3097 D SDM     : DisplayBuiltIn::SetPanelBrightness: Setting brightness to level 80 (0.481843 percent)
01-19 18:48:39.717  1857  2445 D DisplayFeatureHal: getParam Node Expert, case Enable, value 0
01-19 18:48:39.717  1828  2639 I SDM     : DRMPanelFeatureMgr::ApplyDirtyFeature: Commited panel feature [enabled]: 21-266
01-19 18:48:39.718  1828  2639 I SDM     : DRMPanelFeatureMgr::ApplyDirtyFeature: Commited panel feature [enabled]: 8-265
01-19 18:48:39.724  1828  3097 D SDM     : DisplayBuiltIn::SetPanelBrightness: Setting brightness to level 78 (0.472944 percent)
01-19 18:48:39.726  1857  2445 D DisplayFeatureHal: getParam Node Expert, case Enable, value 0
01-19 18:48:39.732  1828  3097 D SDM     : DisplayBuiltIn::SetPanelBrightness: Setting brightness to level 77 (0.464208 percent)
01-19 18:48:39.733  1828  3090 I SDM     : HWPeripheralDRM::SetPanelFeature: Set Panel feature property 20
01-19 18:48:39.734  1828  3090 I SDM     : HWPeripheralDRM::SetPanelFeature: Set Panel feature property 7
01-19 18:48:39.734  1857  2445 D DisplayFeatureHal: getParam Node Expert, case Enable, value 0
01-19 18:48:39.738  1828  3090 I SDM     : HWPeripheralDRM::SetPanelFeature: Set Panel feature property 20
01-19 18:48:39.738  1828  3090 W SDM     : DRMPanelFeatureMgr::CachePanelFeature: Property is set twice obj_id 205, prop_id 21
01-19 18:48:39.738  1828  3090 I SDM     : HWPeripheralDRM::SetPanelFeature: Set Panel feature property 7
01-19 18:48:39.738  1828  3090 W SDM     : DRMPanelFeatureMgr::CachePanelFeature: Property is set twice obj_id 205, prop_id 8
01-19 18:48:39.740  1828  3097 D SDM     : DisplayBuiltIn::SetPanelBrightness: Setting brightness to level 76 (0.455634 percent)
01-19 18:48:39.741  1857  2445 D DisplayFeatureHal: getParam Node Expert, case Enable, value 0
01-19 18:48:39.741  1828  3090 I SDM     : HWPeripheralDRM::SetPanelFeature: Set Panel feature property 20
01-19 18:48:39.741  1828  3090 W SDM     : DRMPanelFeatureMgr::CachePanelFeature: Property is set twice obj_id 205, prop_id 21
01-19 18:48:39.741  1828  3090 I SDM     : HWPeripheralDRM::SetPanelFeature: Set Panel feature property 7
01-19 18:48:39.741  1828  3090 W SDM     : DRMPanelFeatureMgr::CachePanelFeature: Property is set twice obj_id 205, prop_id 8
01-19 18:48:39.742  1828  3093 I vendor.qti.hardware.display.composer-service: Sensor: notify citsensorservice to trigger cwb, misForced = 0
01-19 18:48:39.742  1828  2639 I SDM     : DRMPanelFeatureMgr::ApplyDirtyFeature: Commited panel feature [enabled]: 21-266
01-19 18:48:39.742  1828  2639 I SDM     : DRMPanelFeatureMgr::ApplyDirtyFeature: Commited panel feature [enabled]: 8-265
01-19 18:48:39.742  1828  3097 I SDM     : CWB config passed by cwb_client : tappoint 1  CWB_ROI : (736.000000 70.000000 977.000000 311.000000) for display-0
01-19 18:48:39.745  1828  3090 I SDM     : HWPeripheralDRM::SetPanelFeature: Set Panel feature property 20
01-19 18:48:39.745  1828  3090 I SDM     : HWPeripheralDRM::SetPanelFeature: Set Panel feature property 7
01-19 18:48:39.749  1828  3097 D SDM     : DisplayBuiltIn::SetPanelBrightness: Setting brightness to level 74 (0.447219 percent)
01-19 18:48:39.749  1857  2445 D DisplayFeatureHal: getParam Node Expert, case Enable, value 0
01-19 18:48:39.749  1828  2639 I SDM     : DRMPanelFeatureMgr::ApplyDirtyFeature: Commited panel feature [enabled]: 21-266
01-19 18:48:39.749  1828  2639 I SDM     : DRMPanelFeatureMgr::ApplyDirtyFeature: Commited panel feature [enabled]: 8-265
01-19 18:48:39.754  1828  3090 I SDM     : HWPeripheralDRM::SetPanelFeature: Set Panel feature property 20
01-19 18:48:39.755  1828  3090 I SDM     : HWPeripheralDRM::SetPanelFeature: Set Panel feature property 7
01-19 18:48:39.757  1828  3097 D SDM     : DisplayBuiltIn::SetPanelBrightness: Setting brightness to level 73 (0.438959 percent)
01-19 18:48:39.757  1857  2445 D DisplayFeatureHal: getParam Node Expert, case Enable, value 0
01-19 18:48:39.758  1828  2639 I SDM     : HWDeviceDRM::SetupConcurrentWriteback: Tear down the Concurrent Writeback topology
01-19 18:48:39.758  1828  2639 I SDM     : DRMPanelFeatureMgr::ApplyDirtyFeature: Commited panel feature [enabled]: 21-266
01-19 18:48:39.758  1828  2639 I SDM     : DRMPanelFeatureMgr::ApplyDirtyFeature: Commited panel feature [enabled]: 8-265
01-19 18:48:39.763  1828  3090 I SDM     : HWPeripheralDRM::SetPanelFeature: Set Panel feature property 20
01-19 18:48:39.763  1828  3090 I SDM     : HWPeripheralDRM::SetPanelFeature: Set Panel feature property 7
01-19 18:48:39.765  1828  3097 D SDM     : DisplayBuiltIn::SetPanelBrightness: Setting brightness to level 72 (0.430851 percent)
01-19 18:48:39.766  1857  2445 D DisplayFeatureHal: getParam Node Expert, case Enable, value 0
01-19 18:48:39.766  1828  2639 I SDM     : DRMPanelFeatureMgr::ApplyDirtyFeature: Commited panel feature [enabled]: 21-266
01-19 18:48:39.766  1828  2639 I SDM     : DRMPanelFeatureMgr::ApplyDirtyFeature: Commited panel feature [enabled]: 8-265
01-19 18:48:39.766  1828  4133 I SDM     : NotifyCWBStatus: Notify the client about buffer (0x30845480) status 0 for display-0.
01-19 18:48:39.766  1828  4133 I SDM     : SDMConcurrentWriteBack::ProcessCWBStatus: CWB queue is empty. Display: 0
01-19 18:48:39.771  1828  3090 I SDM     : HWPeripheralDRM::SetPanelFeature: Set Panel feature property 20
01-19 18:48:39.771  1828  3090 I SDM     : HWPeripheralDRM::SetPanelFeature: Set Panel feature property 7
01-19 18:48:39.774  1828  3097 D SDM     : DisplayBuiltIn::SetPanelBrightness: Setting brightness to level 70 (0.422893 percent)
01-19 18:48:39.774  1857  2445 D DisplayFeatureHal: getParam Node Expert, case Enable, value 0
01-19 18:48:39.774  1828  2639 I SDM     : DRMPanelFeatureMgr::ApplyDirtyFeature: Commited panel feature [enabled]: 21-266
01-19 18:48:39.774  1828  2639 I SDM     : DRMPanelFeatureMgr::ApplyDirtyFeature: Commited panel feature [enabled]: 8-265
01-19 18:48:39.779  1828  3090 I SDM     : HWPeripheralDRM::SetPanelFeature: Set Panel feature property 20
01-19 18:48:39.779  1828  3090 I SDM     : HWPeripheralDRM::SetPanelFeature: Set Panel feature property 7
01-19 18:48:39.782  1828  3097 D SDM     : DisplayBuiltIn::SetPanelBrightness: Setting brightness to level 69 (0.415082 percent)
01-19 18:48:39.783  1828  2639 I SDM     : DRMPanelFeatureMgr::ApplyDirtyFeature: Commited panel feature [enabled]: 21-266
01-19 18:48:39.783  1828  2639 I SDM     : DRMPanelFeatureMgr::ApplyDirtyFeature: Commited panel feature [enabled]: 8-265
01-19 18:48:39.783  1857  2445 D DisplayFeatureHal: getParam Node Expert, case Enable, value 0
01-19 18:48:39.791  1828  3097 D SDM     : DisplayBuiltIn::SetPanelBrightness: Setting brightness to level 68 (0.407415 percent)
01-19 18:48:39.793  1857  2445 D DisplayFeatureHal: getParam Node Expert, case Enable, value 0
01-19 18:48:39.799  1828  3097 D SDM     : DisplayBuiltIn::SetPanelBrightness: Setting brightness to level 67 (0.399890 percent)
01-19 18:48:39.800  1857  2445 D DisplayFeatureHal: getParam Node Expert, case Enable, value 0
01-19 18:48:39.801  1828  3090 I SDM     : HWPeripheralDRM::SetPanelFeature: Set Panel feature property 20
01-19 18:48:39.801  1828  3090 I SDM     : HWPeripheralDRM::SetPanelFeature: Set Panel feature property 7
01-19 18:48:39.806  1828  3090 I SDM     : HWPeripheralDRM::SetPanelFeature: Set Panel feature property 20
01-19 18:48:39.806  1828  3090 W SDM     : DRMPanelFeatureMgr::CachePanelFeature: Property is set twice obj_id 205, prop_id 21
01-19 18:48:39.806  1828  3090 I SDM     : HWPeripheralDRM::SetPanelFeature: Set Panel feature property 7
01-19 18:48:39.806  1828  3090 W SDM     : DRMPanelFeatureMgr::CachePanelFeature: Property is set twice obj_id 205, prop_id 8
01-19 18:48:39.807  1828  3097 D SDM     : DisplayBuiltIn::SetPanelBrightness: Setting brightness to level 65 (0.392504 percent)
01-19 18:48:39.807  1857  2445 D DisplayFeatureHal: getParam Node Expert, case Enable, value 0
01-19 18:48:39.810  1828  3090 I SDM     : HWPeripheralDRM::SetPanelFeature: Set Panel feature property 20
01-19 18:48:39.810  1828  3090 W SDM     : DRMPanelFeatureMgr::CachePanelFeature: Property is set twice obj_id 205, prop_id 21
01-19 18:48:39.810  1828  3090 I SDM     : HWPeripheralDRM::SetPanelFeature: Set Panel feature property 7
01-19 18:48:39.810  1828  3090 W SDM     : DRMPanelFeatureMgr::CachePanelFeature: Property is set twice obj_id 205, prop_id 8
01-19 18:48:39.811  1828  2639 I SDM     : DRMPanelFeatureMgr::ApplyDirtyFeature: Commited panel feature [enabled]: 21-266
01-19 18:48:39.811  1828  2639 I SDM     : DRMPanelFeatureMgr::ApplyDirtyFeature: Commited panel feature [enabled]: 8-265
01-19 18:48:39.813  9080  9418 D JavaheapMonitor: Java heap used=6M max=512M, proc: com.android.providers.media.module
01-19 18:48:39.813  9080  9418 V JavaheapMonitor: Check java heap usage finished! Next check delay: 300000
01-19 18:48:39.814  1828  3090 I SDM     : HWPeripheralDRM::SetPanelFeature: Set Panel feature property 20
01-19 18:48:39.814  1828  3090 I SDM     : HWPeripheralDRM::SetPanelFeature: Set Panel feature property 7
01-19 18:48:39.816  1828  3097 D SDM     : DisplayBuiltIn::SetPanelBrightness: Setting brightness to level 64 (0.385255 percent)
01-19 18:48:39.816  1857  2445 D DisplayFeatureHal: getParam Node Expert, case Enable, value 0
01-19 18:48:39.817  1828  2639 I SDM     : DRMPanelFeatureMgr::ApplyDirtyFeature: Commited panel feature [enabled]: 21-266
01-19 18:48:39.817  1828  2639 I SDM     : DRMPanelFeatureMgr::ApplyDirtyFeature: Commited panel feature [enabled]: 8-265
01-19 18:48:39.821  1828  3090 I SDM     : HWPeripheralDRM::SetPanelFeature: Set Panel feature property 20
01-19 18:48:39.821  1828  3090 I SDM     : HWPeripheralDRM::SetPanelFeature: Set Panel feature property 7
01-19 18:48:39.824  1828  3097 D SDM     : DisplayBuiltIn::SetPanelBrightness: Setting brightness to level 63 (0.378139 percent)
01-19 18:48:39.824  1857  2445 D DisplayFeatureHal: getParam Node Expert, case Enable, value 0
01-19 18:48:39.824  1828  2639 I SDM     : DRMPanelFeatureMgr::ApplyDirtyFeature: Commited panel feature [enabled]: 21-266
01-19 18:48:39.825  1828  2639 I SDM     : DRMPanelFeatureMgr::ApplyDirtyFeature: Commited panel feature [enabled]: 8-265
01-19 18:48:39.829  1828  3090 I SDM     : HWPeripheralDRM::SetPanelFeature: Set Panel feature property 20
01-19 18:48:39.829  1828  3090 I SDM     : HWPeripheralDRM::SetPanelFeature: Set Panel feature property 7
01-19 18:48:39.831  2596  4119 I libsensor-boledalgo: Write:the value of channelCali C:4510.8,R:1628.0,G:1710.2,B:270.7,scales [0.768425,0.771258,0.754871,0.816696]
01-19 18:48:39.831  2596  4119 D libsensor-boledalgo: brightness:84,R:1.0,G:12663.9,B:11992.9,EVENT C:7604.0,R:2824.0,G:2899.0,B:559.0, lux: 9.2, clone:10528
01-19 18:48:39.832  1828  3097 D SDM     : DisplayBuiltIn::SetPanelBrightness: Setting brightness to level 62 (0.371154 percent)
01-19 18:48:39.832  1857  2445 D DisplayFeatureHal: getParam Node Expert, case Enable, value 0
01-19 18:48:39.833  1828  2639 I SDM     : DRMPanelFeatureMgr::ApplyDirtyFeature: Commited panel feature [enabled]: 21-266
01-19 18:48:39.833  1828  2639 I SDM     : DRMPanelFeatureMgr::ApplyDirtyFeature: Commited panel feature [enabled]: 8-265
01-19 18:48:39.838  1828  3090 I SDM     : HWPeripheralDRM::SetPanelFeature: Set Panel feature property 20
01-19 18:48:39.838  1828  3090 I SDM     : HWPeripheralDRM::SetPanelFeature: Set Panel feature property 7
01-19 18:48:39.841  1828  3097 D SDM     : DisplayBuiltIn::SetPanelBrightness: Setting brightness to level 61 (0.364299 percent)
01-19 18:48:39.841  1857  2445 D DisplayFeatureHal: getParam Node Expert, case Enable, value 0
01-19 18:48:39.842  1828  2639 I SDM     : DRMPanelFeatureMgr::ApplyDirtyFeature: Commited panel feature [enabled]: 21-266
01-19 18:48:39.842  1828  2639 I SDM     : DRMPanelFeatureMgr::ApplyDirtyFeature: Commited panel feature [enabled]: 8-265
01-19 18:48:39.848  1828  3090 I SDM     : HWPeripheralDRM::SetPanelFeature: Set Panel feature property 20
01-19 18:48:39.848  1828  3090 I SDM     : HWPeripheralDRM::SetPanelFeature: Set Panel feature property 7
01-19 18:48:39.849  1828  3097 D SDM     : DisplayBuiltIn::SetPanelBrightness: Setting brightness to level 60 (0.357570 percent)
01-19 18:48:39.849  1857  2445 D DisplayFeatureHal: getParam Node Expert, case Enable, value 0
01-19 18:48:39.850  1828  2639 I SDM     : DRMPanelFeatureMgr::ApplyDirtyFeature: Commited panel feature [enabled]: 21-266
01-19 18:48:39.850  1828  2639 I SDM     : DRMPanelFeatureMgr::ApplyDirtyFeature: Commited panel feature [enabled]: 8-265
01-19 18:48:39.855  1828  3090 I SDM     : HWPeripheralDRM::SetPanelFeature: Set Panel feature property 20
01-19 18:48:39.855  1828  3090 I SDM     : HWPeripheralDRM::SetPanelFeature: Set Panel feature property 7
01-19 18:48:39.857  1828  3097 D SDM     : DisplayBuiltIn::SetPanelBrightness: Setting brightness to level 58 (0.350965 percent)
01-19 18:48:39.857  1857  2445 D DisplayFeatureHal: getParam Node Expert, case Enable, value 0
01-19 18:48:39.858  1828  2639 I SDM     : DRMPanelFeatureMgr::ApplyDirtyFeature: Commited panel feature [enabled]: 21-266
01-19 18:48:39.858  1828  2639 I SDM     : DRMPanelFeatureMgr::ApplyDirtyFeature: Commited panel feature [enabled]: 8-265
01-19 18:48:39.863  1828  3090 I SDM     : HWPeripheralDRM::SetPanelFeature: Set Panel feature property 20
01-19 18:48:39.863  1828  3090 I SDM     : HWPeripheralDRM::SetPanelFeature: Set Panel feature property 7
01-19 18:48:39.865  1828  3097 D SDM     : DisplayBuiltIn::SetPanelBrightness: Setting brightness to level 57 (0.344483 percent)
01-19 18:48:39.866  1857  2445 D DisplayFeatureHal: getParam Node Expert, case Enable, value 0
01-19 18:48:39.866  1828  2639 I SDM     : DRMPanelFeatureMgr::ApplyDirtyFeature: Commited panel feature [enabled]: 21-266
01-19 18:48:39.866  1828  2639 I SDM     : DRMPanelFeatureMgr::ApplyDirtyFeature: Commited panel feature [enabled]: 8-265
01-19 18:48:39.873  1828  3090 I SDM     : HWPeripheralDRM::SetPanelFeature: Set Panel feature property 20
01-19 18:48:39.873  1828  3090 I SDM     : HWPeripheralDRM::SetPanelFeature: Set Panel feature property 7
01-19 18:48:39.874  1828  3097 D SDM     : DisplayBuiltIn::SetPanelBrightness: Setting brightness to level 56 (0.338120 percent)
01-19 18:48:39.874  1857  2445 D DisplayFeatureHal: getParam Node Expert, case Enable, value 0
01-19 18:48:39.875  1828  2639 I SDM     : DRMPanelFeatureMgr::ApplyDirtyFeature: Commited panel feature [enabled]: 21-266
01-19 18:48:39.876  1828  2639 I SDM     : DRMPanelFeatureMgr::ApplyDirtyFeature: Commited panel feature [enabled]: 8-265
01-19 18:48:39.881  1828  3090 I SDM     : HWPeripheralDRM::SetPanelFeature: Set Panel feature property 20
01-19 18:48:39.881  1828  3090 I SDM     : HWPeripheralDRM::SetPanelFeature: Set Panel feature property 7
01-19 18:48:39.882  1828  3097 D SDM     : DisplayBuiltIn::SetPanelBrightness: Setting brightness to level 55 (0.331875 percent)
01-19 18:48:39.882  1857  2445 D DisplayFeatureHal: getParam Node Expert, case Enable, value 0
01-19 18:48:39.887  1828  3090 I SDM     : HWPeripheralDRM::SetPanelFeature: Set Panel feature property 20
01-19 18:48:39.887  1828  3090 W SDM     : DRMPanelFeatureMgr::CachePanelFeature: Property is set twice obj_id 205, prop_id 21
01-19 18:48:39.887  1828  3090 I SDM     : HWPeripheralDRM::SetPanelFeature: Set Panel feature property 7
01-19 18:48:39.887  1828  3090 W SDM     : DRMPanelFeatureMgr::CachePanelFeature: Property is set twice obj_id 205, prop_id 8
01-19 18:48:39.890  1828  3097 D SDM     : DisplayBuiltIn::SetPanelBrightness: Setting brightness to level 54 (0.325744 percent)
01-19 18:48:39.891  1828  2639 I SDM     : DRMPanelFeatureMgr::ApplyDirtyFeature: Commited panel feature [enabled]: 21-266
01-19 18:48:39.891  1828  2639 I SDM     : DRMPanelFeatureMgr::ApplyDirtyFeature: Commited panel feature [enabled]: 8-265
01-19 18:48:39.892  1857  2445 D DisplayFeatureHal: getParam Node Expert, case Enable, value 0
01-19 18:48:39.897  1828  3090 I SDM     : HWPeripheralDRM::SetPanelFeature: Set Panel feature property 20
01-19 18:48:39.897  1828  3090 I SDM     : HWPeripheralDRM::SetPanelFeature: Set Panel feature property 7
01-19 18:48:39.899  1828  3097 D SDM     : DisplayBuiltIn::SetPanelBrightness: Setting brightness to level 53 (0.319728 percent)
01-19 18:48:39.899  1857  2445 D DisplayFeatureHal: getParam Node Expert, case Enable, value 0
01-19 18:48:39.899  1828  2639 I SDM     : DRMPanelFeatureMgr::ApplyDirtyFeature: Commited panel feature [enabled]: 21-266
01-19 18:48:39.900  1828  2639 I SDM     : DRMPanelFeatureMgr::ApplyDirtyFeature: Commited panel feature [enabled]: 8-265
01-19 18:48:39.905  1828  3090 I SDM     : HWPeripheralDRM::SetPanelFeature: Set Panel feature property 20
01-19 18:48:39.905  1828  3090 I SDM     : HWPeripheralDRM::SetPanelFeature: Set Panel feature property 7
01-19 18:48:39.907  1828  3097 D SDM     : DisplayBuiltIn::SetPanelBrightness: Setting brightness to level 52 (0.313822 percent)
01-19 18:48:39.907  1857  2445 D DisplayFeatureHal: getParam Node Expert, case Enable, value 0
01-19 18:48:39.908  1828  2639 I SDM     : DRMPanelFeatureMgr::ApplyDirtyFeature: Commited panel feature [enabled]: 21-266
01-19 18:48:39.908  1828  2639 I SDM     : DRMPanelFeatureMgr::ApplyDirtyFeature: Commited panel feature [enabled]: 8-265
01-19 18:48:39.913  1828  3090 I SDM     : HWPeripheralDRM::SetPanelFeature: Set Panel feature property 20
01-19 18:48:39.913  1828  3090 I SDM     : HWPeripheralDRM::SetPanelFeature: Set Panel feature property 7
01-19 18:48:39.916  1828  3097 D SDM     : DisplayBuiltIn::SetPanelBrightness: Setting brightness to level 51 (0.308026 percent)
01-19 18:48:39.916  1857  2445 D DisplayFeatureHal: getParam Node Expert, case Enable, value 0
01-19 18:48:39.917  1828  2639 I SDM     : DRMPanelFeatureMgr::ApplyDirtyFeature: Commited panel feature [enabled]: 21-266
01-19 18:48:39.917  1828  2639 I SDM     : DRMPanelFeatureMgr::ApplyDirtyFeature: Commited panel feature [enabled]: 8-265
01-19 18:48:39.923  1828  3090 I SDM     : HWPeripheralDRM::SetPanelFeature: Set Panel feature property 20
01-19 18:48:39.923  1828  3090 I SDM     : HWPeripheralDRM::SetPanelFeature: Set Panel feature property 7
01-19 18:48:39.924  1828  3097 D SDM     : DisplayBuiltIn::SetPanelBrightness: Setting brightness to level 51 (0.302336 percent)
01-19 18:48:39.924  1857  2445 D DisplayFeatureHal: getParam Node Expert, case Enable, value 0
01-19 18:48:39.925  1828  2639 I SDM     : DRMPanelFeatureMgr::ApplyDirtyFeature: Commited panel feature [enabled]: 21-266
01-19 18:48:39.925  1828  2639 I SDM     : DRMPanelFeatureMgr::ApplyDirtyFeature: Commited panel feature [enabled]: 8-265
01-19 18:48:39.929  1828  3090 I SDM     : HWPeripheralDRM::SetPanelFeature: Set Panel feature property 20
01-19 18:48:39.929  1828  3090 I SDM     : HWPeripheralDRM::SetPanelFeature: Set Panel feature property 7
01-19 18:48:39.932  1828  3097 D SDM     : DisplayBuiltIn::SetPanelBrightness: Setting brightness to level 50 (0.296752 percent)
01-19 18:48:39.932  1857  2445 D DisplayFeatureHal: getParam Node Expert, case Enable, value 0
01-19 18:48:39.933  1828  2639 I SDM     : DRMPanelFeatureMgr::ApplyDirtyFeature: Commited panel feature [enabled]: 21-266
01-19 18:48:39.933  1828  2639 I SDM     : DRMPanelFeatureMgr::ApplyDirtyFeature: Commited panel feature [enabled]: 8-265
01-19 18:48:39.938  1828  3090 I SDM     : HWPeripheralDRM::SetPanelFeature: Set Panel feature property 20
01-19 18:48:39.938  1828  3090 I SDM     : HWPeripheralDRM::SetPanelFeature: Set Panel feature property 7
01-19 18:48:39.939  9955 20932 D JavaheapMonitor: Java heap used=17M max=512M, proc: com.sohu.inputmethod.sogou.xiaomi
01-19 18:48:39.940  9955 20932 V JavaheapMonitor: Check java heap usage finished! Next check delay: 300000
01-19 18:48:39.940  1828  3097 D SDM     : DisplayBuiltIn::SetPanelBrightness: Setting brightness to level 49 (0.291271 percent)
01-19 18:48:39.940  1857  2445 D DisplayFeatureHal: getParam Node Expert, case Enable, value 0
01-19 18:48:39.941  1828  2639 I SDM     : DRMPanelFeatureMgr::ApplyDirtyFeature: Commited panel feature [enabled]: 21-266
01-19 18:48:39.941  1828  2639 I SDM     : DRMPanelFeatureMgr::ApplyDirtyFeature: Commited panel feature [enabled]: 8-265
01-19 18:48:39.945  1828  3090 I SDM     : HWPeripheralDRM::SetPanelFeature: Set Panel feature property 20
01-19 18:48:39.945  1828  3090 I SDM     : HWPeripheralDRM::SetPanelFeature: Set Panel feature property 7
01-19 18:48:39.949  1828  3097 D SDM     : DisplayBuiltIn::SetPanelBrightness: Setting brightness to level 48 (0.285891 percent)
01-19 18:48:39.949  1857  2445 D DisplayFeatureHal: getParam Node Expert, case Enable, value 0
01-19 18:48:39.949  1828  2639 I SDM     : DRMPanelFeatureMgr::ApplyDirtyFeature: Commited panel feature [enabled]: 21-266
01-19 18:48:39.949  1828  3093 I vendor.qti.hardware.display.composer-service: Sensor: notify citsensorservice to trigger cwb, misForced = 0
01-19 18:48:39.950  1828  2639 I SDM     : DRMPanelFeatureMgr::ApplyDirtyFeature: Commited panel feature [enabled]: 8-265
01-19 18:48:39.950  1828  3097 I SDM     : CWB config passed by cwb_client : tappoint 1  CWB_ROI : (736.000000 70.000000 977.000000 311.000000) for display-0
01-19 18:48:39.954  1828  3090 I SDM     : HWPeripheralDRM::SetPanelFeature: Set Panel feature property 20
01-19 18:48:39.954  1828  3090 I SDM     : HWPeripheralDRM::SetPanelFeature: Set Panel feature property 7
01-19 18:48:39.957  1828  3097 D SDM     : DisplayBuiltIn::SetPanelBrightness: Setting brightness to level 47 (0.280610 percent)
01-19 18:48:39.957  1857  2445 D DisplayFeatureHal: getParam Node Expert, case Enable, value 0
01-19 18:48:39.958  1828  2639 I SDM     : DRMPanelFeatureMgr::ApplyDirtyFeature: Commited panel feature [enabled]: 21-266
01-19 18:48:39.958  1828  2639 I SDM     : DRMPanelFeatureMgr::ApplyDirtyFeature: Commited panel feature [enabled]: 8-265
01-19 18:48:39.963  1828  3090 I SDM     : HWPeripheralDRM::SetPanelFeature: Set Panel feature property 20
01-19 18:48:39.963  1828  3090 I SDM     : HWPeripheralDRM::SetPanelFeature: Set Panel feature property 7
01-19 18:48:39.963  1834  7521 E PERFHAL-CLIENT: PERFHAL-CLIENT: perf_lock_acq_rel() 496: opcode=1149239296 isMvOpcode=0
01-19 18:48:39.965  1828  3097 D SDM     : DisplayBuiltIn::SetPanelBrightness: Setting brightness to level 46 (0.275427 percent)
01-19 18:48:39.966  1857  2445 D DisplayFeatureHal: getParam Node Expert, case Enable, value 0
01-19 18:48:39.966  1828  2639 I SDM     : HWDeviceDRM::SetupConcurrentWriteback: Tear down the Concurrent Writeback topology
01-19 18:48:39.966  1828  2639 I SDM     : DRMPanelFeatureMgr::ApplyDirtyFeature: Commited panel feature [enabled]: 21-266
01-19 18:48:39.966  1828  2639 I SDM     : DRMPanelFeatureMgr::ApplyDirtyFeature: Commited panel feature [enabled]: 8-265
01-19 18:48:39.971  1828  3090 I SDM     : HWPeripheralDRM::SetPanelFeature: Set Panel feature property 20
01-19 18:48:39.972  1828  3090 I SDM     : HWPeripheralDRM::SetPanelFeature: Set Panel feature property 7
01-19 18:48:39.974  1828  3097 D SDM     : DisplayBuiltIn::SetPanelBrightness: Setting brightness to level 45 (0.270340 percent)
01-19 18:48:39.974  1857  2445 D DisplayFeatureHal: getParam Node Expert, case Enable, value 0
01-19 18:48:39.975  1828  2639 I SDM     : DRMPanelFeatureMgr::ApplyDirtyFeature: Commited panel feature [enabled]: 21-266
01-19 18:48:39.975  1828  2639 I SDM     : DRMPanelFeatureMgr::ApplyDirtyFeature: Commited panel feature [enabled]: 8-265
01-19 18:48:39.975  1828  4133 I SDM     : NotifyCWBStatus: Notify the client about buffer (0x30844fb0) status 0 for display-0.
01-19 18:48:39.975  1828  4133 I SDM     : SDMConcurrentWriteBack::ProcessCWBStatus: CWB queue is empty. Display: 0
01-19 18:48:39.979  1828  3090 I SDM     : HWPeripheralDRM::SetPanelFeature: Set Panel feature property 20
01-19 18:48:39.979  1828  3090 I SDM     : HWPeripheralDRM::SetPanelFeature: Set Panel feature property 7
01-19 18:48:39.982  1828  3097 D SDM     : DisplayBuiltIn::SetPanelBrightness: Setting brightness to level 44 (0.265346 percent)
01-19 18:48:39.982  1857  2445 D DisplayFeatureHal: getParam Node Expert, case Enable, value 0
01-19 18:48:39.983  1828  2639 I SDM     : DRMPanelFeatureMgr::ApplyDirtyFeature: Commited panel feature [enabled]: 21-266
01-19 18:48:39.983  1828  2639 I SDM     : DRMPanelFeatureMgr::ApplyDirtyFeature: Commited panel feature [enabled]: 8-265
01-19 18:48:39.988  1828  3090 I SDM     : HWPeripheralDRM::SetPanelFeature: Set Panel feature property 20
01-19 18:48:39.988  1828  3090 I SDM     : HWPeripheralDRM::SetPanelFeature: Set Panel feature property 7
01-19 18:48:39.990  1828  3097 D SDM     : DisplayBuiltIn::SetPanelBrightness: Setting brightness to level 44 (0.260445 percent)
01-19 18:48:39.991  1857  2445 D DisplayFeatureHal: getParam Node Expert, case Enable, value 0
01-19 18:48:39.991  1828  2639 I SDM     : DRMPanelFeatureMgr::ApplyDirtyFeature: Commited panel feature [enabled]: 21-266
01-19 18:48:39.991  1828  2639 I SDM     : DRMPanelFeatureMgr::ApplyDirtyFeature: Commited panel feature [enabled]: 8-265
01-19 18:48:39.997  1828  3090 I SDM     : HWPeripheralDRM::SetPanelFeature: Set Panel feature property 20
01-19 18:48:39.997  1828  3090 I SDM     : HWPeripheralDRM::SetPanelFeature: Set Panel feature property 7
01-19 18:48:39.999  1828  3097 D SDM     : DisplayBuiltIn::SetPanelBrightness: Setting brightness to level 43 (0.255635 percent)
01-19 18:48:40.000  1857  2445 D DisplayFeatureHal: getParam Node Expert, case Enable, value 0
01-19 18:48:40.000  1828  2639 I SDM     : DRMPanelFeatureMgr::ApplyDirtyFeature: Commited panel feature [enabled]: 21-266
01-19 18:48:40.000  1828  2639 I SDM     : DRMPanelFeatureMgr::ApplyDirtyFeature: Commited panel feature [enabled]: 8-265
01-19 18:48:40.007  1828  3090 I SDM     : HWPeripheralDRM::SetPanelFeature: Set Panel feature property 20
01-19 18:48:40.007  1828  3090 I SDM     : HWPeripheralDRM::SetPanelFeature: Set Panel feature property 7
01-19 18:48:40.007  1828  3097 D SDM     : DisplayBuiltIn::SetPanelBrightness: Setting brightness to level 42 (0.250913 percent)
01-19 18:48:40.008  1857  2445 D DisplayFeatureHal: getParam Node Expert, case Enable, value 0
01-19 18:48:40.013  1828  3090 I SDM     : HWPeripheralDRM::SetPanelFeature: Set Panel feature property 20
01-19 18:48:40.013  1828  3090 W SDM     : DRMPanelFeatureMgr::CachePanelFeature: Property is set twice obj_id 205, prop_id 21
01-19 18:48:40.013  1828  3090 I SDM     : HWPeripheralDRM::SetPanelFeature: Set Panel feature property 7
01-19 18:48:40.013  1828  3090 W SDM     : DRMPanelFeatureMgr::CachePanelFeature: Property is set twice obj_id 205, prop_id 8
01-19 18:48:40.016  1828  3097 D SDM     : DisplayBuiltIn::SetPanelBrightness: Setting brightness to level 41 (0.246278 percent)
01-19 18:48:40.016  1857  2445 D DisplayFeatureHal: getParam Node Expert, case Enable, value 0
01-19 18:48:40.017  1828  2639 I SDM     : DRMPanelFeatureMgr::ApplyDirtyFeature: Commited panel feature [enabled]: 21-266
01-19 18:48:40.017  1828  2639 I SDM     : DRMPanelFeatureMgr::ApplyDirtyFeature: Commited panel feature [enabled]: 8-265
01-19 18:48:40.021  1828  3090 I SDM     : HWPeripheralDRM::SetPanelFeature: Set Panel feature property 20
01-19 18:48:40.021  1828  3090 I SDM     : HWPeripheralDRM::SetPanelFeature: Set Panel feature property 7
01-19 18:48:40.024  1828  3097 D SDM     : DisplayBuiltIn::SetPanelBrightness: Setting brightness to level 41 (0.241729 percent)
01-19 18:48:40.024  1857  2445 D DisplayFeatureHal: getParam Node Expert, case Enable, value 0
01-19 18:48:40.024  1828  2639 I SDM     : DRMPanelFeatureMgr::ApplyDirtyFeature: Commited panel feature [enabled]: 21-266
01-19 18:48:40.024  1828  2639 I SDM     : DRMPanelFeatureMgr::ApplyDirtyFeature: Commited panel feature [enabled]: 8-265
01-19 18:48:40.028  1828  3090 I SDM     : HWPeripheralDRM::SetPanelFeature: Set Panel feature property 20
01-19 18:48:40.028  1828  3090 I SDM     : HWPeripheralDRM::SetPanelFeature: Set Panel feature property 7
01-19 18:48:40.031  2596  4119 I libsensor-boledalgo: Write:the value of channelCali C:2755.7,R:1246.3,G:1137.3,B:160.6,scales [0.768425,0.771258,0.754871,0.816696]
01-19 18:48:40.031  2596  4119 D libsensor-boledalgo: brightness:51,R:1.0,G:12508.1,B:11846.2,EVENT C:6187.0,R:2304.0,G:2375.0,B:457.0, lux: 11.5, clone:10401
01-19 18:48:40.032  1828  3097 D SDM     : DisplayBuiltIn::SetPanelBrightness: Setting brightness to level 40 (0.237264 percent)
01-19 18:48:40.033  1857  2445 D DisplayFeatureHal: getParam Node Expert, case Enable, value 0
01-19 18:48:40.033  1828  2639 I SDM     : DRMPanelFeatureMgr::ApplyDirtyFeature: Commited panel feature [enabled]: 21-266
01-19 18:48:40.033  1828  2639 I SDM     : DRMPanelFeatureMgr::ApplyDirtyFeature: Commited panel feature [enabled]: 8-265
01-19 18:48:40.038  1828  3090 I SDM     : HWPeripheralDRM::SetPanelFeature: Set Panel feature property 20
01-19 18:48:40.038  1828  3090 I SDM     : HWPeripheralDRM::SetPanelFeature: Set Panel feature property 7
01-19 18:48:40.040  1828  3097 D SDM     : DisplayBuiltIn::SetPanelBrightness: Setting brightness to level 39 (0.232882 percent)
01-19 18:48:40.041  1857  2445 D DisplayFeatureHal: getParam Node Expert, case Enable, value 0
01-19 18:48:40.041  1828  2639 I SDM     : DRMPanelFeatureMgr::ApplyDirtyFeature: Commited panel feature [enabled]: 21-266
01-19 18:48:40.041  1828  2639 I SDM     : DRMPanelFeatureMgr::ApplyDirtyFeature: Commited panel feature [enabled]: 8-265
01-19 18:48:40.047  1828  3090 I SDM     : HWPeripheralDRM::SetPanelFeature: Set Panel feature property 20
01-19 18:48:40.047  1828  3090 I SDM     : HWPeripheralDRM::SetPanelFeature: Set Panel feature property 7
01-19 18:48:40.049  1828  3097 D SDM     : DisplayBuiltIn::SetPanelBrightness: Setting brightness to level 38 (0.228580 percent)
01-19 18:48:40.049  1857  2445 D DisplayFeatureHal: getParam Node Expert, case Enable, value 0
01-19 18:48:40.050  1828  2639 I SDM     : DRMPanelFeatureMgr::ApplyDirtyFeature: Commited panel feature [enabled]: 21-266
01-19 18:48:40.050  1828  2639 I SDM     : DRMPanelFeatureMgr::ApplyDirtyFeature: Commited panel feature [enabled]: 8-265
01-19 18:48:40.055  1828  3090 I SDM     : HWPeripheralDRM::SetPanelFeature: Set Panel feature property 20
01-19 18:48:40.055  1828  3090 I SDM     : HWPeripheralDRM::SetPanelFeature: Set Panel feature property 7
01-19 18:48:40.057  1828  3097 D SDM     : DisplayBuiltIn::SetPanelBrightness: Setting brightness to level 38 (0.224359 percent)
01-19 18:48:40.058  1857  2445 D DisplayFeatureHal: getParam Node Expert, case Enable, value 0
01-19 18:48:40.058  1828  2639 I SDM     : DRMPanelFeatureMgr::ApplyDirtyFeature: Commited panel feature [enabled]: 21-266
01-19 18:48:40.058  1828  2639 I SDM     : DRMPanelFeatureMgr::ApplyDirtyFeature: Commited panel feature [enabled]: 8-265
01-19 18:48:40.059  9689 21608 D JavaheapMonitor: Java heap used=11M max=256M, proc: com.xiaomi.metoknlp
01-19 18:48:40.059  9689 21608 V JavaheapMonitor: Check java heap usage finished! Next check delay: 300000
01-19 18:48:40.063  1828  3090 I SDM     : HWPeripheralDRM::SetPanelFeature: Set Panel feature property 20
01-19 18:48:40.063  1828  3090 I SDM     : HWPeripheralDRM::SetPanelFeature: Set Panel feature property 7
01-19 18:48:40.066  1828  3097 D SDM     : DisplayBuiltIn::SetPanelBrightness: Setting brightness to level 37 (0.220215 percent)
01-19 18:48:40.066  1857  2445 D DisplayFeatureHal: getParam Node Expert, case Enable, value 0
01-19 18:48:40.066  1828  2639 I SDM     : DRMPanelFeatureMgr::ApplyDirtyFeature: Commited panel feature [enabled]: 21-266
01-19 18:48:40.066  1828  2639 I SDM     : DRMPanelFeatureMgr::ApplyDirtyFeature: Commited panel feature [enabled]: 8-265
01-19 18:48:40.071  1828  3090 I SDM     : HWPeripheralDRM::SetPanelFeature: Set Panel feature property 20
01-19 18:48:40.071  1828  3090 I SDM     : HWPeripheralDRM::SetPanelFeature: Set Panel feature property 7
01-19 18:48:40.074  1828  3097 D SDM     : DisplayBuiltIn::SetPanelBrightness: Setting brightness to level 36 (0.216147 percent)
01-19 18:48:40.074  1857  2445 D DisplayFeatureHal: getParam Node Expert, case Enable, value 0
01-19 18:48:40.075  1828  2639 I SDM     : DRMPanelFeatureMgr::ApplyDirtyFeature: Commited panel feature [enabled]: 21-266
01-19 18:48:40.075  1828  2639 I SDM     : DRMPanelFeatureMgr::ApplyDirtyFeature: Commited panel feature [enabled]: 8-265
01-19 18:48:40.081  1828  3090 I SDM     : HWPeripheralDRM::SetPanelFeature: Set Panel feature property 20
01-19 18:48:40.081  1828  3090 I SDM     : HWPeripheralDRM::SetPanelFeature: Set Panel feature property 7
01-19 18:48:40.082  1828  3097 D SDM     : DisplayBuiltIn::SetPanelBrightness: Setting brightness to level 36 (0.212155 percent)
01-19 18:48:40.083  1857  2445 D DisplayFeatureHal: getParam Node Expert, case Enable, value 0
01-19 18:48:40.083  1828  2639 I SDM     : DRMPanelFeatureMgr::ApplyDirtyFeature: Commited panel feature [enabled]: 21-266
01-19 18:48:40.084  1828  2639 I SDM     : DRMPanelFeatureMgr::ApplyDirtyFeature: Commited panel feature [enabled]: 8-265
01-19 18:48:40.090  1828  3090 I SDM     : HWPeripheralDRM::SetPanelFeature: Set Panel feature property 20
01-19 18:48:40.090  1828  3090 I SDM     : HWPeripheralDRM::SetPanelFeature: Set Panel feature property 7
01-19 18:48:40.090  1828  3097 D SDM     : DisplayBuiltIn::SetPanelBrightness: Setting brightness to level 35 (0.208237 percent)
01-19 18:48:40.091  1857  2445 D DisplayFeatureHal: getParam Node Expert, case Enable, value 0
01-19 18:48:40.097  1828  3090 I SDM     : HWPeripheralDRM::SetPanelFeature: Set Panel feature property 20
01-19 18:48:40.097  1828  3090 W SDM     : DRMPanelFeatureMgr::CachePanelFeature: Property is set twice obj_id 205, prop_id 21
01-19 18:48:40.097  1828  3090 I SDM     : HWPeripheralDRM::SetPanelFeature: Set Panel feature property 7
01-19 18:48:40.097  1828  3090 W SDM     : DRMPanelFeatureMgr::CachePanelFeature: Property is set twice obj_id 205, prop_id 8
01-19 18:48:40.099  1828  3097 D SDM     : DisplayBuiltIn::SetPanelBrightness: Setting brightness to level 34 (0.204391 percent)
01-19 18:48:40.100  1828  2639 I SDM     : DRMPanelFeatureMgr::ApplyDirtyFeature: Commited panel feature [enabled]: 21-266
01-19 18:48:40.100  1828  2639 I SDM     : DRMPanelFeatureMgr::ApplyDirtyFeature: Commited panel feature [enabled]: 8-265
01-19 18:48:40.100  1857  2445 D DisplayFeatureHal: getParam Node Expert, case Enable, value 0
01-19 18:48:40.106  1828  3090 I SDM     : HWPeripheralDRM::SetPanelFeature: Set Panel feature property 20
01-19 18:48:40.106  1828  3090 I SDM     : HWPeripheralDRM::SetPanelFeature: Set Panel feature property 7
01-19 18:48:40.108  1828  3097 D SDM     : DisplayBuiltIn::SetPanelBrightness: Setting brightness to level 34 (0.200616 percent)
01-19 18:48:40.108  1857  2445 D DisplayFeatureHal: getParam Node Expert, case Enable, value 0
