01-13 14:23:50.255 29090  7083 D RelayAppLocalHelper: onForegroundInfoChanged: ForegroundInfo{mForegroundPackageName='com.miui.home', mForegroundUid=10142, mForegroundPid=4686, mForegroundDisplayId=0, mLastForegroundPackageName='com.soundtherapyapp', mLastForegroundUid=10405, mLastForegroundPid=30731, mLastForegroundDisplayId=0, mMultiWindowForegroundPackageName='com.miui.home', mMultiWindowForegroundUid=10142, mFlags=0}
01-13 14:23:50.255 10301 10782 D L0      : myUserId = 0	currentUserId0
01-13 14:23:50.255  3278  3416 I QuickScannerController: onForegroundInfoChanged. packageName:com.miui.home
01-13 14:23:50.255 16169 16335 D BluetoothLatencyMode: ForegroundInfo{mForegroundPackageName='com.miui.home', mForegroundUid=10142, mForegroundPid=4686, mForegroundDisplayId=0, mLastForegroundPackageName='com.soundtherapyapp', mLastForegroundUid=10405, mLastForegroundPid=30731, mLastForegroundDisplayId=0, mMultiWindowForegroundPackageName='com.miui.home', mMultiWindowForegroundUid=10142, mFlags=0}
01-13 14:23:50.255  3278  3416 D QuickScannerController: diff:3681073, isOpen:true
01-13 14:23:50.255 10301 10782 I ProcessMonitor: onForegroundInfoChanged: ForegroundInfo{mForegroundPackageName='com.miui.home', mForegroundUid=10142, mForegroundPid=4686, mForegroundDisplayId=0, mLastForegroundPackageName='com.soundtherapyapp', mLastForegroundUid=10405, mLastForegroundPid=30731, mLastForegroundDisplayId=0, mMultiWindowForegroundPackageName='com.miui.home', mMultiWindowForegroundUid=10142, mFlags=0}
01-13 14:23:50.255  3278  4197 D AS.AudioService: mSupportFakeHfpApp{com.ss.android.ugc.aweme=0, com.microsoft.teams=0, com.baidu.BaiduMap=0, com.systec.umeeting=0, com.cisco.webex.meetings=0, com.tencent.mobileqq=0, com.skype.raider=0, com.instagram.android=0, com.ss.android.lark.kami=0, com.zhiliaoapp.musically=0, com.skype.rover=0, com.smile.gifmaker=0, com.ss.android.lark.saxmsa667=0, com.tencent.wemeet.app=0, com.mediatek.engineermode=0, com.ss.android.ugc.aweme.lite=0, com.alibaba.android.rimet=0, com.autonavi.minimap=0, com.whatsapp=0, com.immomo.momo=0, com.facebook.katana=0, com.taobao.idlefish=0, com.tencent.lolm=0, com.tencent.mf.uam=0, com.xingin.xhs=0, com.cisco.wx2.android=0, com.tencent.tmgp.sgame=0, com.tencent.tmgp.pubgmhd=0, com.ss.android.lark=0, im.yixin=0} packageName com.android.bluetooth appVersion 36 mSupportFakeHfpApp.get(packageName) null
01-13 14:23:50.255 16169 16335 D BluetoothLatencyMode: isWiredAudioHeadset.type: 1
01-13 14:23:50.255 16169 16335 D BluetoothLatencyMode: isWiredAudioHeadset.type: 2
01-13 14:23:50.255 16169 16335 D BluetoothLatencyMode: isWiredAudioHeadset.type: 18
01-13 14:23:50.255 16169 16335 D BluetoothLatencyMode: isWiredAudioHeadset.type: 14
01-13 14:23:50.255  3278  3404 I TransitionImpl: home mode = 2
01-13 14:23:50.255  3278  3404 I TransitionImpl: home mode = 3
01-13 14:23:50.255 12372 30011 I GID     : PKG: com.miui.home IG ? false
01-13 14:23:50.255 12372 30011 I GST     : forePkg: com.miui.home, preForePkg: com.soundtherapyapp
01-13 14:23:50.255 10301 10782 I GameBoosterService: onForegroundInfoChanged: Cur=com.miui.home	 last=com.soundtherapyapp
01-13 14:23:50.255 12372 30011 D VENUS_GAMEAI_START_GameAiStartManager: venusGameAiSupportApps is not monitor packageName=com.miui.home
01-13 14:23:50.255  3278  3404 I TransitionImpl: home mode = 2
01-13 14:23:50.255  3278  3404 I TransitionImpl: home mode = 3
01-13 14:23:50.256  3278  3404 I TransitionImpl: home mode = 2
01-13 14:23:50.256  3278  3404 I TransitionImpl: home mode = 3
01-13 14:23:50.256  3278  3404 I TransitionImpl: home mode = 2
01-13 14:23:50.256 29090  7083 E RecentAppsManager: com.miui.home can't be added to recent list!!
01-13 14:23:50.256  3278  3404 I TransitionImpl: home mode = 3
01-13 14:23:50.256 10301 10782 D GameBoosterService: onGameStatusChange foreground:ForegroundInfo{mForegroundPackageName='com.miui.home', mForegroundUid=10142, mForegroundPid=4686, mForegroundDisplayId=0, mLastForegroundPackageName='com.soundtherapyapp', mLastForegroundUid=10405, mLastForegroundPid=30731, mLastForegroundDisplayId=0, mMultiWindowForegroundPackageName='com.miui.home', mMultiWindowForegroundUid=10142, mFlags=0}
01-13 14:23:50.256 29090  7083 D RelayAppLocalHelper: notifyTaskStackChanged:
01-13 14:23:50.256 10301 10782 I VideoBoxUtils: isSupportVideoBox: true
01-13 14:23:50.256 10301 10782 I VideoToolBoxService: vtb is closed!!!
01-13 14:23:50.256 12372 30011 I GID     : PKG: com.soundtherapyapp IG ? false
01-13 14:23:50.256  2033  2033 D MI-SF   : isTpIdleScene ,mAverageFrameRate is 36, 0 
01-13 14:23:50.256  2033  2033 D MI-SF   : modeGroup0 mIsSupportAutomodeForMaxFpsSetting is 0(0), getCurrentBrightness() = 737(388), mIsKeepAutoMode 0 isAutoModeAllowed() 1
01-13 14:23:50.256  2033  2033 D RefreshRateSelector: fixedMode_group: 0, isFindModeGroup 0
01-13 14:23:50.256  2033  2033 D RefreshRateSelector: find max refresh rate:120, mode Group:0
01-13 14:23:50.256  4686  5684 I TransitionCallback: com.android.systemui.shared.recents.utilities.WindowTransitionCallbackHelper@7be43dc setMergeFinishCallback, token = android.os.BinderProxy@493abd3, callback = android.window.IRemoteTransitionFinishedCallback$Stub$Proxy@b507e09
01-13 14:23:50.256  4686  5684 I TransitionCallback: com.android.systemui.shared.recents.utilities.WindowTransitionCallbackHelper@7be43dc setTransitionInfo token = android.os.BinderProxy@493abd3, info = {id=2494 t=CLOSE f=0x10 trk=0 r=[0@Point(0, 0)] c=[{m=TO_FRONT f=SHOW_WALLPAPER|MOVE_TO_TOP leash=Surface(name=Task=1#51)/@0x2e20c5b sb=Rect(0, 0 - 1440, 3200) eb=Rect(0, 0 - 1440, 3200) epz=Point(1440, 3200) d=0 taskParent=-1 v=trueMiuiChangeImpl {miuiEmbedding:false, scale:1.0}},{m=CLOSE f=NONE leash=Surface(name=Task=770#49235)/@0xa58b836 sb=Rect(0, 0 - 1440, 3200) eb=Rect(0, 0 - 1440, 3200) epz=Point(1440, 3200) d=0 taskParent=-1 v=falseMiuiChangeImpl {miuiEmbedding:false, scale:1.0}},{m=TO_FRONT f=IS_WALLPAPER leash=Surface(name=WallpaperWindowToken{ff64f09 showWhenLocked=false}#59)/@0x1640e0d sb=Rect(0, 0 - 1440, 3200) eb=Rect(0, 0 - 1440, 3200) epz=Point(1440, 3200) d=0 v=trueMiuiChangeImpl {miuiEmbedding:false, scale:1.0}}] mk=[false] noAni=[false] df=[false] rsa=[false] oa=[false] nc=[0] ho=[true] hla=[false] iSync=[2493]}
01-13 14:23:50.256  4686  5684 D TAG     : obtainElement: false
01-13 14:23:50.256  4686  5684 D TAG     : obtainElement: 0.0
01-13 14:23:50.256  4686  5684 D TAG     : obtainElement: false
01-13 14:23:50.256  4686  5684 D TAG     : obtainElement: 0.0
01-13 14:23:50.256  4686  5684 I WindowElement16516d6: onClosingWindowTransitionStart
01-13 14:23:50.256  4686  5684 I WindowTransitionCompatListener4841d57: hasCancel mCancel=false
01-13 14:23:50.256  4686  5684 I WindowElement16516d6: onTransitionMerged, done = true hasNewAnim = true
01-13 14:23:50.256  4686  5684 E WindowTransitionCompat: IRemoteTransition mergeAnimation end
01-13 14:23:50.256  3278  4197 D PreStartingManager: Reset colorSurfaceControl: Surface(name=PreColorStarting#49240)/@0x3af6ed4  ColorSurfaceSize: 0
01-13 14:23:50.256  3278  4197 D TaskSnapshot_Helper: shouldDelay()... Not launched by home, no delay needed.
01-13 14:23:50.256  3278  4197 I ATMSImpl: No snapshot since not start by launcher, activity=com.soundtherapyapp/.MainActivity
01-13 14:23:50.256 10301 10782 D AppPredictManager: ForegroundAppChange: com.miui.home, ignore !
01-13 14:23:50.256 10301 10782 I AppPredictService: difTIme = 76
01-13 14:23:50.257 10211 19863 D DFS-AppUsageTracker: Fg changed, new=com.miui.home, but charging.
01-13 14:23:50.257  3278  4257 I NetworkBoostStatusManager: onForegroundInfoChanged uid:10142, onLastForegroundInfoChanged uid:10405, isColdStart:false, mIgnoreUid:-1
01-13 14:23:50.257  3278  4257 I SLM-SRV-SLAToast: foreground uid:10142, isColdStart:false, isLinkTurboEnable:false
01-13 14:23:50.257  3278  4257 D NetworkSDKService: handleMultiAppsDualWifi isSet = false isEverOpened = false
01-13 14:23:50.257 12372 30011 I GID     : PKG: com.soundtherapyapp IG ? false
01-13 14:23:50.257  1811  1811 I sensors-hal: batch:141, xiaomi.sensor.gpd/2201, period=200000000, max_latency=0
01-13 14:23:50.257  1811  1811 I sensors-hal: set_config:60, no need to adjust sample_period_ns due to reporting_mode = 2
01-13 14:23:50.257  1811  1811 I sensors-hal: batch:150, xiaomi.sensor.gpd/2201, period=200000000, max_latency=0 request completed
01-13 14:23:50.257  4686  5781 D RecentsImpl: onForegroundChanged, foregroundPackageName=com.miui.home
01-13 14:23:50.257 10301 12168 E SuggestManager: openApp name = com.miui.home
01-13 14:23:50.257 10301 12168 I NewAutoTaskManager: app use - delay = 9223372036854775807, doRemove = false, doPost = false
01-13 14:23:50.258 12372 30011 I GID     : PKG: com.miui.home IG ? false
01-13 14:23:50.259  5321  5801 W ndroid.systemui: Binder 0xb400007908eed7e0 destroyed after setInheritRt before being parceled.
01-13 14:23:50.259 12372 30011 I GID     : PKG: com.miui.home IG ? false
01-13 14:23:50.259  5271  6063 E CountableHandler: Pending message count is over 200, drop message.msg.what = 10007 handler = Handler (com.android.phone.statistics.utils.ModemHydraStat$ModemHydraHandler) {eb04c79}
01-13 14:23:50.259  4686  4686 D PassBlur: textureState not update, view com.miui.home.launcher.BlurView{5420920 V.ED..... ........ 0,0-1440,3200 #7f0a026a app:id/launcher_blur_view} visible is true
01-13 14:23:50.259  5271  6055 D NetworkMetricsController: processUidChangeEvent :activity is:ComponentInfo{com.miui.home/com.miui.home.launcher.Launcher}
01-13 14:23:50.259  5271  6055 D NetworkMetricsController: processUidChangeEvent :mCurApptype is NONE tempAppType is NONE
01-13 14:23:50.259  3278  5552 D WindowManager: Starting window removed Window{a2c0941 u0 Splash Screen com.soundtherapyapp}
01-13 14:23:50.259  3278  3405 I MiuiWallpaperSurfaceAnimation: wallpaperOffsets:xOffset=0.0,yOffset=0.0
01-13 14:23:50.259  3278  3405 D MiuiWallpaperSurfaceAnimation: updateScaleIfNeeded mPivotX: 0.5, mPivotY: 0.5, x: 0.0, y: 0.0, zoom: 1.0891836
01-13 14:23:50.259  3278  5552 D WindowManager: postWindowRemoveCleanupLocked: Removing startingWindow Window{a2c0941 u0 Splash Screen com.soundtherapyapp} from ActivityRecord{112113090 u0 com.soundtherapyapp/.MainActivity t770 f} isExiting} activity = ActivityRecord{112113090 u0 com.soundtherapyapp/.MainActivity t770 f} isExiting}
01-13 14:23:50.259  4686  4686 D BackGestureBreakController: mAppLaunchingButNotResume= false
01-13 14:23:50.259  3278  5552 W AppCompatLetterboxPolicy: start not layout letterbox Window{580216e u0 LauncherOverlayWindow:com.miui.personalassistant}
01-13 14:23:50.259 10211 10602 D PowerKeeper.Audio: pids 0
01-13 14:23:50.259  4686  5632 D com.miui.home: backgroundBlur makeBackgroundImage (ShortcutMenuLayer-6-0xb400007838efed10), blurRadius(183), blurType(-1), blurScaleRatio(0.000000)
01-13 14:23:50.259  4686  4686 D RecentsImpl: mActivityStateObserver com.miui.home.launcher.Launcher
01-13 14:23:50.259  3278  5552 W AppCompatLetterboxPolicy: start not layout letterbox Window{41595f6 u0 LauncherOverlayWindow:com.android.quicksearchbox}
01-13 14:23:50.259  4686  4686 D BackGestureBreakController: mAppLaunchingButNotResume= false
01-13 14:23:50.259  4686  4686 W RecentsImpl: updateGestureWindowVisibleImpl, className=com.miui.home.launcher.Launcher
01-13 14:23:50.260  4686  5504 W RecentsImpl: disableTouchBySwipeStatusBar    disable=false
01-13 14:23:50.260  4686  4686 D RecentsImpl: useSysUiFlagsUpdateGestureWindowVisible, unlock
01-13 14:23:50.260  4686  4686 D Launcher: notifyBackGestureStatus
01-13 14:23:50.260  3278  5552 D BarFollowAnimation: pairAppearanceRegionAndWin win=Window{7f85f52 u0 com.miui.home/com.miui.home.launcher.Launcher} 0
01-13 14:23:50.260  4686  4686 D RecentsImpl: updateGestureWindowVisibleImpl, notifyBackGestureStatus, return
01-13 14:23:50.260  4686  5504 D GestureStubView_Left: disableTouchBySwipeStatusBar    old=false   new=false
01-13 14:23:50.260  4686  5504 D GestureStubView_Right: disableTouchBySwipeStatusBar    old=false   new=false
01-13 14:23:50.260  3278  5552 D BarFollowAnimation: isAppTaskBarOnTop win:Window{7f85f52 u0 com.miui.home/com.miui.home.launcher.Launcher} (mCurrentTopTask:Task{39f5710 #770 type=standard A=10405:com.soundtherapyapp} : false); (mAssociatedTask:Task{39f5710 #770 type=standard A=10405:com.soundtherapyapp} : false); (mHomeTask:Task{68ecabd #1 type=home} : true); mReparentToOriginParent:false mLastAppBarVisible:false mLastHomeBarVisible:true
01-13 14:23:50.260  4686  4686 I WindowElement16516d6: MAIN_THREAD:onClosingWindowTransitionStart closingTarget=RemoteAnimationTargetCompat{taskId=770, mode=1, isTranslucent=false, clipRect=Rect(0, 0 - 0, 0), position=Point(0, 0), sourceContainerBounds=Rect(0, 0 - 1440, 3200), prefixOrderIndex=2, isNotInRecents=true, contentInsets=Rect(0, 0 - 0, 0), activityType=1, packageName=com.soundtherapyapp, startBounds=Rect(0, 0 - 1440, 3200), windowType=-1}, closingTargets.homeTarget=RemoteAnimationTargetCompat{taskId=1, mode=0, isTranslucent=false, clipRect=Rect(0, 0 - 0, 0), position=Point(0, 0), sourceContainerBounds=Rect(0, 0 - 1440, 3200), prefixOrderIndex=3, isNotInRecents=false, contentInsets=Rect(0, 0 - 0, 0), activityType=2, packageName=com.miui.home, startBounds=Rect(0, 0 - 1440, 3200), windowType=-1}
01-13 14:23:50.260  4686  5517 E Launcher: mFsGestureStatusRefreshRunnable:run usingFsGesture=true   show=true   focus=true   pause=false
01-13 14:23:50.260  4686  5517 D Launcher: notifyFsGestureHomeStatus    enableBackGesture=false
01-13 14:23:50.260  4686  4686 D BoostRtHelper: boostGesture main
01-13 14:23:50.260  3278  5552 D MiuiRefreshRatePolicy: reset
01-13 14:23:50.260  4686  4686 D Launcher.Boost: setTurboSchedActionWithPriority::threadIds = [4686, 5632, 5684, 5623, 5622]
01-13 14:23:50.260  4686  4686 D WindowAnimParamsProvider: getClosingAnimParams, sosc.isHalfSplitMode=false, sosc.isMinimized=false, sosc.preIsMinimized=false
01-13 14:23:50.260  3278  5552 I TransitionImpl: home mode = 2
01-13 14:23:50.260  3278  5552 I TransitionImpl: home mode = 3
01-13 14:23:50.260  4686  5632 D com.miui.home: backgroundBlur makeBackgroundImage (BlurView-6-0xb400007838f44d30), blurRadius(111), blurType(-1), blurScaleRatio(0.000000)
01-13 14:23:50.260  4686  4686 D LauncherStateManager: exitOverviewStateIfNeed, mState=NormalState#f9a3859, mBelowState=NormalState#f9a3859, animated=false
01-13 14:23:50.260  4686  4686 I WindowAnimParamsProvider: getClosingWindowAnimParams closingTarget=RemoteAnimationTargetCompat{taskId=770, mode=1, isTranslucent=false, clipRect=Rect(0, 0 - 0, 0), position=Point(0, 0), sourceContainerBounds=Rect(0, 0 - 1440, 3200), prefixOrderIndex=2, isNotInRecents=true, contentInsets=Rect(0, 0 - 0, 0), activityType=1, packageName=com.soundtherapyapp, startBounds=Rect(0, 0 - 1440, 3200), windowType=-1}, closingTargets.homeTarget=RemoteAnimationTargetCompat{taskId=1, mode=0, isTranslucent=false, clipRect=Rect(0, 0 - 0, 0), position=Point(0, 0), sourceContainerBounds=Rect(0, 0 - 1440, 3200), prefixOrderIndex=3, isNotInRecents=false, contentInsets=Rect(0, 0 - 0, 0), activityType=2, packageName=com.miui.home, startBounds=Rect(0, 0 - 1440, 3200), windowType=-1}, closingTargets.secondTarget=null
01-13 14:23:50.260  3278  5552 I TransitionImpl: home mode = 2
01-13 14:23:50.260  4686  4686 D AnimatorDurationScaleHelper: isCloseAnimator=false
01-13 14:23:50.260  3278  5552 I TransitionImpl: home mode = 3
01-13 14:23:50.260  4686  4686 I IBarFollowAnimationRunnerImpl: updateGestureStateToRemote state: 5
01-13 14:23:50.260  3278  5552 I TransitionImpl: home mode = 2
01-13 14:23:50.260  3278  5552 I TransitionImpl: home mode = 3
01-13 14:23:50.260  4686  4686 I StateNotifyUtils: sendStateToShell value:5
01-13 14:23:50.260  3278  5552 I TransitionImpl: home mode = 2
01-13 14:23:50.260  3278  5552 I TransitionImpl: home mode = 3
01-13 14:23:50.260  4686  4686 E WindowAnimParamsProvider: getWindowTargetBounds    bounds=Rect(0, 0 - 1440, 3200)
01-13 14:23:50.260  4686  4686 I WindowAnimParamsProvider: getClosingWindowAnimParams isIgnoreAnimTarget=false, isStartLockScreen=false, hasMultiTask=false, isSingleSideBack=false, currentRotation=0, isElementParam=false, isShowingUserPresentAnimation=false
01-13 14:23:50.260  4686  4686 D WindowAnimParamsProvider: isIconLayoutFromSoscChange: isIconLayout = false
01-13 14:23:50.260  4686  4686 I WindowAnimParamsProvider: getClosingWindowAnimParams target =RemoteAnimationTargetCompat{taskId=770, mode=1, isTranslucent=false, clipRect=Rect(0, 0 - 0, 0), position=Point(0, 0), sourceContainerBounds=Rect(0, 0 - 1440, 3200), prefixOrderIndex=2, isNotInRecents=true, contentInsets=Rect(0, 0 - 0, 0), activityType=1, packageName=com.soundtherapyapp, startBounds=Rect(0, 0 - 1440, 3200), windowType=-1}
01-13 14:23:50.260  3278  4197 D TransitionImpl: onGestureStateCallback state = 5, info = {id=50 t=OPEN f=0x0 trk=0 r=[0@Point(0, 0)] c=[{WCT{RemoteToken{c097826 null}} m=OPEN f=NONE leash=Surface(name=Task=30#815)/@0xc955520 sb=Rect(0, 0 - 1440, 3200) eb=Rect(0, 0 - 1440, 3200) epz=Point(1440, 3200) d=0 taskParent=-1 v=trueMiuiChangeImpl {miuiEmbedding:false, scale:1.0}},{WCT{RemoteToken{c439a9d Task{68ecabd #1 type=home}}} m=TO_BACK f=SHOW_WALLPAPER leash=Surface(name=Task=1#51)/@0x8622026 sb=Rect(0, 0 - 1440, 3200) eb=Rect(0, 0 - 1440, 3200) epz=Point(1440, 3200) d=0 taskParent=-1 v=falseMiuiChangeImpl {miuiEmbedding:false, scale:1.0}},{m=TO_BACK f=IS_WALLPAPER leash=Surface(name=WallpaperWindowToken{ff64f09 showWhenLocked=false}#59)/@0x1ea950e sb=Rect(0, 0 - 1440, 3200) eb=Rect(0, 0 - 1440, 3200) epz=Point(1440, 3200) d=0 v=falseMiuiChangeImpl {miuiEmbedding:false, scale:1.0}}] mk=[false] noAni=[false] df=[false] rsa=[false] oa=[false] nc=[0] ho=[false] hla=[true] iSync=[-1]}
01-13 14:23:50.260  4686  4686 I WindowAnimParamsProvider: getClosingWindowAnimParams getClosingShortcutIcon target= RemoteAnimationTargetCompat{taskId=770, mode=1, isTranslucent=false, clipRect=Rect(0, 0 - 0, 0), position=Point(0, 0), sourceContainerBounds=Rect(0, 0 - 1440, 3200), prefixOrderIndex=2, isNotInRecents=true, contentInsets=Rect(0, 0 - 0, 0), activityType=1, packageName=com.soundtherapyapp, startBounds=Rect(0, 0 - 1440, 3200), windowType=-1}
01-13 14:23:50.260  4686  4686 I WindowAnimParamsProvider: getClosingWindowAnimParams getClosingShortcutIcon task before=  [TaskKey{id=770, stackId=0, baseIntent=Intent { flg=0x10000000 cmp=com.soundtherapyapp/.MainActivity }, userId=0, lastActiveTime=347879447, windowingMode=1, isThumbnailBlur=false, isAccessLocked=false, isScreening=false, topActivity=null, mHashCode=23862622}, title=SoundTherapyApp, titleDescription=SoundTherapyApp, bounds=null, isLaunchTarget=false, isStackTask=true, isSystemApp=false, isDockable=true, baseActivity=null, isLocked=false, mNeedHide=false, hasMultipleTasks=false, cti1Key=, cti2Key=] 
01-13 14:23:50.260  4686  4686 I WindowAnimParamsProvider: getClosingWindowAnimParams getClosingShortcutIcon task after=  [TaskKey{id=770, stackId=0, baseIntent=Intent { flg=0x10000000 cmp=com.soundtherapyapp/.MainActivity }, userId=0, lastActiveTime=347879447, windowingMode=1, isThumbnailBlur=false, isAccessLocked=false, isScreening=false, topActivity=null, mHashCode=23862622}, title=SoundTherapyApp, titleDescription=SoundTherapyApp, bounds=null, isLaunchTarget=false, isStackTask=true, isSystemApp=false, isDockable=true, baseActivity=null, isLocked=false, mNeedHide=false, hasMultipleTasks=false, cti1Key=, cti2Key=] 
01-13 14:23:50.260  4686  4686 D WindowAnimParamsProvider: getClosingShortcutIcon:CloseShortcutIconUtils.getCloseShortcutIcon  cn=ComponentInfo{com.soundtherapyapp/com.soundtherapyapp.MainActivity}   userId=0
01-13 14:23:50.260  4686  4686 I WindowAnimParamsProvider: getClosingWindowAnimParams secondTarget=null, launchAppAndBackHomeAnimTarget=com.miui.home.launcher.ShortcutIcon{f4dddba VFED..CL. ........ 382,734-720,1101}(SoundTherapyApp)
01-13 14:23:50.260  4686  4686 E ClipAnimationHelper: updateSourceStack  mSourceInsets=Rect(0, 0 - 0, 0), mSourceStackBounds=Rect(0, 0 - 1440, 3200)
01-13 14:23:50.260  4686  4686 D ClipAnimationHelper: updateSourceStackBounds, mSourceStackBounds=Rect(0, 0 - 1440, 3200)
01-13 14:23:50.260  4686  4686 E ClipAnimationHelper: updateHomeStack  mSourceInsets=Rect(0, 0 - 0, 0), mHomeStackBounds=Rect(0, 0 - 1440, 3200)
01-13 14:23:50.260  4686  4686 E ClipAnimationHelper: updateTargetRect  mSourceRect=RectF(0.0, 0.0, 1440.0, 3200.0)   mTargetRect=RectF(0.0, 0.0, 1440.0, 3200.0)   mSourceWindowClipInsets=RectF(0.0, 0.0, 0.0, 0.0)   mHomeStackBounds=Rect(0, 0 - 1440, 3200)   targetRect=Rect(0, 0 - 1440, 3200)
01-13 14:23:50.260  4686  4686 I WindowAnimParamsProvider: startClosingWindowAnimators:startRect=RectF(0.0, 0.0, 1440.0, 3200.0), targetRect=Rect(443, 1058 - 659, 1274), startRadius=[120.0, 120.0, 22.0, 22.0], endRadius=57.30612, animType==CLOSE_TO_HOME, isMultiProcessMinusScreenShowing=false, currentRotation=0, homeRotation=0, isUseSimpleAnim=false, isSingleSideBack= false, withoutShortcutAnim= false
01-13 14:23:50.260  4686  4686 I WindowAnimParamsProvider: getUserIdFromRemoteTarget target= RemoteAnimationTargetCompat{taskId=770, mode=1, isTranslucent=false, clipRect=Rect(0, 0 - 0, 0), position=Point(0, 0), sourceContainerBounds=Rect(0, 0 - 1440, 3200), prefixOrderIndex=2, isNotInRecents=true, contentInsets=Rect(0, 0 - 0, 0), activityType=1, packageName=com.soundtherapyapp, startBounds=Rect(0, 0 - 1440, 3200), windowType=-1}
01-13 14:23:50.261  4686  4686 I WindowAnimParamsProvider: getUserIdFromRemoteTarget task before=  [TaskKey{id=770, stackId=0, baseIntent=Intent { flg=0x10000000 cmp=com.soundtherapyapp/.MainActivity }, userId=0, lastActiveTime=347879447, windowingMode=1, isThumbnailBlur=false, isAccessLocked=false, isScreening=false, topActivity=null, mHashCode=23862622}, title=SoundTherapyApp, titleDescription=SoundTherapyApp, bounds=null, isLaunchTarget=false, isStackTask=true, isSystemApp=false, isDockable=true, baseActivity=null, isLocked=false, mNeedHide=false, hasMultipleTasks=false, cti1Key=, cti2Key=] 
01-13 14:23:50.261  4686  4686 I WindowAnimParamsProvider: getUserIdFromRemoteTarget task after=  [TaskKey{id=770, stackId=0, baseIntent=Intent { flg=0x10000000 cmp=com.soundtherapyapp/.MainActivity }, userId=0, lastActiveTime=347879447, windowingMode=1, isThumbnailBlur=false, isAccessLocked=false, isScreening=false, topActivity=null, mHashCode=23862622}, title=SoundTherapyApp, titleDescription=SoundTherapyApp, bounds=null, isLaunchTarget=false, isStackTask=true, isSystemApp=false, isDockable=true, baseActivity=null, isLocked=false, mNeedHide=false, hasMultipleTasks=false, cti1Key=, cti2Key=] 
01-13 14:23:50.261  4686  4686 D WindowAnimParamsProvider: getUserIdFromRemoteTarget  cn=ComponentInfo{com.soundtherapyapp/com.soundtherapyapp.MainActivity}   userId=0
01-13 14:23:50.261  4686  5517 E StateNotifyUtils: sendFsStateBroadCast state=closeWindow   channel=navigation_bar   packageName=
01-13 14:23:50.261  4686  4686 D HomeLayerElement: bindHomeLeash com.android.systemui.shared.recents.system.SurfaceControlCompat@af9c428
01-13 14:23:50.261  4686  4686 D HomeLayerElement: java.lang.Exception
01-13 14:23:50.261  4686  4686 D HomeLayerElement: 	at com.miui.home.recents.anim.HomeLayerElement.bindHomeLeash(HomeLayerElement.kt:85)
01-13 14:23:50.261  4686  4686 D HomeLayerElement: 	at com.miui.home.recents.anim.WindowElement.onClosingWindowTransitionExecute$lambda$13(WindowElement.kt:598)
01-13 14:23:50.261  4686  4686 D HomeLayerElement: 	at com.miui.home.recents.anim.WindowElement.$r8$lambda$oNDe-v3FTseZvwjynpGBxPccacc(WindowElement.kt:0)
01-13 14:23:50.261  4686  4686 D HomeLayerElement: 	at com.miui.home.recents.anim.WindowElement$$ExternalSyntheticLambda9.run(R8$$SyntheticClass:0)
01-13 14:23:50.261  4686  4686 D HomeLayerElement: 	at android.os.Handler.handleCallback(Handler.java:995)
01-13 14:23:50.261  4686  4686 D HomeLayerElement: 	at android.os.Handler.dispatchMessage(Handler.java:103)
01-13 14:23:50.261  4686  4686 D HomeLayerElement: 	at android.os.Looper.loopOnce(Looper.java:267)
01-13 14:23:50.261  4686  4686 D HomeLayerElement: 	at android.os.Looper.loop(Looper.java:360)
01-13 14:23:50.261  4686  4686 D HomeLayerElement: 	at android.app.ActivityThread.main(ActivityThread.java:10088)
01-13 14:23:50.261  4686  4686 D HomeLayerElement: 	at java.lang.reflect.Method.invoke(Native Method)
01-13 14:23:50.261  4686  4686 D HomeLayerElement: 	at com.android.internal.os.RuntimeInit$MethodAndArgsCaller.run(RuntimeInit.java:616)
01-13 14:23:50.261  4686  4686 D HomeLayerElement: 	at com.android.internal.os.ZygoteInit.main(ZygoteInit.java:1113)
01-13 14:23:50.261  4686  4686 I AnimStateManager: onAnimParamsReady windowElement = com.miui.home.recents.anim.WindowElement@16516d6
01-13 14:23:50.261  4686  4686 D WindowElement16516d6: animTo, params=RectFParams(targetApps=com.miui.home.recents.util.RemoteAnimationTargetSet@59d9ae6, windowAnimParams=WindowAnimParams(startRect=RectF(0.0, 0.0, 1440.0, 3200.0), targetRect=RectF(443.0, 1058.0, 659.0, 1274.0), startRadii=[120.0,120.0,22.0,22.0], endRadii=[57.30612,57.30612,57.30612,57.30612], startAlpha=1.0, endAlpha=0.0, velocityParams=VelocityParams(leftVelocity=0.0, topVelocity=0.0, widthVelocity=0.0, heightVelocity=0.0, ratioVelocity=0.0, radiusRatioVelocity=0.0, alphaVelocity=0.0), extraSpringsBundles=null), animType=CLOSE_TO_HOME, ignoreIcon=false, showTask=false, isQuickSwitchMode=false, targetView=com.miui.home.launcher.ShortcutIcon{f4dddba VFED..CL. ........ 382,734-720,1101}(SoundTherapyApp), animListener=com.miui.home.recents.anim.WindowAnimParamsProvider$getClosingWindowAnimParams$animListener$1@d313827, clipAnimationHelper=com.miui.home.recents.util.ClipAnimationHelper@23afad4, clearLastListener=false, currentDisplayRotation=0, homeRotation=0, gestureHomeCalculator=null, needFinishOnAnimEnd=true, currentTaskIndex=0, isSplitModeBack=false, isUseTranslucentAnim=false, runningTaskId=0, touchRange=2, hasAnimTarget=true, isCloseAppToDefaultCenter=false, isHoldSmallWindowCropForCloseToDrag=false), isRunning()=true
01-13 14:23:50.261  4686  4686 D WindowElement16516d6: updateFloatingIconView, animType=CLOSE_TO_HOME
01-13 14:23:50.261  4686  4686 D WindowElement16516d6: updateFloatingIconView, oldTargetView=null, params.targetView=com.miui.home.launcher.ShortcutIcon{f4dddba VFED..CL. ........ 382,734-720,1101}(SoundTherapyApp)
01-13 14:23:50.261  4686  4686 D WindowElement16516d6: replaceFloatingIconViewContent, init floatingIconView if needed floatingIcon = [Lcom.miui.home.recents.FloatingIconInterface;@f81947d params = RectFParams(targetApps=com.miui.home.recents.util.RemoteAnimationTargetSet@59d9ae6, windowAnimParams=WindowAnimParams(startRect=RectF(0.0, 0.0, 1440.0, 3200.0), targetRect=RectF(443.0, 1058.0, 659.0, 1274.0), startRadii=[120.0,120.0,22.0,22.0], endRadii=[57.30612,57.30612,57.30612,57.30612], startAlpha=1.0, endAlpha=0.0, velocityParams=VelocityParams(leftVelocity=0.0, topVelocity=0.0, widthVelocity=0.0, heightVelocity=0.0, ratioVelocity=0.0, radiusRatioVelocity=0.0, alphaVelocity=0.0), extraSpringsBundles=null), animType=CLOSE_TO_HOME, ignoreIcon=false, showTask=false, isQuickSwitchMode=false, targetView=com.miui.home.launcher.ShortcutIcon{f4dddba VFED..CL. ........ 382,734-720,1101}(SoundTherapyApp), animListener=com.miui.home.recents.anim.WindowAnimParamsProvider$getClosingWindowAnimParams$animListener$1@d313827, clipAnimationHelper=com.miui.home.recents.util.ClipAnimationHelper@23afad4, clearLastListener=false, currentDisplayRotation=0, homeRotation=0, gestureHomeCalculator=null, needFinishOnAnimEnd=true, currentTaskIndex=0, isSplitModeBack=false, isUseTranslucentAnim=false, runningTaskId=0, touchRange=2, hasAnimTarget=true, isCloseAppToDefaultCenter=false, isHoldSmallWindowCropForCloseToDrag=false) isInit 
01-13 14:23:50.261  4686  4686 D FloatingIconView2b187f72: removeRecycleCallback: com.miui.home.recents.views.FloatingIconView2$$ExternalSyntheticLambda4@46f2fc3
01-13 14:23:50.261  4686  4686 D FloatingIconView2b187f72: init addView: com.soundtherapyapp, index: 2, rootView:com.miui.home.launcher.StrictFrameLayout{ff3f9c8 V.E...... ......ID 0,0-1440,3200}
01-13 14:23:50.261  3278  3419 D BroadcastQueue: Logging broadcast for com.android.systemui, stopped=false, firstLaunch=false
01-13 14:23:50.261  4686  4686 D Launcher.BlurUtilities: clearAllBlur: View=com.miui.home.recents.views.FloatingIconView2{b187f72 V.ED..... ......I. 0,0-0,0}
01-13 14:23:50.261 29090  7083 E SystemUtils: appIsTopAndXSpace: package com.miui.home, result false
01-13 14:23:50.261  4686  4686 D FloatingIconView2b187f72: init, icon=com.miui.home.launcher.ShortcutIcon{f4dddba VFED..CL. ........ 382,734-720,1101}(SoundTherapyApp), mIsAdaptiveIcon=false, iconOffset=0, isBigIcon=false, isVerticalShape=false, isVerticalClip=false, mIsClamp=true, mDrawableandroid.graphics.drawable.BitmapDrawable@42a7881, clipToOutlinefalse
01-13 14:23:50.261  4686  4686 D FloatingIconView2b187f72: setIsDrawIcon, isDraw=true
01-13 14:23:50.261 29090  5419 D ExecutorUtils: Task[RALH-notifyTaskStackChanged,97024942] running ON mirror-thread-1
01-13 14:23:50.261 29090  5419 D RelayAppLocalHelper: both hide, no need notify devices. check com.miui.home
01-13 14:23:50.261  3278  3419 D BroadcastQueue: Logging broadcast for com.android.systemui, stopped=false, firstLaunch=false
01-13 14:23:50.261  5321  5646 D MiuiFreeformModeSettingsObserver: handleFreeFormReceiver intent = Intent { act=com.miui.fullscreen_state_change flg=0x10 xflg=0x4 (has extras) }, action = com.miui.fullscreen_state_change
01-13 14:23:50.261  5321  5646 D MiuiFreeformModeSettingsObserver: ACTION_FULLSCREEN_STATE_CHANGE stateName: closeWindow
01-13 14:23:50.262  2033  4624 D MI-SF   : updateScene: module = 258 (TpIdle), value = 1, pkg = com.miui.home, Vrr = 1, mSetTpIdleFlag = 0
01-13 14:23:50.262  2033  4624 D MI-SF   : updateScene mSetTpIdleFlag 1
01-13 14:23:50.262  4686  4686 D WindowElement16516d6: bindIconLayerLeashIfNeeded true  null  Surface(name=TL_Surface(name=Task=1#51)/@0x90045fe_transition-leash#49251)/@0xccbb26b target = null
01-13 14:23:50.262  4686  4686 D WindowElement16516d6: bindIconLayerLeashIfNeeded 1
01-13 14:23:50.262  4686  4686 I WindowElement16516d6: FloatingIconLayer2 is empty,return!
01-13 14:23:50.262  4686  4686 D WindowElementOffsetHelper: mType=3   x=382.0   y=1017.0
01-13 14:23:50.262  4686  4686 D WindowElement16516d6: bindIconLayerLeashIfNeeded true  null  Surface(name=TL_Surface(name=Task=1#51)/@0x90045fe_transition-leash#49251)/@0xccbb26b target = com.miui.home.launcher.ShortcutIcon{f4dddba VFED..CL. ........ 382,734-720,1101}(SoundTherapyApp)
01-13 14:23:50.262  4686  4686 D WindowElement16516d6: bindIconLayerLeashIfNeeded 1
01-13 14:23:50.262  4686  4686 I WindowElement16516d6: FloatingIconLayer2 is empty,return!
01-13 14:23:50.262  4686  4686 D WindowAnimImplementorDispatcher: 23402198 animTo CLOSE_TO_HOME by com.miui.home.recents.anim.windowanim.LocalWindowAnimImplementor@2a79012
01-13 14:23:50.262  4686  4686 I ScenarioRecognitionUtil: setScenarioState, type: 320, isStart: true
01-13 14:23:50.263  4686  4686 D LocalWindowAnimImplementor: animTo, params=RectFParams(targetApps=com.miui.home.recents.util.RemoteAnimationTargetSet@59d9ae6, windowAnimParams=WindowAnimParams(startRect=RectF(0.0, 0.0, 1440.0, 3200.0), targetRect=RectF(443.0, 1058.0, 659.0, 1274.0), startRadii=[120.0,120.0,22.0,22.0], endRadii=[57.30612,57.30612,57.30612,57.30612], startAlpha=1.0, endAlpha=0.0, velocityParams=VelocityParams(leftVelocity=0.0, topVelocity=0.0, widthVelocity=0.0, heightVelocity=0.0, ratioVelocity=0.0, radiusRatioVelocity=0.0, alphaVelocity=0.0), extraSpringsBundles=null), animType=CLOSE_TO_HOME, ignoreIcon=false, showTask=false, isQuickSwitchMode=false, targetView=com.miui.home.launcher.ShortcutIcon{f4dddba VFED..CL. ......ID 382,734-720,1101}(SoundTherapyApp), animListener=com.miui.home.recents.anim.WindowAnimParamsProvider$getClosingWindowAnimParams$animListener$1@d313827, clipAnimationHelper=com.miui.home.recents.util.ClipAnimationHelper@23afad4, clearLastListener=false, currentDisplayRotation=0, homeRotation=0, gestureHomeCalculator=null, needFinishOnAnimEnd=true, currentTaskIndex=0, isSplitModeBack=false, isUseTranslucentAnim=false, runningTaskId=0, touchRange=2, hasAnimTarget=true, isCloseAppToDefaultCenter=false, isHoldSmallWindowCropForCloseToDrag=false), isRunningAndNotRequestEndOrCancel()=true
01-13 14:23:50.263  4686  4686 I RectFSpringAnim_192184984: setStartRect = RectF(0.0, 0.0, 1440.0, 3200.0)
01-13 14:23:50.263  4686  4686 I RectFSpringAnim_192184984: setAnimParamByType = CLOSE_TO_HOME
01-13 14:23:50.263  4686  4686 E MultiSpringDynamicAnimation9f61af1: ERROR Not Found Bundle Radius
01-13 14:23:50.263  4686  4686 E MultiSpringDynamicAnimation9f61af1: ERROR Not Found Bundle SurfaceExtAlpha
01-13 14:23:50.263  4686  4686 E MultiSpringDynamicAnimation9f61af1: ERROR Not Found Bundle appLeashBlurRadius
01-13 14:23:50.263  4686  4686 I RectFSpringAnim_192184984: updateAllAnimEndDirectly, centerX = 551.0, centerY = 1166.0, width = 216.0, height = 216.0, rectF = RectF(443.0, 1058.0, 659.0, 1274.0), radius = [57.30612, 57.30612, 57.30612, 57.30612], alpha = 0.0
01-13 14:23:50.263  4686  4686 E MultiSpringDynamicAnimation9f61af1: ERROR Not Found Bundle SurfaceExtAlpha
01-13 14:23:50.263  4686  4686 D NavStubView: setWindowAnimType  type=CLOSE_TO_HOME
01-13 14:23:50.263  4686  4686 D NavStubView: setIsAnimatingToLauncher  isAnimatingToLauncher=true
01-13 14:23:50.263  4686  4686 D ShortcutMenuLayerElement: animTo, params=ShortcutMenuLayerParams(alpha=1.0, scaleX=1.0, scaleY=1.0, dampingRation=1.2, response=0.5, isSurfaceChange=true, shouldTryDisableByRecents=true, reason=, anim=true, animEndListener=null)
01-13 14:23:50.263  4686  4686 D PassBlur: textureState not update, view com.miui.home.launcher.ShortcutMenuLayer{bb4b4a4 V.E...... ......ID 0,0-1440,3200 #7f0a03f8 app:id/shortcut_menu_layer} visible is true
01-13 14:23:50.263  4686  4686 D ShortcutMenuLayerElement: onAnimationEnd animation = null canceled = false
01-13 14:23:50.263  4686  4686 D SystemWallpaperElement: animTo   zoomOut=1.0 useWallpaperAnim=true
01-13 14:23:50.263  4686  4686 D RecentBlurViewElement: animTo: params = RecentBlurParams(blurRadius=0.0, dimming=0.0, dampingRatio=0.95, response=0.45) blurView = com.miui.home.launcher.BlurView{5420920 V.ED..... ........ 0,0-1440,3200 #7f0a026a app:id/launcher_blur_view}
01-13 14:23:50.263  3278 11074 D MiuiWallpaperAnimationManager: startScaleAnimation  from: 1.0891836 to: 1.0 by window: Window{7f85f52 u0 com.miui.home/com.miui.home.launcher.Launcher}
01-13 14:23:50.263  3278 11074 D MiuiWallpaperSurfaceAnimation: setAnimationState curState: INITIALIZED
01-13 14:23:50.263  4686  4686 D HomeLayerElement: animTo, enable = false params=HomeLayerParams(startAlpha=0.0, startScale=0.95, endAlpha=1.0, endScale=1.0)
01-13 14:23:50.263  4686  4686 D HomeLayerElement: java.lang.Exception
01-13 14:23:50.263  4686  4686 D HomeLayerElement: 	at com.miui.home.recents.anim.HomeLayerElement.animTo(HomeLayerElement.kt:174)
01-13 14:23:50.263  4686  4686 D HomeLayerElement: 	at com.miui.home.recents.anim.StateManager.handleAllElementParams(StateManager.kt:241)
01-13 14:23:50.263  4686  4686 D HomeLayerElement: 	at com.miui.home.recents.anim.StateManager.onAnimParamsReady(StateManager.kt:169)
01-13 14:23:50.263  4686  4686 D HomeLayerElement: 	at com.miui.home.recents.anim.StateManager.onAnimParamsReady$default(StateManager.kt:166)
01-13 14:23:50.263  4686  4686 D HomeLayerElement: 	at com.miui.home.recents.anim.WindowElement.onClosingWindowTransitionExecute$lambda$13(WindowElement.kt:609)
01-13 14:23:50.263  4686  4686 D HomeLayerElement: 	at com.miui.home.recents.anim.WindowElement.$r8$lambda$oNDe-v3FTseZvwjynpGBxPccacc(WindowElement.kt:0)
01-13 14:23:50.263  4686  4686 D HomeLayerElement: 	at com.miui.home.recents.anim.WindowElement$$ExternalSyntheticLambda9.run(R8$$SyntheticClass:0)
01-13 14:23:50.263  4686  4686 D HomeLayerElement: 	at android.os.Handler.handleCallback(Handler.java:995)
01-13 14:23:50.263  4686  4686 D HomeLayerElement: 	at android.os.Handler.dispatchMessage(Handler.java:103)
01-13 14:23:50.263  4686  4686 D HomeLayerElement: 	at android.os.Looper.loopOnce(Looper.java:267)
01-13 14:23:50.263  4686  4686 D HomeLayerElement: 	at android.os.Looper.loop(Looper.java:360)
01-13 14:23:50.263  4686  4686 D HomeLayerElement: 	at android.app.ActivityThread.main(ActivityThread.java:10088)
01-13 14:23:50.263  4686  4686 D HomeLayerElement: 	at java.lang.reflect.Method.invoke(Native Method)
01-13 14:23:50.263  4686  4686 D HomeLayerElement: 	at com.android.internal.os.RuntimeInit$MethodAndArgsCaller.run(RuntimeInit.java:616)
01-13 14:23:50.263  4686  4686 D HomeLayerElement: 	at com.android.internal.os.ZygoteInit.main(ZygoteInit.java:1113)
01-13 14:23:50.263  4686  4686 I AnimStateManager: go to state com.miui.home.recents.anim.StateManager$HomeState@b5d285e
01-13 14:23:50.263  3278  3405 D MiuiWallpaperSurfaceAnimation: setAnimationState curState: STARTED
01-13 14:23:50.263  4686  4686 D RecentsImpl: updateFsgWindowVisibilityState, isEnter=false, typeFrom=typefrom_home
01-13 14:23:50.263  4686  5517 W RecentsImpl: updateFsgWindowVisibilityStateInBgThread, isEnter=false, typeFrom=typefrom_home, isUseFsg=true, isKeyguardLocked=false, mIsInAnotherPro=false
01-13 14:23:50.263  4686  5517 W RecentsImpl: getTopActivity from observer.   cn=ComponentInfo{com.miui.home/com.miui.home.launcher.Launcher}
01-13 14:23:50.263  4686  5517 D GestureStubView_Left: hideGestureStub
01-13 14:23:50.263  4686  5517 D GestureStubView_Right: hideGestureStub
01-13 14:23:50.264  3278  3404 I TransitionImpl: home mode = 2
01-13 14:23:50.264  3278  3404 I TransitionImpl: home mode = 3
01-13 14:23:50.264  3278  3404 I TransitionImpl: home mode = 2
01-13 14:23:50.264  3278  3404 I TransitionImpl: home mode = 3
01-13 14:23:50.264  3278  3404 I TransitionImpl: home mode = 2
01-13 14:23:50.264  3278  3404 I TransitionImpl: home mode = 3
01-13 14:23:50.264  3278  3404 I TransitionImpl: home mode = 2
01-13 14:23:50.264  3278  3404 I TransitionImpl: home mode = 3
01-13 14:23:50.264  2033  2033 D MI-SF   : isSupportLowBrightnessFpsSwitch current_setting_fps: 120
01-13 14:23:50.264  2033  2033 D MI-SF   : isTpIdleScene ,mAverageFrameRate is 36, 0 
01-13 14:23:50.264  2033  2033 D MI-SF   : modeGroup0 mIsSupportAutomodeForMaxFpsSetting is 0(0), getCurrentBrightness() = 737(388), mIsKeepAutoMode 0 isAutoModeAllowed() 1
01-13 14:23:50.264  2033  2033 D RefreshRateSelector: fixedMode_group: 0, isFindModeGroup 0
01-13 14:23:50.264  2033  2033 D RefreshRateSelector: find max refresh rate:120, mode Group:0
01-13 14:23:50.266  3278 11074 D InputDispatcher: setFocusedWindow 7f85f52 com.miui.home/com.miui.home.launcher.Launcher on display 0 ignored, reason: already focused
01-13 14:23:50.267  3278  3405 I MiuiWallpaperSurfaceAnimation: wallpaperOffsets:xOffset=0.0,yOffset=0.0
01-13 14:23:50.267  3278  3405 D MiuiWallpaperSurfaceAnimation: updateScaleIfNeeded mPivotX: 0.5, mPivotY: 0.5, x: 0.0, y: 0.0, zoom: 1.090751
01-13 14:23:50.267  4686  4686 I LocalWindowAnimImplementor: initSyncTransactionApplierIfNeed floatIconView: com.miui.home.recents.views.FloatingIconView2{b187f72 V.ED..... ......ID 382,1017-598,1233}
01-13 14:23:50.267  4686  4686 D SyncRtSurfaceTransactionApplierCompat: SyncRtSurfaceTransactionApplierCompat::create targetView is null? false, mTargetViewRootImpl null? false
01-13 14:23:50.267  4686  4686 D PassBlur: textureState not update, view com.miui.home.launcher.BlurView{5420920 V.ED..... ........ 0,0-1440,3200 #7f0a026a app:id/launcher_blur_view} visible is true
01-13 14:23:50.268  4686  4686 D RecentsImpl: showNavStubView
01-13 14:23:50.268  4686  4686 D NavStubView_Touch: setKeepHidden    old=false   new=false
01-13 14:23:50.268  4686  5632 D com.miui.home: backgroundBlur makeBackgroundImage (ShortcutMenuLayer-6-0xb400007838efed10), blurRadius(183), blurType(-1), blurScaleRatio(0.000000)
01-13 14:23:50.268  5321  5321 D DynamicIslandTopActivityController: fullscreen: com.miui.home
01-13 14:23:50.268  5321  5321 D DynamicIslandController: onTopActivityChanged: ComponentInfo{com.miui.home/com.miui.home.launcher.Launcher}
01-13 14:23:50.268  5321  5321 D DynamicIslandWindowViewController: handleDynamicIsland: action_top_activity_changed
01-13 14:23:50.268  4686  5632 D com.miui.home: backgroundBlur makeBackgroundImage (BlurView-6-0xb400007838f44d30), blurRadius(112), blurType(-1), blurScaleRatio(0.000000)
01-13 14:23:50.268  5321  5321 D DynamicIslandWindowViewController: onTopActivityChange: topActivity ComponentInfo{com.miui.home/com.miui.home.launcher.Launcher}, inSmallWindow false, isSupportPip false, isFocus false fullScreenPkg com.miui.home
01-13 14:23:50.268  5321  5321 D DynamicIslandWindowViewController: openAppFromIsland: null, null, null false
01-13 14:23:50.268  5321  5321 D DynamicIslandSafeguardsController: cancelDelayEnterApp com.miui.home com.xiaomi.aicr
01-13 14:23:50.268  5321  5321 D DynamicIslandSafeguardsController: cancelDelayEnterMiniWindow com.miui.home com.miui.home null
01-13 14:23:50.268  5321  5321 D DynamicIslandSafeguardsController: cancelDelayExitApp com.miui.home com.soundtherapyapp
01-13 14:23:50.268  5321  5321 D DynamicIslandSafeguardsController: cancelDelayExitMiniWindow com.miui.home null
01-13 14:23:50.268  5321  5321 D DynamicIslandWindowViewController: lastTopActivityIsSmallWindow false
01-13 14:23:50.268  5321  5321 D DynamicIslandSafeguardsController: delayExitApp com.miui.home
01-13 14:23:50.268  5321  5321 D DynamicIslandSafeguardsController: cancelDelayExitApp com.miui.home com.miui.home
01-13 14:23:50.272  2033  2033 D MI-SF   : isSupportLowBrightnessFpsSwitch current_setting_fps: 120
01-13 14:23:50.272  2033  2033 D MI-SF   : isTpIdleScene ,mAverageFrameRate is 36, 0 
01-13 14:23:50.272  2033  2033 D MI-SF   : modeGroup0 mIsSupportAutomodeForMaxFpsSetting is 0(0), getCurrentBrightness() = 737(388), mIsKeepAutoMode 0 isAutoModeAllowed() 1
01-13 14:23:50.272  2033  2033 D RefreshRateSelector: fixedMode_group: 0, isFindModeGroup 0
01-13 14:23:50.272  2033  2033 D RefreshRateSelector: find max refresh rate:120, mode Group:0
01-13 14:23:50.275  4686  4686 D PassBlur: textureState not update, view com.miui.home.launcher.BlurView{5420920 V.ED..... ........ 0,0-1440,3200 #7f0a026a app:id/launcher_blur_view} visible is true
01-13 14:23:50.275  3278  3405 I MiuiWallpaperSurfaceAnimation: wallpaperOffsets:xOffset=0.0,yOffset=0.0
01-13 14:23:50.275  3278  3405 D MiuiWallpaperSurfaceAnimation: updateScaleIfNeeded mPivotX: 0.5, mPivotY: 0.5, x: 0.0, y: 0.0, zoom: 1.0916209
01-13 14:23:50.276  4686  5632 D com.miui.home: backgroundBlur makeBackgroundImage (ShortcutMenuLayer-6-0xb400007838efed10), blurRadius(183), blurType(-1), blurScaleRatio(0.000000)
01-13 14:23:50.276  4686  5632 D com.miui.home: backgroundBlur makeBackgroundImage (BlurView-6-0xb400007838f44d30), blurRadius(111), blurType(-1), blurScaleRatio(0.000000)
01-13 14:23:50.277  1963  4293 D AudioFlingerImpl: setGameParameters keyvalue: gamebooster=false
01-13 14:23:50.277  1963  4293 D DeviceHalAidl: [default] setParameters: parameters: "gamebooster=false"
01-13 14:23:50.277  1816  3195 I AHAL_ModulePrimary_MI: setVendorParameters: parameter count 1, async: 0
01-13 14:23:50.277  1816  3195 D AHAL_ModulePrimary_MI: setVendorParameters parameters id = gamebooster val false
01-13 14:23:50.277  1816  3195 D AHAL_ModulePrimary_MI: setVendorParameters: enter miam_setParameters_v2 ret = -2
01-13 14:23:50.277  1816  3195 D AHAL_ModulePrimary_QTI: setVendorParameters: parameter count 1, async: 0
01-13 14:23:50.277  1816  3195 D AHAL_HFP_QTI: hfp_set_parameters enter
01-13 14:23:50.277  1816  3195 D AHAL_HFP_QTI: hfp_set_parameters Exit
01-13 14:23:50.277 21761 32100 I Market-DownloadLimitSpeedManager: stopLimitSpeed
01-13 14:23:50.277  1963  4293 D DeviceHalAidl: [usb] setParameters: parameters: "gamebooster=false"
01-13 14:23:50.277 21761 32100 I Market-LimitSpeedManager: stopLimitSpeedNow() =========== 
01-13 14:23:50.278  1963  4293 E ConversionHelperAidl: Function: parseAndSetVendorParameters Line: 94 Failed 
01-13 14:23:50.278  1963  4293 D DeviceHalAidl: [r_submix] setParameters: parameters: "gamebooster=false"
01-13 14:23:50.278  1816  3199 D AHAL_ModuleRemoteSubmix: setVendorParameters: parameter count 1, async: 0
01-13 14:23:50.278  1816  3199 D AHAL_ModuleRemoteSubmix: setVendorParameters parameters id = gamebooster val false
01-13 14:23:50.278  1963  4293 E ConversionHelperAidl: Function: parseAndSetVendorParameters Line: 94 Failed 
01-13 14:23:50.278  1963  4293 D DeviceHalAidl: [bluetooth] setParameters: parameters: "gamebooster=false"
01-13 14:23:50.278  1963  4293 E ConversionHelperAidl: Function: parseAndSetVendorParameters Line: 94 Failed 
01-13 14:23:50.278 10082 10219 D DMS_LimitSpeedService: exit limit speed(-1.00B/s) success 
01-13 14:23:50.278 21761 32100 I Market-RetrofitRequest: callEnd : https://updateinfo.market.xiaomi.com/apm/updateinfo/v2
01-13 14:23:50.278 21761 32100 I Market-LocalAppManager: getUpdateInfoFromServer : end  , responseCode : OK
01-13 14:23:50.278 21761 32100 I Market-LocalAppManager: checkUpdateFromServer : end
01-13 14:23:50.278 21761 32100 I Market-LocalAppManager: checkUpdateFromServer  data parser : end
01-13 14:23:50.279 21761 32100 I Market-HuanjiManager: condition not satisfied, ignore
01-13 14:23:50.279 21761 32100 I Market-DataParser: [InvalidPackageList] JSON : invalidSystemPackageList list is null
01-13 14:23:50.279 21761 32100 I Market-LocalAppManager: checkUpdateFromServer  filter package : end
01-13 14:23:50.279 21761 32100 I Market-LocalAppManager: checkUpdateFromServer  support64BitPackagesJsonArray : end
01-13 14:23:50.279 21761 32100 I Market-OneTrackParams: useExpId=2089471,1978999,2000549,1700402,2075312,expId=2023001,1805848,1627499,1689162,2075312,1700402,2000549,2149131,1411227,1978999,2089471,2214498,2223943
01-13 14:23:50.279 21761 21830 E Market-UpdateDesktopOperateIconManager: [OperateIconConfig] JSON : operation icon config list not exist!
01-13 14:23:50.279 21761 21830 I Market-UpdateDesktopOperateIconManager: [OperateIconConfig] JSON: parser operateIconConfigList : null
01-13 14:23:50.279  7406  7456 I SmartAppAssistant: AppStoreHelper queryPackageInfo result=1 oldVersionName=1.0 oldVersionCode=1
01-13 14:23:50.280 31922 31956 I htmlviewercloudcontrol: isStagingEnv:false param =  taa_atest  uriMatch = 2, cluster: cn, version: 649476, traceId: 3207d9982ba3ad88be5aad14ba11fab1, regId: 3y/5YAKKsG4DaTUEqYP8xrCGGdYjHRJxuJepRV34cHdbfLdNYsnawrrMuDZmuv5e
01-13 14:23:50.280 22881 23009 D IdProviderImpl: getOAID from com.miui.analytics
01-13 14:23:50.280 31922 31956 I htmlviewercloudcontrol: isStagingEnv:false param =  taa_btest  uriMatch = 2, cluster: cn, version: 649476, traceId: 3207d9982ba3ad88be5aad14ba11fab1, regId: 3y/5YAKKsG4DaTUEqYP8xrCGGdYjHRJxuJepRV34cHdbfLdNYsnawrrMuDZmuv5e
01-13 14:23:50.280 31922 31956 I htmlviewercloudcontrol: isStagingEnv:false param =  taa_ctest  uriMatch = 2, cluster: cn, version: 649476, traceId: 3207d9982ba3ad88be5aad14ba11fab1, regId: 3y/5YAKKsG4DaTUEqYP8xrCGGdYjHRJxuJepRV34cHdbfLdNYsnawrrMuDZmuv5e
01-13 14:23:50.281 31922 31954 I htmlviewercloudcontrol: isStagingEnv:false param =  taa_EmergentProblem  uriMatch = 2, cluster: cn, version: 649476, traceId: 3207d9982ba3ad88be5aad14ba11fab1, regId: 3y/5YAKKsG4DaTUEqYP8xrCGGdYjHRJxuJepRV34cHdbfLdNYsnawrrMuDZmuv5e
01-13 14:23:50.281 22881 23009 D IdProviderImpl: getOAID from com.miui.analytics
01-13 14:23:50.281  2033  2109 D RenderEngine: makePassBlurBetterDownShader layername:Wallpaper BBQ wrapper#64
01-13 14:23:50.282 31922 31956 I htmlviewercloudcontrol: isStagingEnv:false param =  taa_CrashRuleMatch  uriMatch = 2, cluster: cn, version: 649476, traceId: 3207d9982ba3ad88be5aad14ba11fab1, regId: 3y/5YAKKsG4DaTUEqYP8xrCGGdYjHRJxuJepRV34cHdbfLdNYsnawrrMuDZmuv5e
01-13 14:23:50.283  3278  3405 I MiuiWallpaperSurfaceAnimation: wallpaperOffsets:xOffset=0.0,yOffset=0.0
01-13 14:23:50.283  3278  3405 D MiuiWallpaperSurfaceAnimation: updateScaleIfNeeded mPivotX: 0.5, mPivotY: 0.5, x: 0.0, y: 0.0, zoom: 1.0918901
01-13 14:23:50.284  4686  4686 D PassBlur: textureState not update, view com.miui.home.launcher.BlurView{5420920 V.ED..... ........ 0,0-1440,3200 #7f0a026a app:id/launcher_blur_view} visible is true
01-13 14:23:50.284  7406  7456 D SmartAppAssistant: RuleMatch parseCloudTraceMatchers version = 10
01-13 14:23:50.284  4686  5632 D com.miui.home: backgroundBlur makeBackgroundImage (ShortcutMenuLayer-6-0xb400007838efed10), blurRadius(183), blurType(-1), blurScaleRatio(0.000000)
01-13 14:23:50.284 22881 23009 D IdProviderImpl: getOAID from com.miui.analytics
01-13 14:23:50.284  4686  5632 D com.miui.home: backgroundBlur makeBackgroundImage (BlurView-6-0xb400007838f44d30), blurRadius(109), blurType(-1), blurScaleRatio(0.000000)
01-13 14:23:50.284  7406  7456 D SmartAppAssistant: RegexMatcher Regex match suc: JE_SoNotFound
01-13 14:23:50.284  7406  7456 I SmartAppAssistant: TraceMatcher match je problem packageName=com.soundtherapyapp problemName=JE_SoNotFound
01-13 14:23:50.284  7406  7456 D SmartAppAssistant: TraceMatcher matchExceptionType RegexStr： java\.lang\.UnsatisfiedLinkError: dlopen failed: library.*not found
01-13 14:23:50.284  7406  7456 I SmartAppAssistant: MatcherManager match exception type: 2
01-13 14:23:50.285 31922 31954 I htmlviewercloudcontrol: isStagingEnv:false param =  taa_SwitchStatus  uriMatch = 2, cluster: cn, version: 649476, traceId: 3207d9982ba3ad88be5aad14ba11fab1, regId: 3y/5YAKKsG4DaTUEqYP8xrCGGdYjHRJxuJepRV34cHdbfLdNYsnawrrMuDZmuv5e
