--------- beginning of main
01-13 14:40:32.583 21673 21673 I adbd    : in ShellService: am start -n com.soundtherapyapp/.MainActivity
--------- beginning of system
01-13 14:40:32.645  3278  5559 I SecurityManagerService: isVirtualDisplayActive caller=com.android.shell~2000, target=com.soundtherapyapp~10405~0
01-13 14:40:32.645  3278  5559 I SecurityManagerService: find uiagent virtual display id=0
01-13 14:40:32.645  3278  5559 I SecurityManagerService: no uiagent display, return
01-13 14:40:32.645  3278  5559 I SecurityManagerService: isVirtualDisplayActive, should not intercept
01-13 14:40:32.645 10434 10756 I PermissionManagerProvider: call method : 14 Binder.getCallingUid() 10208 Binder.getCallingUid() 10434
01-13 14:40:32.645  3278  5559 W ActivityTaskManager: callingPackage for (uid=2000, pid=9539) has no WPC
01-13 14:40:32.646  3278  5559 V GrammaticalInflectionUtils: AttributionSource: android.content.AttributionSource@e587e61a does not have READ_SYSTEM_GRAMMATICAL_GENDER permission.
01-13 14:40:32.646  3278  5559 W OptProp : Cannot read opt property android.window.PROPERTY_COMPAT_ALLOW_RESIZEABLE_ACTIVITY_OVERRIDES
01-13 14:40:32.646  3278  5559 W OptProp : Cannot read opt property android.window.PROPERTY_COMPAT_ALLOW_MIN_ASPECT_RATIO_OVERRIDE
01-13 14:40:32.646  3278  5559 I AnimInterruptController: FIS notify Foresee interrupt start:2518
01-13 14:40:32.646  3278  5559 I AnimInterruptController: remove FO timeout
01-13 14:40:32.646  3278  5559 I ActivityStarterImpl: isKeyguardEditor: false, newTransition: TransitionRecord{aba79e2 id=2519 type=OPEN flags=0x0}
01-13 14:40:32.646  3278  5559 D WindowManager: Collecting in transition 2519: ActivityRecord{156561779 u0 com.soundtherapyapp/.MainActivity init visibleRequested:false
01-13 14:40:32.646  3278  5559 I ActivityStarterImpl: boost cold start activity for com.soundtherapyapp
01-13 14:40:32.646  3278  5559 D MiuiFreeformServiceImpl: addLaunchFreeformActivityOptionIfNeed skip due to not find sourceTask: null sourceFfas: null sourceFreeFormActivity: null
01-13 14:40:32.647  3278  5559 D ActivityTaskManager: Temporarily retain top process state for launching app
01-13 14:40:32.647  3278  5559 D PerfMTKStubImpl: initBoostParamByDevice
01-13 14:40:32.647  3278  5559 I ATMSImpl: cacheTasksForDefaultDisplay size=2 topId=782
01-13 14:40:32.648  3278  5559 D BarFollowAnimation: onTaskAppearedForCaptionBar Task{1b84ca9 #786 type=standard}
01-13 14:40:32.649  5321  5646 D OneHandedController: stopOneHanded state is 0
01-13 14:40:32.649  3278  5559 D WindowManager: Collecting in transition 2519: Task{1b84ca9 #786 type=standard A=10405:com.soundtherapyapp} init visibleRequested:false
01-13 14:40:32.649  3278  5559 D BarFollowAnimation: onTaskInfoChanedForCaptionBar Task{1b84ca9 #786 type=standard A=10405:com.soundtherapyapp} shouldbeVisible:true isVisible:false isOnTop:true windowMode:1 preDisplayId:-1 displayId:0 mCaptionAssociatedTask:null mIsTouchedInCaption:false
01-13 14:40:32.649  3278  5559 D BarFollowAnimation: onTaskInfoChanedForCaptionBar Task{1b84ca9 #786 type=standard A=10405:com.soundtherapyapp} shouldbeVisible:true isVisible:false isOnTop:true windowMode:1 preDisplayId:-1 displayId:0 mCaptionAssociatedTask:null mIsTouchedInCaption:false
01-13 14:40:32.649  3278  5559 W OptProp : Cannot read opt property android.window.PROPERTY_COMPAT_ALLOW_ORIENTATION_OVERRIDE
01-13 14:40:32.650  3278  5559 D BarFollowAnimation: onTaskInfoChanedForCaptionBar Task{1b84ca9 #786 type=standard A=10405:com.soundtherapyapp} shouldbeVisible:true isVisible:false isOnTop:true windowMode:1 preDisplayId:-1 displayId:0 mCaptionAssociatedTask:null mIsTouchedInCaption:false
01-13 14:40:32.650  3278  5559 D MiuiFreeFormManagerService: onStartActivityInner as = Task{1b84ca9 #786 type=standard A=10405:com.soundtherapyapp} op = null
01-13 14:40:32.650  3278  5559 D TaskStubImpl: setToBackByHome false for Task#786
01-13 14:40:32.650  3278  4605 D BarFollowAnimation:  CreateBarRunnable  mTask = Task{1b84ca9 #786 type=standard A=10405:com.soundtherapyapp} mSurfaceControl = Surface(name=Task=786#49545)/@0xcae0830 currentPid = 3278 currentThread name = BarFollowAnimation Thread currentThread id = 435
01-13 14:40:32.650  3278  5559 I ActivityTaskManager: moveTaskToFront: Task{1b84ca9 #786 type=standard A=10405:com.soundtherapyapp} caller trace:com.android.server.wm.TaskDisplayArea.onTaskMoved:461 com.android.server.wm.Task.updateTaskMovement:1758 com.android.server.wm.TaskDisplayArea.positionChildTaskAt:425 com.android.server.wm.TaskDisplayArea.positionChildAt:386 com.android.server.wm.Task.moveToFront:6230 com.android.server.wm.Task.moveToFront:6200 com.android.server.wm.ActivityStarter.startActivityInner:2432 com.android.server.wm.ActivityStarter.startActivityUnchecked:1935 com.android.server.wm.ActivityStarter.executeRequest:1747 com.android.server.wm.ActivityStarter.execute:979 
01-13 14:40:32.650  3278  5559 D As.ActivityMmReduceLoadHelper: onTaskMovedToFront: mTopActivityPackageName: com.soundtherapyapp mTopActivityClassName: com.soundtherapyapp.MainActivity
01-13 14:40:32.650  3278  5559 D As.ActivityMmReduceLoadHelper: onTaskMovedToFront End
01-13 14:40:32.650  3278  3381 D AS.ReduceMmLoadingHelper: ReduceMmLoadingListener, onActivityMmReduceLoad isReduceLoad = false
01-13 14:40:32.650  3278  3381 D As.ActivityMmReduceLoadHelper: onCheckIfActivtyReduceLoad topAppName is not in foreground. Done
01-13 14:40:32.650  3278  5559 D ActivityTaskManager: Task#startActivityLocked isThisOrHasChildTask=true newTask=true
01-13 14:40:32.650  3278  5559 I WindowManager: Disable startingWindow, because the display is not ready. this = com.android.server.wm.ActivityRecordImpl@56d633a
01-13 14:40:32.650  3278  5559 I WindowManager: Disable startingWindow, because the display is not ready. this = ActivityRecord{156561779 u0 com.soundtherapyapp/.MainActivity t786}
01-13 14:40:32.650  3278  5559 D WindowManager: Collecting in transition 2519: ActivityRecord{156561779 u0 com.soundtherapyapp/.MainActivity t786} init visibleRequested:false
01-13 14:40:32.650  3278  5559 I AnimInterruptController: mark Foresee interrupt start 2518
01-13 14:40:32.650  3278  5559 I AnimInterruptController: remove FO timeout
01-13 14:40:32.651  1834  2080 E PERFHAL-RESOURCEQS: PERFHAL-RESOURCEQS: AddAndApply() 136: Resource value ffffffff is not supported
01-13 14:40:32.651  3278  5559 I ActivityTaskManager: START u0 {flg=0x10000000 xflg=0x5 cmp=com.soundtherapyapp/.MainActivity} with LAUNCH_SINGLE_TASK from uid 2000 from pid 9539 callingPackage com.android.shell (BAL_ALLOW_PERMISSION) result code=0
01-13 14:40:32.651  3278  5559 I Perf[AppStartScene]: onSceneChangeNotify:Bundle[{uid=10405, name=com.soundtherapyapp.MainActivity, type=1, preStartProc=false, begin=true, state=0, processName=com.soundtherapyapp, packageName=com.soundtherapyapp, appSwitch=true}]
01-13 14:40:32.654  1819  1927 I ANDR-PWR-OPT: GAMEPOWEROPT: sendEvents() 231: Start hint for app com.soundtherapyapp/com.soundtherapyapp.MainActivity/1, hintID : 4099, hintID hex : 1003 value: -1
01-13 14:40:32.654  1819  1927 I ANDR-PWR-OPT: PowerAppClassifier: getAppType() 59: checking app [com.soundtherapyapp] is type 1
01-13 14:40:32.654  1819  1927 I ANDR-PWR-OPT: GAMEPOWEROPT: isGame() 348: com.soundtherapyapp is Game = 1
01-13 14:40:32.657  5321  5646 D ShellSplitScreen: logExit: no-op, mLoggerSessionId is null
01-13 14:40:32.657  3278  3403 D MiuiEmbeddingWindow: blacklistedAppRunningOnPhone: package=com.soundtherapyappisNotProjeciton=true isHavingJeppackDisabledConfig=false isRunningOnPhone=true isAppleConnection=false
01-13 14:40:32.657  3278  3403 D MiuiEmbeddingWindow: MiuiEmbeddingWindowService: updateApplicationInfo for com.soundtherapyapp, blacklistedAppRunningOnPhone updated: clear
01-13 14:40:32.657  5321  5646 I SoScStageCoordinator: Transition requested:TransitionRequestInfo { type = OPEN, triggerTask = TaskInfo{userId=0 taskId=786 effectiveUid=10405 displayId=0 isRunning=true baseIntent=Intent { flg=0x10000000 cmp=com.soundtherapyapp/.MainActivity } baseActivity=ComponentInfo{com.soundtherapyapp/com.soundtherapyapp.MainActivity} topActivity=ComponentInfo{com.soundtherapyapp/com.soundtherapyapp.MainActivity} origActivity=null realActivity=ComponentInfo{com.soundtherapyapp/com.soundtherapyapp.MainActivity} numActivities=1 lastActiveTime=348881890 supportsSplitScreenMultiWindow=true mSoScDisplayMode=-1 supportsMultiWindow=true resizeMode=1 isResizeable=true minWidth=-1 minHeight=-1 defaultMinSize=200 token=WCT{android.window.IWindowContainerToken$Stub$Proxy@4465175} topActivityType=1 pictureInPictureParams=null shouldDockBigOverlays=false launchIntoPipHostTaskId=-1 lastParentTaskIdBeforePip=-1 displayCutoutSafeInsets=Rect(0, 161 - 0, 0) topActivityInfo=ActivityInfo{440850a com.soundtherapyapp.MainActivity} launchCookies=[] positionInParent=Point(0, 0) parentTaskId=-1 isFocused=false isVisible=false isVisibleRequested=false isTopActivityNoDisplay=false isSleeping=true locusId=null displayAreaFeatureId=1 isTopActivityTransparent=false isActivityStackTransparent=false lastNonFullscreenBounds=Rect(372, 930 - 1068, 2370) capturedLink=null capturedLinkTimestamp=0 requestedVisibleTypes=-9 topActivityRequestOpenInBrowserEducationTimestamp=0 appCompatTaskInfo=AppCompatTaskInfo { topActivityInSizeCompat=false eligibleForLetterboxEducation= false topActivityInMiuiSizeCompat=false isLetterboxEducationEnabled= false isLetterboxDoubleTapEnabled= false eligibleForUserAspectRatioButton= false topActivityBoundsLetterboxed= false isFromLetterboxDoubleTap= false topActivityLetterboxVerticalPosition= -1 topActivityLetterboxHorizontalPosition= -1 topActivityLetterboxWidth=-1 topActivityLetterboxHeight=-1 topActivityAppBounds=Rect(0, 0 - 1440, 3200) isUserFullscreenOverrideEnabled=false isSystemFullscreenOverrideEnabled=false hasMinAspectRatioOverride=false topActivityLetterboxBounds=null cameraCompatTaskInfo=CameraCompatTaskInfo { freeformCameraCompatMode=inactive}} isImmersive=false mTopActivityRequestOrientation=-2 mStatusBarParent=null mNavBarParent=null mBehindAppLockPkg=null mOriginatingUid=0 isEmbedded=false shouldBeVisible=true isCreatedByOrganizer=false mIsCastMode=false mTopActivityMediaSize=null mTopActivityRecordName=ActivityRecord{156561779 u0 com.soundtherapyapp/.MainActivity t786} mTopActivityOrientation=-2 topActivityMainWindowFrame=null}, pipChange = null, remoteTransition = null, displayChange = null, flags = 0, debugId = 2519 } isSoScActive:false triggerTask:TaskInfo{userId=0 taskId=786 effectiveUid=10405 displayId=0 isRunning=true baseIntent=Intent { flg=0x10000000 cmp=com.soundtherapyapp/.MainActivity } baseActivity=ComponentInfo{com.soundtherapyapp/com.soundtherapyapp.MainActivity} topActivity=ComponentInfo{com.soundtherapyapp/com.soundtherapyapp.MainActivity} origActivity=null realActivity=ComponentInfo{com.soundtherapyapp/com.soundtherapyapp.MainActivity} numActivities=1 lastActiveTime=348881890 supportsSplitScreenMultiWindow=true mSoScDisplayMode=-1 supportsMultiWindow=true resizeMode=1 isResizeable=true minWidth=-1 minHeight=-1 defaultMinSize=200 token=WCT{android.window.IWindowContainerToken$Stub$Proxy@4465175} topActivityType=1 pictureInPictureParams=null shouldDockBigOverlays=false launchIntoPipHostTaskId=-1 lastParentTaskIdBeforePip=-1 displayCutoutSafeInsets=Rect(0, 161 - 0, 0) topActivityInfo=ActivityInfo{440850a com.soundtherapyapp.MainActivity} launchCookies=[] positionInParent=Point(0, 0) parentTaskId=-1 isFocused=false isVisible=false isVisibleRequested=false isTopActivityNoDisplay=false isSleeping=true locusId=null displayAreaFeatureId=1 isTopActivityTransparent=false isActivityStackTransparent=false lastNonFullscreenBounds=Rect(372, 930 - 1068, 2370) capturedLink=null capturedLinkTimestamp=0 requestedVisibleTypes=-9 topActivityRequestOpenInBrowserEducationTimestamp=0 appCompatTaskInfo=
01-13 14:40:32.655  4984  5145 I DynamicDDSService: handleMessage(ACTIVITY_INVOKE{appInfo=com.soundtherapyapp isFullScreen=}true)
01-13 14:40:32.657  4984  5145 W DynamicDDSService: send appNames via QMI[com.soundtherapyapp]
01-13 14:40:32.657  3278  5559 D WindowManager: Set transition=TransitionRecord{aba79e2 id=2519 type=OPEN flags=0x0 c=[
01-13 14:40:32.657  3278  5559 D WindowManager:    ChangeInfo{a1ead48 container=Task{1b84ca9 #786 type=standard A=10405:com.soundtherapyapp} flags=0x0}
01-13 14:40:32.657  3278  5559 D WindowManager:    ChangeInfo{58be7e1 container=Display{#0 state=OFF size=1440x3200 ROTATION_0} flags=0x0}
01-13 14:40:32.657  3278  5559 D WindowManager:    ChangeInfo{63e7906 container=DefaultTaskDisplayArea@148137897 flags=0x0}
01-13 14:40:32.657  3278  5559 D WindowManager:    ChangeInfo{21d8bc7 container=ActivityRecord{156561779 u0 com.soundtherapyapp/.MainActivity t786} flags=0x0}
01-13 14:40:32.657  3278  5559 D WindowManager: ]
01-13 14:40:32.657  3278  5559 D WindowManager: }, ready=false, SyncId=2519 info=used=false, override=false, defer=0, states=Display{#0 state=OFF size=1440x3200 ROTATION_0}:false reason=com.android.server.wm.Transition.applyReady:1263 com.android.server.wm.Transition.start:889 com.android.server.wm.WindowOrganizerController.startTransition:525 com.android.server.wm.WindowOrganizerController.startTransition:408 android.window.IWindowOrganizerController$Stub.onTransact:294 com.android.server.wm.WindowOrganizerController.onTransact:265 android.os.Binder.execTransactInternal:1433 android.os.Binder.execTransact:1372 
01-13 14:40:32.657  3278  5559 D SystemPerformanceHinter: startSession#HighPerfSession-d0-Transition
01-13 14:40:32.657  3278  3403 V GrammaticalInflectionUtils: AttributionSource: android.content.AttributionSource@e587e61a does not have READ_SYSTEM_GRAMMATICAL_GENDER permission.
01-13 14:40:32.658  3278  3403 I Perf[AppStartScene]: onSceneChangeNotify:Bundle[{hostingRecordName={com.soundtherapyapp/com.soundtherapyapp.MainActivity}, hostingRecordType=top-activity, uid=10405, type=0, state=1, processName=com.soundtherapyapp, packageName=com.soundtherapyapp}]
01-13 14:40:32.658  3278  3403 D IorapForwardingService: onIntentStarted!! packageName com.soundtherapyapp; uid:10405
01-13 14:40:32.658  3278  3403 I ActivityManager: Posting procStart msg for 0:com.soundtherapyapp/u0a405
01-13 14:40:32.659  3278  4441 I DisplayModeDirectorImpl: setSmartDisplayUpRefreshRatePolicy [0.0,120.0]
01-13 14:40:32.659  2033  6014 D MI-SF   : updateScene: module = 268 (Animation), value = 1, pkg = perf_interaction, Vrr = 1, mSetTpIdleFlag = 0
01-13 14:40:32.659  2033  6014 D MI-SF   : isIdleTimerSkip is 1,mSetIdleForceFlag = 1
01-13 14:40:32.659  2033  6014 D MI-SF   : updateScene mSetAnimationFlag status 1, vsync 120
01-13 14:40:32.661  2520  2827 W cnd     : AIBinder_linkToDeath is being called with a non-null cookie and no onUnlink callback set. This might not be intended. AIBinder_DeathRecipient_setOnUnlinked should be called first.
01-13 14:40:32.661  3278  3420 I Perf[AppStartScene]: onSceneChangeNotify:Bundle[{hostingRecordName={com.soundtherapyapp/com.soundtherapyapp.MainActivity}, hostingRecordType=top-activity, pid=8264, uid=10405, type=0, state=2, processName=com.soundtherapyapp, packageName=com.soundtherapyapp}]
01-13 14:40:32.661  4686  4686 D RecentsModel: onTaskDescriptionChanged =  taskId = 786
01-13 14:40:32.661  3278  4445 I AnimationScenario: Big data animation scenario state changed to: true, type is 524
01-13 14:40:32.660 29090  2374 D RelayAppLocalHelper: onTaskDisplayChanged taskId:786,newDisplayId:0
01-13 14:40:32.661  3278  3420 D IorapForwardingService: onProcessStart!! pid:8264 processname:com.soundtherapyapp
01-13 14:40:32.661  3278  3403 D DisplayModeDirectorImpl: use smart display refresh rate policy
01-13 14:40:32.661  3278  3403 I DisplayModeDirectorImpl: updateRefreshRateResultIfNeeded after:baseModeId=1 allowGroupSwitching=false primary=physical: (0.0 Infinity) render:  (0.0 120.0) appRequest=physical: (0.0 Infinity) render:  (0.0 120.0) idleScreenRefreshRateConfig=null mNormalModeSkipOveride: false
01-13 14:40:32.662  3278  3420 I ActivityManager: Start proc 8264:com.soundtherapyapp/u0a405 for top-activity {com.soundtherapyapp/com.soundtherapyapp.MainActivity} caller=com.android.shell
01-13 14:40:32.662  3278  3420 I ActivityManager: ProcessObserver broadcast disabled
01-13 14:40:32.662  5321  5646 D OneHandedController: stopOneHanded state is 0
01-13 14:40:32.662  2033  2033 I BpBinder: onLastStrongRef automatically unlinking death recipients: 
01-13 14:40:32.662  5321  5646 D OneHandedController: stopOneHanded state is 0
01-13 14:40:32.662  2520  2520 I BpBinder: onLastStrongRef automatically unlinking death recipients: vendor.qti.hardware.data.qmiaidlservice.ISendRequestCallback
01-13 14:40:32.662  4984 26573 I QmiHwInterface/SendRequestAidlCallback: <- RCV:OnResponseEvent{status=0, error message = }
01-13 14:40:32.662  5321  5321 D ShadeDarkIconDispatcher: current token StatusBarToken(displayId=0, statusBarIndex=1, rawDisplayId=16777216)
01-13 14:40:32.662  5321  5321 D ShadeDarkIconDispatcher: receiver delegate onDarkChanged
01-13 14:40:32.663  4984  5145 I DynamicDDSService: Aidl sendRequest has success response 
01-13 14:40:32.663 29090  2374 D RelayAppLocalHelper: notifyTaskStackChanged:
01-13 14:40:32.663  8264  8264 E Zygote  : process_name_ptr:8264 com.soundtherapyapp
01-13 14:40:32.663  8264  8264 E Zygote  : SetMemoryProtected process_name_ptr:8264 com.soundtherapyapp
01-13 14:40:32.663  4686 30128 D EventBus: No subscribers registered for event class com.miui.home.recents.messages.RecentTasksChangedEvent
01-13 14:40:32.664  4686 30128 D EventBus: No subscribers registered for event class org.greenrobot.eventbus.NoSubscriberEvent
01-13 14:40:32.664  4686  6972 I MiBridge: requestThreadLevelPro ret: 503878
01-13 14:40:32.664  2517  2625 W MiuiBooster: "MiuiBoosterService requestThreadPriority: 10142, 2, 500, 503878"
01-13 14:40:32.664  4686  6972 D Launcher.Boost: setDynamicVIPTaskIfNeeded::tid = 118 duration = 500
01-13 14:40:32.664  4686  6972 E ActivityManagerWrapper: get all recent tasks force including -1 userId =0
01-13 14:40:32.664  5321  5321 D ShadeDarkIconDispatcher: receiver delegate onDarkChangedWithContrast
01-13 14:40:32.664  5321  5321 D ShadeDarkIconDispatcher: receiver delegate onLightDarkTintChanged
01-13 14:40:32.666  5321  5321 D KeyguardEditorHelper: onTopActivityMayChanged, topActivity=ComponentInfo{com.soundtherapyapp/com.soundtherapyapp.MainActivity}; mState=IDEL
01-13 14:40:32.666 29090  2374 E SystemUtils: appIsTopAndXSpace: package com.soundtherapyapp, result false
01-13 14:40:32.667 29090  5447 D ExecutorUtils: Task[RALH-notifyTaskStackChanged,224038566] running ON mirror-thread-5
01-13 14:40:32.667 29090  5447 D RelayAppLocalHelper: mIsLastAppHideIcon=true
01-13 14:40:32.666  4686  6972 E ActivityManagerWrapper: getRecentTasksForceIncludingTaskIdIfValid: getRecentTasks: size=1
01-13 14:40:32.666  4686  6972 E ActivityManagerWrapper:  mainTaskId=786   userId=0   windowMode=1   isExcludedFromRecents=false   baseIntent=Intent { act=null flag=268435456 cmp=ComponentInfo{com.soundtherapyapp/com.soundtherapyapp.MainActivity} }
01-13 14:40:32.668 29090  5447 I MultiUserUtils: myUserId: 0
01-13 14:40:32.668  4686  6972 D RecentsTaskLoader: reloadTasksData [TaskKey{id=786, stackId=0, baseIntent=Intent { flg=0x10000000 cmp=com.soundtherapyapp/.MainActivity }, userId=0, lastActiveTime=348881890, windowingMode=1, isThumbnailBlur=false, isAccessLocked=false, isScreening=false, topActivity=ComponentInfo{com.soundtherapyapp/com.soundtherapyapp.MainActivity}, mHashCode=24339278}, title=SoundTherapyApp, titleDescription=SoundTherapyApp, bounds=null, isLaunchTarget=false, isStackTask=true, isSystemApp=false, isDockable=true, baseActivity=ComponentInfo{com.soundtherapyapp/com.soundtherapyapp.MainActivity}, isLocked=false, mNeedHide=false, hasMultipleTasks=false, cti1Key=, cti2Key=] 
01-13 14:40:32.669  4686  6972 W IconCustomizer: Density abnormal: context density=586 systemDensity=600
01-13 14:40:32.669  4686  6972 W IconCustomizer: Density abnormal: context density=586 systemDensity=600
01-13 14:40:32.670  8264  8264 I soundtherapyapp: Late-enabling -Xcheck:jni
01-13 14:40:32.670  4686  6972 D TaskSnapshotCompatVV: getIsInvalidateFromTaskSnapshot, return, mTaskSnapshot=null, mTaskSnapshotClazz=null
01-13 14:40:32.671  3278  4927 I SmartPower: com.milink.crossdeviceservice/10177(32154): idle->background(40262ms) R(content provider start ContentProviderRecord{16203da u0 com.milink.service/com.xiaomi.dist.handoff.AppMetaContentProvider}) adj=0.
01-13 14:40:32.672 32154 32218 I ho_AppMetaProvider: call method getAppId
01-13 14:40:32.672 32154 32218 I ho_AppMetaProvider: call package is com.soundtherapyapp
01-13 14:40:32.673 29090  5447 D RelayAppLocalHelper: publish:com.soundtherapyapp,RelayTopicMessage {version=3,isRelay=false,relayType=0,appId=2036506291,processId=0,supportSubScreen=false,supportHandoff=false,isRelayValidForPc=false, unregisterRelay=false}
01-13 14:40:32.673 29090  5447 D LyraUtils: seq no=103
01-13 14:40:32.673 29090  5466 D ExecutorUtils: Task[publishRelayTopics,23691495] running ON pool-4-thread-1
01-13 14:40:32.673 29090  5466 D LyraManager: publishRelayTopics start
01-13 14:40:32.674 11745 11799 I lyra-msg-jni: Java_com_xiaomi_continuity_messagecenter_MessageCenterNative_nativeUnPublish:344 
01-13 14:40:32.674 11745 11799 I lyra-msg-jni: JniMessageCenter::UnPublish:196 topic_name=topic.name:relay
01-13 14:40:32.674 11745 11799 I lyra-unified-api: UnifiedImpl::UnPublish:1791 topic_name=topic.name:relay
01-13 14:40:32.674 11745 11799 I lyra-msg-mgr: MessageCenterManagerImpl::UnPublish:261 topic_name=topic.name:relay
01-13 14:40:32.674 11745 11799 I lyra-miwear-msg: MiwearMessage::UnPublish:173 topic_name=topic.name:relay
01-13 14:40:32.674 11745 12403 I lyra-miwear-msg: MiwearMessageActuatorControl::UnPublish:92 
01-13 14:40:32.674 11745 12403 I lyra-miwear-msg: MiwearMessageActuatorControl::UnPublish:93 message_queue_map_.size=0
01-13 14:40:32.674 29090  5466 I message-center-PublisherManager: use v3 publish interface
01-13 14:40:32.674 11745 12403 I lyra-miwear-msg: MiwearMessageActuatorControl::UnPublish:113 message_queue_map_.size=0
01-13 14:40:32.674 11745 12385 I lyra-msg-act: ActuatorControl::UnPublish:172 
01-13 14:40:32.674 11745 12385 I lyra-msg-act: ActuatorControl::UnPublish:175 message_queue_map_.size=0
01-13 14:40:32.675 11745 12385 I lyra-msg-act: ActuatorControl::UnPublish:195 message_queue_map_.size=0
01-13 14:40:32.675 11745 12385 I lyra-msg-chl: MessageCenterSend::UnPublish:760 topic_name=topic.name:relay
01-13 14:40:32.675 11745 12385 I lyra-msg-chl: MessageCenterSend::UnPublish:770 
01-13 14:40:32.675 11745  5470 I lyra-msg-jni: Java_com_xiaomi_continuity_messagecenter_MessageCenterNative_nativePublishV3:337 
01-13 14:40:32.675 29090  5466 D LyraManager: publishRelayTopics end
01-13 14:40:32.675 11745  5470 I lyra-msg-jni: JniMessageCenter::PublishV3:137 
01-13 14:40:32.675 11745  5470 I lyra-msg-jni: JniMessageCenterMessageDataV2::JavaToNative:46 
01-13 14:40:32.675 11745  5470 I lyra-unified-api: UnifiedImpl::Publish:1785 topic_name=topic.name:relay
01-13 14:40:32.675 11745  5470 I lyra-unified-msg: UnifiedPublisher::Publish:53 [start] id: 576, topic_name: topic.name:relay
01-13 14:40:32.675 11745  5470 I lyra-msg-mgr: MessageCenterManagerImpl::Publish:137 topic_name=topic.name:relay, data_types=0, send_type=0 base_data={hash=103, len=1}, extend_data={hash=706257206, len=10}
01-13 14:40:32.675 11745  5470 I lyra-miwear-msg: MiwearMessage::Publish:150 topic_name=topic.name:relay
01-13 14:40:32.675 11745 12385 I lyra-msg-mgr: MessageCenterManagerImpl::GetAndUpdateSeqNum:300 seq_num=10
01-13 14:40:32.675 11745 12403 I lyra-miwear-msg: MiwearMessageImpl::Publish:77 topic_name=topic.name:relay, type=0, base_data=1, extend_data=10
01-13 14:40:32.675 11745 12403 E lyra-miwear-msg: MiwearMessageImpl::Publish:87 invalid params, can't use a static topic name
01-13 14:40:32.675 11745 12385 I lyra-msg-mgr: MessageCenterManagerImpl::GetAndUpdateSeqNum:310 topic_seq_num_map_[topic.name:relay]=11
01-13 14:40:32.675 11745 12385 I lyra-msg-act: ActuatorControl::Publish:153 
01-13 14:40:32.675 11745  5470 I lyra-msg-jni: JniMessageCenter::PublishV3:183 jni_publish_result_map_.size=4
01-13 14:40:32.676 11745 12502 I lyra-msg-act: ActuatorControl::ActuatorControlProcess:360 received event
01-13 14:40:32.676 11745 12502 I lyra-msg-act: ActuatorControl::ActuatorControlProcess:284 monitor queueMap :1
01-13 14:40:32.676 11745 12502 I lyra-msg-act: ActuatorControl::ActuatorControlProcess:303 topic_name=topic.name:relay, filter size=0, send types=0, message_list size=0, base_data length=1, extend_data length=10, message_list_len=11
01-13 14:40:32.676 11745 12502 I lyra-msg-chl: MessageCenterSend::FindDynamicTopicName:954 topic_name=topic.name:relay is not in dynamic config
01-13 14:40:32.676 11745 12502 I lyra-msg-chl: MessageCenterSend::SendMessageCenterMessage:197 message_list.size=1, device_list_filter.size=0, dev_info_list.size=1
01-13 14:40:32.676 11745 12502 I lyra-msg-chl: MessageCenterSend::SendMessageCenterMessage:216 device_info={"device_type":1,"device_id":"9A9E312D","device_name":"E69D8EE7BBA7E69E97E79A845869616F6D692031325320556C747261","medium_types":130,"trusted_types":1}
01-13 14:40:32.676 11745 12502 I lyra-msg-chl: MessageCenterSend::ConnectSendMessage:410 
01-13 14:40:32.676 11745 12502 I lyra-msg-chl: MessageCenterSend::ConnectSendMessage:420 device:9A9E312D send types:0, online medium types:130, match types:128
01-13 14:40:32.676 11745 12502 I lyra-msg-proto: MessageProtocolParser::MessageInfoToData:197 
01-13 14:40:32.676 11745 12502 I lyra-msg-proto: MessageProtocolParser::MessageInfoToData:258 static_dynamic=1, topic_name=topic.name:relay, topic_id=3, seq=10, flag=26, base length=1, extend length=10, extend limit=2048, is_extend_data:1, base hash={hash=103, len=1}, data hash={hash=706257206, len=10}
01-13 14:40:32.676 11745 12502 I lyra-msg-proto: MessageProtocolParser::TopicFormatProtocolToByteBuffer:466 is_extend_data=1
01-13 14:40:32.676 11745 12502 I lyra-msg-proxy: NetworkPayloadProxy::RequestNetworkSend:61 
01-13 14:40:32.676 11745 12502 I lyra-identity-auth: DeviceGroupManagerImpl::IsTrustedDevice:103 device_id 9A9E312D's trusted type:1 1
01-13 14:40:32.676 11745 12502 I lyra-net-auth: AuthServiceImpl::IsSharedTrusted:122 local_uid=0B****DA, shared_uid=
01-13 14:40:32.676 11745 12502 I lyra-net-payload: PayloadManagerImpl::RequestSend:82 sync task : 0, device_id 9A9E312D, medium_type 128, module_id 1, posted_from: RequestSend@payload_manager_adapter.cpp:63
01-13 14:40:32.676 11745 12502 I lyra-msg-chl: MessageCenterSend::ConnectSendMessage:441 all_failed=0, has_error_code=0
01-13 14:40:32.676 11745 12502 I lyra-msg-chl: MessageCenterSend::SendMessageCenterMessage:231 WLAN decision_code=0
01-13 14:40:32.676 11745 12502 I lyra-msg-chl: MessageCenterSend::SendMessageCenterMessage:254 SendMessageCenterMessage all_failed:0
01-13 14:40:32.676 11745 12502 I lyra-msg-chl: MessageCenterSend::OnSendResult:643 onSendResult code=0, msg=success
01-13 14:40:32.676 11745 12361 I lyra-net-payload: ConnectionClassic::RequestSend:126 device_id 9A9E312D, medium_type 128, module_id 1
01-13 14:40:32.676 11745 12502 I lyra-msg-chl: MessageCenterSend::OnSendResult:653 OnSendSuccess : code=0
01-13 14:40:32.676 11745 12502 I lyra-msg-jni: JniPublishResultCallback::OnSendSuccess:53 OnSendSuccess arrive_code=1
01-13 14:40:32.676 11745 12361 I lyra-net-payload: ConnectionClassic::FindConnectionId:440 find connection DC7FA23A for medium_type 128
01-13 14:40:32.676 11745 12502 I lyra-msg-jni: JniPublishResultCallback::CheckJni:91 
01-13 14:40:32.676 11745 12361 I lyra-net-payload: ConnectionClassic::TrySend:327 device 9A9E312D, connection DC7FA23A, medium_type 128
01-13 14:40:32.676 11745 12361 I lyra-conn-mgr: ConnectionManager::SendPayload:472 conn_id=DC7FA23A, options={restrict=1 rfcomm_class=3 tr_class=0}, data.len=22
01-13 14:40:32.676 11745 12502 I lyra-msg-jni: JniMessageCenter::RemovePublishResultCallBack:202 
01-13 14:40:32.676 11745 12502 I lyra-msg-jni: JniMessageCenter::RemovePublishResultCallBack:204 jni_publish_result_map_.size=4
01-13 14:40:32.676 11745 12502 I lyra-msg-jni: JniMessageCenter::RemovePublishResultCallBack:207 
01-13 14:40:32.676 11745 12502 I lyra-msg-jni: JniPublishResultCallback::~JniPublishResultCallback:45 
01-13 14:40:32.676 29090 32381 I message-center-PublisherManager: sdk onSendSuccess
01-13 14:40:32.676 11745 12502 I lyra-unified-msg: UnifiedPublisher::OnResultCanRemoved:97 [finish] id: 576
01-13 14:40:32.676 29090 32381 I message-center-PublisherManager: default by onSendSuccess
01-13 14:40:32.676 11745 12330 I lyra-conn-logi: LogiConnHandler::DoLogiSendPayloadFrame:421 logi_conn_id=DC7FA23A, phys_conn_id=7CDBC5AF, data_size=22, conn_state=2
01-13 14:40:32.676 29090 32381 D LyraManager: onSendSuccess arriveCode:1
01-13 14:40:32.676 11745 12502 I lyra-msg-act: ActuatorControl::ActuatorControlProcess:284 monitor queueMap :1
01-13 14:40:32.676 11745 12502 I lyra-msg-act: ActuatorControl::ActuatorControlProcess:343 message_queue_map erase, topic=topic.name:relay
01-13 14:40:32.676 11745 12502 I lyra-msg-act: ActuatorControl::ActuatorControlProcess:284 monitor queueMap :0
01-13 14:40:32.676 11745 12330 I lyra-conn-phys: PhysConnHandler::SendPayload:135 phys_conn_id=7CDBC5AF, device_id=9A9E312D, medium_type=100, options={type=4(payload), timeout=0, restrict=1/3}, data={hash=877728153, len=51}
01-13 14:40:32.678 11745 12349 I lyra-mpt: MiplayTransportSession::CreateKcpSession:198 session=13716 rtt=115 srtt=118 rto=578 cwnd=204 incr=280957 srh=196 nsend=365 nresend=5 nfastresend=0 nsent=364 maxxmit=2
01-13 14:40:32.684  8264  8264 I soundtherapyapp: Using CollectorTypeCC GC.
01-13 14:40:32.687 21673 21684 I adbd    : jdwp connection from 8264
01-13 14:40:32.689  8264  8264 D nativeloader: Load libframework-connectivity-tiramisu-jni.so using APEX ns com_android_tethering for caller /apex/com.android.tethering/javalib/framework-connectivity-t.jar: ok
01-13 14:40:32.693  3278 11065 D MiuiForceVkService: shouldUseVk, pkg=com.soundtherapyapp useVk 0
01-13 14:40:32.693  8264  8264 I ActivityThread: Current dynamic renderEngine type=0
01-13 14:40:32.697  3278 11065 I Perf[AppStartScene]: onSceneChangeNotify:Bundle[{applicationThread=android.os.BinderProxy@b5d1d63, hostingRecordName={com.soundtherapyapp/com.soundtherapyapp.MainActivity}, hostingRecordType=top-activity, pid=8264, uid=10405, type=0, state=3, processName=com.soundtherapyapp, packageName=com.soundtherapyapp, applicationThreadExt=android.os.BinderProxy@32bdd60}]
01-13 14:40:32.697  3278 11065 W Perf[AndroidRuntimePolicy]: App is not launched from home.
01-13 14:40:32.698  3278 11065 I SmartPower: com.soundtherapyapp/10405(8264): died->background(32205ms) R(process start ) adj=-10000.
01-13 14:40:32.699  3278 11065 D CompatibilityInfo: mCompatibilityFlags - 0
01-13 14:40:32.699  3278 11065 D CompatibilityInfo: applicationDensity - 600
01-13 14:40:32.699  3278 11065 D CompatibilityInfo: applicationScale - 1.0
01-13 14:40:32.701  3278  3401 D Aurogon :  uid = 10405 switch to FG
01-13 14:40:32.703  9171 19075 D ForegroundUtils: Foreground UID status:
01-13 14:40:32.703  9171 19075 D ForegroundUtils: UID: 1002 is in foreground: true
01-13 14:40:32.703  9171 19075 D ForegroundUtils: UID: 6102 is in foreground: false
01-13 14:40:32.703  9171 19075 D ForegroundUtils: UID: 10128 is in foreground: false
01-13 14:40:32.703  9171 19075 D ForegroundUtils: UID: 10135 is in foreground: false
01-13 14:40:32.703  9171 19075 D ForegroundUtils: UID: 10136 is in foreground: true
01-13 14:40:32.703  9171 19075 D ForegroundUtils: UID: 10140 is in foreground: false
01-13 14:40:32.703  9171 19075 D ForegroundUtils: UID: 10142 is in foreground: false
01-13 14:40:32.703  9171 19075 D ForegroundUtils: UID: 10145 is in foreground: false
01-13 14:40:32.703  9171 19075 D ForegroundUtils: UID: 10193 is in foreground: false
01-13 14:40:32.703  9171 19075 D ForegroundUtils: UID: 10224 is in foreground: true
01-13 14:40:32.703   399   487 D VA_ActivityUtils: getTopActivity packageName:ComponentInfo{com.soundtherapyapp/com.soundtherapyapp.MainActivity}
01-13 14:40:32.703   399   487 D VA_AppStateWatcher: currentPkgName:com.soundtherapyapp, lastPkgName:com.soundtherapyapp
01-13 14:40:32.703   399   487 E VA_AppStateWatcher: handleMessage: return!
01-13 14:40:32.704  9372  9748 V OsAgent : broadcastSystemEvent - 7
01-13 14:40:32.705 26170 26170 D AppLifecycleObserver: onReceive: com.soundtherapyapp FOREGROUND
01-13 14:40:32.705 26170 26170 D PkgUtils: getApplicationInfo packageName:com.soundtherapyapp, flags:128 applicationInfo:ApplicationInfo{f9d501f com.soundtherapyapp} needSecondSpace:false
01-13 14:40:32.707  3278  4130 I MiuiNetworkPolicy: updateUidState uid = 10405, uidState = 19
01-13 14:40:32.707 16169 16169 D HidDeviceService: handleMessage(): msg.what=8
01-13 14:40:32.707 16169 16169 D HidDeviceService: unregisterAppUid(): uid=10405
01-13 14:40:32.707 16169 16169 D HidDeviceService: unregisterAppUid(): caller UID doesn't match user UID
01-13 14:40:32.710  8264  9561 D MiuiDownscaleImpl: set override inverted scale : 1.0
01-13 14:40:32.711  8264  8264 I RENDER_TURBO: onActivityThreadCreate not in white list, pkg=com.soundtherapyapp, type=miro
01-13 14:40:32.712 11745 12330 I lyra-conn-phys: PhysConnHandler::SendPayload:186 finish, phys_conn_id=7CDBC5AF, data={hash=877728153, len=51}, code=0, msg=success
01-13 14:40:32.712 11745 12330 I lyra-conn-mgr: ConnectionManager::SendPayload:508 finish, conn_id=DC7FA23A, code=0, msg=success priority=0
01-13 14:40:32.712 11745 12361 I lyra-net-payload: ConnectionClassic::TrySend:336 device 9A9E312D, connection DC7FA23A, medium_type 128 send success
01-13 14:40:32.712 11745 12361 I lyra-net-payload: ConnectionClassic::Unkeep:137 connection_id DC7FA23A, module_id 1
01-13 14:40:32.712 11745 12361 I lyra-net-payload: ConnectionClassic::TryDisconnect:382 wlan client, connection DC7FA23A keep long.
01-13 14:40:32.713 11745 12349 I lyra-mpt: MiplayTransportSession::CreateKcpSession:198 session=13716 [QOS] reason=2, srtt=107, min/avg/max=34/34/34, windows=0/0, block_tm=0, throughput=2597888
01-13 14:40:32.716  5321  5321 D DynamicIslandTopActivityController: fullscreen: com.soundtherapyapp
01-13 14:40:32.716  5321  5321 D DynamicIslandController: onTopActivityChanged: ComponentInfo{com.soundtherapyapp/com.soundtherapyapp.MainActivity}
01-13 14:40:32.716  5321  5321 D DynamicIslandWindowViewController: handleDynamicIsland: action_top_activity_changed
01-13 14:40:32.716  5321  5321 D DynamicIslandWindowViewController: onTopActivityChange: topActivity ComponentInfo{com.soundtherapyapp/com.soundtherapyapp.MainActivity}, inSmallWindow false, isSupportPip false, isFocus false fullScreenPkg com.soundtherapyapp
01-13 14:40:32.716  5321  5321 D DynamicIslandWindowViewController: openAppFromIsland: null, null, null false
01-13 14:40:32.716  5321  5321 D DynamicIslandSafeguardsController: cancelDelayEnterApp com.soundtherapyapp com.xiaomi.aicr
01-13 14:40:32.716  5321  5321 D DynamicIslandSafeguardsController: cancelDelayEnterMiniWindow com.soundtherapyapp com.soundtherapyapp null
01-13 14:40:32.716  5321  5321 D DynamicIslandSafeguardsController: cancelDelayExitApp com.soundtherapyapp com.xiaomi.bluetooth
01-13 14:40:32.716  5321  5321 D DynamicIslandSafeguardsController: cancelDelayExitMiniWindow com.soundtherapyapp null
01-13 14:40:32.716  5321  5321 D DynamicIslandWindowViewController: lastTopActivityIsSmallWindow false
01-13 14:40:32.716  5321  5321 D DynamicIslandSafeguardsController: delayExitApp com.soundtherapyapp
01-13 14:40:32.716  5321  5321 D DynamicIslandSafeguardsController: cancelDelayExitApp com.soundtherapyapp com.soundtherapyapp
01-13 14:40:32.721  3278  4431 E HyperSentinel: ->pid:8264,processName:"usap64",Rss Memory Size Change 105112kb -> 146740kb
01-13 14:40:32.724  8264  8264 D ActivityThread: setEmbeddedParam packageName=com.soundtherapyapp processName=com.soundtherapyapp isEmbedded=false isIsolated=false
01-13 14:40:32.837  8264  8264 D nativeloader: Configuring clns-10 for other apk /data/app/~~HN6_s6y8UKC3VQk7qcBTig==/com.soundtherapyapp-L8a1lSwXgt0FI37w3TAEYg==/base.apk. target_sdk_version=36, uses_libraries=, library_path=/data/app/~~HN6_s6y8UKC3VQk7qcBTig==/com.soundtherapyapp-L8a1lSwXgt0FI37w3TAEYg==/lib/arm64:/data/app/~~HN6_s6y8UKC3VQk7qcBTig==/com.soundtherapyapp-L8a1lSwXgt0FI37w3TAEYg==/base.apk!/lib/arm64-v8a, permitted_path=/data:/mnt/expand:/data/user/0/com.soundtherapyapp
01-13 14:40:32.839  3278  4431 E HyperSentinel: ->pid:8264,processName:"com.soundtherapyapp",Rss Memory Size Change 146740kb -> 194424kb
01-13 14:40:32.840  8264  8264 I soundtherapyapp: AssetManager2(0xb400007828eb9df8) locale list changing from [] to [zh-CN]
01-13 14:40:32.841  8264  8264 D HWUI    : [HWUI] Flag vulkan_enhance_pipeline_cache enabled
01-13 14:40:32.841  8264  8264 D HWUI    : [HWUI] EnhanceVkPipelineCache is enabled
01-13 14:40:32.841  8264  8264 V GraphicsEnvironment: Currently set values for:
01-13 14:40:32.841  8264  8264 V GraphicsEnvironment:   angle_gl_driver_selection_pkgs=[]
01-13 14:40:32.841  8264  8264 V GraphicsEnvironment:   angle_gl_driver_selection_values=[]
01-13 14:40:32.841  8264  8264 V GraphicsEnvironment: com.soundtherapyapp is not listed in per-application setting
01-13 14:40:32.841  8264  8264 V GraphicsEnvironment: ANGLE allowlist from config: 
01-13 14:40:32.841  8264  8264 V GraphicsEnvironment: com.soundtherapyapp is not listed in ANGLE allowlist or settings, returning default
01-13 14:40:32.841  8264  8264 V GraphicsEnvironment: Updatable production driver is not supported on the device.
01-13 14:40:32.841  8264  9566 D MiuiMonitorThread: Shared singleton Thread for stability monitor start
01-13 14:40:32.845  8264  8264 D ResMonitorStub: The current process type is: third_party_app, process name is: com.soundtherapyapp
01-13 14:40:32.845  8264  8264 I MiuiAppAdaptationStubsControl: Feature Flag of ThirdAppOpt is turned off
01-13 14:40:32.854  8264  9573 E ashmem  : Pinning is deprecated since Android Q. Please use trim or other methods.
01-13 14:40:32.854  8264  9566 I Perf    : Connecting to perf service.
01-13 14:40:32.857  8264  9566 I ActivityThread: TrafficStats init done
01-13 14:40:32.858  8264  9566 I ForceDarkHelperStubImpl: initialize for com.soundtherapyapp , ForceDarkOrigin
01-13 14:40:32.860  8264  9566 D nativeloader: Load libforcedarkimpl.so using system ns (caller=/system_ext/framework/miui-framework.jar): ok
01-13 14:40:32.860  8264  9566 D HWUI    : JNI_OnLoad success
01-13 14:40:32.860  8264  9566 I MiuiForceDarkConfig: setConfig density:3.750000, mainRule:0, secondaryRule:0, tertiaryRule:0
01-13 14:40:32.865  8264  9566 I ActivityThread: Miui Feature Init done
01-13 14:40:32.865  5321  5321 D DynamicIslandSafeguardsController: delayExitApp: com.soundtherapyapp com.soundtherapyapp count = 0
01-13 14:40:32.866  8264  8264 W SoLoader: Initializing SoLoader: 0
01-13 14:40:32.866  8264  8264 W SoLoader: SoLoader initialized: 0
01-13 14:40:32.868  3278 11065 W MiuiBoosterUtils: enable_miuibooster_launch : false
01-13 14:40:32.868  3278 11065 I WindowManager: Intercept rotation change because interrupt Animation
01-13 14:40:32.868  3278 11065 I WindowManager: Intercept rotation change because interrupt Animation
01-13 14:40:32.868  3278 11065 D BarFollowAnimation: onTaskInfoChanedForCaptionBar Task{1b84ca9 #786 type=standard A=10405:com.soundtherapyapp} shouldbeVisible:true isVisible:false isOnTop:true windowMode:1 preDisplayId:-1 displayId:0 mCaptionAssociatedTask:null mIsTouchedInCaption:false
01-13 14:40:32.868  3278 11065 I SmartPower: com.soundtherapyapp/10405(8264): background->invisible(171ms) R(become foreground) adj=0.
01-13 14:40:32.868  3278 11065 D GreezeManager: triggerL ignore uid = 10405
01-13 14:40:32.869  3278 11065 I ATMSImpl: cacheTasksForDefaultDisplay size=3 topId=786
01-13 14:40:32.869  3278 11065 D BarFollowAnimation: onTaskInfoChanedForCaptionBar Task{c15f925 #782 type=standard A=1002:com.xiaomi.bluetooth} shouldbeVisible:false isVisible:false isOnTop:false windowMode:1 preDisplayId:-1 displayId:0 mCaptionAssociatedTask:null mIsTouchedInCaption:false
01-13 14:40:32.869  3278 11065 D BarFollowAnimation: onTaskInfoChanedForCaptionBar Task{1b84ca9 #786 type=standard A=10405:com.soundtherapyapp} shouldbeVisible:true isVisible:false isOnTop:true windowMode:1 preDisplayId:-1 displayId:0 mCaptionAssociatedTask:null mIsTouchedInCaption:false
01-13 14:40:32.869  3278 11065 D Transition: setReady 2519 wc=Display{#0 state=OFF size=1440x3200 ROTATION_0} ready=true
01-13 14:40:32.869  3278 11065 D WindowManager: Set transition=TransitionRecord{aba79e2 id=2519 type=OPEN flags=0x0 c=[
01-13 14:40:32.869  3278 11065 D WindowManager:    ChangeInfo{a1ead48 container=Task{1b84ca9 #786 type=standard A=10405:com.soundtherapyapp} flags=0x0}
01-13 14:40:32.869  3278 11065 D WindowManager:    ChangeInfo{58be7e1 container=Display{#0 state=OFF size=1440x3200 ROTATION_0} flags=0x0}
01-13 14:40:32.869  3278 11065 D WindowManager:    ChangeInfo{63e7906 container=DefaultTaskDisplayArea@148137897 flags=0x0}
01-13 14:40:32.869  3278 11065 D WindowManager:    ChangeInfo{21d8bc7 container=ActivityRecord{156561779 u0 com.soundtherapyapp/.MainActivity t786} flags=0x0}
01-13 14:40:32.869  3278 11065 D WindowManager: ]
01-13 14:40:32.869  3278 11065 D WindowManager: }, ready=true, SyncId=2519 info=used=true, override=false, defer=0, states=Display{#0 state=OFF size=1440x3200 ROTATION_0}:true reason=com.android.server.wm.Transition.applyReady:1263 com.android.server.wm.Transition.setReady:1245 com.android.server.wm.TransitionController.setReady:1157 com.android.server.wm.TransitionController.setReady:1162 com.android.server.wm.DisplayContent.executeAppTransition:6208 com.android.server.wm.RootWindowContainer.executeAppTransitionForAllDisplay:2613 com.android.server.wm.ActivityRecord.completeResumeLocked:7196 com.android.server.wm.ActivityTaskSupervisor.realStartActivityLocked:977 
01-13 14:40:32.869  3278 11065 D ActivityTrigger: ActivityTrigger activityPauseTrigger 
01-13 14:40:32.869  3278  3404 D BarFollowAnimation: isAppBarAndVisibleCheck.....
01-13 14:40:32.869  3278  3404 D BarFollowAnimation: isAppTaskBarOnTop win:Window{fe5ca0e u0 NotificationShade} (mCurrentTopTask:Task{1b84ca9 #786 type=standard A=10405:com.soundtherapyapp} : true); (mAssociatedTask:null : false); (mHomeTask:Task{68ecabd #1 type=home} : true); mReparentToOriginParent:true mLastAppBarVisible:true mLastHomeBarVisible:false
01-13 14:40:32.869  3278  3404 D MiuiRefreshRatePolicy: reset
01-13 14:40:32.870  3278  3404 I BLASTSyncEngine: SyncGroup 2519:  Unfinished container:ActivityRecord{156561779 u0 com.soundtherapyapp/.MainActivity t786}
01-13 14:40:32.870  3278  3404 I BLASTSyncEngine: isActivitySyncFinished isSyncFinished false ActivityRecord{156561779 u0 com.soundtherapyapp/.MainActivity t786}
01-13 14:40:32.870  8264  8264 I ActivityThread: currentPkg not in xmlPackages
01-13 14:40:32.870  8264  8264 W libc    : Access denied finding property "vendor.boostfwk.frameprefetcher"
01-13 14:40:32.871  8264  8264 D FramePredict: FramePredict init: true
01-13 14:40:32.872  1819  1927 I ANDR-PWR-OPT: GAMEPOWEROPT: sendEvents() 231: Start hint for app com.soundtherapyapp/com.soundtherapyapp.MainActivity/1, hintID : 4100, hintID hex : 1004 value: -1
01-13 14:40:32.873  1819  1927 I ANDR-PWR-OPT: PowerAppClassifier: getAppType() 59: checking app [com.soundtherapyapp] is type 1
01-13 14:40:32.873  1819  1927 I ANDR-PWR-OPT: GAMEPOWEROPT: isGame() 348: com.soundtherapyapp is Game = 1
01-13 14:40:32.875  3278  4257 D EventReceiver: foregroundChange uid  uid=10405 pkg=com.soundtherapyapp
01-13 14:40:32.876  3278  4257 D BluetoothAdapter: getActiveDevices(A2DP)
01-13 14:40:32.876  5321  5646 I MultiTaskingTaskInfo: MultiTaskingBaseTaskInfo::update::mTaskBounds = Rect(0, 0 - 1440, 3200), mTaskId = 782
01-13 14:40:32.877  5321  5646 D MultiTaskingTransitionsHelper: skip updateBaseAnimParam taskId: 782 pendingTransitions: [android.os.BinderProxy@c8930ac] readyDuringSync: [] tracks: [Track #0 readyTransitions: []Track #1 readyTransitions: []Track #2 readyTransitions: []]
01-13 14:40:32.877  5321  5646 I MultiTaskingTaskRepository: onTaskInfoChanged::taskId = 782, windowingMode = 1, mMultiWindowTaskIdsInZOrder = [5, 4], mFullscreenTaskIdsInZOrder = [782], mFreeformTaskIdsInZOrder = [], mTasks: 782, 8, 7, 6, 5, 4, 3, 1, 
01-13 14:40:32.877 10211 10281 D PowerKeeper.Audio: onForegroundInfoChanged mSubScreenUid=-1
01-13 14:40:32.877  5321  5704 I MultiTaskingTaskInfo: getCoverLayerController:: null, com.android.wm.shell.multitasking.common.taskmanager.MultiTaskingTaskInfo.lambda$updateCoverLayerController$2:1 com.android.wm.shell.multitasking.common.taskmanager.MultiTaskingTaskInfo.$r8$lambda$-YpCdQQtg0ANF5ZGkXQR8pi1iBs:1 
01-13 14:40:32.877  8264  8264 D HWUI    : [HWUI] Flag vulkan_enhance_pipeline_cache enabled
01-13 14:40:32.877  8264  8264 D HWUI    : [HWUI] EnhanceVkPipelineCache is enabled
01-13 14:40:32.877  8264  8264 D soundtherapyapp: blurUtils, initBackgroundBlurMinInterval processName(com.soundtherapyapp), inWhiteLists(0)
01-13 14:40:32.878 10211 19908 D PerfEngineController: ForegroundInfo{mForegroundPackageName='com.soundtherapyapp', mForegroundUid=10405, mForegroundPid=8264, mForegroundDisplayId=0, mLastForegroundPackageName='com.xiaomi.bluetooth', mLastForegroundUid=1002, mLastForegroundPid=3999, mLastForegroundDisplayId=0, mMultiWindowForegroundPackageName='com.soundtherapyapp', mMultiWindowForegroundUid=10405, mFlags=1}
01-13 14:40:32.878 18289 18331 I AICall_MemoryTrim: binder:18289_2 onAppBackground()
01-13 14:40:32.878  8264  9566 I ActivityThread: HardwareRenderer preload  done
01-13 14:40:32.878 16169 16339 I BluetoothAdapterService: getActiveDevices: A2dp device: null
01-13 14:40:32.879  3278  4257 D BluetoothAdapter: getActiveDevices(HEADSET)
01-13 14:40:32.880 16169 16692 I BluetoothAdapterService: getActiveDevices: CallAudio device: null
01-13 14:40:32.880  8264  8264 I soundtherapyapp: AssetManager2(0xb400007828eb4fd8) locale list changing from [] to [zh-CN]
01-13 14:40:32.880  8264  9588 I DisplayManager: Choreographer implicitly registered for the refresh rate.
01-13 14:40:32.880  3278  4257 D BluetoothAdapter: getActiveDevices(LE_AUDIO)
01-13 14:40:32.881 16169 16342 I BluetoothAdapterService: getActiveDevices: LeAudio devices: Lead[null] - member_1[null]
01-13 14:40:32.882  8264  9588 W libc    : Access denied finding property "vendor.mivk.log.debug"
01-13 14:40:32.882  8264  9588 D vulkan  : searching for layers in '/data/app/~~HN6_s6y8UKC3VQk7qcBTig==/com.soundtherapyapp-L8a1lSwXgt0FI37w3TAEYg==/lib/arm64'
01-13 14:40:32.882  8264  9588 D vulkan  : searching for layers in '/data/app/~~HN6_s6y8UKC3VQk7qcBTig==/com.soundtherapyapp-L8a1lSwXgt0FI37w3TAEYg==/base.apk!/lib/arm64-v8a'
01-13 14:40:32.883 16169 16169 D HidDeviceService: handleMessage(): msg.what=8
01-13 14:40:32.883  1963  2404 D AudioFlingerImpl: setGameParameters keyvalue: bluetoothlowlatencystatus=false;foregroundUid=10405
01-13 14:40:32.883  1963  2404 D DeviceHalAidl: [default] setParameters: parameters: "bluetoothlowlatencystatus=false;foregroundUid=10405"
01-13 14:40:32.884  3278  4130 I MiuiNetworkPolicy: updateUidState uid = 10405, uidState = 2
01-13 14:40:32.884  9171 19075 D ForegroundUtils: Foreground UID status:
01-13 14:40:32.884  9171 19075 D ForegroundUtils: UID: 1002 is in foreground: true
01-13 14:40:32.884  9171 19075 D ForegroundUtils: UID: 6102 is in foreground: false
01-13 14:40:32.884  9171 19075 D ForegroundUtils: UID: 10128 is in foreground: false
01-13 14:40:32.884  9171 19075 D ForegroundUtils: UID: 10135 is in foreground: false
01-13 14:40:32.884  9171 19075 D ForegroundUtils: UID: 10136 is in foreground: true
01-13 14:40:32.884  9171 19075 D ForegroundUtils: UID: 10140 is in foreground: false
01-13 14:40:32.884  9171 19075 D ForegroundUtils: UID: 10142 is in foreground: false
01-13 14:40:32.884  9171 19075 D ForegroundUtils: UID: 10145 is in foreground: false
01-13 14:40:32.884  9171 19075 D ForegroundUtils: UID: 10193 is in foreground: false
01-13 14:40:32.884  9171 19075 D ForegroundUtils: UID: 10224 is in foreground: true
01-13 14:40:32.884  9171 19075 D ForegroundUtils: UID: 10405 is in foreground: true
01-13 14:40:32.884  1816 21305 I AHAL_ModulePrimary_MI: setVendorParameters: parameter count 2, async: 0
01-13 14:40:32.885  1816 21305 D AHAL_ModulePrimary_MI: setVendorParameters parameters id = bluetoothlowlatencystatus val false
01-13 14:40:32.885  1816 21305 D AHAL_ModulePrimary_MI: setVendorParameters parameters id = foregroundUid val 10405
01-13 14:40:32.885  1816 21305 D AHAL_ModulePrimary_MI: setVendorParameters: enter miam_setParameters_v2 ret = -2
01-13 14:40:32.885  1816 21305 D AHAL_ModulePrimary_QTI: setVendorParameters: parameter count 2, async: 0
01-13 14:40:32.885  1816 21305 D AHAL_HFP_QTI: hfp_set_parameters enter
01-13 14:40:32.885  1816 21305 D AHAL_HFP_QTI: hfp_set_parameters Exit
01-13 14:40:32.885  1816 21305 D AHAL_HFP_QTI: hfp_set_parameters enter
01-13 14:40:32.885  1816 21305 D AHAL_HFP_QTI: hfp_set_parameters Exit
01-13 14:40:32.885  1963  2404 D DeviceHalAidl: [usb] setParameters: parameters: "bluetoothlowlatencystatus=false;foregroundUid=10405"
01-13 14:40:32.885  9372  9748 V OsAgent : broadcastSystemEvent - 7
01-13 14:40:32.885  1963  2404 E ConversionHelperAidl: Function: parseAndSetVendorParameters Line: 94 Failed 
01-13 14:40:32.885  1963  2404 D DeviceHalAidl: [r_submix] setParameters: parameters: "bluetoothlowlatencystatus=false;foregroundUid=10405"
01-13 14:40:32.885  1816  3195 D AHAL_ModuleRemoteSubmix: setVendorParameters: parameter count 2, async: 0
