01-13 14:52:39.539  3278  3404 D BarFollowAnimation: isAppTaskBarOnTop win:Window{fe5ca0e u0 NotificationShade} (mCurrentTopTask:Task{c15f925 #782 type=standard A=1002:com.xiaomi.bluetooth} : true); (mAssociatedTask:null : false); (mHomeTask:Task{68ecabd #1 type=home} : true); mReparentToOriginParent:true mLastAppBarVisible:true mLastHomeBarVisible:false
01-13 14:52:39.539  3278  3404 D MiuiRefreshRatePolicy: reset
01-13 14:52:39.539  3278  3404 D WindowManager: wms.commitFinishDrawingLocked: mDrawState=READY_TO_SHOW Window{446360e u0 com.xiaomi.bluetooth/com.android.bluetooth.ble.app.fastconnect.MiuiFastConnectActivity} in Surface(name=com.xiaomi.bluetooth/com.android.bluetooth.ble.app.fastconnect.MiuiFastConnectActivity#49652)/@0x46db583
01-13 14:52:39.539  3278  3404 D WindowManager: wms.commitFinishDrawingLocked: mDrawState=READY_TO_SHOW Window{1dc45b4 u0 com.xiaomi.bluetooth/com.android.bluetooth.ble.app.fastconnect.MiuiFastConnectActivity} in Surface(name=com.xiaomi.bluetooth/com.android.bluetooth.ble.app.fastconnect.MiuiFastConnectActivity#49653)/@0xf3eaf2c
01-13 14:52:39.539  3278  3404 W ActivityTaskManager: Can't find TaskDisplayArea to determine support for multi window. Task id=798 attached=false
01-13 14:52:39.539  3278  3404 W ActivityTaskManager: Can't find TaskDisplayArea to determine support for multi window. Task id=798 attached=false
01-13 14:52:39.539 21761 12092 I Market-RetrofitRequest: callStart : https://updateinfo.market.xiaomi.com/apm/updateinfo/v2
01-13 14:52:39.539  3278  4147 D InetDiagMessage: Destroyed 0 sockets, proto=IPPROTO_TCP, family=AF_INET, states=14
01-13 14:52:39.540  3278  3424 I ActivityManager: zygote: proc died: pid=11439 uid=10405, status=6
01-13 14:52:39.540  3278  4130 I MiuiNetworkPolicy: removeUidState uid = 10405
01-13 14:52:39.540  3278  3424 I ActivityManager: Update process exit info for com.soundtherapyapp(11439/u10405)
01-13 14:52:39.540  5321  5646 I MultiTaskingTaskRepository: onTaskVanished::taskId = 798 mTasks: 798, 782, 8, 7, 6, 5, 4, 3, 1, 
01-13 14:52:39.540  5321  5646 D MultiTaskingTaskRepository: removeMultiTaskingTaskInfo::taskInfo.taskId = 798 current mMultiTaskingTaskInfoList: { ,798 ,782 ,5 ,4 }
01-13 14:52:39.540  5321  5646 D MultiTaskingTaskRepository: removeFullscreenTask::taskId = 798
01-13 14:52:39.540  5321  5646 I MultiTaskingTaskRepository: onTaskVanished::mMultiWindowTaskIdsInZOrder = [5, 4], mFullscreenTaskIdsInZOrder = [782]
01-13 14:52:39.540  5321  5646 D MulWinSwitchEventHandler: onForceStop taskId = 798, type = TASK_VANISH, mTouchedTaskId = -1
01-13 14:52:39.540  4686  5661 D EventBus: No subscribers registered for event class com.miui.home.recents.messages.RecentTasksChangedEvent
01-13 14:52:39.540  4686  5661 D EventBus: No subscribers registered for event class org.greenrobot.eventbus.NoSubscriberEvent
01-13 14:52:39.540  3278  6006 D BarFollowAnimation: isAppBarAndVisibleCheck.....
01-13 14:52:39.540  3278  6006 D BarFollowAnimation: isAppTaskBarOnTop win:Window{fe5ca0e u0 NotificationShade} (mCurrentTopTask:Task{c15f925 #782 type=standard A=1002:com.xiaomi.bluetooth} : true); (mAssociatedTask:null : false); (mHomeTask:Task{68ecabd #1 type=home} : true); mReparentToOriginParent:true mLastAppBarVisible:true mLastHomeBarVisible:false
01-13 14:52:39.540  4686  6972 E ActivityManagerWrapper: get all recent tasks force including -1 userId =0
01-13 14:52:39.540  3278  6006 D MiuiRefreshRatePolicy: reset
01-13 14:52:39.540  3278  6006 D WindowManager: wms.commitFinishDrawingLocked: mDrawState=READY_TO_SHOW Window{446360e u0 com.xiaomi.bluetooth/com.android.bluetooth.ble.app.fastconnect.MiuiFastConnectActivity} in Surface(name=com.xiaomi.bluetooth/com.android.bluetooth.ble.app.fastconnect.MiuiFastConnectActivity#49652)/@0x46db583
01-13 14:52:39.540  3278  6006 D WindowManager: wms.commitFinishDrawingLocked: mDrawState=READY_TO_SHOW Window{1dc45b4 u0 com.xiaomi.bluetooth/com.android.bluetooth.ble.app.fastconnect.MiuiFastConnectActivity} in Surface(name=com.xiaomi.bluetooth/com.android.bluetooth.ble.app.fastconnect.MiuiFastConnectActivity#49653)/@0xf3eaf2c
01-13 14:52:39.540  3278  4147 D InetDiagMessage: Destroyed 0 sockets, proto=IPPROTO_TCP, family=AF_INET6, states=14
01-13 14:52:39.540  3278  4147 D InetDiagMessage: Destroyed live tcp sockets for uids={10405} in 2ms
01-13 14:52:39.540 26170 26170 D PkgUtils: getApplicationInfo packageName:com.soundtherapyapp, flags:128 applicationInfo:ApplicationInfo{97b54a6 com.soundtherapyapp} needSecondSpace:false
01-13 14:52:39.540  9171 19075 D ForegroundUtils: UID: 10405 deleted.
01-13 14:52:39.540  3278  4147 D InetDiagMessage: Destroyed 0 sockets, proto=IPPROTO_TCP, family=AF_INET, states=14
01-13 14:52:39.540  5321  5704 I MultiTaskingTaskInfo: releaseCoverLayerControl::mTaskId = 798
01-13 14:52:39.541  3278  4246 D ExternalInterface: setUidState, uid = 10405 allow = true
01-13 14:52:39.541  3278  4246 D MiSensorServiceImpl: PowerKeeperSensor resume iUid:10405 but app has not in Controlled
01-13 14:52:39.541  3278  6367 D ActivityManager: Logging bindService for com.miui.analytics, stopped=false, firstLaunch=false
01-13 14:52:39.541  3278  4147 D InetDiagMessage: Destroyed 0 sockets, proto=IPPROTO_TCP, family=AF_INET6, states=14
01-13 14:52:39.541  3278  4147 D InetDiagMessage: Destroyed live tcp sockets for uids={20405} in 1ms
01-13 14:52:39.541  4686  6972 E ActivityManagerWrapper: getRecentTasksForceIncludingTaskIdIfValid: getRecentTasks: size=1
01-13 14:52:39.541  4686  6972 E ActivityManagerWrapper:  mainTaskId=798   userId=0   windowMode=1   isExcludedFromRecents=false   baseIntent=Intent { act=null flag=268435456 cmp=ComponentInfo{com.soundtherapyapp/com.soundtherapyapp.MainActivity} }
01-13 14:52:39.541  3278  5552 I DataHub : unregisterUIAgentListener packageName: com.xiaomi.bluetooth~1002
01-13 14:52:39.541  1841  1841 I vendor.qti.hardware.servicetrackeraidl-service: bindService is called for service : com.miui.analytics/.onetrack.OneTrackService and for client com.xiaomi.bluetooth:ui
01-13 14:52:39.541  1841  1841 I vendor.qti.hardware.servicetrackeraidl-service: total connections for service : com.miui.analytics/.onetrack.OneTrackServiceare :24
01-13 14:52:39.541  1841  1841 I vendor.qti.hardware.servicetrackeraidl-service: total connections for client : com.xiaomi.bluetooth:uiare :2
01-13 14:52:39.541  4686  6972 D RecentsTaskLoader: reloadTasksData [TaskKey{id=798, stackId=0, baseIntent=Intent { flg=0x10000000 cmp=com.soundtherapyapp/.MainActivity }, userId=0, lastActiveTime=349607859, windowingMode=1, isThumbnailBlur=false, isAccessLocked=false, isScreening=false, topActivity=null, mHashCode=24696770}, title=SoundTherapyApp, titleDescription=SoundTherapyApp, bounds=null, isLaunchTarget=false, isStackTask=true, isSystemApp=false, isDockable=true, baseActivity=null, isLocked=false, mNeedHide=false, hasMultipleTasks=false, cti1Key=, cti2Key=] 
01-13 14:52:39.541  3999  3999 E VRI[MiuiFastConnectActivity]: performDraw: Not drawing due to screen off
01-13 14:52:39.541 21761 12092 I Market-RetrofitRequest: HeaderInterceptor : https://updateinfo.market.xiaomi.com/apm/updateinfo/v2
01-13 14:52:39.541  3999  3999 D MiuiFastConnectController_Plugin: handleMessage: what : 8, msg.arg1: 1, msg.arg2: 0
01-13 14:52:39.541  4686  6972 D TaskSnapshotCompatVV: getIsInvalidateFromTaskSnapshot, return, mTaskSnapshot=null, mTaskSnapshotClazz=null
01-13 14:52:39.542  3278  5552 I RemoteCallbackList: unregister success, remove callback for com.xiaomi.bluetooth~1002
01-13 14:52:39.542 21761 12092 I Market-Client: isSupportIsland: true
01-13 14:52:39.542 21761 12092 I Market-Client: getNotificationFocusProtocol: OS3
01-13 14:52:39.542 10211 10670 D JavaheapMonitor: Java heap used=7M max=256M, proc: com.miui.powerkeeper
01-13 14:52:39.542 10211 10670 V JavaheapMonitor: Check java heap usage finished! Next check delay: 300000
01-13 14:52:39.543  9372  9748 V OsAgent : broadcastSystemEvent - 7
01-13 14:52:39.543  3278  3379 I NetworkBoostStatusManager: onUidGone uid: 10405
01-13 14:52:39.543  3278  6352 I SLM-SRV-SLSAppLib: SLM_Ai_Mode EVENT_CHECK_GMAE_AI_MODE_STATUS
01-13 14:52:39.543  3278  6352 I SLM-SRV-SLSAppLib: SLM_Ai_Mode checkGameAiModeStatus mGameAiModeCloudControl:true mLinkTurboAiModeSwitch:false mGameAiModeInterfaceReady:false mGameStartBattle:false powerMgrGameUid:0
01-13 14:52:39.543 21761 12092 I Market-LimitSpeedManager: startLimitSpeedNow() ====== speed = 32768
01-13 14:52:39.543  3999  3999 D MiuiFastConnectActivity_Plugin: onStop
01-13 14:52:39.544 10082 10219 D DMS_LimitSpeedService: limit speed(32.00KB/s) success 
01-13 14:52:39.544 21761 12092 I Market-DownloadLimitSpeedManager: startLimitSpeed success. Total count 1
01-13 14:52:39.544 21761 12092 I Market-RetrofitRequest: HeaderInterceptor : https://updateinfo.market.xiaomi.com/apm/updateinfo/v2
01-13 14:52:39.545  2272  2272 I CNSS    : /sys/wifi/dump_in_progress doesn't exist
01-13 14:52:39.545  2272  2272 I CNSS    : /sys/wifi/max_chipset_log_size doesn't exist
01-13 14:52:39.545  2033  2092 I BpBinder: onLastStrongRef automatically unlinking death recipients: 
01-13 14:52:39.545  3999  8072 W mi.bluetooth:ui: Binder 0xb400007908ebd0c0 destroyed after setInheritRt before being parceled.
01-13 14:52:39.546 22881 23009 D IdProviderImpl: getOAID from com.miui.analytics
01-13 14:52:39.546 22881 23009 D IdProviderImpl: getOAID from com.miui.analytics
01-13 14:52:39.547  3278  6367 D BarFollowAnimation: isAppBarAndVisibleCheck.....
01-13 14:52:39.548  3278  6367 D BarFollowAnimation: isAppTaskBarOnTop win:Window{fe5ca0e u0 NotificationShade} (mCurrentTopTask:Task{c15f925 #782 type=standard A=1002:com.xiaomi.bluetooth} : true); (mAssociatedTask:null : false); (mHomeTask:Task{68ecabd #1 type=home} : true); mReparentToOriginParent:true mLastAppBarVisible:true mLastHomeBarVisible:false
01-13 14:52:39.548  3278  6367 D MiuiRefreshRatePolicy: reset
01-13 14:52:39.548  3278  6367 D WindowManager: wms.commitFinishDrawingLocked: mDrawState=READY_TO_SHOW Window{446360e u0 com.xiaomi.bluetooth/com.android.bluetooth.ble.app.fastconnect.MiuiFastConnectActivity} in Surface(name=com.xiaomi.bluetooth/com.android.bluetooth.ble.app.fastconnect.MiuiFastConnectActivity#49652)/@0x46db583
01-13 14:52:39.548  3278  6367 D WindowManager: wms.commitFinishDrawingLocked: mDrawState=READY_TO_SHOW Window{1dc45b4 u0 com.xiaomi.bluetooth/com.android.bluetooth.ble.app.fastconnect.MiuiFastConnectActivity} in Surface(name=com.xiaomi.bluetooth/com.android.bluetooth.ble.app.fastconnect.MiuiFastConnectActivity#49653)/@0xf3eaf2c
01-13 14:52:39.549  3999  3999 E VRI[MiuiFastConnectActivity]: performDraw: Not drawing due to screen off
01-13 14:52:39.549  3999  3999 D MiuiFastConnectController_Plugin: handleMessage: what : 8, msg.arg1: 0, msg.arg2: 0
01-13 14:52:39.549  3999  3999 D VRI[MiuiFastConnectActivity]: visibilityChanged oldVisibility=true newVisibility=false
01-13 14:52:39.549  9464  4223 D travelService_ActivityObserverUtils: activityStopped ComponentInfo{com.xiaomi.bluetooth/com.android.bluetooth.ble.app.fastconnect.MiuiFastConnectActivity}
01-13 14:52:39.550  5321  5321 D DynamicIslandTopActivityController: fullscreen: com.xiaomi.bluetooth
01-13 14:52:39.550  5321  5321 D DynamicIslandController: onTopActivityChanged: ComponentInfo{com.xiaomi.bluetooth/com.android.bluetooth.ble.app.fastconnect.MiuiFastConnectActivity}
01-13 14:52:39.550  5321  5321 D DynamicIslandWindowViewController: handleDynamicIsland: action_top_activity_changed
01-13 14:52:39.550  5321  5321 D DynamicIslandWindowViewController: onTopActivityChange: topActivity ComponentInfo{com.xiaomi.bluetooth/com.android.bluetooth.ble.app.fastconnect.MiuiFastConnectActivity}, inSmallWindow false, isSupportPip false, isFocus true fullScreenPkg com.xiaomi.bluetooth
01-13 14:52:39.550  5321  5321 D DynamicIslandWindowViewController: openAppFromIsland: null, null, null false
01-13 14:52:39.550  5321  5321 D DynamicIslandSafeguardsController: cancelDelayEnterApp com.xiaomi.bluetooth com.xiaomi.aicr
01-13 14:52:39.550  5321  5321 D DynamicIslandSafeguardsController: cancelDelayEnterMiniWindow com.xiaomi.bluetooth com.xiaomi.bluetooth null
01-13 14:52:39.550  5321  5321 D DynamicIslandSafeguardsController: cancelDelayExitApp com.xiaomi.bluetooth com.soundtherapyapp
01-13 14:52:39.550  5321  5321 D DynamicIslandSafeguardsController: cancelDelayExitMiniWindow com.xiaomi.bluetooth null
01-13 14:52:39.550  5321  5321 D DynamicIslandWindowViewController: lastTopActivityIsSmallWindow false
01-13 14:52:39.550  5321  5321 D DynamicIslandSafeguardsController: delayExitApp com.xiaomi.bluetooth
01-13 14:52:39.550  5321  5321 D DynamicIslandSafeguardsController: cancelDelayExitApp com.xiaomi.bluetooth com.xiaomi.bluetooth
01-13 14:52:39.552 10369 10403 I ognitionService: This is sticky GC, maxfree is 33554432 minfree is 8388608
01-13 14:52:39.553  1828  1828 W SDM     : execute: No command found
01-13 14:52:39.558  3999  8072 W mi.bluetooth:ui: Binder 0xb400007908f05c00 destroyed after setInheritRt before being parceled.
01-13 14:52:39.559  3278  6367 D BarFollowAnimation: isAppBarAndVisibleCheck.....
01-13 14:52:39.559  3278  6367 D BarFollowAnimation: isAppTaskBarOnTop win:Window{fe5ca0e u0 NotificationShade} (mCurrentTopTask:Task{c15f925 #782 type=standard A=1002:com.xiaomi.bluetooth} : true); (mAssociatedTask:null : false); (mHomeTask:Task{68ecabd #1 type=home} : true); mReparentToOriginParent:true mLastAppBarVisible:true mLastHomeBarVisible:false
01-13 14:52:39.559  3278  6367 D MiuiRefreshRatePolicy: reset
01-13 14:52:39.561  1828  1828 W SDM     : execute: No command found
01-13 14:52:39.603 21761 12092 I Market-DownloadLimitSpeedManager: stopLimitSpeed
01-13 14:52:39.603 21761 12092 I Market-LimitSpeedManager: stopLimitSpeedNow() =========== 
01-13 14:52:39.604 10082 10219 D DMS_LimitSpeedService: exit limit speed(-1.00B/s) success 
01-13 14:52:39.605 21761 12092 I Market-RetrofitRequest: callEnd : https://updateinfo.market.xiaomi.com/apm/updateinfo/v2
01-13 14:52:39.605 21761 12092 I Market-LocalAppManager: getUpdateInfoFromServer : end  , responseCode : OK
01-13 14:52:39.605 21761 12092 I Market-LocalAppManager: checkUpdateFromServer : end
01-13 14:52:39.606 21761 12092 I Market-LocalAppManager: checkUpdateFromServer  data parser : end
01-13 14:52:39.606 21761 21830 E Market-UpdateDesktopOperateIconManager: [OperateIconConfig] JSON : operation icon config list not exist!
01-13 14:52:39.606 21761 21830 I Market-UpdateDesktopOperateIconManager: [OperateIconConfig] JSON: parser operateIconConfigList : null
01-13 14:52:39.606 21761 12092 I Market-HuanjiManager: condition not satisfied, ignore
01-13 14:52:39.606 21761 12092 I Market-DataParser: [InvalidPackageList] JSON : invalidSystemPackageList list is null
01-13 14:52:39.606 21761 12092 I Market-LocalAppManager: checkUpdateFromServer  filter package : end
01-13 14:52:39.606 21761 12092 I Market-LocalAppManager: checkUpdateFromServer  support64BitPackagesJsonArray : end
01-13 14:52:39.606 21761 12092 I Market-OneTrackParams: useExpId=2089471,1978999,2000549,1700402,2075312,expId=2023001,1805848,1627499,1689162,2075312,1700402,2000549,2149131,1411227,1978999,2089471,2214498,2223943
01-13 14:52:39.606  1963  4322 D AudioFlingerImpl: setGameParameters keyvalue: gamebooster=false
01-13 14:52:39.606  1963  4322 D DeviceHalAidl: [default] setParameters: parameters: "gamebooster=false"
01-13 14:52:39.606  1816  1832 I AHAL_ModulePrimary_MI: setVendorParameters: parameter count 1, async: 0
01-13 14:52:39.606  1816  1832 D AHAL_ModulePrimary_MI: setVendorParameters parameters id = gamebooster val false
01-13 14:52:39.606  1816  1832 D AHAL_ModulePrimary_MI: setVendorParameters: enter miam_setParameters_v2 ret = -2
01-13 14:52:39.607  1816  1832 D AHAL_ModulePrimary_QTI: setVendorParameters: parameter count 1, async: 0
01-13 14:52:39.607  1816  1832 D AHAL_HFP_QTI: hfp_set_parameters enter
01-13 14:52:39.607  1816  1832 D AHAL_HFP_QTI: hfp_set_parameters Exit
01-13 14:52:39.607  1963  4322 D DeviceHalAidl: [usb] setParameters: parameters: "gamebooster=false"
01-13 14:52:39.607  1963  4322 E ConversionHelperAidl: Function: parseAndSetVendorParameters Line: 94 Failed 
01-13 14:52:39.607  1963  4322 D DeviceHalAidl: [r_submix] setParameters: parameters: "gamebooster=false"
01-13 14:52:39.607  1816  1832 D AHAL_ModuleRemoteSubmix: setVendorParameters: parameter count 1, async: 0
01-13 14:52:39.607  7406  7456 I SmartAppAssistant: AppStoreHelper queryPackageInfo result=1 oldVersionName=1.0 oldVersionCode=1
01-13 14:52:39.607  1816  1832 D AHAL_ModuleRemoteSubmix: setVendorParameters parameters id = gamebooster val false
01-13 14:52:39.607  1963  4322 E ConversionHelperAidl: Function: parseAndSetVendorParameters Line: 94 Failed 
01-13 14:52:39.607  1963  4322 D DeviceHalAidl: [bluetooth] setParameters: parameters: "gamebooster=false"
01-13 14:52:39.608  1963  4322 E ConversionHelperAidl: Function: parseAndSetVendorParameters Line: 94 Failed 
01-13 14:52:39.608  8889  9633 I htmlviewercloudcontrol: isStagingEnv:false param =  taa_atest  uriMatch = 2, cluster: cn, version: 649476, traceId: 3207d9982ba3ad88be5aad14ba11fab1, regId: 3y/5YAKKsG4DaTUEqYP8xrCGGdYjHRJxuJepRV34cHdbfLdNYsnawrrMuDZmuv5e
01-13 14:52:39.609  8889  9633 I htmlviewercloudcontrol: isStagingEnv:false param =  taa_btest  uriMatch = 2, cluster: cn, version: 649476, traceId: 3207d9982ba3ad88be5aad14ba11fab1, regId: 3y/5YAKKsG4DaTUEqYP8xrCGGdYjHRJxuJepRV34cHdbfLdNYsnawrrMuDZmuv5e
01-13 14:52:39.609  8889  9633 I htmlviewercloudcontrol: isStagingEnv:false param =  taa_ctest  uriMatch = 2, cluster: cn, version: 649476, traceId: 3207d9982ba3ad88be5aad14ba11fab1, regId: 3y/5YAKKsG4DaTUEqYP8xrCGGdYjHRJxuJepRV34cHdbfLdNYsnawrrMuDZmuv5e
01-13 14:52:39.609 22881 23009 D IdProviderImpl: getOAID from com.miui.analytics
01-13 14:52:39.609  8889  9633 I htmlviewercloudcontrol: isStagingEnv:false param =  taa_EmergentProblem  uriMatch = 2, cluster: cn, version: 649476, traceId: 3207d9982ba3ad88be5aad14ba11fab1, regId: 3y/5YAKKsG4DaTUEqYP8xrCGGdYjHRJxuJepRV34cHdbfLdNYsnawrrMuDZmuv5e
01-13 14:52:39.610  7406  7456 D SmartAppAssistant: EmergencyRegexMatcher Emergency regex match suc: NE_CHECK_QQ_2
01-13 14:52:39.610  7406  7456 E SmartAppAssistant: EmergencyMatcher expirationTime or PackageName mismatch
01-13 14:52:39.611  8889  9633 I htmlviewercloudcontrol: isStagingEnv:false param =  taa_CrashRuleMatch  uriMatch = 2, cluster: cn, version: 649476, traceId: 3207d9982ba3ad88be5aad14ba11fab1, regId: 3y/5YAKKsG4DaTUEqYP8xrCGGdYjHRJxuJepRV34cHdbfLdNYsnawrrMuDZmuv5e
01-13 14:52:39.611  7406  7456 D SmartAppAssistant: RuleMatch parseCloudTraceMatchers version = 10
01-13 14:52:39.612 22881 23009 D IdProviderImpl: getOAID from com.miui.analytics
01-13 14:52:39.613 22881 23009 D IdProviderImpl: getOAID from com.miui.analytics
01-13 14:52:39.615 22881 23009 D IdProviderImpl: getOAID from com.miui.analytics
01-13 14:52:39.617 22881 23009 D IdProviderImpl: getOAID from com.miui.analytics
01-13 14:52:39.626  5271  6061 D HighSpeedTrainModeController: msg.what = 10
01-13 14:52:39.630 29090  5248 D RelayAppLocalHelper: onTaskStackChanged:
01-13 14:52:39.630  4686  4728 D EventBus: No subscribers registered for event class com.miui.home.recents.messages.RecentTasksChangedEvent
01-13 14:52:39.630 29090  5248 D RelayAppLocalHelper: notifyTaskStackChanged:
01-13 14:52:39.630  4686  4728 D EventBus: No subscribers registered for event class org.greenrobot.eventbus.NoSubscriberEvent
01-13 14:52:39.630  4686  4686 D RecentsImpl: mTaskStackChangeListener, onTaskStackChanged
01-13 14:52:39.631  4686  6972 E ActivityManagerWrapper: get all recent tasks force including -1 userId =0
01-13 14:52:39.631 10211 19903 I MultiScreenObserver: onTaskStackChanged, splitScreenMode: false isSmallScreen: false
01-13 14:52:39.631 10301 10790 I SCTaskStackListener: onTaskStackChanged! inSplit = false
01-13 14:52:39.631 10301 10790 D TheatreModeUtils: Turn off the 3D LUT Global Switch
01-13 14:52:39.631 10301 10790 I DisplayEffectUtils: setCinemaVisionGlobalSwitch: 0
01-13 14:52:39.631 10211 12562 I MultiScreenObserver: onTaskStackChanged, splitScreenMode: false isSmallScreen: false
01-13 14:52:39.631 10301 10786 I SCTaskStackListener: onTaskStackChanged! inSplit = false
01-13 14:52:39.631 10301 10786 D TheatreModeUtils: Turn off the 3D LUT Global Switch
01-13 14:52:39.631 10301 10786 I DisplayEffectUtils: setCinemaVisionGlobalSwitch: 0
01-13 14:52:39.632 10301 10790 D TheatreModeUtils: isSupportCinemaVisionWith3d: false, sSupport3DLUTV1:0
01-13 14:52:39.632 10301 10790 E TheatreModeUtils: supportTheatreModeFeature = false, pkg: 
01-13 14:52:39.632 10301 10790 I DisplayEffectUtils: isSupportVDS: true
01-13 14:52:39.632 10301 10790 I DisplayEffectUtils: setScreenEffect: 0
01-13 14:52:39.632  4686  6972 E ActivityManagerWrapper: getRecentTasksForceIncludingTaskIdIfValid: getRecentTasks: size=1
01-13 14:52:39.632  4686  6972 E ActivityManagerWrapper:  mainTaskId=798   userId=0   windowMode=1   isExcludedFromRecents=false   baseIntent=Intent { act=null flag=268435456 cmp=ComponentInfo{com.soundtherapyapp/com.soundtherapyapp.MainActivity} }
01-13 14:52:39.632  3278  6006 D DisplayFeatureManagerService: setScreenEffect displayId=0 mode=27 value=0 cookie=255 from pid=10301
01-13 14:52:39.632 10301 10786 D TheatreModeUtils: isSupportCinemaVisionWith3d: false, sSupport3DLUTV1:0
01-13 14:52:39.632 10301 10786 E TheatreModeUtils: supportTheatreModeFeature = false, pkg: 
01-13 14:52:39.632 10301 10786 I DisplayEffectUtils: isSupportVDS: true
01-13 14:52:39.632  4686  6972 D RecentsTaskLoader: reloadTasksData [TaskKey{id=798, stackId=0, baseIntent=Intent { flg=0x10000000 cmp=com.soundtherapyapp/.MainActivity }, userId=0, lastActiveTime=349607859, windowingMode=1, isThumbnailBlur=false, isAccessLocked=false, isScreening=false, topActivity=null, mHashCode=24696770}, title=SoundTherapyApp, titleDescription=SoundTherapyApp, bounds=null, isLaunchTarget=false, isStackTask=true, isSystemApp=false, isDockable=true, baseActivity=null, isLocked=false, mNeedHide=false, hasMultipleTasks=false, cti1Key=, cti2Key=] 
01-13 14:52:39.632 10301 10786 I DisplayEffectUtils: setScreenEffect: 0
01-13 14:52:39.632  1857  1857 D DisplayFeatureHal: setFeatureEnable displayId = 0, FeatureId=VIDEO_STATE modeId=0 cookie=255
01-13 14:52:39.632  1857  1857 D DisplayFeatureHal: setWCGState current wcg state 0, setting to 0
01-13 14:52:39.632  1857  1857 D DisplayFeatureHal: notifySFWcgState enable = 0
01-13 14:52:39.632  4686  6972 D TaskSnapshotCompatVV: getIsInvalidateFromTaskSnapshot, return, mTaskSnapshot=null, mTaskSnapshotClazz=null
01-13 14:52:39.632  1857  2442 D DisplayFeatureHal: HandleVideoMode enter 0
01-13 14:52:39.633  3278  6367 D DisplayFeatureManagerService: setScreenEffect displayId=0 mode=27 value=0 cookie=255 from pid=10301
01-13 14:52:39.633  1857  1857 D DisplayFeatureHal: setFeatureEnable displayId = 0, FeatureId=VIDEO_STATE modeId=0 cookie=255
01-13 14:52:39.633  1857  1857 D DisplayFeatureHal: setWCGState current wcg state 0, setting to 0
01-13 14:52:39.633  1857  1857 D DisplayFeatureHal: notifySFWcgState enable = 0
01-13 14:52:39.633  3278  4436 W ActivityManager: pid 3278 system sent binder code 31100 with flags 0 to frozen apps and got error -74
01-13 14:52:39.633  1828 12147 I MiStcImpl: Dispatching command: 3 PCC
01-13 14:52:39.633  3278  4436 W ActivityManager: pid 3278 system sent binder code 31100 with flags 0 to frozen apps and got error -74
01-13 14:52:39.633  1857  2442 D DisplayFeatureHal: HandleCabcModeCustom HandleCabcModeCustom enter 0 0
01-13 14:52:39.633  1857  2442 D DisplayFeatureHal: HandleCabcModeCustom HandleCabcModeCustom no cabc state changed
01-13 14:52:39.633  1857  2442 D DisplayFeatureHal: HandleVideoMode enter 0
01-13 14:52:39.633  3278  4436 W ActivityManager: pid 3278 system sent binder code 31101 with flags 0 to frozen apps and got error -74
01-13 14:52:39.633 29090  5248 E SystemUtils: appIsTopAndXSpace: package com.xiaomi.bluetooth, result false
01-13 14:52:39.633  1828 12147 I MiStcImpl: Dispatching command: 3 PCC
01-13 14:52:39.633  1857  2442 D DisplayFeatureHal: HandleCabcModeCustom HandleCabcModeCustom enter 0 0
01-13 14:52:39.633  1857  2442 D DisplayFeatureHal: HandleCabcModeCustom HandleCabcModeCustom no cabc state changed
01-13 14:52:39.634  3278  4436 W ActivityManager: pid 3278 system sent binder code 31101 with flags 0 to frozen apps and got error -74
01-13 14:52:39.653  3278  3416 D JavaheapMonitor: Java heap used=145M max=512M, proc: system_server
01-13 14:52:39.653  3278  3416 V JavaheapMonitor: Check java heap usage finished! Next check delay: 180000
01-13 14:52:39.681 10369  8903 I AiCrEngine_PERCEPTION_.ScreenPerception.updateDataForArguments$aicr_AI_foundation_release: updateDataForArguments atomic name = top_activity
01-13 14:52:39.681 10369 11243 I AiCrEngine_PERCEPTION_.ScreenContentRecognition.activityNameRecognition: ScreenPerception_debug 未识别特定activity！
01-13 14:52:39.681 10369 11316 I AiCrEngine_PERCEPTION_.ScreenPerception$updateDataForArguments$1$1.invokeSuspend: screenTypeValue null mining false
01-13 14:52:39.682 10369 11243 I AiCrEngine_PERCEPTION_.ScreenContentRecognition.packageNameRecognition: ScreenPerception_debug 未识别特定包名！
01-13 14:52:39.701  5321  5321 D DynamicIslandSafeguardsController: delayExitApp: com.xiaomi.bluetooth com.xiaomi.bluetooth count = 0
01-13 14:52:39.712 12372 12624 I HeavyPackageIdentify: splitMode: false, splitPackages: null, foregroundPkg: com.xiaomi.bluetooth
01-13 14:52:39.748  3278  4127 D PowerManagerService: [xiaomi_power]acquireWakeLockInternal: lock=89973638, flags=0x1, tag="NetworkStats", ws=null, uid=1000, pid=3278
01-13 14:52:39.752  3278  4127 D PowerManagerService: [xiaomi_power]releaseWakeLockInternal: lock=89973638 [NetworkStats], flags=0x0
01-13 14:52:39.891  1834  2081 E ANDR-PERF: ExtendedPerfBoost: trigger_rearm_timer() 179: setthermalbreak req empty boostparam=boost:0
01-13 14:52:39.996  3278  3419 D BroadcastQueue: Logging broadcast for com.xiaomi.xmsf, stopped=false, firstLaunch=false
01-13 14:52:39.997  3278  3419 D BroadcastQueue: Logging broadcast for com.xiaomi.xmsf, stopped=false, firstLaunch=false
01-13 14:52:39.997  3278  3419 D BroadcastQueue: Logging broadcast for com.xiaomi.xmsf, stopped=false, firstLaunch=false
01-13 14:52:39.998  3278  3419 D BroadcastQueue: Logging broadcast for com.xiaomi.xmsf, stopped=false, firstLaunch=false
01-13 14:52:39.998  3278  3419 D BroadcastQueue: Logging broadcast for com.xiaomi.xmsf, stopped=false, firstLaunch=false
01-13 14:52:39.999  3278  3419 D BroadcastQueue: Logging broadcast for com.xiaomi.xmsf, stopped=false, firstLaunch=false
01-13 14:52:39.999  3278  3419 D BroadcastQueue: Logging broadcast for com.xiaomi.xmsf, stopped=false, firstLaunch=false
01-13 14:52:40.000  2517  2627 E MiuiBooster: "Unkwnow sched policy:-1073741825!!!"
01-13 14:52:40.000  3278  3419 D BroadcastQueue: Logging broadcast for com.xiaomi.xmsf, stopped=false, firstLaunch=false
01-13 14:52:40.000  3278  3419 D BroadcastQueue: Logging broadcast for com.xiaomi.xmsf, stopped=false, firstLaunch=false
01-13 14:52:40.001  3278  3419 D BroadcastQueue: Logging broadcast for com.xiaomi.xmsf, stopped=false, firstLaunch=false
01-13 14:52:40.001  3278  3419 D BroadcastQueue: Logging broadcast for com.xiaomi.xmsf, stopped=false, firstLaunch=false
01-13 14:52:40.002  3278  3419 D BroadcastQueue: Logging broadcast for com.xiaomi.xmsf, stopped=false, firstLaunch=false
01-13 14:52:40.003  3278  3419 D BroadcastQueue: Logging broadcast for com.xiaomi.xmsf, stopped=false, firstLaunch=false
01-13 14:52:40.003  3278  3419 D BroadcastQueue: Logging broadcast for com.xiaomi.xmsf, stopped=false, firstLaunch=false
01-13 14:52:40.004  3278  3419 D BroadcastQueue: Logging broadcast for com.xiaomi.xmsf, stopped=false, firstLaunch=false
01-13 14:52:40.017  5271  6090 D SelfStudyController: handleMessage msg.what is 1010
01-13 14:52:40.049  1848  1930 E SLM-HAL-SladSocketClient: connect failed:-1, socket:6, error:No such file or directory
01-13 14:52:40.050  1848  1930 W vendor.qti.sla.service@2.0-service: PerfMonitor async binderTransact :  time=10010ms interface=vendor.qti.sla.service.ISlaAIDLService code=8
01-13 14:52:40.050  1848  1848 I SLM-HAL : setSLAUidList 10257,10285,10168,10374,10376,10377,10379,10382,10191,10089,
01-13 14:52:40.050  1848  1848 I SLM-HAL-SladSocketClient: createSocket
01-13 14:52:40.050  1848  1848 I SLM-HAL-SladSocketClient: connectServer /dev/socket/slad
01-13 14:52:40.051  5271  5650 D JavaheapMonitor: Java heap used=14M max=256M, proc: com.android.phone
01-13 14:52:40.051  5271  5650 V JavaheapMonitor: Check java heap usage finished! Next check delay: 300000
01-13 14:52:40.087  7247  7272 D QLM-Service: check_headroom_zone: Timer EVT, Temp: 38949
01-13 14:52:40.102 11745 20780 D JavaheapMonitor: Java heap used=11M max=256M, proc: com.xiaomi.mi_connect_service
01-13 14:52:40.102 11745 20780 V JavaheapMonitor: Check java heap usage finished! Next check delay: 300000
01-13 14:52:40.451  1834  2080 E PERFHAL-UTIL: PERFHAL-UTIL: change_node_val() 204: Failed to update node /proc/sys/walt/sched_per_task_boost with value 11439 0
01-13 14:52:40.451  1834  2080 E PERFHAL-OPTSHANDLER: PERFHAL-OPTSHANDLER: sched_reset_task_boost() 4076: can't reset task 11439
01-13 14:52:40.451  1834  2080 E PERFHAL-RESOURCEQS: PERFHAL-RESOURCEQS: RemoveAndApply() 392: Failed to reset optimization [3, 32]
01-13 14:52:40.490 24060 25813 D JavaheapMonitor: Java heap used=2M max=256M, proc: com.miui.thirdappassistant:persistent
01-13 14:52:40.490 24060 25813 V JavaheapMonitor: Check java heap usage finished! Next check delay: 300000
01-13 14:52:40.501  3278  4246 D GreezeManager: old mTopAppPackageName = com.soundtherapyapp real packagename = com.xiaomi.bluetooth
01-13 14:52:40.509  3278  4150 D NetworkMetricsTracker: handleMessage:4
01-13 14:52:40.516  5271  6061 D HighSpeedTrainModeController: msg.what = 10
01-13 14:52:40.516  3278  5601 W DexOptHelperImpl: Skip dexopt, ProcessRecord is null.
01-13 14:52:40.608 29090  6209 D JavaheapMonitor: Java heap used=6M max=256M, proc: com.xiaomi.mirror
01-13 14:52:40.608 29090  6209 V JavaheapMonitor: Check java heap usage finished! Next check delay: 300000
01-13 14:52:40.638  3278  4130 I MiuiNetworkPolicy: bandwidth: 0 KB/s, Max bandwidth: 970 KB/s
01-13 14:52:40.995 26763 26866 D JavaheapMonitor: Java heap used=6M max=256M, proc: com.xiaomi.xmsf:persistent
01-13 14:52:40.995 26763 26866 V JavaheapMonitor: Check java heap usage finished! Next check delay: 300000
01-13 14:52:41.016  3278  4130 D MiuiNetworkPolicy: updateLimit mLimitEnabled=false,enabled=true,mNetworkPriorityMode=1,mThermalForceMode=0
01-13 14:52:41.018  3278  4130 I MiuiNetworkPolicy: getEnableLimitTimeout when thermal mode is:0
01-13 14:52:41.047  1094 11717 I keystore2: system/security/keystore2/watchdog/src/lib.rs:377 - Watchdog thread idle -> terminating. Have a great day.
01-13 14:52:41.337  7406  7456 I SmartAppAssistant: TraceMatcher match ne problem packageName=com.soundtherapyapp problemName=NE_AppException
01-13 14:52:41.337  7406  7456 I SmartAppAssistant: MatcherManager match exception type: 2
01-13 14:52:41.338  8889  8910 I htmlviewercloudcontrol: isStagingEnv:false param =  taa_SwitchStatus  uriMatch = 2, cluster: cn, version: 649476, traceId: 3207d9982ba3ad88be5aad14ba11fab1, regId: 3y/5YAKKsG4DaTUEqYP8xrCGGdYjHRJxuJepRV34cHdbfLdNYsnawrrMuDZmuv5e
01-13 14:52:41.338  8889  8910 I htmlviewercloudcontrol: isStagingEnv:false param =  taa_atest  uriMatch = 2, cluster: cn, version: 649476, traceId: 3207d9982ba3ad88be5aad14ba11fab1, regId: 3y/5YAKKsG4DaTUEqYP8xrCGGdYjHRJxuJepRV34cHdbfLdNYsnawrrMuDZmuv5e
01-13 14:52:41.338  8889  8909 I htmlviewercloudcontrol: isStagingEnv:false param =  taa_btest  uriMatch = 2, cluster: cn, version: 649476, traceId: 3207d9982ba3ad88be5aad14ba11fab1, regId: 3y/5YAKKsG4DaTUEqYP8xrCGGdYjHRJxuJepRV34cHdbfLdNYsnawrrMuDZmuv5e
01-13 14:52:41.339  8889  9918 I htmlviewercloudcontrol: isStagingEnv:false param =  taa_ctest  uriMatch = 2, cluster: cn, version: 649476, traceId: 3207d9982ba3ad88be5aad14ba11fab1, regId: 3y/5YAKKsG4DaTUEqYP8xrCGGdYjHRJxuJepRV34cHdbfLdNYsnawrrMuDZmuv5e
01-13 14:52:41.339  7406  7456 D SmartAppAssistant: HistoryExceptionDatabaseHelper The same dgt already exists in the database.
01-13 14:52:41.339  7406  7456 I SmartAppAssistant: ExceptionRiskPolicy risk hit com.soundtherapyapp exception because of reason1
01-13 14:52:41.339 22881 23009 D IdProviderImpl: getOAID from com.miui.analytics
01-13 14:52:41.339  8889  8910 I htmlviewercloudcontrol: isStagingEnv:false param =  taa_atest  uriMatch = 2, cluster: cn, version: 649476, traceId: 3207d9982ba3ad88be5aad14ba11fab1, regId: 3y/5YAKKsG4DaTUEqYP8xrCGGdYjHRJxuJepRV34cHdbfLdNYsnawrrMuDZmuv5e
01-13 14:52:41.340  8889  8910 I htmlviewercloudcontrol: isStagingEnv:false param =  taa_btest  uriMatch = 2, cluster: cn, version: 649476, traceId: 3207d9982ba3ad88be5aad14ba11fab1, regId: 3y/5YAKKsG4DaTUEqYP8xrCGGdYjHRJxuJepRV34cHdbfLdNYsnawrrMuDZmuv5e
01-13 14:52:41.340  8889  8909 I htmlviewercloudcontrol: isStagingEnv:false param =  taa_ctest  uriMatch = 2, cluster: cn, version: 649476, traceId: 3207d9982ba3ad88be5aad14ba11fab1, regId: 3y/5YAKKsG4DaTUEqYP8xrCGGdYjHRJxuJepRV34cHdbfLdNYsnawrrMuDZmuv5e
01-13 14:52:41.340  7406  7456 I SmartAppAssistant: ExceptionManager com.soundtherapyapp(versionName:1.0, versionCode:1) exception has been ignored
01-13 14:52:41.341 22881 23009 D IdProviderImpl: getOAID from com.miui.analytics
01-13 14:52:41.343 22881 23009 D IdProviderImpl: getOAID from com.miui.analytics
01-13 14:52:41.354 20951 20985 D JavaheapMonitor: Java heap used=7M max=512M, proc: android.process.acore
01-13 14:52:41.354 20951 20985 V JavaheapMonitor: Check java heap usage finished! Next check delay: 300000
01-13 14:52:41.422  1692  1692 I zygote  : Delayed USAP Pool refill. New USAPs: 1
01-13 14:52:41.453  1692  1692 D Zygote  : Forked child process 12100
01-13 14:52:41.629 10211 12124 I AudioEffect: getParameter: param: 5, param2: -1
01-13 14:52:41.630  1963  4322 V EffectHandle: command(), cmdCode: 8, mHasControl: 1, mEffect: 0xb40000787d0dc2d0
01-13 14:52:41.630  1963  4322 V EffectModule: command, DAP_offload cmdCode: 8, mEffectInterface: 0xb4000077cd1867d0
01-13 14:52:41.631 10211 12124 D android.media.audiofx.presenter.QcomEffectPresenter: isSpatialAudioActive: false, from: com.miui.powerkeeper
01-13 14:52:41.631 10211 12124 D MiEffectUtils: support google spatializer, getSpatialStatus: false
01-13 14:52:41.632 10211 12124 I AudioEffect: getParameter: param: 5, param2: -1
01-13 14:52:41.633  1963  4322 V EffectHandle: command(), cmdCode: 8, mHasControl: 1, mEffect: 0xb40000787d0dc2d0
01-13 14:52:41.633  1963  4322 V EffectModule: command, DAP_offload cmdCode: 8, mEffectInterface: 0xb4000077cd1867d0
01-13 14:52:41.633 10211 12124 D android.media.audiofx.presenter.QcomEffectPresenter: isSpatialAudioActive: false, from: com.miui.powerkeeper
01-13 14:52:41.633 10211 12124 D MiEffectUtils: support google spatializer, getSpatialStatus: false
01-13 14:52:41.635 16169 16339 I AdapterProperties: getBondedDevices: length=3
01-13 14:52:41.635 16169 16339 D BtGatt.GattService: getDeviceType() - device=XX:XX:XX:XX:58:35, type=1
01-13 14:52:41.635 16169 16339 D BtGatt.GattService: getDeviceType() - device=XX:XX:XX:XX:10:F0, type=3
01-13 14:52:41.635 16169 16339 D BtGatt.GattService: getDeviceType() - device=XX:XX:XX:XX:F8:4B, type=2
01-13 14:52:41.635 16169 16339 I AdapterProperties: getBondedDevices: length=3
01-13 14:52:41.635 16169 16339 D BtGatt.GattService: getDeviceType() - device=XX:XX:XX:XX:58:35, type=1
01-13 14:52:41.635 16169 16339 D BtGatt.GattService: getDeviceType() - device=XX:XX:XX:XX:10:F0, type=3
01-13 14:52:41.635 16169 16339 D BtGatt.GattService: getDeviceType() - device=XX:XX:XX:XX:F8:4B, type=2
01-13 14:52:41.636 16169 16339 I AdapterProperties: getBondedDevices: length=3
01-13 14:52:41.636 16169 16339 D BtGatt.GattService: getDeviceType() - device=XX:XX:XX:XX:58:35, type=1
01-13 14:52:41.636 16169 16339 D BtGatt.GattService: getDeviceType() - device=XX:XX:XX:XX:10:F0, type=3
01-13 14:52:41.636 16169 16339 D BtGatt.GattService: getDeviceType() - device=XX:XX:XX:XX:F8:4B, type=2
01-13 14:52:41.687 12109 12109 W dumpsys : Thread Pool max thread count is 0. Cannot cache binder as linkToDeath cannot be implemented. serviceName: cpuinfo
01-13 14:52:41.690 10211 12124 I libc    : kill: send 15 to pid 12109
01-13 14:52:41.690 10211 12124 I libc    : debug pid reuse, real pid 12109
01-13 14:52:41.841  3278  4147 D InetDiagMessage: Destroyed 0 sockets, proto=IPPROTO_TCP, family=AF_INET, states=14
01-13 14:52:41.844  3278  4147 D InetDiagMessage: Destroyed 0 sockets, proto=IPPROTO_TCP, family=AF_INET6, states=14
01-13 14:52:41.844  3278  4147 D InetDiagMessage: Destroyed live tcp sockets for uids={10260} in 6ms
01-13 14:52:41.846  3278  4147 D InetDiagMessage: Destroyed 0 sockets, proto=IPPROTO_TCP, family=AF_INET, states=14
01-13 14:52:41.849  3278  4147 D InetDiagMessage: Destroyed 0 sockets, proto=IPPROTO_TCP, family=AF_INET6, states=14
01-13 14:52:41.849  3278  4147 D InetDiagMessage: Destroyed live tcp sockets for uids={20260} in 6ms
01-13 14:52:41.859  3278  4147 D InetDiagMessage: Destroyed 0 sockets, proto=IPPROTO_TCP, family=AF_INET, states=14
01-13 14:52:41.862  3278  4147 D InetDiagMessage: Destroyed 0 sockets, proto=IPPROTO_TCP, family=AF_INET6, states=14
01-13 14:52:41.862  3278  4147 D InetDiagMessage: Destroyed live tcp sockets for uids={10287} in 5ms
01-13 14:52:41.865  3278  4147 D InetDiagMessage: Destroyed 0 sockets, proto=IPPROTO_TCP, family=AF_INET, states=14
01-13 14:52:41.867  3278  4147 D InetDiagMessage: Destroyed 0 sockets, proto=IPPROTO_TCP, family=AF_INET6, states=14
01-13 14:52:41.868  3278  4147 D InetDiagMessage: Destroyed live tcp sockets for uids={20287} in 6ms
01-13 14:52:41.870  3278  4147 D InetDiagMessage: Destroyed 0 sockets, proto=IPPROTO_TCP, family=AF_INET, states=14
01-13 14:52:41.872  3278  4147 D InetDiagMessage: Destroyed 0 sockets, proto=IPPROTO_TCP, family=AF_INET6, states=14
01-13 14:52:41.872  3278  4147 D InetDiagMessage: Destroyed live tcp sockets for uids={10134} in 4ms
01-13 14:52:41.874  3278  4147 D InetDiagMessage: Destroyed 0 sockets, proto=IPPROTO_TCP, family=AF_INET, states=14
01-13 14:52:41.876  3278  4147 D InetDiagMessage: Destroyed 0 sockets, proto=IPPROTO_TCP, family=AF_INET6, states=14
01-13 14:52:41.877  3278  4147 D InetDiagMessage: Destroyed live tcp sockets for uids={20134} in 4ms
01-13 14:52:41.877  3278  4147 D InetDiagMessage: Destroyed 0 sockets, proto=IPPROTO_TCP, family=AF_INET, states=14
01-13 14:52:41.878  3278  4147 D InetDiagMessage: Destroyed 0 sockets, proto=IPPROTO_TCP, family=AF_INET6, states=14
01-13 14:52:41.878  3278  4147 D InetDiagMessage: Destroyed live tcp sockets for uids={10132} in 2ms
01-13 14:52:41.879  3278  4147 D InetDiagMessage: Destroyed 0 sockets, proto=IPPROTO_TCP, family=AF_INET, states=14
01-13 14:52:41.880  3278  4147 D InetDiagMessage: Destroyed 0 sockets, proto=IPPROTO_TCP, family=AF_INET6, states=14
01-13 14:52:41.880  3278  4147 D InetDiagMessage: Destroyed live tcp sockets for uids={20132} in 2ms
01-13 14:52:41.901  3278  4147 D InetDiagMessage: Destroyed 0 sockets, proto=IPPROTO_TCP, family=AF_INET, states=14
01-13 14:52:41.904  3278  4147 D InetDiagMessage: Destroyed 0 sockets, proto=IPPROTO_TCP, family=AF_INET6, states=14
01-13 14:52:41.904  3278  4147 D InetDiagMessage: Destroyed live tcp sockets for uids={10282} in 5ms
01-13 14:52:41.907  3278  4147 D InetDiagMessage: Destroyed 0 sockets, proto=IPPROTO_TCP, family=AF_INET, states=14
01-13 14:52:41.909  3278  4147 D InetDiagMessage: Destroyed 0 sockets, proto=IPPROTO_TCP, family=AF_INET6, states=14
01-13 14:52:41.909  3278  4147 D InetDiagMessage: Destroyed live tcp sockets for uids={20282} in 6ms
01-13 14:52:41.916  3278  4147 D InetDiagMessage: Destroyed 0 sockets, proto=IPPROTO_TCP, family=AF_INET, states=14
01-13 14:52:41.918  3278  4147 D InetDiagMessage: Destroyed 0 sockets, proto=IPPROTO_TCP, family=AF_INET6, states=14
01-13 14:52:41.918  3278  4147 D InetDiagMessage: Destroyed live tcp sockets for uids={10144} in 4ms
01-13 14:52:41.920  3278  4147 D InetDiagMessage: Destroyed 0 sockets, proto=IPPROTO_TCP, family=AF_INET, states=14
01-13 14:52:41.923  3278  4147 D InetDiagMessage: Destroyed 0 sockets, proto=IPPROTO_TCP, family=AF_INET6, states=14
01-13 14:52:41.923  3278  4147 D InetDiagMessage: Destroyed live tcp sockets for uids={20144} in 4ms
01-13 14:52:41.925  3278  4147 D InetDiagMessage: Destroyed 0 sockets, proto=IPPROTO_TCP, family=AF_INET, states=14
01-13 14:52:41.927  3278  4147 D InetDiagMessage: Destroyed 0 sockets, proto=IPPROTO_TCP, family=AF_INET6, states=14
01-13 14:52:41.927  3278  4147 D InetDiagMessage: Destroyed live tcp sockets for uids={10160} in 4ms
01-13 14:52:41.929  3278  4147 D InetDiagMessage: Destroyed 0 sockets, proto=IPPROTO_TCP, family=AF_INET, states=14
01-13 14:52:41.931  3278  4147 D InetDiagMessage: Destroyed 0 sockets, proto=IPPROTO_TCP, family=AF_INET6, states=14
01-13 14:52:41.931  3278  4147 D InetDiagMessage: Destroyed live tcp sockets for uids={20160} in 5ms
01-13 14:52:41.933  3278  4147 D InetDiagMessage: Destroyed 0 sockets, proto=IPPROTO_TCP, family=AF_INET, states=14
01-13 14:52:41.935  3278  4248 D GreezeManager: freezeBinder pid=20001 block=true state=-11
01-13 14:52:41.935  3278  4147 D InetDiagMessage: Destroyed 0 sockets, proto=IPPROTO_TCP, family=AF_INET6, states=14
01-13 14:52:41.935  3278  4147 D InetDiagMessage: Destroyed live tcp sockets for uids={10263} in 4ms
01-13 14:52:41.938  3278  4147 D InetDiagMessage: Destroyed 0 sockets, proto=IPPROTO_TCP, family=AF_INET, states=14
01-13 14:52:41.940  3278  4147 D InetDiagMessage: Destroyed 0 sockets, proto=IPPROTO_TCP, family=AF_INET6, states=14
01-13 14:52:41.940  3278  4147 D InetDiagMessage: Destroyed live tcp sockets for uids={20263} in 4ms
01-13 14:52:41.940  3278  4248 D GreezeManager: freezeBinder pid=8560 block=true state=-11
01-13 14:52:41.941  3278  4147 D InetDiagMessage: Destroyed 0 sockets, proto=IPPROTO_TCP, family=AF_INET, states=14
01-13 14:52:41.942  3278  4147 D InetDiagMessage: Destroyed 0 sockets, proto=IPPROTO_TCP, family=AF_INET6, states=14
01-13 14:52:41.942  3278  4147 D InetDiagMessage: Destroyed live tcp sockets for uids={10278} in 2ms
01-13 14:52:41.943  3278  4147 D InetDiagMessage: Destroyed 0 sockets, proto=IPPROTO_TCP, family=AF_INET, states=14
01-13 14:52:41.944  3278  4147 D InetDiagMessage: Destroyed 0 sockets, proto=IPPROTO_TCP, family=AF_INET6, states=14
01-13 14:52:41.944  3278  4147 D InetDiagMessage: Destroyed live tcp sockets for uids={20278} in 2ms
01-13 14:52:41.947  3278  4248 D GreezeManager: FZ uid = 10145 reason =check binder success !
01-13 14:52:41.947  3278  4248 I PowerManagerServiceImpl: Partial wakeLock:[PARTIAL_WAKE_LOCK                 'VFS:Maintenance' ACQ=-5s15ms (uid=10145 pid=20001 pkg=com.tencent.mm)], disabled: true, procState: 10, reason: greeze
01-13 14:52:41.947  3278  4248 D ActionExecute: frozen uid = 10145 reason=check binder
01-13 14:52:41.948  3278  4248 D ActionExecute: setPkgData uid = 10145 time=0
01-13 14:52:41.948  3278  4248 D ExternalInterface: setUidState, uid = 10145 allow = false
01-13 14:52:41.952  3278  6006 D GreezeManager: THAW uid = 10145 pid = [ 8560 20001 ]  reason : Check Binder caller : 1
01-13 14:52:41.952  3278  4246 D GreezeManager: iso uid:10145 p:{7886} :true
01-13 14:52:41.952  3278  6006 I PowerManagerServiceImpl: Partial wakeLock:[PARTIAL_WAKE_LOCK                 'VFS:Maintenance' DISABLED (uid=10145 pid=20001 pkg=com.tencent.mm)], disabled: false, procState: 10, reason: greeze
01-13 14:52:41.952  3278  6006 D ExternalInterface: setUidState, uid = 10145 allow = true
01-13 14:52:41.953  3278  4248 D ActionExecute: setPkgData uid = 10145 time=3000
01-13 14:52:41.953  3278  4246 D GreezeManager: iso uid:10145 p:{7886} :false
01-13 14:52:42.416  3278  9124 E TaskPersister: File error accessing recents directory (directory doesn't exist?).
01-13 14:52:42.516 10211 12124 I AudioEffect: getParameter: param: 5, param2: -1
01-13 14:52:42.516  1963  4322 V EffectHandle: command(), cmdCode: 8, mHasControl: 1, mEffect: 0xb40000787d0dc2d0
01-13 14:52:42.516  1963  4322 V EffectModule: command, DAP_offload cmdCode: 8, mEffectInterface: 0xb4000077cd1867d0
01-13 14:52:42.518 10211 12124 D android.media.audiofx.presenter.QcomEffectPresenter: isSpatialAudioActive: false, from: com.miui.powerkeeper
01-13 14:52:42.518 10211 12124 D MiEffectUtils: support google spatializer, getSpatialStatus: false
01-13 14:52:42.520 10211 12124 I AudioEffect: getParameter: param: 5, param2: -1
01-13 14:52:42.520  1963  4322 V EffectHandle: command(), cmdCode: 8, mHasControl: 1, mEffect: 0xb40000787d0dc2d0
01-13 14:52:42.520  1963  4322 V EffectModule: command, DAP_offload cmdCode: 8, mEffectInterface: 0xb4000077cd1867d0
01-13 14:52:42.521 10211 12124 D android.media.audiofx.presenter.QcomEffectPresenter: isSpatialAudioActive: false, from: com.miui.powerkeeper
01-13 14:52:42.521 10211 12124 D MiEffectUtils: support google spatializer, getSpatialStatus: false
01-13 14:52:42.523 16169 16339 I AdapterProperties: getBondedDevices: length=3
01-13 14:52:42.523 16169 16339 D BtGatt.GattService: getDeviceType() - device=XX:XX:XX:XX:58:35, type=1
01-13 14:52:42.523 16169 16339 D BtGatt.GattService: getDeviceType() - device=XX:XX:XX:XX:10:F0, type=3
01-13 14:52:42.523 16169 16339 D BtGatt.GattService: getDeviceType() - device=XX:XX:XX:XX:F8:4B, type=2
01-13 14:52:42.525 16169 16336 I AdapterProperties: getBondedDevices: length=3
01-13 14:52:42.525 16169 16336 D BtGatt.GattService: getDeviceType() - device=XX:XX:XX:XX:58:35, type=1
01-13 14:52:42.525 16169 16336 D BtGatt.GattService: getDeviceType() - device=XX:XX:XX:XX:10:F0, type=3
01-13 14:52:42.525 16169 16336 D BtGatt.GattService: getDeviceType() - device=XX:XX:XX:XX:F8:4B, type=2
01-13 14:52:42.525 16169 16336 I AdapterProperties: getBondedDevices: length=3
01-13 14:52:42.525 16169 16336 D BtGatt.GattService: getDeviceType() - device=XX:XX:XX:XX:58:35, type=1
01-13 14:52:42.525 16169 16336 D BtGatt.GattService: getDeviceType() - device=XX:XX:XX:XX:10:F0, type=3
01-13 14:52:42.525 16169 16336 D BtGatt.GattService: getDeviceType() - device=XX:XX:XX:XX:F8:4B, type=2
01-13 14:52:42.528  3278  4439 I SmartPower: com.xiaomi.market/10168(21761): background->idle(3001ms) R(content provider start ContentProviderRecord{ac1a67a u0 com.xiaomi.market/.provider.MarketProvider}) adj=0.
01-13 14:52:42.569 12144 12144 W dumpsys : Thread Pool max thread count is 0. Cannot cache binder as linkToDeath cannot be implemented. serviceName: cpuinfo
01-13 14:52:42.571 10211 12124 I libc    : kill: send 15 to pid 12144
01-13 14:52:42.571 10211 12124 I libc    : debug pid reuse, real pid 12144
01-13 14:52:42.748 17049 22447 D JavaheapMonitor: Java heap used=5M max=256M, proc: com.miui.core
01-13 14:52:42.748 17049 22447 V JavaheapMonitor: Check java heap usage finished! Next check delay: 300000
01-13 14:52:42.778  8856 22446 D JavaheapMonitor: Java heap used=4M max=256M, proc: com.android.updater
01-13 14:52:42.778  8856 22446 V JavaheapMonitor: Check java heap usage finished! Next check delay: 300000
01-13 14:52:43.068  5321  5321 D ControlCenterHeaderExpandController: onExpansionChanged: progress =  0.0
01-13 14:52:43.068  5321  5321 D ControlCenterHeaderExpandController: onExpansionChanged: progress =  0.0
01-13 14:52:43.068  5321  5321 D ControlCenterHeaderExpandController: onExpansionChanged: progress =  0.0
01-13 14:52:43.069  5321  5321 E VRI[NotificationShade]: performDraw: Not drawing due to screen off
01-13 14:52:43.070  5321  5321 E VRI[StatusBar]: performDraw: Not drawing due to screen off
01-13 14:52:43.071  5321  5321 E VRI[StatusBar1]: performDraw: Not drawing due to screen off
01-13 14:52:43.082  5321  5321 D ControlCenterHeaderExpandController: onExpansionChanged: progress =  0.0
01-13 14:52:43.082  5321  5321 E VRI[NotificationShade]: performDraw: Not drawing due to screen off
01-13 14:52:43.639  3278  4130 I MiuiNetworkPolicy: bandwidth: 0 KB/s, Max bandwidth: 970 KB/s
01-13 14:52:43.926 10301 11710 D JavaheapMonitor: Java heap used=15M max=256M, proc: com.miui.securitycenter.remote
01-13 14:52:43.927 10301 11710 V JavaheapMonitor: Check java heap usage finished! Next check delay: 300000
01-13 14:52:44.464 21673 21673 I adbd    : in ShellService: pidof com.soundtherapyapp
01-13 14:52:44.506 18289 12084 I AICall_MemoryTrim$a: Timer-404 trimMemory on background
01-13 14:52:44.507 18289 18289 W WindowManager: SF-TrimMemory: run trimMemory, level: 80
01-13 14:52:44.507 18289 18289 I AICall_x0: main invoke : null|80
01-13 14:52:44.529 21673 21673 I adbd    : in ShellService: export ANDROID_LOG_TAGS=''; exec logcat '-d' '-t' '2500'
01-13 14:52:44.548  3278  6367 I ActivityManager: unbindService com.android.server.am.ActiveServices@7c5d1b1 conn=android.os.BinderProxy@bc5b7c4 callingPid=3999
01-13 14:52:44.550  1841  1841 I vendor.qti.hardware.servicetrackeraidl-service: unbindService is called for service : com.miui.analytics/.onetrack.OneTrackService and for client com.xiaomi.bluetooth:ui
01-13 14:52:44.550  1841  1841 I vendor.qti.hardware.servicetrackeraidl-service: size of service connections for service: com.miui.analytics/.onetrack.OneTrackServiceafter removal is 23
01-13 14:52:44.550  1841  1841 I vendor.qti.hardware.servicetrackeraidl-service: size of client connections for client: com.xiaomi.bluetooth:uiafter removal is 1
01-13 14:52:44.552  3278  6367 W ProcessStats: Tracking association SourceState{b0939ae com.xiaomi.bluetooth:ui/1002 Top #235829} whose proc state 1 is better than process ProcessState{4fe1eab com.miui.securitycenter.remote/1000 pkg=com.miui.securitycenter} proc state 3 (122 skipped)
