01-13 14:40:32.931  3278  3379 I NetworkBoostStatusManager: onUidGone uid: 10405
01-13 14:40:32.931  1819  1927 I ANDR-PWR-OPT: GAMEPOWEROPT: sendEvents() 231: Start hint for app com.soundtherapyapp, hintID : 4243, hintID hex : 1093 value: 0
01-13 14:40:32.932  3278 11065 D PerfMTKStubImpl: perfLockAcquire
01-13 14:40:32.932  3278 11065 D PerfStubImpl: perfWarmLaunchBoost: com.xiaomi.bluetooth, -1, 1
01-13 14:40:32.932  3278  4147 D InetDiagMessage: Destroyed 0 sockets, proto=IPPROTO_TCP, family=AF_INET, states=14
01-13 14:40:32.932  3278 11065 D WindowManager: Collecting in transition 2519: ActivityRecord{208687759 u0 com.xiaomi.bluetooth/com.android.bluetooth.ble.app.fastconnect.MiuiFastConnectActivity t782} init visibleRequested:false
01-13 14:40:32.932  3278 11065 D BarFollowAnimation: onTaskInfoChanedForCaptionBar Task{c15f925 #782 type=standard A=1002:com.xiaomi.bluetooth} shouldbeVisible:true isVisible:false isOnTop:true windowMode:1 preDisplayId:-1 displayId:0 mCaptionAssociatedTask:null mIsTouchedInCaption:false
01-13 14:40:32.932  3278 11065 D WindowManager: Collecting in transition 2519: ActivityRecord{208687759 u0 com.xiaomi.bluetooth/com.android.bluetooth.ble.app.fastconnect.MiuiFastConnectActivity t782} init visibleRequested:true
01-13 14:40:32.933  3999  3999 D VRI[MiuiFastConnectActivity]: visibilityChanged oldVisibility=false newVisibility=true
01-13 14:40:32.933  3278  6352 I SLM-SRV-SLSAppLib: SLM_Ai_Mode EVENT_CHECK_GMAE_AI_MODE_STATUS
01-13 14:40:32.933  3278  6352 I SLM-SRV-SLSAppLib: SLM_Ai_Mode checkGameAiModeStatus mGameAiModeCloudControl:true mLinkTurboAiModeSwitch:false mGameAiModeInterfaceReady:false mGameStartBattle:false powerMgrGameUid:0
01-13 14:40:32.933  3278 11065 I WindowManager: Intercept rotation change because interrupt Animation
01-13 14:40:32.933  3278 11065 I WindowManager: Intercept rotation change because interrupt Animation
01-13 14:40:32.933 21761  9615 I Market-LimitSpeedManager: startLimitSpeedNow() ====== speed = 32768
01-13 14:40:32.933  3278 11065 D BarFollowAnimation: onTaskInfoChanedForCaptionBar Task{c15f925 #782 type=standard A=1002:com.xiaomi.bluetooth} shouldbeVisible:true isVisible:false isOnTop:true windowMode:1 preDisplayId:-1 displayId:0 mCaptionAssociatedTask:null mIsTouchedInCaption:false
01-13 14:40:32.933  3278  4147 D InetDiagMessage: Destroyed 0 sockets, proto=IPPROTO_TCP, family=AF_INET6, states=14
01-13 14:40:32.933  3278  4147 D InetDiagMessage: Destroyed live tcp sockets for uids={10405} in 3ms
01-13 14:40:32.933  1819  1927 I ANDR-PWR-OPT: PowerAppClassifier: getAppType() 59: checking app [com.soundtherapyapp] is type 1
01-13 14:40:32.933  1819  1927 I ANDR-PWR-OPT: GAMEPOWEROPT: isGame() 348: com.soundtherapyapp is Game = 1
01-13 14:40:32.933  3278 11065 I ATMSImpl: cacheTasksForDefaultDisplay size=2 topId=782
01-13 14:40:32.933  3278 11065 D Transition: setReady 2519 wc=Display{#0 state=OFF size=1440x3200 ROTATION_0} ready=true
01-13 14:40:32.933  3278 11065 D WindowManager: Set transition=TransitionRecord{aba79e2 id=2519 type=OPEN flags=0x0 c=[
01-13 14:40:32.933  3278 11065 D WindowManager:    ChangeInfo{a1ead48 container=Task{1b84ca9 #786 type=standard A=10405:com.soundtherapyapp} flags=0x0}
01-13 14:40:32.933  3278 11065 D WindowManager:    ChangeInfo{58be7e1 container=Display{#0 state=OFF size=1440x3200 ROTATION_0} flags=0x0}
01-13 14:40:32.933  3278 11065 D WindowManager:    ChangeInfo{63e7906 container=DefaultTaskDisplayArea@148137897 flags=0x0}
01-13 14:40:32.933  3278 11065 D WindowManager:    ChangeInfo{21d8bc7 container=ActivityRecord{156561779 u0 com.soundtherapyapp/.MainActivity t-1 f}} flags=0x0}
01-13 14:40:32.933  3278 11065 D WindowManager:    ChangeInfo{227cef2 container=Task{c15f925 #782 type=standard A=1002:com.xiaomi.bluetooth} flags=0x0}
01-13 14:40:32.933  3278 11065 D WindowManager:    ChangeInfo{d2d0943 container=ActivityRecord{208687759 u0 com.xiaomi.bluetooth/com.android.bluetooth.ble.app.fastconnect.MiuiFastConnectActivity t782} flags=0x0}
01-13 14:40:32.933  3278 11065 D WindowManager: ]
01-13 14:40:32.933  3278 11065 D WindowManager: }, ready=true, SyncId=2519 info=used=true, override=false, defer=0, states=Display{#0 state=OFF size=1440x3200 ROTATION_0}:true reason=com.android.server.wm.Transition.applyReady:1263 com.android.server.wm.Transition.setReady:1245 com.android.server.wm.TransitionController.setReady:1157 com.android.server.wm.TransitionController.setReady:1162 com.android.server.wm.DisplayContent.executeAppTransition:6208 com.android.server.wm.RootWindowContainer.executeAppTransitionForAllDisplay:2613 com.android.server.wm.ActivityRecord.completeResumeLocked:7196 com.android.server.wm.TaskFragment.resumeTopActivity:2013 
01-13 14:40:32.933  1819  1927 I ANDR-PWR-OPT: GAMEPOWEROPT: sendEvents() 231: Start hint for app com.xiaomi.bluetooth/com.android.bluetooth.ble.app.fastconnect.MiuiFastConnectActivity/36, hintID : 4099, hintID hex : 1003 value: -1
01-13 14:40:32.933  3278 11065 D ActivityTrigger: ActivityTrigger activityPauseTrigger 
01-13 14:40:32.934  1819  1927 I ANDR-PWR-OPT: PowerAppClassifier: getAppType() 59: checking app [com.xiaomi.bluetooth] is type 0
01-13 14:40:32.934  1819  1927 I ANDR-PWR-OPT: GAMEPOWEROPT: isGame() 348: com.xiaomi.bluetooth is Game = 0
01-13 14:40:32.934  3278 11065 D BarFollowAnimation: isAppBarAndVisibleCheck.....
01-13 14:40:32.934  3278 11065 D BarFollowAnimation: isAppTaskBarOnTop win:Window{fe5ca0e u0 NotificationShade} (mCurrentTopTask:Task{c15f925 #782 type=standard A=1002:com.xiaomi.bluetooth} : true); (mAssociatedTask:null : false); (mHomeTask:Task{68ecabd #1 type=home} : true); mReparentToOriginParent:true mLastAppBarVisible:true mLastHomeBarVisible:false
01-13 14:40:32.934  3278 11065 D MiuiRefreshRatePolicy: reset
01-13 14:40:32.934  1819  1927 I ANDR-PWR-OPT: GAMEPOWEROPT: sendEvents() 231: Start hint for app com.xiaomi.bluetooth/com.android.bluetooth.ble.app.fastconnect.MiuiFastConnectActivity/36, hintID : 4100, hintID hex : 1004 value: -1
01-13 14:40:32.934  1819  1927 I ANDR-PWR-OPT: PowerAppClassifier: getAppType() 59: checking app [com.xiaomi.bluetooth] is type 0
01-13 14:40:32.934  1819  1927 I ANDR-PWR-OPT: GAMEPOWEROPT: isGame() 348: com.xiaomi.bluetooth is Game = 0
01-13 14:40:32.934  3278  4147 D InetDiagMessage: Destroyed 0 sockets, proto=IPPROTO_TCP, family=AF_INET, states=14
01-13 14:40:32.934  3278 11065 I AnimInterruptController: FIS reset Foresee interrupt status
01-13 14:40:32.934  3278 11065 D miuiBarFollowAnimation:  BarFollowAnimation core services Flag is effective！
01-13 14:40:32.934  3278 11065 D miuiElementAnimation:  ElementAnimation core services Flag is effective！
01-13 14:40:32.934  3278 11065 I Transition: calculateTargets isHomeOpen = false, isHomeLaunchApp = false
01-13 14:40:32.934  3278 11065 D WindowManager: Final targets: []
01-13 14:40:32.934  3278 11065 D WindowManager: Calling onTransitionReady info={id=2519 t=OPEN f=0x40 trk=0 r=[] c=[] mk=[false] noAni=[false] df=[false] rsa=[false] oa=[true] nc=[0] ho=[false] hla=[false] iSync=[-1]}, mToken=Token{1d18bc0 TransitionRecord{aba79e2 id=2519 type=OPEN flags=0x40 c=[
01-13 14:40:32.934  3278 11065 D WindowManager:    ChangeInfo{a1ead48 container=Task{1b84ca9 #786 type=standard A=10405:com.soundtherapyapp} flags=0x0}
01-13 14:40:32.934  3278 11065 D WindowManager:    ChangeInfo{58be7e1 container=Display{#0 state=OFF size=1440x3200 ROTATION_0} flags=0x0}
01-13 14:40:32.934  3278 11065 D WindowManager:    ChangeInfo{63e7906 container=DefaultTaskDisplayArea@148137897 flags=0x0}
01-13 14:40:32.934  3278 11065 D WindowManager:    ChangeInfo{21d8bc7 container=ActivityRecord{156561779 u0 com.soundtherapyapp/.MainActivity t-1 f}} flags=0x0}
01-13 14:40:32.934  3278 11065 D WindowManager:    ChangeInfo{227cef2 container=Task{c15f925 #782 type=standard A=1002:com.xiaomi.bluetooth} flags=0x20}
01-13 14:40:32.934  3278 11065 D WindowManager:    ChangeInfo{d2d0943 container=ActivityRecord{208687759 u0 com.xiaomi.bluetooth/com.android.bluetooth.ble.app.fastconnect.MiuiFastConnectActivity t782} flags=0x0}
01-13 14:40:32.934  3278 11065 D WindowManager: ]
01-13 14:40:32.934  3278 11065 D WindowManager: }}
01-13 14:40:32.934  5321  5646 I MultiTaskingTaskInfo: MultiTaskingBaseTaskInfo::update::mTaskBounds = Rect(0, 0 - 1440, 3200), mTaskId = 782
01-13 14:40:32.935  5321  5646 D MultiTaskingTransitionsHelper: skip updateBaseAnimParam taskId: 782 pendingTransitions: [android.os.BinderProxy@c8930ac] readyDuringSync: [] tracks: [Track #0 readyTransitions: []Track #1 readyTransitions: []Track #2 readyTransitions: []]
01-13 14:40:32.935  5321  5646 I MultiTaskingTaskRepository: onTaskInfoChanged::taskId = 782, windowingMode = 1, mMultiWindowTaskIdsInZOrder = [5, 4], mFullscreenTaskIdsInZOrder = [782], mFreeformTaskIdsInZOrder = [], mTasks: 782, 8, 7, 6, 5, 4, 3, 1, 
01-13 14:40:32.935  5321  5704 I MultiTaskingTaskInfo: getCoverLayerController:: null, com.android.wm.shell.multitasking.common.taskmanager.MultiTaskingTaskInfo.lambda$updateCoverLayerController$2:1 com.android.wm.shell.multitasking.common.taskmanager.MultiTaskingTaskInfo.$r8$lambda$-YpCdQQtg0ANF5ZGkXQR8pi1iBs:1 
01-13 14:40:32.935  5321  5646 I ShellTransitions: onAbort: transition: android.os.BinderProxy@c8930ac
01-13 14:40:32.935  5321  5646 D SoScUtils: monitorTransitionFinished transition:android.os.BinderProxy@c8930ac transaction: null mRequestCloseTransition:null mRequestOpenTransition:null mPairsOpenTransition:null mPairsOpenTransitionNull:null mRequestOpenTriggerTask:-1 mRequestCloseTriggerTask:-1 mOrientationTransition: null mPendingChange:null mMainStartingTask:-1 mSideStartingTask:-1
01-13 14:40:32.935  3278  4257 D EventReceiver: foregroundChange uid  uid=1002 pkg=com.xiaomi.bluetooth
01-13 14:40:32.935  5321  5646 I MultiTaskingTaskRepository: try to update multiTaskingTaskInfo taskInfo taskId = 782
01-13 14:40:32.935  5321  5646 I MultiTaskingTaskInfo: MultiTaskingBaseTaskInfo::update::mTaskBounds = Rect(0, 0 - 1440, 3200), mTaskId = 782
01-13 14:40:32.936 10082 10219 D DMS_LimitSpeedService: limit speed(32.00KB/s) success 
01-13 14:40:32.936  5321  5646 D MultiTaskingAnimTarget: setAnimParam bounds: Rect(0, 0 - 1440, 3200) scaleX: 1.0 scaleY: 1.0
01-13 14:40:32.936  5321  5646 D MultiTaskingAnimTarget: java.lang.Throwable
01-13 14:40:32.936  5321  5646 D MultiTaskingAnimTarget: 	at com.android.wm.shell.multitasking.common.animation.MultiTaskingAnimTarget.setAnimParam(go/retraceme 65eef0675bf913bce2829215cbd88892b79173b491c3585387d9f76f49700d33:35)
01-13 14:40:32.936  5321  5646 D MultiTaskingAnimTarget: 	at com.android.wm.shell.multitasking.common.animation.MultiTaskingFolmeControl.updateBaseAnimParam(go/retraceme 65eef0675bf913bce2829215cbd88892b79173b491c3585387d9f76f49700d33:15)
01-13 14:40:32.936  5321  5646 D MultiTaskingAnimTarget: 	at com.android.wm.shell.multitasking.common.taskmanager.MultiTaskingTaskInfo.update(go/retraceme 65eef0675bf913bce2829215cbd88892b79173b491c3585387d9f76f49700d33:23)
01-13 14:40:32.936  5321  5646 D MultiTaskingAnimTarget: 	at com.android.wm.shell.multitasking.common.taskmanager.MultiTaskingTaskRepository.updateAllPendingBaseAnimParam(go/retraceme 65eef0675bf913bce2829215cbd88892b79173b491c3585387d9f76f49700d33:60)
01-13 14:40:32.936  5321  5646 D MultiTaskingAnimTarget: 	at com.android.wm.shell.multitasking.common.taskmanager.MultiTaskingTransitionObserver.onTransitionFinished(go/retraceme 65eef0675bf913bce2829215cbd88892b79173b491c3585387d9f76f49700d33:27)
01-13 14:40:32.936  5321  5646 D MultiTaskingAnimTarget: 	at com.android.wm.shell.transition.Transitions.onFinish(go/retraceme 65eef0675bf913bce2829215cbd88892b79173b491c3585387d9f76f49700d33:170)
01-13 14:40:32.936  5321  5646 D MultiTaskingAnimTarget: 	at com.android.wm.shell.transition.Transitions.processReadyQueue(go/retraceme 65eef0675bf913bce2829215cbd88892b79173b491c3585387d9f76f49700d33:173)
01-13 14:40:32.936  5321  5646 D MultiTaskingAnimTarget: 	at com.android.wm.shell.transition.Transitions.onAbort(go/retraceme 65eef0675bf913bce2829215cbd88892b79173b491c3585387d9f76f49700d33:149)
01-13 14:40:32.936  5321  5646 D MultiTaskingAnimTarget: 	at com.android.wm.shell.transition.Transitions.dispatchReady(go/retraceme 65eef0675bf913bce2829215cbd88892b79173b491c3585387d9f76f49700d33:287)
01-13 14:40:32.936  5321  5646 D MultiTaskingAnimTarget: 	at com.android.wm.shell.transition.Transitions.onTransitionReady(go/retraceme 65eef0675bf913bce2829215cbd88892b79173b491c3585387d9f76f49700d33:246)
01-13 14:40:32.936  5321  5646 D MultiTaskingAnimTarget: 	at com.android.wm.shell.transition.Transitions$TransitionPlayerImpl$$ExternalSyntheticLambda1.run(go/retraceme 65eef0675bf913bce2829215cbd88892b79173b491c3585387d9f76f49700d33:42)
01-13 14:40:32.936  5321  5646 D MultiTaskingAnimTarget: 	at android.os.Handler.handleCallback(Handler.java:995)
01-13 14:40:32.936  5321  5646 D MultiTaskingAnimTarget: 	at android.os.Handler.dispatchMessage(Handler.java:103)
01-13 14:40:32.936  5321  5646 D MultiTaskingAnimTarget: 	at android.os.Looper.loopOnce(Looper.java:267)
01-13 14:40:32.936  5321  5646 D MultiTaskingAnimTarget: 	at android.os.Looper.loop(Looper.java:360)
01-13 14:40:32.936  5321  5646 D MultiTaskingAnimTarget: 	at android.os.HandlerThread.run(HandlerThread.java:85)
01-13 14:40:32.936  5321  5646 D MultiTaskingFolmeControl: updateBaseAnimParam taskId = 782 taskBounds : Rect(0, 0 - 1440, 3200)
01-13 14:40:32.936  5321  5646 D MultiTaskingTransitionObserver: onTransitionFinished::mRunningTransitions = 0 mRemoteOpenFreeformTransitions = []
01-13 14:40:32.936  5321  5646 D SoScUtils: monitorTransitionFinished transition:android.os.BinderProxy@c8930ac transaction: android.view.SurfaceControl$Transaction@4aee944 mRequestCloseTransition:null mRequestOpenTransition:null mPairsOpenTransition:null mPairsOpenTransitionNull:null mRequestOpenTriggerTask:-1 mRequestCloseTriggerTask:-1 mOrientationTransition: null mPendingChange:null mMainStartingTask:-1 mSideStartingTask:-1
01-13 14:40:32.936 18289 18331 I AICall_MemoryTrim: binder:18289_2 onAppBackground()
01-13 14:40:32.936  3278  4257 D BluetoothAdapter: getActiveDevices(A2DP)
01-13 14:40:32.936  3278 11065 I TransitionImpl: finishTransition: updateLastSurfacePosition tf=Task{1b84ca9 #786 type=standard A=10405:com.soundtherapyapp}
01-13 14:40:32.936  3278 11065 I TransitionImpl: finishTransition: updateLastSurfacePosition tf=Task{c15f925 #782 type=standard A=1002:com.xiaomi.bluetooth}
01-13 14:40:32.936  3278 11065 D SystemPerformanceHinter: endSession#HighPerfSession-d0-Transition
01-13 14:40:32.936  2033  2093 W VsyncModulator: setTransactionSchedule: Unexpected EarlyEnd
01-13 14:40:32.936  3278 11065 I TransitionImpl: finishTransitionEnd, default display onTransitionFinished
01-13 14:40:32.937 10211 10281 D PerfEngineController: ForegroundInfo{mForegroundPackageName='com.xiaomi.bluetooth', mForegroundUid=1002, mForegroundPid=3999, mForegroundDisplayId=0, mLastForegroundPackageName='com.soundtherapyapp', mLastForegroundUid=10405, mLastForegroundPid=8264, mLastForegroundDisplayId=0, mMultiWindowForegroundPackageName='com.xiaomi.bluetooth', mMultiWindowForegroundUid=1002, mFlags=0}
01-13 14:40:32.937 10211 19909 D PowerKeeper.Audio: onForegroundInfoChanged mSubScreenUid=-1
01-13 14:40:32.937  3278  4605 D BarFollowAnimation: checkBarStatus mReparentToOriginParent:true hasTopFullAppTask:true mHomeTask:Task{68ecabd #1 type=home} mCurrentTopTask: Task{c15f925 #782 type=standard A=1002:com.xiaomi.bluetooth} mAssociatedTask: null homeTaskonTop:false mLastAppBarVisible:true mLastHomeBarVisible:false isInSplitScreen:false
01-13 14:40:32.937  3278  4605 D BarFollowAnimation:  showAppNavBar  packageName = com.android.systemui mHasHideAppSurface = false mIsKeyguardGoingAway = false mNavBarState = -1
01-13 14:40:32.937  3278  4605 D BarFollowAnimation:  navBarVisible source = InsetsSource: {b6cd0001 mType=navigationBars mFrame=[0,3140][1440,3200] mVisible=false mFlags=SUPPRESS_SCRIM mSideHint=BOTTOM mBoundingRects=null}
01-13 14:40:32.937  3278  3417 D ATMSImpl: Begin to report package foreground events...
01-13 14:40:32.937  3278  4441 I DisplayModeDirectorImpl: SmartDisplayPolicyEnd
01-13 14:40:32.937  2033  2093 D MI-SF   : updateScene: module = 268 (Animation), value = 0, pkg = perf_interaction, Vrr = 1, mSetTpIdleFlag = 0
01-13 14:40:32.937  2033  2093 D MI-SF   : updateScene mSetAnimationFlag status 0, vsync 60
01-13 14:40:32.937  5321  5704 I MultiTaskingTaskInfo: getCoverLayerController:: null, com.android.wm.shell.multitasking.common.taskmanager.MultiTaskingTaskInfo.lambda$updateCoverLayerController$2:1 com.android.wm.shell.multitasking.common.taskmanager.MultiTaskingTaskInfo.$r8$lambda$-YpCdQQtg0ANF5ZGkXQR8pi1iBs:1 
01-13 14:40:32.937  5321  5646 I RemoteTransitionHandlerStubImpl: invokeAndRemoveWctCB transition is null, curWctCB: null
01-13 14:40:32.938  3999  8859 D AppScoutStateMachine: 3999-ScoutStateMachinecreated
01-13 14:40:32.938  3278  4445 I AnimationScenario: Big data animation scenario state changed to: false, type is 524
01-13 14:40:32.938  3278  4130 I MiuiNetworkPolicy: updateUidState uid = 10163, uidState = 3
01-13 14:40:32.938  3278  4130 I MiuiNetworkPolicy: updateUidState uid = 10146, uidState = 3
01-13 14:40:32.939  3278  4147 D InetDiagMessage: Destroyed 0 sockets, proto=IPPROTO_TCP, family=AF_INET6, states=14
01-13 14:40:32.939  3278  4147 D InetDiagMessage: Destroyed live tcp sockets for uids={20405} in 5ms
01-13 14:40:32.939  3278  4130 I MiuiNetworkPolicy: updateUidState uid = 10161, uidState = 6
01-13 14:40:32.939  3278  4130 I MiuiNetworkPolicy: updateUidState uid = 10142, uidState = 6
01-13 14:40:32.939  3278  4130 I MiuiNetworkPolicy: updateUidState uid = 10136, uidState = 6
01-13 14:40:32.939  3278  4130 I MiuiNetworkPolicy: updateUidState uid = 10135, uidState = 6
01-13 14:40:32.940 16169 16692 I BluetoothAdapterService: getActiveDevices: A2dp device: null
01-13 14:40:32.940  4686  7958 D EventBus: No subscribers registered for event class com.miui.home.recents.messages.RecentTasksChangedEvent
01-13 14:40:32.940  4686  7958 D EventBus: No subscribers registered for event class org.greenrobot.eventbus.NoSubscriberEvent
01-13 14:40:32.940  3278  4130 I MiuiNetworkPolicy: updateUidState uid = 10161, uidState = 5
01-13 14:40:32.940  3278  4130 I MiuiNetworkPolicy: updateUidState uid = 10142, uidState = 5
01-13 14:40:32.940  3278  4130 I MiuiNetworkPolicy: updateUidState uid = 10136, uidState = 5
01-13 14:40:32.940  3278  4130 I MiuiNetworkPolicy: updateUidState uid = 10135, uidState = 5
01-13 14:40:32.940  4686  6972 E ActivityManagerWrapper: get all recent tasks force including -1 userId =0
01-13 14:40:32.940  3278  4257 D BluetoothAdapter: getActiveDevices(HEADSET)
01-13 14:40:32.941 16169 16692 I BluetoothAdapterService: getActiveDevices: CallAudio device: null
01-13 14:40:32.941  3278  4257 D BluetoothAdapter: getActiveDevices(LE_AUDIO)
01-13 14:40:32.941 21761  9615 I Market-DownloadLimitSpeedManager: startLimitSpeed success. Total count 1
01-13 14:40:32.941 21761  9615 I Market-RetrofitRequest: HeaderInterceptor : https://updateinfo.market.xiaomi.com/apm/updateinfo/v2
01-13 14:40:32.942  5321  5321 D ShadeDarkIconDispatcher: current token StatusBarToken(displayId=0, statusBarIndex=0, rawDisplayId=0)
01-13 14:40:32.942  5321  5321 D ShadeDarkIconDispatcher: receiver delegate onDarkChanged
01-13 14:40:32.942  3278  3403 I DisplayModeDirectorImpl: updateRefreshRateResultIfNeeded after:baseModeId=1 allowGroupSwitching=false primary=physical: (0.0 Infinity) render:  (0.0 120.0) appRequest=physical: (0.0 Infinity) render:  (0.0 120.0) idleScreenRefreshRateConfig=null mNormalModeSkipOveride: false
01-13 14:40:32.942 16169 16342 I BluetoothAdapterService: getActiveDevices: LeAudio devices: Lead[null] - member_1[null]
01-13 14:40:32.943  1963  7984 D AudioFlingerImpl: setGameParameters keyvalue: bluetoothlowlatencystatus=false;foregroundUid=1002
01-13 14:40:32.943  5321  5321 D ShadeDarkIconDispatcher: receiver delegate onDarkChangedWithContrast
01-13 14:40:32.943  5321  5321 D ShadeDarkIconDispatcher: receiver delegate onLightDarkTintChanged
01-13 14:40:32.943  1963  7984 D DeviceHalAidl: [default] setParameters: parameters: "bluetoothlowlatencystatus=false;foregroundUid=1002"
01-13 14:40:32.943  1816 21305 I AHAL_ModulePrimary_MI: setVendorParameters: parameter count 2, async: 0
01-13 14:40:32.943  1816 21305 D AHAL_ModulePrimary_MI: setVendorParameters parameters id = bluetoothlowlatencystatus val false
01-13 14:40:32.943  1816 21305 D AHAL_ModulePrimary_MI: setVendorParameters parameters id = foregroundUid val 1002
01-13 14:40:32.943  1816 21305 D AHAL_ModulePrimary_MI: setVendorParameters: enter miam_setParameters_v2 ret = -2
01-13 14:40:32.943  1816 21305 D AHAL_ModulePrimary_QTI: setVendorParameters: parameter count 2, async: 0
01-13 14:40:32.943  1816 21305 D AHAL_HFP_QTI: hfp_set_parameters enter
01-13 14:40:32.943  1816 21305 D AHAL_HFP_QTI: hfp_set_parameters Exit
01-13 14:40:32.943  1816 21305 D AHAL_HFP_QTI: hfp_set_parameters enter
01-13 14:40:32.943  1816 21305 D AHAL_HFP_QTI: hfp_set_parameters Exit
01-13 14:40:32.943  3278  4130 I MiuiNetworkPolicy: updateUidState uid = 10163, uidState = 4
01-13 14:40:32.943  1963  7984 D DeviceHalAidl: [usb] setParameters: parameters: "bluetoothlowlatencystatus=false;foregroundUid=1002"
01-13 14:40:32.943  3278  4130 I MiuiNetworkPolicy: updateUidState uid = 10146, uidState = 4
01-13 14:40:32.944  1963  7984 E ConversionHelperAidl: Function: parseAndSetVendorParameters Line: 94 Failed 
01-13 14:40:32.944  1963  7984 D DeviceHalAidl: [r_submix] setParameters: parameters: "bluetoothlowlatencystatus=false;foregroundUid=1002"
01-13 14:40:32.944  1816 21305 D AHAL_ModuleRemoteSubmix: setVendorParameters: parameter count 2, async: 0
01-13 14:40:32.944  1816 21305 D AHAL_ModuleRemoteSubmix: setVendorParameters parameters id = bluetoothlowlatencystatus val false
01-13 14:40:32.944  1816 21305 D AHAL_ModuleRemoteSubmix: setVendorParameters parameters id = foregroundUid val 1002
01-13 14:40:32.944  1963  7984 E ConversionHelperAidl: Function: parseAndSetVendorParameters Line: 94 Failed 
01-13 14:40:32.944  1963  7984 D DeviceHalAidl: [bluetooth] setParameters: parameters: "bluetoothlowlatencystatus=false;foregroundUid=1002"
01-13 14:40:32.944  1963  7984 E ConversionHelperAidl: Function: parseAndSetVendorParameters Line: 94 Failed 
01-13 14:40:32.944  3278  4257 I AudioGameEffect: foreground change to com.xiaomi.bluetooth, last foreground is com.soundtherapyapp
01-13 14:40:32.944  3278  4257 I AudioGameEffect: get enable packages from setting: null
01-13 14:40:32.944  3278  4257 I AudioGameEffect: get enable packages from setting: null
01-13 14:40:32.944 29090 11746 D RelayAppLocalHelper: onForegroundInfoChanged: ForegroundInfo{mForegroundPackageName='com.xiaomi.bluetooth', mForegroundUid=1002, mForegroundPid=3999, mForegroundDisplayId=0, mLastForegroundPackageName='com.soundtherapyapp', mLastForegroundUid=10405, mLastForegroundPid=8264, mLastForegroundDisplayId=0, mMultiWindowForegroundPackageName='com.xiaomi.bluetooth', mMultiWindowForegroundUid=1002, mFlags=0}
01-13 14:40:32.944 10301 10787 D L0      : myUserId = 0	currentUserId0
01-13 14:40:32.945 16169 16342 D BluetoothLatencyMode: ForegroundInfo{mForegroundPackageName='com.xiaomi.bluetooth', mForegroundUid=1002, mForegroundPid=3999, mForegroundDisplayId=0, mLastForegroundPackageName='com.soundtherapyapp', mLastForegroundUid=10405, mLastForegroundPid=8264, mLastForegroundDisplayId=0, mMultiWindowForegroundPackageName='com.xiaomi.bluetooth', mMultiWindowForegroundUid=1002, mFlags=0}
01-13 14:40:32.945  3278  6273 D AS.AudioService: mSupportFakeHfpApp{com.ss.android.ugc.aweme=0, com.microsoft.teams=0, com.baidu.BaiduMap=0, com.systec.umeeting=0, com.cisco.webex.meetings=0, com.tencent.mobileqq=0, com.skype.raider=0, com.instagram.android=0, com.ss.android.lark.kami=0, com.zhiliaoapp.musically=0, com.skype.rover=0, com.smile.gifmaker=0, com.ss.android.lark.saxmsa667=0, com.tencent.wemeet.app=0, com.mediatek.engineermode=0, com.ss.android.ugc.aweme.lite=0, com.alibaba.android.rimet=0, com.autonavi.minimap=0, com.whatsapp=0, com.immomo.momo=0, com.facebook.katana=0, com.taobao.idlefish=0, com.tencent.lolm=0, com.tencent.mf.uam=0, com.xingin.xhs=0, com.cisco.wx2.android=0, com.tencent.tmgp.sgame=0, com.tencent.tmgp.pubgmhd=0, com.ss.android.lark=0, im.yixin=0} packageName com.android.bluetooth appVersion 36 mSupportFakeHfpApp.get(packageName) null
01-13 14:40:32.945 16169 16342 D BluetoothLatencyMode: isWiredAudioHeadset.type: 1
01-13 14:40:32.945 16169 16342 D BluetoothLatencyMode: isWiredAudioHeadset.type: 2
01-13 14:40:32.945 16169 16342 D BluetoothLatencyMode: isWiredAudioHeadset.type: 18
01-13 14:40:32.945  3278  4257 I NetworkBoostStatusManager: onForegroundInfoChanged uid:1002, onLastForegroundInfoChanged uid:10405, isColdStart:false, mIgnoreUid:-1
01-13 14:40:32.945 16169 16342 D BluetoothLatencyMode: isWiredAudioHeadset.type: 14
01-13 14:40:32.945  3278  4257 I SLM-SRV-SLAToast: foreground uid:1002, isColdStart:false, isLinkTurboEnable:false
01-13 14:40:32.945  3278  4257 D NetworkSDKService: handleMultiAppsDualWifi isSet = false isEverOpened = false
01-13 14:40:32.945 10211 19863 D DFS-AppUsageTracker: Fg changed, new=com.xiaomi.bluetooth, but charging.
01-13 14:40:32.945 10301 10787 I ProcessMonitor: onForegroundInfoChanged: ForegroundInfo{mForegroundPackageName='com.xiaomi.bluetooth', mForegroundUid=1002, mForegroundPid=3999, mForegroundDisplayId=0, mLastForegroundPackageName='com.soundtherapyapp', mLastForegroundUid=10405, mLastForegroundPid=8264, mLastForegroundDisplayId=0, mMultiWindowForegroundPackageName='com.xiaomi.bluetooth', mMultiWindowForegroundUid=1002, mFlags=0}
01-13 14:40:32.945  4686  7957 D RecentsImpl: onForegroundChanged, foregroundPackageName=com.xiaomi.bluetooth
01-13 14:40:32.945 10301 10787 I GameBoosterService: screen locked!
01-13 14:40:32.945 10301 10787 I VideoBoxUtils: isSupportVideoBox: true
01-13 14:40:32.945 10301 10787 I VideoToolBoxService: vtb is closed!!!
01-13 14:40:32.945 29090 11746 E RecentAppsManager: com.xiaomi.bluetooth can't be added to recent list!!
01-13 14:40:32.945 10301 12168 E SuggestManager: openApp name = com.xiaomi.bluetooth
01-13 14:40:32.945 10301 12168 I NewAutoTaskManager: app use - delay = 9223372036854775807, doRemove = false, doPost = false
01-13 14:40:32.945 29090 11746 D RelayAppLocalHelper: notifyTaskStackChanged:
01-13 14:40:32.946 10301 10787 D AppPredictManager: ForegroundAppChange: com.xiaomi.bluetooth, ignore !
01-13 14:40:32.946 10301 10787 I AppPredictService: difTIme = 55
01-13 14:40:32.946 30162 32133 I Browser : -------=-=-===onForegroundInfoChanged from com.soundtherapyapp to com.xiaomi.bluetooth
01-13 14:40:32.946 12372  4091 I GID     : PKG: com.xiaomi.bluetooth IG ? false
01-13 14:40:32.946 12372  4091 I GST     : forePkg: com.xiaomi.bluetooth, preForePkg: com.soundtherapyapp
01-13 14:40:32.946 12372  4091 D VENUS_GAMEAI_START_GameAiStartManager: venusGameAiSupportApps is not monitor packageName=com.xiaomi.bluetooth
01-13 14:40:32.947 12372  4091 I GID     : PKG: com.soundtherapyapp IG ? false
01-13 14:40:32.947  5271  6063 E CountableHandler: Pending message count is over 200, drop message.msg.what = 10007 handler = Handler (com.android.phone.statistics.utils.ModemHydraStat$ModemHydraHandler) {eb04c79}
01-13 14:40:32.948 12372  4091 I GID     : PKG: com.soundtherapyapp IG ? false
01-13 14:40:32.948 29090 11746 E SystemUtils: appIsTopAndXSpace: package com.xiaomi.bluetooth, result false
01-13 14:40:32.948 30162 32133 D FloatingDialogManager: onForegroundInfoChanged:  foregroundPackageName:com.xiaomi.bluetooth mLastForegroundPackageName:com.soundtherapyapp
01-13 14:40:32.948 12372  4091 I GID     : PKG: com.xiaomi.bluetooth IG ? false
01-13 14:40:32.948  5271  6055 D NetworkMetricsController: processUidChangeEvent :activity is:ComponentInfo{com.xiaomi.bluetooth/com.android.bluetooth.ble.app.fastconnect.MiuiFastConnectActivity}
01-13 14:40:32.948  5271  6055 D NetworkMetricsController: processUidChangeEvent :mCurApptype is NONE tempAppType is NONE
01-13 14:40:32.948 29090  5436 D ExecutorUtils: Task[RALH-notifyTaskStackChanged,148665492] running ON mirror-thread-2
01-13 14:40:32.948 12372  4091 I GID     : PKG: com.xiaomi.bluetooth IG ? false
01-13 14:40:32.948 29090  5436 D RelayAppLocalHelper: both hide, no need notify devices. check com.xiaomi.bluetooth
01-13 14:40:32.948 10211 10602 D PowerKeeper.Audio: pids 0
01-13 14:40:32.950  3278  6273 D BarFollowAnimation: isAppBarAndVisibleCheck.....
01-13 14:40:32.950  3278  6273 D BarFollowAnimation: isAppTaskBarOnTop win:Window{fe5ca0e u0 NotificationShade} (mCurrentTopTask:Task{c15f925 #782 type=standard A=1002:com.xiaomi.bluetooth} : true); (mAssociatedTask:null : false); (mHomeTask:Task{68ecabd #1 type=home} : true); mReparentToOriginParent:true mLastAppBarVisible:true mLastHomeBarVisible:false
01-13 14:40:32.950  3278  6273 D MiuiRefreshRatePolicy: reset
01-13 14:40:32.951  3999  3999 W libc    : Access denied finding property "vendor.gpp.create_frc_extension"
01-13 14:40:32.951  3999  3999 W libc    : Access denied finding property "vendor.gpp.create_frc_extension"
01-13 14:40:32.952  3999  3999 D VRI[MiuiFastConnectActivity]: vri.reportNextDraw 0 Rect(0, 0 - 1440, 3200) android.view.ViewRootImpl.performTraversals:5540 android.view.ViewRootImpl.doTraversal:4096 android.view.ViewRootImpl$TraversalRunnable.run:12456 android.view.Choreographer$CallbackRecord.run:2024 android.view.Choreographer$CallbackRecord.run:2033 
01-13 14:40:32.952  3999  3999 D VRI[MiuiFastConnectActivity]: vri.Setup new sync=wmsSync-VRI[MiuiFastConnectActivity]#16
01-13 14:40:32.952  3278  3416 I QuickScannerController: onForegroundInfoChanged. packageName:com.xiaomi.bluetooth
01-13 14:40:32.964  3999  3999 D VRI[MiuiFastConnectActivity]: vri.reportDrawFinished 0 0 Rect(0, 0 - 1440, 3200)
01-13 14:40:32.964  3278  6273 D WindowManager: wms.finishDrawingLocked: mDrawState=COMMIT_DRAW_PENDING Window{446360e u0 com.xiaomi.bluetooth/com.android.bluetooth.ble.app.fastconnect.MiuiFastConnectActivity} in Surface(name=com.xiaomi.bluetooth/com.android.bluetooth.ble.app.fastconnect.MiuiFastConnectActivity#49549)/@0xf8cf69f
01-13 14:40:32.965  3278  3404 D BarFollowAnimation: isAppBarAndVisibleCheck.....
01-13 14:40:32.965  3278  3404 D BarFollowAnimation: isAppTaskBarOnTop win:Window{fe5ca0e u0 NotificationShade} (mCurrentTopTask:Task{c15f925 #782 type=standard A=1002:com.xiaomi.bluetooth} : true); (mAssociatedTask:null : false); (mHomeTask:Task{68ecabd #1 type=home} : true); mReparentToOriginParent:true mLastAppBarVisible:true mLastHomeBarVisible:false
01-13 14:40:32.965  3278  3404 D MiuiRefreshRatePolicy: reset
01-13 14:40:32.965  3278  3404 D WindowManager: wms.commitFinishDrawingLocked: mDrawState=READY_TO_SHOW Window{446360e u0 com.xiaomi.bluetooth/com.android.bluetooth.ble.app.fastconnect.MiuiFastConnectActivity} in Surface(name=com.xiaomi.bluetooth/com.android.bluetooth.ble.app.fastconnect.MiuiFastConnectActivity#49549)/@0xf8cf69f
01-13 14:40:32.965  3999  3999 D MiuiFastConnectActivity_Plugin: onStart
01-13 14:40:32.966  3999  3999 D Activity: Activity = ActivityInfo{220d5be com.android.bluetooth.ble.app.fastconnect.MiuiFastConnectActivity}, Resume onConfigurationChanged = {0.97734624 460mcc11mnc [zh_CN] ldltr sw384dp w384dp h853dp 586dpi nrml long hdr widecg port finger -keyb/v/h -nav/h winConfig={ mBounds=Rect(0, 0 - 1440, 3200) mAppBounds=Rect(0, 0 - 1440, 3200) mMaxBounds=Rect(0, 0 - 1440, 3200) mDisplayRotation=ROTATION_0 mWindowingMode=fullscreen mActivityType=standard mAlwaysOnTop=undefined mRotation=ROTATION_0 mInSplitScreen=false letterBoxed=false foScaled=false isSpecificEmbedded=false embeddingScale=1.0} s.2 fontWeightAdjustment=0/d/o themeChanged=0 themeChangedFlags=0 display=0 extraData = Bundle[{}] screenType=0/o}
01-13 14:40:32.966  3278  6273 D AppLock_AccessControlImpl: activityResume packageName: com.xiaomi.bluetooth userId: 0 enabled: true
01-13 14:40:32.966  3278  6273 D AppLock_AccessControlImpl: activityResume lockMode: 1
01-13 14:40:32.966  3999  3999 D SecurityManager: checkAccessControl flag1
01-13 14:40:32.966  3999  3999 D MiuiFastConnectActivity_Plugin: onResume
01-13 14:40:32.966  3999  3999 E MiuiFastConnectController_Plugin: initBroadcastReceiver
01-13 14:40:32.966  3999  3999 D MiuiFastConnectController_Plugin: mFastConnectReceive not unregister
01-13 14:40:32.966  3999  8048 D ActivityThread: the event that target app starts is : AppLaunchEvent{mType='441', mProcessName='com.xiaomi.bluetooth:ui', mPackageName='com.xiaomi.bluetooth', mIsMainProcess='false', mVersionCode='36', mVersionName='', mLaunchTime='2026-01-13'}
01-13 14:40:32.966  3278  6273 I ActivityTaskManager:  ar:ActivityRecord{208687759 u0 com.xiaomi.bluetooth/com.android.bluetooth.ble.app.fastconnect.MiuiFastConnectActivity t782} prev:ActivityRecord{208687759 u0 com.xiaomi.bluetooth/com.android.bluetooth.ble.app.fastconnect.MiuiFastConnectActivity t782}, ar.launchFromActivity=null, canShowWhenLocked:false, state:PAUSED, prev.packageName=com.xiaomi.bluetooth, ar.launchedFromPackage=com.xiaomi.bluetooth, isCanstartOnKeyguard=false, isCanResumeActivity=false
01-13 14:40:32.967  3278  6273 I ATMSImpl: cacheTasksForDefaultDisplay size=2 topId=782
01-13 14:40:32.967  3999  8080 I ContentCatcher: SettingTrigger : register screen QA status observer com.android.bluetooth.ble.app.fastconnect.MiuiFastConnectActivity
01-13 14:40:32.967  3278  6273 D As.ActivityMmReduceLoadHelper: onMultiScreenChanged is not change, Done, isMultiScreen: false
01-13 14:40:32.967  3278  6273 I As.ActivityMmReduceLoadHelper: updateMultiScreenState, splitScreenMode: false isSmallScreen: false
01-13 14:40:32.967  3999  8080 I ContentCatcher: SettingTrigger : register global collect status observer com.android.bluetooth.ble.app.fastconnect.MiuiFastConnectActivity
01-13 14:40:32.968  9162 22873 W MQSEventManager: occur
01-13 14:40:32.968  3999  8080 I ContentCatcher: SettingTrigger : registerUIAgentListener com.android.bluetooth.ble.app.fastconnect.MiuiFastConnectActivity, uid:1002
01-13 14:40:32.968  3278  6008 I DataHub : registerUIAgentListener packageName: com.xiaomi.bluetooth~1002, client:miui.security.IUIAgentInteractionClient$Stub$Proxy@69d12d8
01-13 14:40:32.968  3278  6008 I RemoteCallbackList: register success, put callback for com.xiaomi.bluetooth~1002
01-13 14:40:32.968 26170 26310 D services: [XMS][observer] ActivityObserver activityResumed packageName: com.xiaomi.bluetooth
01-13 14:40:32.968   399  9624 I VA_ActivityStateHelper: activityResumed componentName ComponentInfo{com.xiaomi.bluetooth/com.android.bluetooth.ble.app.fastconnect.MiuiFastConnectActivity}
01-13 14:40:32.968   399  9624 I VA_ActivityStateHelper: activityResumed mAiSkillPush is false
01-13 14:40:32.968  9464  4223 I ActivityObserverUtil: activityResumed ComponentInfo{com.xiaomi.bluetooth/com.android.bluetooth.ble.app.fastconnect.MiuiFastConnectActivity}
01-13 14:40:32.968  3999  8080 I ContentCatcher: SettingTrigger : unregister status observer com.android.bluetooth.ble.app.fastconnect.MiuiFastConnectActivity
01-13 14:40:32.969  9464  4223 I TopActivityMonitor: send TopActivityChangeEvent=TopActivityChangeEvent(prev=null, current=ComponentInfo{com.xiaomi.bluetooth/com.android.bluetooth.ble.app.fastconnect.MiuiFastConnectActivity},appChanged=true)
01-13 14:40:32.969  3999  8080 I ContentCatcher: SettingTrigger : unregisterUIAgentListener com.android.bluetooth.ble.app.fastconnect.MiuiFastConnectActivity, uid:1002
01-13 14:40:32.969  3278  6008 I DataHub : unregisterUIAgentListener packageName: com.xiaomi.bluetooth~1002
01-13 14:40:32.969  3278  6008 I RemoteCallbackList: unregister success, remove callback for com.xiaomi.bluetooth~1002
01-13 14:40:32.969  9464 21481 I travelService_ActivityObserverUtils: activityResumed ComponentInfo{com.xiaomi.bluetooth/com.android.bluetooth.ble.app.fastconnect.MiuiFastConnectActivity}
01-13 14:40:32.969 26170 12426 D AppUpdateXmsfLauncher: activityResumed intent : Intent { cmp=com.xiaomi.bluetooth/com.android.bluetooth.ble.app.fastconnect.MiuiFastConnectActivity (has extras) }
01-13 14:40:32.969  3278  6273 D BarFollowAnimation: isAppBarAndVisibleCheck.....
01-13 14:40:32.969 26763 26798 D auth    : [XMS][Auth] ActivityObserver activityResumed packageName: com.xiaomi.bluetooth
01-13 14:40:32.969  3278  6273 D BarFollowAnimation: isAppTaskBarOnTop win:Window{fe5ca0e u0 NotificationShade} (mCurrentTopTask:Task{c15f925 #782 type=standard A=1002:com.xiaomi.bluetooth} : true); (mAssociatedTask:null : false); (mHomeTask:Task{68ecabd #1 type=home} : true); mReparentToOriginParent:true mLastAppBarVisible:true mLastHomeBarVisible:false
01-13 14:40:32.969  3278  6273 D MiuiRefreshRatePolicy: reset
01-13 14:40:32.969  4686  4686 D BackGestureBreakController: mAppLaunchingButNotResume= false
01-13 14:40:32.969  4686  4686 D RecentsImpl: mActivityStateObserver com.android.bluetooth.ble.app.fastconnect.MiuiFastConnectActivity
01-13 14:40:32.969  3278  6273 D WindowManager: wms.commitFinishDrawingLocked: mDrawState=READY_TO_SHOW Window{446360e u0 com.xiaomi.bluetooth/com.android.bluetooth.ble.app.fastconnect.MiuiFastConnectActivity} in Surface(name=com.xiaomi.bluetooth/com.android.bluetooth.ble.app.fastconnect.MiuiFastConnectActivity#49549)/@0xf8cf69f
01-13 14:40:32.970  4686  4686 D BackGestureBreakController: mAppLaunchingButNotResume= false
01-13 14:40:32.970  4686  5504 W RecentsImpl: disableTouchBySwipeStatusBar    disable=false
01-13 14:40:32.970  4686  5504 D GestureStubView_Left: disableTouchBySwipeStatusBar    old=false   new=false
01-13 14:40:32.970  4686  5504 D GestureStubView_Right: disableTouchBySwipeStatusBar    old=false   new=false
01-13 14:40:32.970  4686  4686 W RecentsImpl: updateGestureWindowVisibleImpl, className=com.android.bluetooth.ble.app.fastconnect.MiuiFastConnectActivity
01-13 14:40:32.970  4686  4686 D RecentsImpl: useSysUiFlagsUpdateGestureWindowVisible, keyguard showing
01-13 14:40:32.970  4686  4686 D GestureStubView_Left: hideGestureStub
01-13 14:40:32.970  4686  4686 D GestureStubView_Right: hideGestureStub
01-13 14:40:32.970  4686  4686 D RecentsImpl: updateGestureWindowVisibleImpl, use SysUIFlags update gesture, return
01-13 14:40:32.970  4686  4686 D RecentsImpl: hideNavStubView
01-13 14:40:32.970  4686  4686 D NavStubView_Touch: setKeepHidden    old=true   new=true
01-13 14:40:32.971 10369 11243 I AIRC_CounterTrack: collect: signal-TopActivityPerception
01-13 14:40:32.971 10369 11243 I MMKV    : <MMKV.cpp:1170::sync> MMKV::sync, SyncFlag = 1
01-13 14:40:32.972  3999  3999 W libc    : Access denied finding property "vendor.gpp.create_frc_extension"
01-13 14:40:32.972  3999  3999 W libc    : Access denied finding property "vendor.gpp.create_frc_extension"
01-13 14:40:32.972  3278  6008 D ActivityManager: Logging bindService for com.miui.analytics, stopped=false, firstLaunch=false
01-13 14:40:32.972  1841  1841 I vendor.qti.hardware.servicetrackeraidl-service: bindService is called for service : com.miui.analytics/.onetrack.OneTrackService and for client com.xiaomi.bluetooth:ui
01-13 14:40:32.972  1841  1841 I vendor.qti.hardware.servicetrackeraidl-service: total connections for service : com.miui.analytics/.onetrack.OneTrackServiceare :24
01-13 14:40:32.972  1841  1841 I vendor.qti.hardware.servicetrackeraidl-service: total connections for client : com.xiaomi.bluetooth:uiare :2
01-13 14:40:32.973  3999  3999 D VRI[MiuiFastConnectActivity]: vri.reportNextDraw 0 Rect(0, 0 - 1440, 3200) android.view.ViewRootImpl.performTraversals:5540 android.view.ViewRootImpl.doTraversal:4096 android.view.ViewRootImpl$TraversalRunnable.run:12456 android.view.Choreographer$CallbackRecord.run:2024 android.view.Choreographer$CallbackRecord.run:2033 
01-13 14:40:32.973  3999  3999 D VRI[MiuiFastConnectActivity]: vri.Setup new sync=wmsSync-VRI[MiuiFastConnectActivity]#18
01-13 14:40:32.975  3999  3999 D VRI[MiuiFastConnectActivity]: vri.reportDrawFinished 0 0 Rect(0, 0 - 1440, 3200)
01-13 14:40:32.975  3278  6008 D WindowManager: wms.finishDrawingLocked: mDrawState=COMMIT_DRAW_PENDING Window{1dc45b4 u0 com.xiaomi.bluetooth/com.android.bluetooth.ble.app.fastconnect.MiuiFastConnectActivity} in Surface(name=com.xiaomi.bluetooth/com.android.bluetooth.ble.app.fastconnect.MiuiFastConnectActivity#49550)/@0x7af0631
01-13 14:40:32.975  3278  6273 D BarFollowAnimation: isAppBarAndVisibleCheck.....
01-13 14:40:32.975  3278  6273 D BarFollowAnimation: isAppTaskBarOnTop win:Window{fe5ca0e u0 NotificationShade} (mCurrentTopTask:Task{c15f925 #782 type=standard A=1002:com.xiaomi.bluetooth} : true); (mAssociatedTask:null : false); (mHomeTask:Task{68ecabd #1 type=home} : true); mReparentToOriginParent:true mLastAppBarVisible:true mLastHomeBarVisible:false
01-13 14:40:32.975  3278  6273 D MiuiRefreshRatePolicy: reset
01-13 14:40:32.975  3278  6273 D WindowManager: wms.commitFinishDrawingLocked: mDrawState=READY_TO_SHOW Window{446360e u0 com.xiaomi.bluetooth/com.android.bluetooth.ble.app.fastconnect.MiuiFastConnectActivity} in Surface(name=com.xiaomi.bluetooth/com.android.bluetooth.ble.app.fastconnect.MiuiFastConnectActivity#49549)/@0xf8cf69f
01-13 14:40:32.975  3278  6273 D WindowManager: wms.commitFinishDrawingLocked: mDrawState=READY_TO_SHOW Window{1dc45b4 u0 com.xiaomi.bluetooth/com.android.bluetooth.ble.app.fastconnect.MiuiFastConnectActivity} in Surface(name=com.xiaomi.bluetooth/com.android.bluetooth.ble.app.fastconnect.MiuiFastConnectActivity#49550)/@0x7af0631
01-13 14:40:32.976  3278  3404 D BarFollowAnimation: isAppBarAndVisibleCheck.....
01-13 14:40:32.976  3278  3404 D BarFollowAnimation: isAppTaskBarOnTop win:Window{fe5ca0e u0 NotificationShade} (mCurrentTopTask:Task{c15f925 #782 type=standard A=1002:com.xiaomi.bluetooth} : true); (mAssociatedTask:null : false); (mHomeTask:Task{68ecabd #1 type=home} : true); mReparentToOriginParent:true mLastAppBarVisible:true mLastHomeBarVisible:false
01-13 14:40:32.976  3278  3404 D MiuiRefreshRatePolicy: reset
01-13 14:40:32.976  3278  3404 D WindowManager: wms.commitFinishDrawingLocked: mDrawState=READY_TO_SHOW Window{446360e u0 com.xiaomi.bluetooth/com.android.bluetooth.ble.app.fastconnect.MiuiFastConnectActivity} in Surface(name=com.xiaomi.bluetooth/com.android.bluetooth.ble.app.fastconnect.MiuiFastConnectActivity#49549)/@0xf8cf69f
01-13 14:40:32.976  3278  3404 D WindowManager: wms.commitFinishDrawingLocked: mDrawState=READY_TO_SHOW Window{1dc45b4 u0 com.xiaomi.bluetooth/com.android.bluetooth.ble.app.fastconnect.MiuiFastConnectActivity} in Surface(name=com.xiaomi.bluetooth/com.android.bluetooth.ble.app.fastconnect.MiuiFastConnectActivity#49550)/@0x7af0631
01-13 14:40:32.976  3999  3999 E VRI[MiuiFastConnectActivity]: performDraw: Not drawing due to screen off
01-13 14:40:32.976  3999  3999 D MiuiFastConnectController_Plugin: handleMessage: what : 8, msg.arg1: 1, msg.arg2: 0
01-13 14:40:32.977 21761  9615 I Market-DownloadLimitSpeedManager: stopLimitSpeed
01-13 14:40:32.977 21761  9615 I Market-LimitSpeedManager: stopLimitSpeedNow() =========== 
01-13 14:40:32.977  3999  3999 D MiuiFastConnectActivity_Plugin: onStop
01-13 14:40:32.978 10082 10219 D DMS_LimitSpeedService: exit limit speed(-1.00B/s) success 
01-13 14:40:32.978 21761  9615 I Market-RetrofitRequest: callEnd : https://updateinfo.market.xiaomi.com/apm/updateinfo/v2
01-13 14:40:32.978 21761  9615 I Market-LocalAppManager: getUpdateInfoFromServer : end  , responseCode : OK
01-13 14:40:32.978 21761  9615 I Market-LocalAppManager: checkUpdateFromServer : end
01-13 14:40:32.978 21761  9615 I Market-LocalAppManager: checkUpdateFromServer  data parser : end
01-13 14:40:32.978 21761 21825 E Market-UpdateDesktopOperateIconManager: [OperateIconConfig] JSON : operation icon config list not exist!
01-13 14:40:32.978 21761 21825 I Market-UpdateDesktopOperateIconManager: [OperateIconConfig] JSON: parser operateIconConfigList : null
01-13 14:40:32.978 21761  9615 I Market-HuanjiManager: condition not satisfied, ignore
01-13 14:40:32.978 21761  9615 I Market-DataParser: [InvalidPackageList] JSON : invalidSystemPackageList list is null
01-13 14:40:32.978 21761  9615 I Market-LocalAppManager: checkUpdateFromServer  filter package : end
01-13 14:40:32.978 21761  9615 I Market-LocalAppManager: checkUpdateFromServer  support64BitPackagesJsonArray : end
01-13 14:40:32.978 21761  9615 I Market-OneTrackParams: useExpId=2089471,1978999,2000549,1700402,2075312,expId=2023001,1805848,1627499,1689162,2075312,1700402,2000549,2149131,1411227,1978999,2089471,2214498,2223943
01-13 14:40:32.980  3999  3999 D MiuiFastConnectController_Plugin: handleMessage: what : 8, msg.arg1: 0, msg.arg2: 0
01-13 14:40:32.980  7406  7456 I SmartAppAssistant: AppStoreHelper queryPackageInfo result=1 oldVersionName=1.0 oldVersionCode=1
01-13 14:40:32.981 22881 23009 D IdProviderImpl: getOAID from com.miui.analytics
01-13 14:40:32.981  8889  8910 I htmlviewercloudcontrol: isStagingEnv:false param =  taa_atest  uriMatch = 2, cluster: cn, version: 649476, traceId: 3207d9982ba3ad88be5aad14ba11fab1, regId: 3y/5YAKKsG4DaTUEqYP8xrCGGdYjHRJxuJepRV34cHdbfLdNYsnawrrMuDZmuv5e
01-13 14:40:32.982 22881 23009 D IdProviderImpl: getOAID from com.miui.analytics
01-13 14:40:32.982  8889  8910 I htmlviewercloudcontrol: isStagingEnv:false param =  taa_btest  uriMatch = 2, cluster: cn, version: 649476, traceId: 3207d9982ba3ad88be5aad14ba11fab1, regId: 3y/5YAKKsG4DaTUEqYP8xrCGGdYjHRJxuJepRV34cHdbfLdNYsnawrrMuDZmuv5e
01-13 14:40:32.982 22881 23009 D IdProviderImpl: getOAID from com.miui.analytics
01-13 14:40:32.982  3999  8072 W mi.bluetooth:ui: Binder 0xb400007908f06620 destroyed after setInheritRt before being parceled.
01-13 14:40:32.982  8889  8909 I htmlviewercloudcontrol: isStagingEnv:false param =  taa_ctest  uriMatch = 2, cluster: cn, version: 649476, traceId: 3207d9982ba3ad88be5aad14ba11fab1, regId: 3y/5YAKKsG4DaTUEqYP8xrCGGdYjHRJxuJepRV34cHdbfLdNYsnawrrMuDZmuv5e
01-13 14:40:32.983 22881 23009 D IdProviderImpl: getOAID from com.miui.analytics
01-13 14:40:32.983  8889  8909 I htmlviewercloudcontrol: isStagingEnv:false param =  taa_EmergentProblem  uriMatch = 2, cluster: cn, version: 649476, traceId: 3207d9982ba3ad88be5aad14ba11fab1, regId: 3y/5YAKKsG4DaTUEqYP8xrCGGdYjHRJxuJepRV34cHdbfLdNYsnawrrMuDZmuv5e
01-13 14:40:32.984 22881 23009 D IdProviderImpl: getOAID from com.miui.analytics
01-13 14:40:32.984  3278  4930 D BarFollowAnimation: isAppBarAndVisibleCheck.....
01-13 14:40:32.984  3278  4930 D BarFollowAnimation: isAppTaskBarOnTop win:Window{fe5ca0e u0 NotificationShade} (mCurrentTopTask:Task{c15f925 #782 type=standard A=1002:com.xiaomi.bluetooth} : true); (mAssociatedTask:null : false); (mHomeTask:Task{68ecabd #1 type=home} : true); mReparentToOriginParent:true mLastAppBarVisible:true mLastHomeBarVisible:false
01-13 14:40:32.984  3278  4930 D MiuiRefreshRatePolicy: reset
01-13 14:40:32.984  3278  4930 D WindowManager: wms.commitFinishDrawingLocked: mDrawState=READY_TO_SHOW Window{446360e u0 com.xiaomi.bluetooth/com.android.bluetooth.ble.app.fastconnect.MiuiFastConnectActivity} in Surface(name=com.xiaomi.bluetooth/com.android.bluetooth.ble.app.fastconnect.MiuiFastConnectActivity#49549)/@0xf8cf69f
01-13 14:40:32.984  3278  4930 D WindowManager: wms.commitFinishDrawingLocked: mDrawState=READY_TO_SHOW Window{1dc45b4 u0 com.xiaomi.bluetooth/com.android.bluetooth.ble.app.fastconnect.MiuiFastConnectActivity} in Surface(name=com.xiaomi.bluetooth/com.android.bluetooth.ble.app.fastconnect.MiuiFastConnectActivity#49550)/@0x7af0631
01-13 14:40:32.985 22881 23009 D IdProviderImpl: getOAID from com.miui.analytics
01-13 14:40:32.985  3999  3999 E VRI[MiuiFastConnectActivity]: performDraw: Not drawing due to screen off
01-13 14:40:32.985  8889  8910 I htmlviewercloudcontrol: isStagingEnv:false param =  taa_CrashRuleMatch  uriMatch = 2, cluster: cn, version: 649476, traceId: 3207d9982ba3ad88be5aad14ba11fab1, regId: 3y/5YAKKsG4DaTUEqYP8xrCGGdYjHRJxuJepRV34cHdbfLdNYsnawrrMuDZmuv5e
01-13 14:40:32.986  3999  3999 D VRI[MiuiFastConnectActivity]: visibilityChanged oldVisibility=true newVisibility=false
01-13 14:40:32.986  1963  7984 D AudioFlingerImpl: setGameParameters keyvalue: gamebooster=false
01-13 14:40:32.986  1963  7984 D DeviceHalAidl: [default] setParameters: parameters: "gamebooster=false"
01-13 14:40:32.986  1816 21305 I AHAL_ModulePrimary_MI: setVendorParameters: parameter count 1, async: 0
01-13 14:40:32.986  1816 21305 D AHAL_ModulePrimary_MI: setVendorParameters parameters id = gamebooster val false
01-13 14:40:32.986  1816 21305 D AHAL_ModulePrimary_MI: setVendorParameters: enter miam_setParameters_v2 ret = -2
01-13 14:40:32.986  1816 21305 D AHAL_ModulePrimary_QTI: setVendorParameters: parameter count 1, async: 0
01-13 14:40:32.986  1816 21305 D AHAL_HFP_QTI: hfp_set_parameters enter
01-13 14:40:32.986  1816 21305 D AHAL_HFP_QTI: hfp_set_parameters Exit
01-13 14:40:32.986  1963  7984 D DeviceHalAidl: [usb] setParameters: parameters: "gamebooster=false"
01-13 14:40:32.986  1963  7984 E ConversionHelperAidl: Function: parseAndSetVendorParameters Line: 94 Failed 
01-13 14:40:32.986  1963  7984 D DeviceHalAidl: [r_submix] setParameters: parameters: "gamebooster=false"
01-13 14:40:32.986  1816  1832 D AHAL_ModuleRemoteSubmix: setVendorParameters: parameter count 1, async: 0
01-13 14:40:32.986  1816  1832 D AHAL_ModuleRemoteSubmix: setVendorParameters parameters id = gamebooster val false
01-13 14:40:32.986  1963  7984 E ConversionHelperAidl: Function: parseAndSetVendorParameters Line: 94 Failed 
01-13 14:40:32.986  1963  7984 D DeviceHalAidl: [bluetooth] setParameters: parameters: "gamebooster=false"
01-13 14:40:32.986  1963  7984 E ConversionHelperAidl: Function: parseAndSetVendorParameters Line: 94 Failed 
