01-23 17:29:11.986 14839 16489 E soundtherapyapp:   super='java.lang.Class<java.lang.Object>' (cl=0x0)
01-23 17:29:11.986 14839 16489 E soundtherapyapp:   interfaces (1):
01-23 17:29:11.986 14839 16489 E soundtherapyapp:      0: java.lang.Class<com.facebook.react.bridge.CatalystInstance> (cl=0x3413a68)
01-23 17:29:11.986 14839 16489 E soundtherapyapp:   vtable (35 entries, 11 in super):
01-23 17:29:11.986 14839 16489 E soundtherapyapp:      0: void com.facebook.react.bridge.CatalystInstanceImpl.addBridgeIdleDebugListener(com.facebook.react.bridge.NotThreadSafeBridgeIdleDebugListener)
01-23 17:29:11.986 14839 16489 E soundtherapyapp:      1: void com.facebook.react.bridge.CatalystInstanceImpl.addJSIModules(java.util.List)
01-23 17:29:11.986 14839 16489 E soundtherapyapp:      2: void com.facebook.react.bridge.CatalystInstanceImpl.callFunction(com.facebook.react.bridge.CatalystInstanceImpl$PendingJSCall)
01-23 17:29:11.986 14839 16489 E soundtherapyapp:      3: void com.facebook.react.bridge.CatalystInstanceImpl.callFunction(java.lang.String, java.lang.String, com.facebook.react.bridge.NativeArray)
01-23 17:29:11.986 14839 16489 E soundtherapyapp:      4: void com.facebook.react.bridge.CatalystInstanceImpl.destroy()
01-23 17:29:11.986 14839 16489 E soundtherapyapp:      5: void com.facebook.react.bridge.CatalystInstanceImpl.extendNativeModules(com.facebook.react.bridge.NativeModuleRegistry)
01-23 17:29:11.986 14839 16489 E soundtherapyapp:      6: com.facebook.react.turbomodule.core.CallInvokerHolderImpl com.facebook.react.bridge.CatalystInstanceImpl.getJSCallInvokerHolder()
01-23 17:29:11.986 14839 16489 E soundtherapyapp:      7: com.facebook.react.turbomodule.core.interfaces.CallInvokerHolder com.facebook.react.bridge.CatalystInstanceImpl.getJSCallInvokerHolder()
01-23 17:29:11.986 14839 16489 E soundtherapyapp:      8: com.facebook.react.bridge.JSIModule com.facebook.react.bridge.CatalystInstanceImpl.getJSIModule(com.facebook.react.bridge.JSIModuleType)
01-23 17:29:11.986 14839 16489 E soundtherapyapp:      9: com.facebook.react.bridge.JavaScriptModule com.facebook.react.bridge.CatalystInstanceImpl.getJSModule(java.lang.Class)
01-23 17:29:11.986 14839 16489 E soundtherapyapp:     10: com.facebook.react.bridge.JavaScriptContextHolder com.facebook.react.bridge.CatalystInstanceImpl.getJavaScriptContextHolder()
01-23 17:29:11.986 14839 16489 E soundtherapyapp:     11: com.facebook.react.turbomodule.core.NativeMethodCallInvokerHolderImpl com.facebook.react.bridge.CatalystInstanceImpl.getNativeMethodCallInvokerHolder()
01-23 17:29:11.986 14839 16489 E soundtherapyapp:     12: com.facebook.react.turbomodule.core.interfaces.NativeMethodCallInvokerHolder com.facebook.react.bridge.CatalystInstanceImpl.getNativeMethodCallInvokerHolder()
01-23 17:29:11.986 14839 16489 E soundtherapyapp:     13: com.facebook.react.bridge.NativeModule com.facebook.react.bridge.CatalystInstanceImpl.getNativeModule(java.lang.Class)
01-23 17:29:11.986 14839 16489 E soundtherapyapp:     14: com.facebook.react.bridge.NativeModule com.facebook.react.bridge.CatalystInstanceImpl.getNativeModule(java.lang.String)
01-23 17:29:11.986 14839 16489 E soundtherapyapp:     15: java.util.Collection com.facebook.react.bridge.CatalystInstanceImpl.getNativeModules()
01-23 17:29:11.986 14839 16489 E soundtherapyapp:     16: com.facebook.react.bridge.queue.ReactQueueConfiguration com.facebook.react.bridge.CatalystInstanceImpl.getReactQueueConfiguration()
01-23 17:29:11.986 14839 16489 E soundtherapyapp:     17: com.facebook.react.bridge.RuntimeExecutor com.facebook.react.bridge.CatalystInstanceImpl.getRuntimeExecutor()
01-23 17:29:11.986 14839 16489 E soundtherapyapp:     18: com.facebook.react.bridge.RuntimeScheduler com.facebook.react.bridge.CatalystInstanceImpl.getRuntimeScheduler()
01-23 17:29:11.986 14839 16489 E soundtherapyapp:     19: java.lang.String com.facebook.react.bridge.CatalystInstanceImpl.getSourceURL()
01-23 17:29:11.986 14839 16489 E soundtherapyapp:     20: void com.facebook.react.bridge.CatalystInstanceImpl.handleMemoryPressure(int)
01-23 17:29:11.986 14839 16489 E soundtherapyapp:     21: boolean com.facebook.react.bridge.CatalystInstanceImpl.hasNativeModule(java.lang.Class)
01-23 17:29:11.986 14839 16489 E soundtherapyapp:     22: boolean com.facebook.react.bridge.CatalystInstanceImpl.hasRunJSBundle()
01-23 17:29:11.986 14839 16489 E soundtherapyapp:     23: void com.facebook.react.bridge.CatalystInstanceImpl.initialize()
01-23 17:29:11.986 14839 16489 E soundtherapyapp:     24: void com.facebook.react.bridge.CatalystInstanceImpl.invokeCallback(int, com.facebook.react.bridge.NativeArrayInterface)
01-23 17:29:11.986 14839 16489 E soundtherapyapp:     25: boolean com.facebook.react.bridge.CatalystInstanceImpl.isDestroyed()
01-23 17:29:11.986 14839 16489 E soundtherapyapp:     26: void com.facebook.react.bridge.CatalystInstanceImpl.loadScriptFromAssets(android.content.res.AssetManager, java.lang.String, boolean)
01-23 17:29:11.986 14839 16489 E soundtherapyapp:     27: void com.facebook.react.bridge.CatalystInstanceImpl.loadScriptFromFile(java.lang.String, java.lang.String, boolean)
01-23 17:29:11.986 14839 16489 E soundtherapyapp:     28: void com.facebook.react.bridge.CatalystInstanceImpl.loadSplitBundleFromFile(java.lang.String, java.lang.String)
01-23 17:29:11.986 14839 16489 E soundtherapyapp:     29: void com.facebook.react.bridge.CatalystInstanceImpl.registerSegment(int, java.lang.String)
01-23 17:29:11.986 14839 16489 E soundtherapyapp:     30: void com.facebook.react.bridge.CatalystInstanceImpl.removeBridgeIdleDebugListener(com.facebook.react.bridge.NotThreadSafeBridgeIdleDebugListener)
01-23 17:29:11.986 14839 16489 E soundtherapyapp:     31: void com.facebook.react.bridge.CatalystInstanceImpl.runJSBundle()
01-23 17:29:11.986 14839 16489 E soundtherapyapp:     32: void com.facebook.react.bridge.CatalystInstanceImpl.setGlobalVariable(java.lang.String, java.lang.String)
01-23 17:29:11.986 14839 16489 E soundtherapyapp:     33: void com.facebook.react.bridge.CatalystInstanceImpl.setSourceURLs(java.lang.String, java.lang.String)
01-23 17:29:11.986 14839 16489 E soundtherapyapp:     34: void com.facebook.react.bridge.CatalystInstanceImpl.setTurboModuleManager(com.facebook.react.bridge.JSIModule)
01-23 17:29:11.986 14839 16489 E soundtherapyapp:   direct methods (30 entries):
01-23 17:29:11.986 14839 16489 E soundtherapyapp:      0: java.util.concurrent.CopyOnWriteArrayList com.facebook.react.bridge.CatalystInstanceImpl.-$$Nest$fgetmBridgeIdleListeners(com.facebook.react.bridge.CatalystInstanceImpl)
01-23 17:29:11.986 14839 16489 E soundtherapyapp:      1: com.facebook.jni.HybridData com.facebook.react.bridge.CatalystInstanceImpl.-$$Nest$fgetmHybridData(com.facebook.react.bridge.CatalystInstanceImpl)
01-23 17:29:11.986 14839 16489 E soundtherapyapp:      2: com.facebook.react.bridge.JSIModuleRegistry com.facebook.react.bridge.CatalystInstanceImpl.-$$Nest$fgetmJSIModuleRegistry(com.facebook.react.bridge.CatalystInstanceImpl)
01-23 17:29:11.986 14839 16489 E soundtherapyapp:      3: com.facebook.react.bridge.JavaScriptContextHolder com.facebook.react.bridge.CatalystInstanceImpl.-$$Nest$fgetmJavaScriptContextHolder(com.facebook.react.bridge.CatalystInstanceImpl)
01-23 17:29:11.986 14839 16489 E soundtherapyapp:      4: com.facebook.react.bridge.NativeModuleRegistry com.facebook.react.bridge.CatalystInstanceImpl.-$$Nest$fgetmNativeModuleRegistry(com.facebook.react.bridge.CatalystInstanceImpl)
01-23 17:29:11.986 14839 16489 E soundtherapyapp:      5: java.util.concurrent.atomic.AtomicInteger com.facebook.react.bridge.CatalystInstanceImpl.-$$Nest$fgetmPendingJSCalls(com.facebook.react.bridge.CatalystInstanceImpl)
01-23 17:29:11.986 14839 16489 E soundtherapyapp:      6: com.facebook.react.bridge.JSIModule com.facebook.react.bridge.CatalystInstanceImpl.-$$Nest$fgetmTurboModuleManagerJSIModule(com.facebook.react.bridge.CatalystInstanceImpl)
01-23 17:29:11.986 14839 16489 E soundtherapyapp:      7: void com.facebook.react.bridge.CatalystInstanceImpl.-$$Nest$mdecrementPendingJSCalls(com.facebook.react.bridge.CatalystInstanceImpl)
01-23 17:29:11.986 14839 16489 E soundtherapyapp:      8: void com.facebook.react.bridge.CatalystInstanceImpl.-$$Nest$mincrementPendingJSCalls(com.facebook.react.bridge.CatalystInstanceImpl)
01-23 17:29:11.986 14839 16489 E soundtherapyapp:      9: void com.facebook.react.bridge.CatalystInstanceImpl.-$$Nest$mjniCallJSFunction(com.facebook.react.bridge.CatalystInstanceImpl, java.lang.String, java.lang.String, com.facebook.react.bridge.NativeArray)
01-23 17:29:11.986 14839 16489 E soundtherapyapp:     10: void com.facebook.react.bridge.CatalystInstanceImpl.-$$Nest$monNativeException(com.facebook.react.bridge.CatalystInstanceImpl, java.lang.Exception)
01-23 17:29:11.986 14839 16489 E soundtherapyapp:     11: void com.facebook.react.bridge.CatalystInstanceImpl.<clinit>()
01-23 17:29:11.986 14839 16489 E soundtherapyapp:     12: void com.facebook.react.bridge.CatalystInstanceImpl.<init>(com.facebook.react.bridge.queue.ReactQueueConfigurationSpec, com.facebook.react.bridge.JavaScriptExecutor, com.facebook.react.bridge.NativeModuleRegistry, com.facebook.react.bridge.JSBundleLoader, com.facebook.react.bridge.JSExceptionHandler)
01-23 17:29:11.986 14839 16489 E soundtherapyapp:     13: void com.facebook.react.bridge.CatalystInstanceImpl.<init>(com.facebook.react.bridge.queue.ReactQueueConfigurationSpec, com.facebook.react.bridge.JavaScriptExecutor, com.facebook.react.bridge.NativeModuleRegistry, com.facebook.react.bridge.JSBundleLoader, com.facebook.react.bridge.JSExceptionHandler, com.facebook.react.bridge.CatalystInstanceImpl-IA)
01-23 17:29:11.986 14839 16489 E soundtherapyapp:     14: void com.facebook.react.bridge.CatalystInstanceImpl.decrementPendingJSCalls()
01-23 17:29:11.986 14839 16489 E soundtherapyapp:     15: long com.facebook.react.bridge.CatalystInstanceImpl.getJavaScriptContext()
01-23 17:29:11.986 14839 16489 E soundtherapyapp:     16: java.lang.String com.facebook.react.bridge.CatalystInstanceImpl.getNameFromAnnotation(java.lang.Class)
01-23 17:29:11.986 14839 16489 E soundtherapyapp:     17: com.facebook.react.turbomodule.core.interfaces.TurboModuleRegistry com.facebook.react.bridge.CatalystInstanceImpl.getTurboModuleRegistry()
01-23 17:29:11.986 14839 16489 E soundtherapyapp:     18: void com.facebook.react.bridge.CatalystInstanceImpl.incrementPendingJSCalls()
01-23 17:29:11.986 14839 16489 E soundtherapyapp:     19: com.facebook.jni.HybridData com.facebook.react.bridge.CatalystInstanceImpl.initHybrid()
01-23 17:29:11.986 14839 16489 E soundtherapyapp:     20: void com.facebook.react.bridge.CatalystInstanceImpl.initializeBridge(com.facebook.react.bridge.ReactCallback, com.facebook.react.bridge.JavaScriptExecutor, com.facebook.react.bridge.queue.MessageQueueThread, com.facebook.react.bridge.queue.MessageQueueThread, java.util.Collection, java.util.Collection)
01-23 17:29:11.986 14839 16489 E soundtherapyapp:     21: void com.facebook.react.bridge.CatalystInstanceImpl.jniCallJSCallback(int, com.facebook.react.bridge.NativeArray)
01-23 17:29:11.986 14839 16489 E soundtherapyapp:     22: void com.facebook.react.bridge.CatalystInstanceImpl.jniCallJSFunction(java.lang.String, java.lang.String, com.facebook.react.bridge.NativeArray)
01-23 17:29:11.986 14839 16489 E soundtherapyapp:     23: void com.facebook.react.bridge.CatalystInstanceImpl.jniExtendNativeModules(java.util.Collection, java.util.Collection)
01-23 17:29:11.986 14839 16489 E soundtherapyapp:     24: void com.facebook.react.bridge.CatalystInstanceImpl.jniHandleMemoryPressure(int)
01-23 17:29:11.986 14839 16489 E soundtherapyapp:     25: void com.facebook.react.bridge.CatalystInstanceImpl.jniLoadScriptFromAssets(android.content.res.AssetManager, java.lang.String, boolean)
01-23 17:29:11.986 14839 16489 E soundtherapyapp:     26: void com.facebook.react.bridge.CatalystInstanceImpl.jniLoadScriptFromFile(java.lang.String, java.lang.String, boolean)
01-23 17:29:11.986 14839 16489 E soundtherapyapp:     27: void com.facebook.react.bridge.CatalystInstanceImpl.jniRegisterSegment(int, java.lang.String)
01-23 17:29:11.986 14839 16489 E soundtherapyapp:     28: void com.facebook.react.bridge.CatalystInstanceImpl.jniSetSourceURL(java.lang.String)
01-23 17:29:11.986 14839 16489 E soundtherapyapp:     29: void com.facebook.react.bridge.CatalystInstanceImpl.onNativeException(java.lang.Exception)
01-23 17:29:11.986 14839 16489 E soundtherapyapp:   fields (23 entries):
01-23 17:29:11.986 14839 16489 E soundtherapyapp:      0: instance boolean com.facebook.react.bridge.CatalystInstanceImpl.mAcceptCalls
01-23 17:29:11.986 14839 16489 E soundtherapyapp:      1: instance java.util.concurrent.CopyOnWriteArrayList com.facebook.react.bridge.CatalystInstanceImpl.mBridgeIdleListeners
01-23 17:29:11.986 14839 16489 E soundtherapyapp:      2: instance boolean com.facebook.react.bridge.CatalystInstanceImpl.mDestroyed
01-23 17:29:11.986 14839 16489 E soundtherapyapp:      3: instance com.facebook.jni.HybridData com.facebook.react.bridge.CatalystInstanceImpl.mHybridData
01-23 17:29:11.986 14839 16489 E soundtherapyapp:      4: instance boolean com.facebook.react.bridge.CatalystInstanceImpl.mInitialized
01-23 17:29:11.986 14839 16489 E soundtherapyapp:      5: instance boolean com.facebook.react.bridge.CatalystInstanceImpl.mJSBundleHasLoaded
01-23 17:29:11.986 14839 16489 E soundtherapyapp:      6: instance com.facebook.react.bridge.JSBundleLoader com.facebook.react.bridge.CatalystInstanceImpl.mJSBundleLoader
01-23 17:29:11.986 14839 16489 E soundtherapyapp:      7: instance java.util.ArrayList com.facebook.react.bridge.CatalystInstanceImpl.mJSCallsPendingInit
01-23 17:29:11.986 14839 16489 E soundtherapyapp:      8: instance java.lang.Object com.facebook.react.bridge.CatalystInstanceImpl.mJSCallsPendingInitLock
01-23 17:29:11.986 14839 16489 E soundtherapyapp:      9: instance com.facebook.react.bridge.JSExceptionHandler com.facebook.react.bridge.CatalystInstanceImpl.mJSExceptionHandler
01-23 17:29:11.986 14839 16489 E soundtherapyapp:     10: instance com.facebook.react.bridge.JSIModuleRegistry com.facebook.react.bridge.CatalystInstanceImpl.mJSIModuleRegistry
01-23 17:29:11.986 14839 16489 E soundtherapyapp:     11: instance com.facebook.react.bridge.JavaScriptModuleRegistry com.facebook.react.bridge.CatalystInstanceImpl.mJSModuleRegistry
01-23 17:29:11.986 14839 16489 E soundtherapyapp:     12: instance com.facebook.react.bridge.JavaScriptContextHolder com.facebook.react.bridge.CatalystInstanceImpl.mJavaScriptContextHolder
01-23 17:29:11.986 14839 16489 E soundtherapyapp:     13: instance java.lang.String com.facebook.react.bridge.CatalystInstanceImpl.mJsPendingCallsTitleForTrace
01-23 17:29:11.986 14839 16489 E soundtherapyapp:     14: instance com.facebook.react.bridge.NativeModuleRegistry com.facebook.react.bridge.CatalystInstanceImpl.mNativeModuleRegistry
01-23 17:29:11.986 14839 16489 E soundtherapyapp:     15: instance com.facebook.react.bridge.queue.MessageQueueThread com.facebook.react.bridge.CatalystInstanceImpl.mNativeModulesQueueThread
01-23 17:29:11.986 14839 16489 E soundtherapyapp:     16: instance java.util.concurrent.atomic.AtomicInteger com.facebook.react.bridge.CatalystInstanceImpl.mPendingJSCalls
01-23 17:29:11.986 14839 16489 E soundtherapyapp:     17: instance com.facebook.react.bridge.queue.ReactQueueConfigurationImpl com.facebook.react.bridge.CatalystInstanceImpl.mReactQueueConfiguration
01-23 17:29:11.986 14839 16489 E soundtherapyapp:     18: instance java.lang.String com.facebook.react.bridge.CatalystInstanceImpl.mSourceURL
01-23 17:29:11.986 14839 16489 E soundtherapyapp:     19: instance com.facebook.systrace.TraceListener com.facebook.react.bridge.CatalystInstanceImpl.mTraceListener
01-23 17:29:11.986 14839 16489 E soundtherapyapp:     20: instance com.facebook.react.bridge.JSIModule com.facebook.react.bridge.CatalystInstanceImpl.mTurboModuleManagerJSIModule
01-23 17:29:11.986 14839 16489 E soundtherapyapp:     21: instance com.facebook.react.turbomodule.core.interfaces.TurboModuleRegistry com.facebook.react.bridge.CatalystInstanceImpl.mTurboModuleRegistry
01-23 17:29:11.986 14839 16489 E soundtherapyapp:     22: static java.util.concurrent.atomic.AtomicInteger com.facebook.react.bridge.CatalystInstanceImpl.sNextInstanceIdForTrace
01-23 17:29:11.986 14839 16489 E soundtherapyapp: Failed to register native method com.facebook.react.bridge.CatalystInstanceImpl.initializeBridge(Lcom/facebook/react/bridge/CatalystInstanceImpl$InstanceCallback;Lcom/facebook/react/bridge/JavaScriptExecutor;Lcom/facebook/react/bridge/queue/MessageQueueThread;Lcom/facebook/react/bridge/queue/MessageQueueThread;Ljava/util/Collection;Ljava/util/Collection;Lcom/facebook/react/bridge/ReactInstanceManagerInspectorTarget;)V in /data/app/~~-IdH0SAMaGRCxY3OLDCfow==/com.soundtherapyapp-Apns-q-EDkSQuHyVxHLJ_A==/base.apk
01-23 17:29:11.987  5321  5801 W WindowOnBackDispatcher: sendCancelIfRunning: isInProgress=false callback=android.view.ViewRootImpl$$ExternalSyntheticLambda16@81b65d2
01-23 17:29:11.987  5321  5801 W ndroid.systemui: Binder 0xb400007908fb73e0 destroyed after setInheritRt before being parceled.
01-23 17:29:11.987  2033  4624 I BpBinder: onLastStrongRef automatically unlinking death recipients: 
01-23 17:29:11.987  3278  5557 D CoreBackPreview: Window{63c0152 u0 Splash Screen com.soundtherapyapp}: Setting back callback null
01-23 17:29:11.987  3278  6260 D WindowManager: Starting window removed Window{63c0152 u0 Splash Screen com.soundtherapyapp}
01-23 17:29:11.987 14839 16489 E log     : error java.lang.NoSuchMethodError: no static or non-static method "Lcom/facebook/react/bridge/CatalystInstanceImpl;.initializeBridge(Lcom/facebook/react/bridge/CatalystInstanceImpl$InstanceCallback;Lcom/facebook/react/bridge/JavaScriptExecutor;Lcom/facebook/react/bridge/queue/MessageQueueThread;Lcom/facebook/react/bridge/queue/MessageQueueThread;Ljava/util/Collection;Ljava/util/Collection;Lcom/facebook/react/bridge/ReactInstanceManagerInspectorTarget;)V"
01-23 17:29:11.988 14839 16489 F soundtherapyapp: java_vm_ext.cc:616] JNI DETECTED ERROR IN APPLICATION: JNI NewGlobalRef called with pending exception java.lang.NoSuchMethodError: no static or non-static method "Lcom/facebook/react/bridge/CatalystInstanceImpl;.initializeBridge(Lcom/facebook/react/bridge/CatalystInstanceImpl$InstanceCallback;Lcom/facebook/react/bridge/JavaScriptExecutor;Lcom/facebook/react/bridge/queue/MessageQueueThread;Lcom/facebook/react/bridge/queue/MessageQueueThread;Ljava/util/Collection;Ljava/util/Collection;Lcom/facebook/react/bridge/ReactInstanceManagerInspectorTarget;)V"
01-23 17:29:11.988 14839 16489 F soundtherapyapp: java_vm_ext.cc:616] (Throwable with no stack trace)
01-23 17:29:11.988 14839 16489 F soundtherapyapp: java_vm_ext.cc:616] 
01-23 17:29:11.988 14839 16489 F soundtherapyapp: java_vm_ext.cc:616]     in call to NewGlobalRef
01-23 17:29:11.988 14839 16489 F soundtherapyapp: java_vm_ext.cc:616]     from java.lang.String java.lang.Runtime.nativeLoad(java.lang.String, java.lang.ClassLoader, java.lang.Class)
01-23 17:29:11.988  3278  3403 D SchedBoost: com.miui.home boosting, skip reset priority
01-23 17:29:11.988  3278  6260 W AppCompatLetterboxPolicy: start not layout letterbox Window{63c0152 u0 Splash Screen com.soundtherapyapp EXITING}
01-23 17:29:11.988  3278  6260 D BarFollowAnimation: pairAppearanceRegionAndWin win=Window{63c0152 u0 Splash Screen com.soundtherapyapp EXITING} 8
01-23 17:29:11.988  3278  6260 D BarFollowAnimation: isAppTaskBarOnTop win:Window{3b69fd0 u0 com.soundtherapyapp/com.soundtherapyapp.MainActivity} (mCurrentTopTask:Task{54a7d4a #2599 type=standard A=10428:com.soundtherapyapp} : true); (mAssociatedTask:Task{54a7d4a #2599 type=standard A=10428:com.soundtherapyapp} : true); (mHomeTask:Task{68ecabd #1 type=home} : false); mReparentToOriginParent:false mLastAppBarVisible:true mLastHomeBarVisible:false
01-23 17:29:11.989  3278  6260 D BarFollowAnimation: updateSystemBarAttributes index=0 statusId=1 key=1
01-23 17:29:11.989  3278  6260 D WindowManager: updateSystemBarAttributes displayId: 16777216 Window{3b69fd0 u0 com.soundtherapyapp/com.soundtherapyapp.MainActivity} winAppearance=
01-23 17:29:11.989  3278  6260 D MiuiRefreshRatePolicy: reset
01-23 17:29:11.989  3278  3379 I ActivityTaskManager: Displayed com.soundtherapyapp/.MainActivity for user 0: +294ms
01-23 17:29:11.989  3278  3401 D WmSystemUiDebug: on system bar attributes changed displayId=16777216 appearance= appearanceRegions=[AppearanceRegion{LIGHT_STATUS_BARS bounds=[0,0][1440,3200]}] navbarColorManagedByIme=false behavior=1 requestedVisibleTypes=[statusBars navigationBars captionBar systemGestures mandatorySystemGestures tappableElement displayCutout windowDecor systemOverlays] packageName=com.soundtherapyapp letterboxDetails=[]
01-23 17:29:11.989  3278  3404 D BarFollowAnimation: pairAppearanceRegionAndWin win=Window{63c0152 u0 Splash Screen com.soundtherapyapp EXITING} 8
01-23 17:29:11.990  3278  3404 D BarFollowAnimation: isAppTaskBarOnTop win:Window{3b69fd0 u0 com.soundtherapyapp/com.soundtherapyapp.MainActivity} (mCurrentTopTask:Task{54a7d4a #2599 type=standard A=10428:com.soundtherapyapp} : true); (mAssociatedTask:Task{54a7d4a #2599 type=standard A=10428:com.soundtherapyapp} : true); (mHomeTask:Task{68ecabd #1 type=home} : false); mReparentToOriginParent:false mLastAppBarVisible:true mLastHomeBarVisible:false
01-23 17:29:11.990  3278  3404 D MiuiRefreshRatePolicy: reset
01-23 17:29:11.990  2033  2033 D MI-SF   : isTpIdleScene ,mAverageFrameRate is 44, 0 
01-23 17:29:11.990  2033  2033 D MI-SF   : modeGroup0 mIsSupportAutomodeForMaxFpsSetting is 0(0), getCurrentBrightness() = 632(388), mIsKeepAutoMode 0 isAutoModeAllowed() 1
01-23 17:29:11.990  2033  2033 D RefreshRateSelector: fixedMode_group: 0, isFindModeGroup 0
01-23 17:29:11.990  2033  2033 D RefreshRateSelector: find max refresh rate:120, mode Group:0
01-23 17:29:11.990  5321  5321 E BoostHelper: increaseMainAndRenderThreadPriority current, don't increase
01-23 17:29:11.990  5321  5321 D CommandQueueCallback: onSystemBarAttributesChanged (16777216, 0)
01-23 17:29:11.990  3278  3404 I WindowManager: wms.showSurfaceRobustly mWin:Window{3b69fd0 u0 com.soundtherapyapp/com.soundtherapyapp.MainActivity} in Surface(name=com.soundtherapyapp/com.soundtherapyapp.MainActivity#185240)/@0xdade8fc
01-23 17:29:11.990  3278  3404 D SystemPerformanceHinter: startSession#HighPerfSession-d0-WindowAnimation
01-23 17:29:11.991  3278  3404 I DPSImpl : com.android.server.wm.WindowState hide ime, enable touchboost
01-23 17:29:11.991  3278  3404 I DPSImpl : com.android.server.wm.WindowState hide ime, enable touchboost
01-23 17:29:11.992  4686  4686 D PassBlur: textureState not update, view com.miui.home.launcher.BlurView{5420920 V.ED..... ........ 0,0-1440,3200 #7f0a026a app:id/launcher_blur_view} visible is true
01-23 17:29:11.992  3278  3405 I MiuiWallpaperSurfaceAnimation: wallpaperOffsets:xOffset=0.0,yOffset=0.0
01-23 17:29:11.992  3278  3405 D MiuiWallpaperSurfaceAnimation: updateScaleIfNeeded mPivotX: 0.5, mPivotY: 0.5, x: 0.0, y: 0.0, zoom: 1.0999522
01-23 17:29:11.992  4686  5632 D com.miui.home: backgroundBlur makeBackgroundImage (ShortcutMenuLayer-6-0xb400007838efed10), blurRadius(183), blurType(-1), blurScaleRatio(0.000000)
01-23 17:29:11.993  4686  5632 D com.miui.home: backgroundBlur makeBackgroundImage (BlurView-6-0xb400007838f44d30), blurRadius(115), blurType(-1), blurScaleRatio(0.000000)
01-23 17:29:11.994  3278  3427 W ActivityManager: Unable to open /sys/fs/cgroup/apps/uid_10135/pid_14276/cgroup.procs
01-23 17:29:11.994  3278  3427 W ActivityManager: java.io.FileNotFoundException: /sys/fs/cgroup/apps/uid_10135/pid_14276/cgroup.procs: open failed: ENOENT (No such file or directory)
01-23 17:29:11.994  3278  3427 W ActivityManager: 	at libcore.io.IoBridge.open(IoBridge.java:574)
01-23 17:29:11.994  3278  3427 W ActivityManager: 	at java.io.FileInputStream.<init>(FileInputStream.java:179)
01-23 17:29:11.994  3278  3427 W ActivityManager: 	at java.io.FileInputStream.<init>(FileInputStream.java:133)
01-23 17:29:11.994  3278  3427 W ActivityManager: 	at com.android.server.am.PhantomProcessList$Injector.openCgroupProcs(PhantomProcessList.java:616)
01-23 17:29:11.994  3278  3427 W ActivityManager: 	at com.android.server.am.PhantomProcessList.lookForPhantomProcessesLocked(PhantomProcessList.java:150)
01-23 17:29:11.994  3278  3427 W ActivityManager: 	at com.android.server.am.PhantomProcessList.setProcessGroupForPhantomProcessOfApp(PhantomProcessList.java:545)
01-23 17:29:11.994  3278  3427 W ActivityManager: 	at com.android.server.am.OomAdjuster.lambda$new$0(OomAdjuster.java:597)
01-23 17:29:11.994  3278  3427 W ActivityManager: 	at com.android.server.am.OomAdjuster.$r8$lambda$uOb2fkEfiodlL-R7ljyXmiY1wCQ(Unknown Source:0)
01-23 17:29:11.994  3278  3427 W ActivityManager: 	at com.android.server.am.OomAdjuster$$ExternalSyntheticLambda0.handleMessage(D8$$SyntheticClass:0)
01-23 17:29:11.994  3278  3427 W ActivityManager: 	at android.os.Handler.dispatchMessage(Handler.java:106)
01-23 17:29:11.994  3278  3427 W ActivityManager: 	at android.os.Looper.loopOnce(Looper.java:267)
01-23 17:29:11.994  3278  3427 W ActivityManager: 	at android.os.Looper.loop(Looper.java:360)
01-23 17:29:11.994  3278  3427 W ActivityManager: 	at android.os.HandlerThread.run(HandlerThread.java:85)
01-23 17:29:11.994  3278  3427 W ActivityManager: 	at com.android.server.ServiceThread.run(ServiceThread.java:49)
01-23 17:29:11.994  3278  3427 W ActivityManager: Caused by: android.system.ErrnoException: open failed: ENOENT (No such file or directory)
01-23 17:29:11.994  3278  3427 W ActivityManager: 	at libcore.io.Linux.open(Native Method)
01-23 17:29:11.994  3278  3427 W ActivityManager: 	at libcore.io.ForwardingOs.open(ForwardingOs.java:568)
01-23 17:29:11.994  3278  3427 W ActivityManager: 	at libcore.io.BlockGuardOs.open(BlockGuardOs.java:274)
01-23 17:29:11.994  3278  3427 W ActivityManager: 	at libcore.io.IoBridge.open(IoBridge.java:560)
01-23 17:29:11.994  3278  3427 W ActivityManager: 	... 13 more
01-23 17:29:11.998  2033  2033 D MI-SF   : isTpIdleScene ,mAverageFrameRate is 44, 0 
01-23 17:29:11.998  2033  2033 D MI-SF   : modeGroup0 mIsSupportAutomodeForMaxFpsSetting is 0(0), getCurrentBrightness() = 632(388), mIsKeepAutoMode 0 isAutoModeAllowed() 1
01-23 17:29:11.998  2033  2033 D RefreshRateSelector: fixedMode_group: 0, isFindModeGroup 0
01-23 17:29:11.998  2033  2033 D RefreshRateSelector: find max refresh rate:120, mode Group:0
01-23 17:29:11.999  2033  2109 D RenderEngine: makePassBlurBetterDownShader layername:Wallpaper BBQ wrapper#64
01-23 17:29:11.999  3278  3405 I MiuiWallpaperSurfaceAnimation: wallpaperOffsets:xOffset=0.0,yOffset=0.0
01-23 17:29:11.999  3278  3405 D MiuiWallpaperSurfaceAnimation: updateScaleIfNeeded mPivotX: 0.5, mPivotY: 0.5, x: 0.0, y: 0.0, zoom: 1.1021981
01-23 17:29:12.000  4686  4686 D PassBlur: textureState not update, view com.miui.home.launcher.BlurView{5420920 V.ED..... ........ 0,0-1440,3200 #7f0a026a app:id/launcher_blur_view} visible is true
01-23 17:29:12.000  2033  2033 D RefreshRateSelector: Touch Boost
01-23 17:29:12.000  4686  5632 D com.miui.home: backgroundBlur makeBackgroundImage (ShortcutMenuLayer-6-0xb400007838efed10), blurRadius(183), blurType(-1), blurScaleRatio(0.000000)
01-23 17:29:12.001  4686  5632 D com.miui.home: backgroundBlur makeBackgroundImage (BlurView-6-0xb400007838f44d30), blurRadius(116), blurType(-1), blurScaleRatio(0.000000)
01-23 17:29:12.005  1963  2404 D AudioFlingerImpl: setGameParameters keyvalue: gamebooster=false
01-23 17:29:12.005  1963  2404 D DeviceHalAidl: [default] setParameters: parameters: "gamebooster=false"
01-23 17:29:12.005  1816 21305 I AHAL_ModulePrimary_MI: setVendorParameters: parameter count 1, async: 0
01-23 17:29:12.005  1816 21305 D AHAL_ModulePrimary_MI: setVendorParameters parameters id = gamebooster val false
01-23 17:29:12.005  1816 21305 D AHAL_ModulePrimary_MI: setVendorParameters: enter miam_setParameters_v2 ret = -2
01-23 17:29:12.005  1816 21305 D AHAL_ModulePrimary_QTI: setVendorParameters: parameter count 1, async: 0
01-23 17:29:12.005  1816 21305 D AHAL_HFP_QTI: hfp_set_parameters enter
01-23 17:29:12.005  1816 21305 D AHAL_HFP_QTI: hfp_set_parameters Exit
01-23 17:29:12.005  1963  2404 D DeviceHalAidl: [usb] setParameters: parameters: "gamebooster=false"
01-23 17:29:12.005  1963  2404 E ConversionHelperAidl: Function: parseAndSetVendorParameters Line: 94 Failed 
01-23 17:29:12.005  1963  2404 D DeviceHalAidl: [r_submix] setParameters: parameters: "gamebooster=false"
01-23 17:29:12.005  1816 21305 D AHAL_ModuleRemoteSubmix: setVendorParameters: parameter count 1, async: 0
01-23 17:29:12.005  1816 21305 D AHAL_ModuleRemoteSubmix: setVendorParameters parameters id = gamebooster val false
01-23 17:29:12.005  1963  2404 E ConversionHelperAidl: Function: parseAndSetVendorParameters Line: 94 Failed 
01-23 17:29:12.005  1963  2404 D DeviceHalAidl: [bluetooth] setParameters: parameters: "gamebooster=false"
01-23 17:29:12.005  1963  2404 E ConversionHelperAidl: Function: parseAndSetVendorParameters Line: 94 Failed 
01-23 17:29:12.006  2033  2033 D RefreshRateSelector: Touch Boost
01-23 17:29:12.008  3278  3405 I MiuiWallpaperSurfaceAnimation: wallpaperOffsets:xOffset=0.0,yOffset=0.0
01-23 17:29:12.008  3278  3405 D MiuiWallpaperSurfaceAnimation: updateScaleIfNeeded mPivotX: 0.5, mPivotY: 0.5, x: 0.0, y: 0.0, zoom: 1.1043309
01-23 17:29:12.009  4686  5632 D com.miui.home: backgroundBlur makeBackgroundImage (ShortcutMenuLayer-6-0xb400007838efed10), blurRadius(183), blurType(-1), blurScaleRatio(0.000000)
01-23 17:29:12.009  4686  5632 D com.miui.home: backgroundBlur makeBackgroundImage (BlurView-6-0xb400007838f44d30), blurRadius(116), blurType(-1), blurScaleRatio(0.000000)
01-23 17:29:12.014  2033  2033 D RefreshRateSelector: Touch Boost
01-23 17:29:12.016  3278  3405 I MiuiWallpaperSurfaceAnimation: wallpaperOffsets:xOffset=0.0,yOffset=0.0
01-23 17:29:12.016  3278  3405 D MiuiWallpaperSurfaceAnimation: updateScaleIfNeeded mPivotX: 0.5, mPivotY: 0.5, x: 0.0, y: 0.0, zoom: 1.1063547
01-23 17:29:12.016  4686  4686 D PassBlur: textureState not update, view com.miui.home.launcher.BlurView{5420920 V.ED..... ........ 0,0-1440,3200 #7f0a026a app:id/launcher_blur_view} visible is true
01-23 17:29:12.017  4686  5632 D com.miui.home: backgroundBlur makeBackgroundImage (ShortcutMenuLayer-6-0xb400007838efed10), blurRadius(183), blurType(-1), blurScaleRatio(0.000000)
01-23 17:29:12.017  4686  5632 D com.miui.home: backgroundBlur makeBackgroundImage (BlurView-6-0xb400007838f44d30), blurRadius(117), blurType(-1), blurScaleRatio(0.000000)
01-23 17:29:12.018 14839 14839 I HandWritingStubImpl: refreshLastKeyboardType: 1
01-23 17:29:12.018 14839 14839 I HandWritingStubImpl: getCurrentKeyboardType: 1
01-23 17:29:12.019 12372 12836 W SmartPhoneTag_l: wait for file delete
01-23 17:29:12.019  3278  3961 I ImeTracker: com.soundtherapyapp:9124d875: onRequestHide at ORIGIN_SERVER reason HIDE_UNSPECIFIED_WINDOW fromUser false
01-23 17:29:12.019  3278  3961 W SecurityInputMethodSwitcher: first check switch to security ime: false
01-23 17:29:12.019  3278  3961 W SecurityInputMethodSwitcher: double check switch to security ime: false
01-23 17:29:12.019  3278  3961 W SecurityInputMethodSwitcher: switch to other input method from security ime:false mayChangeToMiuiSecurityInputMethod: false current focus window: android.os.BinderProxy@588a393
01-23 17:29:12.020 14839 14839 D InsetsController: hide(ime(), fromIme=false)
01-23 17:29:12.020 14839 14839 I ImeTracker: com.soundtherapyapp:9124d875: onCancelled at PHASE_CLIENT_ALREADY_HIDDEN
01-23 17:29:12.020  3278  3961 D InputMethodManagerService: startInputUncheckedLocked:set client state as:ClientState{df57c56 mUid=10428 mPid=14839 mSelfReportedDisplayId=0}
01-23 17:29:12.020 26807 26807 D SogouIME: onUnbindInput: editorInfo:com.miui.home 23283531
01-23 17:29:12.021 26807 26807 D SogouIME: onBindInput: editorInfo:com.miui.home 23283531
01-23 17:29:12.021  3278  5557 D InputMethodManagerServiceImpl: ime switch to security: false , switch to normal ime: false , switch from security: false
01-23 17:29:12.021 26807 26807 D SogouIME: onFinishInput: attribute:com.miui.home 23283531
01-23 17:29:12.021 26807 26807 D threadProvider: executeTask: pingback for sogou.pingback.h
01-23 17:29:12.021 26807 26807 D threadProvider: executeTask: pingback for sogou.pingback.i
01-23 17:29:12.021 14839 14839 I HandWritingStubImpl: getCurrentKeyboardType: 1
01-23 17:29:12.021 26807 26807 D threadProvider: executeTask: pingback for sogou.pingback.i
01-23 17:29:12.021 26807 26807 D MainImeServiceDel: doOnFinishInput: 
01-23 17:29:12.021 26807 26807 D InputLogic: resetChinese: 
01-23 17:29:12.021  3278  5557 I ImeTracker: system_server:86017da2: onRequestHide at ORIGIN_SERVER reason IME_REQUESTED_CHANGED_LISTENER fromUser false
01-23 17:29:12.022  3278  3403 I ImeTracker: system_server:86017da2: onCancelled at PHASE_SERVER_SHOULD_HIDE
01-23 17:29:12.022 10211 10304 D MirrorManager:  sendAcceptInput 0 0
01-23 17:29:12.022 26807 26807 D SogouIME: onStartInput: attribute:com.soundtherapyapp 241037693 restarting:false
01-23 17:29:12.022 26807 26807 D NativeMemRecycler: activeCoreAlways inputType=2
01-23 17:29:12.023  2033  2033 D RefreshRateSelector: Touch Boost
01-23 17:29:12.024  3278  3404 D BarFollowAnimation: pairAppearanceRegionAndWin win=Window{63c0152 u0 Splash Screen com.soundtherapyapp EXITING} 8
01-23 17:29:12.024  3278  3404 D BarFollowAnimation: isAppTaskBarOnTop win:Window{3b69fd0 u0 com.soundtherapyapp/com.soundtherapyapp.MainActivity} (mCurrentTopTask:Task{54a7d4a #2599 type=standard A=10428:com.soundtherapyapp} : true); (mAssociatedTask:Task{54a7d4a #2599 type=standard A=10428:com.soundtherapyapp} : true); (mHomeTask:Task{68ecabd #1 type=home} : false); mReparentToOriginParent:false mLastAppBarVisible:true mLastHomeBarVisible:false
01-23 17:29:12.024  3278  3404 D MiuiRefreshRatePolicy: reset
01-23 17:29:12.025  4686  5632 D com.miui.home: backgroundBlur makeBackgroundImage (ShortcutMenuLayer-6-0xb400007838efed10), blurRadius(183), blurType(-1), blurScaleRatio(0.000000)
01-23 17:29:12.025  2517  2616 E IPCThreadState: Binder transaction failure. id: 258980582, BR_*: 29201, error: -1 (Operation not permitted)
01-23 17:29:12.025  2517  2616 W BpBinder: Large outgoing transaction of 108 bytes, interface descriptor , code 1 was sent
01-23 17:29:12.026  3278  3405 I MiuiWallpaperSurfaceAnimation: wallpaperOffsets:xOffset=0.0,yOffset=0.0
01-23 17:29:12.026  3278  3405 D MiuiWallpaperSurfaceAnimation: updateScaleIfNeeded mPivotX: 0.5, mPivotY: 0.5, x: 0.0, y: 0.0, zoom: 1.1082736
01-23 17:29:12.026  4686  5632 D com.miui.home: backgroundBlur makeBackgroundImage (BlurView-6-0xb400007838f44d30), blurRadius(117), blurType(-1), blurScaleRatio(0.000000)
01-23 17:29:12.031  2033  2033 D RefreshRateSelector: Touch Boost
01-23 17:29:12.031  2033  2109 D RenderEngine: makePassBlurBetterDownShader layername:Wallpaper BBQ wrapper#64
01-23 17:29:12.033  4686  4686 D PassBlur: textureState not update, view com.miui.home.launcher.BlurView{5420920 V.ED..... ........ 0,0-1440,3200 #7f0a026a app:id/launcher_blur_view} visible is true
01-23 17:29:12.033  3278  3405 I MiuiWallpaperSurfaceAnimation: wallpaperOffsets:xOffset=0.0,yOffset=0.0
01-23 17:29:12.033  3278  3405 D MiuiWallpaperSurfaceAnimation: updateScaleIfNeeded mPivotX: 0.5, mPivotY: 0.5, x: 0.0, y: 0.0, zoom: 1.1100918
01-23 17:29:12.034  4686  5632 D com.miui.home: backgroundBlur makeBackgroundImage (ShortcutMenuLayer-6-0xb400007838efed10), blurRadius(183), blurType(-1), blurScaleRatio(0.000000)
01-23 17:29:12.034  4686  5632 D com.miui.home: backgroundBlur makeBackgroundImage (BlurView-6-0xb400007838f44d30), blurRadius(118), blurType(-1), blurScaleRatio(0.000000)
01-23 17:29:12.039  2033  2033 D RefreshRateSelector: Touch Boost
01-23 17:29:12.039  3278  3404 I DPSImpl : com.android.server.wm.WindowState hide ime, enable touchboost
01-23 17:29:12.039  3278  3404 I DPSImpl : com.android.server.wm.WindowState hide ime, enable touchboost
01-23 17:29:12.042  3278  3405 I MiuiWallpaperSurfaceAnimation: wallpaperOffsets:xOffset=0.0,yOffset=0.0
01-23 17:29:12.042  3278  3405 D MiuiWallpaperSurfaceAnimation: updateScaleIfNeeded mPivotX: 0.5, mPivotY: 0.5, x: 0.0, y: 0.0, zoom: 1.1118137
01-23 17:29:12.042  4686  5632 D com.miui.home: backgroundBlur makeBackgroundImage (ShortcutMenuLayer-6-0xb400007838efed10), blurRadius(183), blurType(-1), blurScaleRatio(0.000000)
01-23 17:29:12.042  4686  5632 D com.miui.home: backgroundBlur makeBackgroundImage (BlurView-6-0xb400007838f44d30), blurRadius(118), blurType(-1), blurScaleRatio(0.000000)
01-23 17:29:12.045 26807 26807 D SogouIME: checkFractionChange: 
01-23 17:29:12.047  2033  2033 D RefreshRateSelector: Touch Boost
01-23 17:29:12.050  3278  3405 I MiuiWallpaperSurfaceAnimation: wallpaperOffsets:xOffset=0.0,yOffset=0.0
01-23 17:29:12.050  3278  3405 D MiuiWallpaperSurfaceAnimation: updateScaleIfNeeded mPivotX: 0.5, mPivotY: 0.5, x: 0.0, y: 0.0, zoom: 1.1134433
01-23 17:29:12.050  4686  5632 D com.miui.home: backgroundBlur makeBackgroundImage (ShortcutMenuLayer-6-0xb400007838efed10), blurRadius(183), blurType(-1), blurScaleRatio(0.000000)
01-23 17:29:12.050  4686  5632 D com.miui.home: backgroundBlur makeBackgroundImage (BlurView-6-0xb400007838f44d30), blurRadius(118), blurType(-1), blurScaleRatio(0.000000)
01-23 17:29:12.055  2033  2033 D RefreshRateSelector: Touch Boost
01-23 17:29:12.058  3278  3405 I MiuiWallpaperSurfaceAnimation: wallpaperOffsets:xOffset=0.0,yOffset=0.0
01-23 17:29:12.058  3278  3405 D MiuiWallpaperSurfaceAnimation: updateScaleIfNeeded mPivotX: 0.5, mPivotY: 0.5, x: 0.0, y: 0.0, zoom: 1.1149846
01-23 17:29:12.058  4686  5632 D com.miui.home: backgroundBlur makeBackgroundImage (ShortcutMenuLayer-6-0xb400007838efed10), blurRadius(183), blurType(-1), blurScaleRatio(0.000000)
01-23 17:29:12.059  4686  5632 D com.miui.home: backgroundBlur makeBackgroundImage (BlurView-6-0xb400007838f44d30), blurRadius(118), blurType(-1), blurScaleRatio(0.000000)
01-23 17:29:12.062  3278  4431 E HyperSentinel: ->pid:14839,processName:"com.soundtherapyapp",Rss Memory Size Change 225544kb -> 297216kb
01-23 17:29:12.064  2033  2033 D RefreshRateSelector: Touch Boost
01-23 17:29:12.064  2033  2109 D RenderEngine: makePassBlurBetterDownShader layername:Wallpaper BBQ wrapper#64
01-23 17:29:12.066 14839 16489 F soundtherapyapp: runtime.cc:791] Runtime aborting...
01-23 17:29:12.066 14839 16489 F soundtherapyapp: runtime.cc:791] Dumping all threads without mutator lock held
01-23 17:29:12.066 14839 16489 F soundtherapyapp: runtime.cc:791] All threads:
01-23 17:29:12.066 14839 16489 F soundtherapyapp: runtime.cc:791] DALVIK THREADS (42):
01-23 17:29:12.066 14839 16489 F soundtherapyapp: runtime.cc:791] "main" prio=10 tid=1 Native
01-23 17:29:12.066 14839 16489 F soundtherapyapp: runtime.cc:791]   | group="" sCount=1 ucsCount=0 flags=1 obj=0x7355cd08 self=0xb400007858eb77b0
01-23 17:29:12.066 14839 16489 F soundtherapyapp: runtime.cc:791]   | sysTid=14839 nice=-10 cgrp=top-app sched=0/0 handle=0x7a4811d098
01-23 17:29:12.066 14839 16489 F soundtherapyapp: runtime.cc:791]   | state=S schedstat=( 218959869 11230465 192 ) utm=14 stm=7 core=6 HZ=100
01-23 17:29:12.066 14839 16489 F soundtherapyapp: runtime.cc:791]   | stack=0x7fcc6e6000-0x7fcc6e8000 stackSize=8188KB
01-23 17:29:12.066 14839 16489 F soundtherapyapp: runtime.cc:791]   | held mutexes=
01-23 17:29:12.066 14839 16489 F soundtherapyapp: runtime.cc:791]   native: #00 pc 000989e0  /apex/com.android.runtime/lib64/bionic/libc.so (syscall+32) (BuildId: 3ee8ca9643cb4c3c3165b0f2487e632f)
01-23 17:29:12.066 14839 16489 F soundtherapyapp: runtime.cc:791]   native: #01 pc 00427d10  /apex/com.android.art/lib64/libart.so (art::ConditionVariable::WaitHoldingLocks+140) (BuildId: 19202f1d78b67ebc4cd66e407b9fdbc8)
01-23 17:29:12.066 14839 16489 F soundtherapyapp: runtime.cc:791]   native: #02 pc 005ec7e8  /apex/com.android.art/lib64/libart.so (artJniMethodEnd+124) (BuildId: 19202f1d78b67ebc4cd66e407b9fdbc8)
01-23 17:29:12.066 14839 16489 F soundtherapyapp: runtime.cc:791]   native: #03 pc 006acb1c  /apex/com.android.art/lib64/libart.so (art_jni_method_end+12) (BuildId: 19202f1d78b67ebc4cd66e407b9fdbc8)
01-23 17:29:12.066 14839 16489 F soundtherapyapp: runtime.cc:791]   native: #04 pc 001494e8  [anon_shmem:dalvik-jit-code-cache] (offset 2000000) (art_jni_trampoline+280)
01-23 17:29:12.066 14839 16489 F soundtherapyapp: runtime.cc:791]   native: #05 pc 00057acc  [anon_shmem:dalvik-jit-code-cache] (offset 2000000) (android.os.MessageQueue.nextLegacy+412)
01-23 17:29:12.066 14839 16489 F soundtherapyapp: runtime.cc:791]   native: #06 pc 000577d8  [anon_shmem:dalvik-jit-code-cache] (offset 2000000) (android.os.MessageQueue.next+120)
01-23 17:29:12.066 14839 16489 F soundtherapyapp: runtime.cc:791]   native: #07 pc 0005690c  [anon_shmem:dalvik-jit-code-cache] (offset 2000000) (android.os.Looper.loopOnce+172)
01-23 17:29:12.066 14839 16489 F soundtherapyapp: runtime.cc:791]   native: #08 pc 0034de60  /apex/com.android.art/lib64/libart.so (art_quick_invoke_static_stub+640) (BuildId: 19202f1d78b67ebc4cd66e407b9fdbc8)
01-23 17:29:12.066 14839 16489 F soundtherapyapp: runtime.cc:791]   native: #09 pc 00683884  /apex/com.android.art/lib64/libart.so (bool art::interpreter::DoCall<false>+2056) (BuildId: 19202f1d78b67ebc4cd66e407b9fdbc8)
01-23 17:29:12.066 14839 16489 F soundtherapyapp: runtime.cc:791]   native: #10 pc 0068d488  /apex/com.android.art/lib64/libart.so (void art::interpreter::ExecuteSwitchImplCpp<false>+1412) (BuildId: 19202f1d78b67ebc4cd66e407b9fdbc8)
01-23 17:29:12.066 14839 16489 F soundtherapyapp: runtime.cc:791]   native: #11 pc 0028a418  /apex/com.android.art/lib64/libart.so (ExecuteSwitchImplAsm+8) (BuildId: 19202f1d78b67ebc4cd66e407b9fdbc8)
01-23 17:29:12.066 14839 16489 F soundtherapyapp: runtime.cc:791]   native: #12 pc 00293c2c  /system/framework/framework.jar (offset 1247000) (android.os.Looper.loop)
01-23 17:29:12.066 14839 16489 F soundtherapyapp: runtime.cc:791]   native: #13 pc 00289e04  /apex/com.android.art/lib64/libart.so (art::interpreter::ArtInterpreterToInterpreterBridge+420) (BuildId: 19202f1d78b67ebc4cd66e407b9fdbc8)
01-23 17:29:12.066 14839 16489 F soundtherapyapp: runtime.cc:791]   native: #14 pc 00683874  /apex/com.android.art/lib64/libart.so (bool art::interpreter::DoCall<false>+2040) (BuildId: 19202f1d78b67ebc4cd66e407b9fdbc8)
01-23 17:29:12.066 14839 16489 F soundtherapyapp: runtime.cc:791]   native: #15 pc 0068d488  /apex/com.android.art/lib64/libart.so (void art::interpreter::ExecuteSwitchImplCpp<false>+1412) (BuildId: 19202f1d78b67ebc4cd66e407b9fdbc8)
01-23 17:29:12.066 14839 16489 F soundtherapyapp: runtime.cc:791]   native: #16 pc 0028a418  /apex/com.android.art/lib64/libart.so (ExecuteSwitchImplAsm+8) (BuildId: 19202f1d78b67ebc4cd66e407b9fdbc8)
01-23 17:29:12.066 14839 16489 F soundtherapyapp: runtime.cc:791]   native: #17 pc 001df968  /system/framework/framework.jar (offset 7000) (android.app.ActivityThread.main)
01-23 17:29:12.066 14839 16489 F soundtherapyapp: runtime.cc:791]   native: #18 pc 0028b8e0  /apex/com.android.art/lib64/libart.so (art::interpreter::Execute +336) (BuildId: 19202f1d78b67ebc4cd66e407b9fdbc8)
01-23 17:29:12.066 14839 16489 F soundtherapyapp: runtime.cc:791]   native: #19 pc 0028b118  /apex/com.android.art/lib64/libart.so (artQuickToInterpreterBridge+908) (BuildId: 19202f1d78b67ebc4cd66e407b9fdbc8)
01-23 17:29:12.066 14839 16489 F soundtherapyapp: runtime.cc:791]   native: #20 pc 00365038  /apex/com.android.art/lib64/libart.so (art_quick_to_interpreter_bridge+88) (BuildId: 19202f1d78b67ebc4cd66e407b9fdbc8)
01-23 17:29:12.066 14839 16489 F soundtherapyapp: runtime.cc:791]   native: #21 pc 0034de60  /apex/com.android.art/lib64/libart.so (art_quick_invoke_static_stub+640) (BuildId: 19202f1d78b67ebc4cd66e407b9fdbc8)
01-23 17:29:12.066 14839 16489 F soundtherapyapp: runtime.cc:791]   native: #22 pc 00347a34  /apex/com.android.art/lib64/libart.so (_jobject* art::InvokeMethod<8>+548) (BuildId: 19202f1d78b67ebc4cd66e407b9fdbc8)
01-23 17:29:12.066 14839 16489 F soundtherapyapp: runtime.cc:791]   native: #23 pc 0032b414  /apex/com.android.art/lib64/libart.so (art::Method_invoke +36) (BuildId: 19202f1d78b67ebc4cd66e407b9fdbc8)
01-23 17:29:12.066 14839 16489 F soundtherapyapp: runtime.cc:791]   native: #24 pc 00364f00  /apex/com.android.art/lib64/libart.so (art_quick_generic_jni_trampoline+144) (BuildId: 19202f1d78b67ebc4cd66e407b9fdbc8)
01-23 17:29:12.066 14839 16489 F soundtherapyapp: runtime.cc:791]   native: #25 pc 0034db94  /apex/com.android.art/lib64/libart.so (art_quick_invoke_stub+612) (BuildId: 19202f1d78b67ebc4cd66e407b9fdbc8)
01-23 17:29:12.066 14839 16489 F soundtherapyapp: runtime.cc:791]   native: #26 pc 006836a8  /apex/com.android.art/lib64/libart.so (bool art::interpreter::DoCall<false>+1580) (BuildId: 19202f1d78b67ebc4cd66e407b9fdbc8)
01-23 17:29:12.066 14839 16489 F soundtherapyapp: runtime.cc:791]   native: #27 pc 0068d344  /apex/com.android.art/lib64/libart.so (void art::interpreter::ExecuteSwitchImplCpp<false>+1088) (BuildId: 19202f1d78b67ebc4cd66e407b9fdbc8)
01-23 17:29:12.066 14839 16489 F soundtherapyapp: runtime.cc:791]   native: #28 pc 0028a418  /apex/com.android.art/lib64/libart.so (ExecuteSwitchImplAsm+8) (BuildId: 19202f1d78b67ebc4cd66e407b9fdbc8)
01-23 17:29:12.066 14839 16489 F soundtherapyapp: runtime.cc:791]   native: #29 pc 0036121c  /system/framework/framework.jar (offset 2417000) (com.android.internal.os.RuntimeInit$MethodAndArgsCaller.run)
01-23 17:29:12.066 14839 16489 F soundtherapyapp: runtime.cc:791]   native: #30 pc 0028b8e0  /apex/com.android.art/lib64/libart.so (art::interpreter::Execute +336) (BuildId: 19202f1d78b67ebc4cd66e407b9fdbc8)
01-23 17:29:12.066 14839 16489 F soundtherapyapp: runtime.cc:791]   native: #31 pc 0028b118  /apex/com.android.art/lib64/libart.so (artQuickToInterpreterBridge+908) (BuildId: 19202f1d78b67ebc4cd66e407b9fdbc8)
01-23 17:29:12.066 14839 16489 F soundtherapyapp: runtime.cc:791]   native: #32 pc 00365038  /apex/com.android.art/lib64/libart.so (art_quick_to_interpreter_bridge+88) (BuildId: 19202f1d78b67ebc4cd66e407b9fdbc8)
01-23 17:29:12.066 14839 16489 F soundtherapyapp: runtime.cc:791]   at android.os.MessageQueue.nativePollOnce(Native method)
01-23 17:29:12.066 14839 16489 F soundtherapyapp: runtime.cc:791]   at android.os.MessageQueue.nextLegacy(MessageQueue.java:951)
01-23 17:29:12.066 14839 16489 F soundtherapyapp: runtime.cc:791]   at android.os.MessageQueue.next(MessageQueue.java:1094)
01-23 17:29:12.066 14839 16489 F soundtherapyapp: runtime.cc:791]   at android.os.Looper.loopOnce(Looper.java:212)
01-23 17:29:12.066 14839 16489 F soundtherapyapp: runtime.cc:791]   at android.os.Looper.loop(Looper.java:360)
01-23 17:29:12.066 14839 16489 F soundtherapyapp: runtime.cc:791]   at android.app.ActivityThread.main(ActivityThread.java:10088)
01-23 17:29:12.066 14839 16489 F soundtherapyapp: runtime.cc:791]   at java.lang.reflect.Method.invoke(Native method)
01-23 17:29:12.066 14839 16489 F soundtherapyapp: runtime.cc:791]   at com.android.internal.os.RuntimeInit$MethodAndArgsCaller.run(RuntimeInit.java:616)
01-23 17:29:12.066 14839 16489 F soundtherapyapp: runtime.cc:791]   at com.android.internal.os.ZygoteInit.main(ZygoteInit.java:1113)
01-23 17:29:12.066 14839 16489 F soundtherapyapp: runtime.cc:791] 
01-23 17:29:12.066 14839 16489 F soundtherapyapp: runtime.cc:791] "ReferenceQueueDaemon" prio=5 tid=6 Waiting
01-23 17:29:12.066 14839 16489 F soundtherapyapp: runtime.cc:791]   | group="" sCount=1 ucsCount=0 flags=1 obj=0x31b2060 self=0xb400007858ebaf50
01-23 17:29:12.066 14839 16489 F soundtherapyapp: runtime.cc:791]   | sysTid=16386 nice=4 cgrp=top-app sched=0/0 handle=0x7770cb9480
01-23 17:29:12.066 14839 16489 F soundtherapyapp: runtime.cc:791]   | state=S schedstat=( 168593 1058750 3 ) utm=0 stm=0 core=4 HZ=100
01-23 17:29:12.066 14839 16489 F soundtherapyapp: runtime.cc:791]   | stack=0x7770bb6000-0x7770bb8000 stackSize=1037KB
01-23 17:29:12.066 14839 16489 F soundtherapyapp: runtime.cc:791]   | held mutexes=
01-23 17:29:12.066 14839 16489 F soundtherapyapp: runtime.cc:791]   native: #00 pc 000989e0  /apex/com.android.runtime/lib64/bionic/libc.so (syscall+32) (BuildId: 3ee8ca9643cb4c3c3165b0f2487e632f)
01-23 17:29:12.066 14839 16489 F soundtherapyapp: runtime.cc:791]   native: #01 pc 00427d10  /apex/com.android.art/lib64/libart.so (art::ConditionVariable::WaitHoldingLocks+140) (BuildId: 19202f1d78b67ebc4cd66e407b9fdbc8)
01-23 17:29:12.066 14839 16489 F soundtherapyapp: runtime.cc:791]   native: #02 pc 00296720  /apex/com.android.art/lib64/libart.so (art::Monitor::Wait+6348) (BuildId: 19202f1d78b67ebc4cd66e407b9fdbc8)
01-23 17:29:12.066 14839 16489 F soundtherapyapp: runtime.cc:791]   native: #03 pc 00364f00  /apex/com.android.art/lib64/libart.so (art_quick_generic_jni_trampoline+144) (BuildId: 19202f1d78b67ebc4cd66e407b9fdbc8)
01-23 17:29:12.066 14839 16489 F soundtherapyapp: runtime.cc:791]   native: #04 pc 0034db94  /apex/com.android.art/lib64/libart.so (art_quick_invoke_stub+612) (BuildId: 19202f1d78b67ebc4cd66e407b9fdbc8)
01-23 17:29:12.066 14839 16489 F soundtherapyapp: runtime.cc:791]   native: #05 pc 006836a8  /apex/com.android.art/lib64/libart.so (bool art::interpreter::DoCall<false>+1580) (BuildId: 19202f1d78b67ebc4cd66e407b9fdbc8)
01-23 17:29:12.066 14839 16489 F soundtherapyapp: runtime.cc:791]   native: #06 pc 0068d344  /apex/com.android.art/lib64/libart.so (void art::interpreter::ExecuteSwitchImplCpp<false>+1088) (BuildId: 19202f1d78b67ebc4cd66e407b9fdbc8)
