01-23 17:29:11.895  5321  5646 D MiuiDecorationController: relayout:: taskId=2599 mRunningTaskInfo.mStatusBarParent=Surface(name=StatusBar Container of Task = 2599#185220)/@0x8b35d59 taskInfo.mStatusBarParent=Surface(name=StatusBar Container of Task = 2599#185220)/@0x8f388a
01-23 17:29:11.895  3278  6006 D BarFollowAnimation: onTaskInfoChanedForCaptionBar Task{68ecabd #1 type=home} shouldbeVisible:false isVisible:true isOnTop:false windowMode:1 preDisplayId:-1 displayId:0 mCaptionAssociatedTask:null mIsTouchedInCaption:false
01-23 17:29:11.895  5321  5646 D MiuiDecorationController: relayout:: taskId=2599 mRunningTaskInfo.mNavBarParent=Surface(name=NavigationBar Container of Task = 2599#185219)/@0x6a60d1e taskInfo.mNavBarParent=Surface(name=NavigationBar Container of Task = 2599#185219)/@0x4f14efb
01-23 17:29:11.895  3278  6006 D BarFollowAnimation: onTaskInfoChanedForCaptionBar Task{54a7d4a #2599 type=standard A=10428:com.soundtherapyapp} shouldbeVisible:true isVisible:true isOnTop:true windowMode:1 preDisplayId:-1 displayId:0 mCaptionAssociatedTask:null mIsTouchedInCaption:false
01-23 17:29:11.895  5321  5646 D MiuiDecorationController: relayout::taskId=2599, visible=true, bounds=Rect(0, 0 - 1440, 3200), focused=false, oldImmersive=false, newImmersive=false, windowMode=1, activityType=1, displayId=0, baseActivity=ComponentInfo{com.soundtherapyapp/com.soundtherapyapp.MainActivity}, topActivity=ComponentInfo{com.soundtherapyapp/com.soundtherapyapp.MainActivity}, callers=com.android.wm.shell.multitasking.miuimultiwinswitch.miuiwindowdecor.decoration.MiuiDecorationController.relayout:4 com.android.wm.shell.multitasking.miuimultiwinswitch.miuiwindowdecor.MulWinSwitchDecorViewModel.onTaskInfoChanged:18 com.android.wm.shell.multitasking.common.taskmanager.MultiTaskingTaskListener.onTaskInfoChanged:47 com.android.wm.shell.ShellTaskOrganizer.onTaskInfoChanged:129 android.window.TaskOrganizer$1.lambda$onTaskInfoChanged$6:300 
01-23 17:29:11.895  3278  6006 D BarFollowAnimation: isAppTaskBarOnTop win:Window{63c0152 u0 Splash Screen com.soundtherapyapp} (mCurrentTopTask:Task{54a7d4a #2599 type=standard A=10428:com.soundtherapyapp} : true); (mAssociatedTask:Task{54a7d4a #2599 type=standard A=10428:com.soundtherapyapp} : true); (mHomeTask:Task{68ecabd #1 type=home} : false); mReparentToOriginParent:false mLastAppBarVisible:true mLastHomeBarVisible:false
01-23 17:29:11.895  5321  5646 D MiuiDecorationDot: needTopCaption: isFullscreen = true isPadDevice = false isFoldInnerScreen = false canShowCaptionWhenCasting = false
01-23 17:29:11.895  5321  5646 D MiuiDecorationDot: releaseViews_TopCaption: taskId=2599
01-23 17:29:11.895  5321  5646 D MiuiDecorationDot: releaseViews_TopCaption: taskId=2599
01-23 17:29:11.895  5321  5646 D MiuiDecorationBottom: needBottomCaption: needShow = true
01-23 17:29:11.895  5321  5646 D MiuiDecorationBottom: updateRootView_BottomCaption: taskId = 2599 needBottomCaption = true bottomCaptionView = java.lang.Object@b7df9ce
01-23 17:29:11.896  5321  5646 D MiuiDecorationBottom: updateViews_BottomCaption: taskId=2599 scale=1.0 outResult = RelayoutResult{mRoot=java.lang.Object@b7df9ce, mCaptionX=468, mCaptionY=3162, mCaptionWidth=504.0, mCaptionHeight=60.0}
01-23 17:29:11.896  5321  5646 D MiuiDecorationBase: updateFocus: same focus
01-23 17:29:11.896  5321  5646 D MiuiDecorationBase: updateSampling_BottomCaption: taskId = 2599 scale = 1.0 mTaskBounds = Rect(0, 0 - 1440, 3200) mCaptionVisibility = true mIsFsgestureEntered = false isRunningAnim = false isDraggingRecent = false isFreeformElude = false isDecorationShowing = true shouldEnableSampling = true
01-23 17:29:11.896  3278  6006 D BarFollowAnimation: updateSystemBarAttributes index=0 statusId=1 key=1
01-23 17:29:11.896  5321  5646 D MiuiDecorationBase: updateSampling_BottomCaption: samplingRect = Rect(468, 3162 - 972, 3177)
01-23 17:29:11.896  5321  5646 D MiuiDecorationBase: updateVisibility_BottomCaption: taskId=2599, isRotationAnimationRunning=false, mCaptionVisible=true, isCaptionVisible=true
01-23 17:29:11.896  5321  5646 D MiuiDecorationMoveHelper: periodicallyMoveUpFirst mTaskId=2599, windowingMode=1, caller=relayout
01-23 17:29:11.896  3278  6006 D WindowManager: updateSystemBarAttributes displayId: 16777216 Window{63c0152 u0 Splash Screen com.soundtherapyapp} winAppearance=LIGHT_STATUS_BARS LIGHT_NAVIGATION_BARS
01-23 17:29:11.896  3278  6006 D WindowManager: wms.Input focus has changed to null display=0 updateInputWindows = true
01-23 17:29:11.896  3278  6006 I MultiSenceManagerInternalStub: getInstance
01-23 17:29:11.896  3278  3401 D WmSystemUiDebug: on system bar attributes changed displayId=16777216 appearance=LIGHT_STATUS_BARS LIGHT_NAVIGATION_BARS appearanceRegions=[AppearanceRegion{LIGHT_STATUS_BARS bounds=[0,0][1440,3200]}] navbarColorManagedByIme=false behavior=1 requestedVisibleTypes=[statusBars navigationBars captionBar systemGestures mandatorySystemGestures tappableElement displayCutout windowDecor systemOverlays] packageName=com.soundtherapyapp letterboxDetails=[]
01-23 17:29:11.896  5321  5321 E BoostHelper: increaseMainAndRenderThreadPriority current, don't increase
01-23 17:29:11.896  5321  5321 D CommandQueueCallback: onSystemBarAttributesChanged (16777216, 24)
01-23 17:29:11.896 14839 14839 I ActivityThread: currentPkg not in xmlPackages
01-23 17:29:11.897  3278  4431 E HyperSentinel: ->pid:14839,processName:"com.soundtherapyapp",Rss Memory Size Change 129408kb -> 172920kb
01-23 17:29:11.897 14839 14839 D HWUI    : [HWUI] Flag vulkan_enhance_pipeline_cache enabled
01-23 17:29:11.897 14839 14839 D HWUI    : [HWUI] EnhanceVkPipelineCache is enabled
01-23 17:29:11.897 14839 14839 D soundtherapyapp: blurUtils, initBackgroundBlurMinInterval processName(com.soundtherapyapp), inWhiteLists(0)
01-23 17:29:11.897 14839 16420 I ActivityThread: HardwareRenderer preload  done
01-23 17:29:11.897  3278  6007 E TransitionChain: Can't collect into a chain with no transition
01-23 17:29:11.897  3278  6007 D ActivityTaskManager:  setSkipCaptureLayers tr: Task{54a7d4a #2599 type=standard A=10428:com.soundtherapyapp}
01-23 17:29:11.898 14839 16447 I DisplayManager: Choreographer implicitly registered for the refresh rate.
01-23 17:29:11.898  3278  4257 D EventReceiver: foregroundChange uid  uid=10428 pkg=com.soundtherapyapp
01-23 17:29:11.898  2033  2033 D MI-SF   : isSupportLowBrightnessFpsSwitch current_setting_fps: 120
01-23 17:29:11.898  2033  2033 D MI-SF   : isTpIdleScene ,mAverageFrameRate is 44, 0 
01-23 17:29:11.898  2033  2033 D MI-SF   : modeGroup0 mIsSupportAutomodeForMaxFpsSetting is 0(0), getCurrentBrightness() = 632(388), mIsKeepAutoMode 0 isAutoModeAllowed() 1
01-23 17:29:11.898  2033  2033 D RefreshRateSelector: fixedMode_group: 0, isFindModeGroup 0
01-23 17:29:11.898  2033  2033 D RefreshRateSelector: find max refresh rate:120, mode Group:0
01-23 17:29:11.898 14839 14839 I soundtherapyapp: AssetManager2(0xb400007828ebc9b8) locale list changing from [] to [zh-CN]
01-23 17:29:11.898  3278  4257 D BluetoothAdapter: getActiveDevices(A2DP)
01-23 17:29:11.898  3278  4246 D ExternalInterface: setUidState, uid = 10119 allow = false
01-23 17:29:11.898 10211 10304 D PerfEngineController: ForegroundInfo{mForegroundPackageName='com.soundtherapyapp', mForegroundUid=10428, mForegroundPid=14839, mForegroundDisplayId=0, mLastForegroundPackageName='com.miui.home', mLastForegroundUid=10142, mLastForegroundPid=4686, mLastForegroundDisplayId=0, mMultiWindowForegroundPackageName='com.soundtherapyapp', mMultiWindowForegroundUid=10428, mFlags=1}
01-23 17:29:11.898  5321  5646 I MultiTaskingTaskRepository: needSkip::is home task
01-23 17:29:11.898  5321  5646 D MiuiDecorationHomeController: relayout::taskId=1, userId=0, visible=true, bounds=Rect(0, 0 - 1440, 3200), focused=false, activityType=2, displayId=0, baseActivity=ComponentInfo{com.miui.home/com.miui.home.launcher.Launcher}, topActivity=ComponentInfo{com.miui.home/com.miui.home.launcher.Launcher}, callers=com.android.wm.shell.multitasking.miuimultiwinswitch.miuiwindowdecor.decoration.MiuiDecorationController.relayout:4 com.android.wm.shell.multitasking.miuimultiwinswitch.miuiwindowdecor.MulWinSwitchDecorViewModel.onTaskInfoChanged:18 com.android.wm.shell.multitasking.common.taskmanager.MultiTaskingTaskListener.onTaskInfoChanged:47 com.android.wm.shell.ShellTaskOrganizer.onTaskInfoChanged:129 android.window.TaskOrganizer$1.lambda$onTaskInfoChanged$6:300 
01-23 17:29:11.898  5321  5646 D MiuiDecorationHomeBottom: needHomeBottomCaption: needShow = true isSoScLeftRightSplit = false isSoScMinimized = false isPortrait = true needHomeBottomCaption = true
01-23 17:29:11.898  5321  5646 D MiuiDecorationBottom: updateRootView_HomeBottomCaption: taskId = 1 needBottomCaption = true bottomCaptionView = java.lang.Object@2fcfa01
01-23 17:29:11.899  2033  2109 D RenderEngine: makePassBlurBetterDownShader layername:Wallpaper BBQ wrapper#64
01-23 17:29:11.899  3278  4246 D ExternalInterface: setUidState, uid = 10264 allow = false
01-23 17:29:11.900  4686  4686 D PassBlur: textureState not update, view com.miui.home.launcher.BlurView{5420920 V.ED..... ........ 0,0-1440,3200 #7f0a026a app:id/launcher_blur_view} visible is true
01-23 17:29:11.900  3278  3405 I MiuiWallpaperSurfaceAnimation: wallpaperOffsets:xOffset=0.0,yOffset=0.0
01-23 17:29:11.900  3278  3405 D MiuiWallpaperSurfaceAnimation: updateScaleIfNeeded mPivotX: 0.5, mPivotY: 0.5, x: 0.0, y: 0.0, zoom: 1.0668733
01-23 17:29:11.900  5321  5646 D MiuiDecorationHomeBottom: updateViews_HomeBottomCaption: taskId=1 soscHomeCenterX=0.0 soscHomeShowingWidth=0 outResult=RelayoutResult{mRoot=java.lang.Object@2fcfa01, mCaptionX=468, mCaptionY=3162, mCaptionWidth=504.0, mCaptionHeight=60.0}
01-23 17:29:11.900  4686  5632 D com.miui.home: backgroundBlur makeBackgroundImage (ShortcutMenuLayer-6-0xb400007838efed10), blurRadius(183), blurType(-1), blurScaleRatio(0.000000)
01-23 17:29:11.900  5321  5646 D MiuiDecorationBase: updateFocus: update targetAlpha = 77, taskId = 1
01-23 17:29:11.900  5321  5646 D MiuiDecorationBase: updateSampling_HomeBottomCaption: taskId = 1 scale = 1.0 mTaskBounds = Rect(0, 0 - 1440, 3200) mCaptionVisibility = true mIsFsgestureEntered = false isRunningAnim = false isDraggingRecent = false isFreeformElude = false isDecorationShowing = true shouldEnableSampling = true
01-23 17:29:11.900  5321  5646 D MiuiDecorationBase: updateSampling_HomeBottomCaption: samplingRect = Rect(468, 3162 - 972, 3177)
01-23 17:29:11.900  5321  5646 D MiuiDecorationBase: updateVisibility_HomeBottomCaption: taskId=1, isRotationAnimationRunning=false, mCaptionVisible=true, isCaptionVisible=true
01-23 17:29:11.901  5321  5646 D MiuiDecorationMoveHelper: periodicallyMoveUpFirst mTaskId=1, windowingMode=1, caller=relayout
01-23 17:29:11.901 10211 19904 D PowerKeeper.Audio: onForegroundInfoChanged mSubScreenUid=-1
01-23 17:29:11.901  5321  5646 D MultiTaskingTaskRepository: addOrMoveFullscreenTaskToTop::taskId = 2599
01-23 17:29:11.901  5321  5646 I MultiTaskingTaskInfo: MultiTaskingBaseTaskInfo::update::mTaskBounds = Rect(0, 0 - 1440, 3200), mTaskId = 2599
01-23 17:29:11.901  4686  5632 D com.miui.home: backgroundBlur makeBackgroundImage (BlurView-6-0xb400007838f44d30), blurRadius(96), blurType(-1), blurScaleRatio(0.000000)
01-23 17:29:11.901  5321  5646 D MultiTaskingTransitionsHelper: skip updateBaseAnimParam taskId: 2599 pendingTransitions: [] readyDuringSync: [] tracks: [Track #0 activeTransition: {id=8560 t=OPEN f=0x0 trk=0 r=[0@Point(0, 0)] c=[{m=OPEN f=NONE leash=Surface(name=Task=2599#185218)/@0x53d2da0 sb=Rect(0, 0 - 1440, 3200) eb=Rect(0, 0 - 1440, 3200) epz=Point(1440, 3200) d=0 taskParent=-1 v=trueMiuiChangeImpl {miuiEmbedding:false, scale:1.0}},{m=TO_BACK f=SHOW_WALLPAPER leash=Surface(name=Task=1#51)/@0xfe6e9ff sb=Rect(0, 0 - 1440, 3200) eb=Rect(0, 0 - 1440, 3200) epz=Point(1440, 3200) d=0 taskParent=-1 v=falseMiuiChangeImpl {miuiEmbedding:false, scale:1.0}},{m=TO_BACK f=IS_WALLPAPER leash=Surface(name=WallpaperWindowToken{ff64f09 showWhenLocked=false}#59)/@0xaa1dd2a sb=Rect(0, 0 - 1440, 3200) eb=Rect(0, 0 - 1440, 3200) epz=Point(1440, 3200) d=0 v=falseMiuiChangeImpl {miuiEmbedding:false, scale:1.0}}] mk=[false] noAni=[false] df=[false] rsa=[false] oa=[false] nc=[0] ho=[false] hla=[false] iSync=[-1]}android.os.BinderProxy@42f3588 readyTransitions: []Track #1 readyTransitions: []Track #2 readyTransitions: []]
01-23 17:29:11.901  5321  5646 I MultiTaskingTaskRepository: onTaskInfoChanged::taskId = 2599, windowingMode = 1, mMultiWindowTaskIdsInZOrder = [5, 4], mFullscreenTaskIdsInZOrder = [2599], mFreeformTaskIdsInZOrder = [], mTasks: 2599, 8, 7, 6, 5, 4, 3, 1, 
01-23 17:29:11.901  5321  5646 D MiuiDecorationController: relayout:: taskId=2599 mRunningTaskInfo.mStatusBarParent=Surface(name=StatusBar Container of Task = 2599#185220)/@0x8f388a taskInfo.mStatusBarParent=Surface(name=StatusBar Container of Task = 2599#185220)/@0x47bdfd7
01-23 17:29:11.901  5321  5646 D MiuiDecorationController: relayout:: taskId=2599 mRunningTaskInfo.mNavBarParent=Surface(name=NavigationBar Container of Task = 2599#185219)/@0x4f14efb taskInfo.mNavBarParent=Surface(name=NavigationBar Container of Task = 2599#185219)/@0xe3c00c4
01-23 17:29:11.901  5321  5646 D MiuiDecorationController: relayout::taskId=2599, visible=true, bounds=Rect(0, 0 - 1440, 3200), focused=true, oldImmersive=false, newImmersive=false, windowMode=1, activityType=1, displayId=0, baseActivity=ComponentInfo{com.soundtherapyapp/com.soundtherapyapp.MainActivity}, topActivity=ComponentInfo{com.soundtherapyapp/com.soundtherapyapp.MainActivity}, callers=com.android.wm.shell.multitasking.miuimultiwinswitch.miuiwindowdecor.decoration.MiuiDecorationController.relayout:4 com.android.wm.shell.multitasking.miuimultiwinswitch.miuiwindowdecor.MulWinSwitchDecorViewModel.onTaskInfoChanged:18 com.android.wm.shell.multitasking.common.taskmanager.MultiTaskingTaskListener.onTaskInfoChanged:47 com.android.wm.shell.ShellTaskOrganizer.onTaskInfoChanged:129 android.window.TaskOrganizer$1.lambda$onTaskInfoChanged$6:300 
01-23 17:29:11.902  3278  4246 D ExternalInterface: setUidState, uid = 10303 allow = false
01-23 17:29:11.902  9893 10273 I BluetoothAdapterService: getActiveDevices: A2dp device: null
01-23 17:29:11.902 14839 16447 W libc    : Access denied finding property "vendor.mivk.log.debug"
01-23 17:29:11.902 14839 16447 D vulkan  : searching for layers in '/data/app/~~-IdH0SAMaGRCxY3OLDCfow==/com.soundtherapyapp-Apns-q-EDkSQuHyVxHLJ_A==/lib/arm64'
01-23 17:29:11.902  3278  4257 D BluetoothAdapter: getActiveDevices(HEADSET)
01-23 17:29:11.902  1834  7522 E PERFHAL-CLIENT: PERFHAL-CLIENT: perf_lock_acq_rel() 496: opcode=1149239296 isMvOpcode=0
01-23 17:29:11.902 14839 16447 D vulkan  : searching for layers in '/data/app/~~-IdH0SAMaGRCxY3OLDCfow==/com.soundtherapyapp-Apns-q-EDkSQuHyVxHLJ_A==/base.apk!/lib/arm64-v8a'
01-23 17:29:11.902  5321  5716 D VRI[Miui Bottom Caption of Task=2599]: getMiuiFreeformStackInfo mTmpFrames.miuiFreeFormStackInfo: null
01-23 17:29:11.903  9893 10273 I BluetoothAdapterService: getActiveDevices: CallAudio device: null
01-23 17:29:11.903  3278  4257 D BluetoothAdapter: getActiveDevices(LE_AUDIO)
01-23 17:29:11.903  9893 10273 I BluetoothAdapterService: getActiveDevices: LeAudio devices: Lead[null] - member_1[null]
01-23 17:29:11.903  3278  4246 D ExternalInterface: setUidState, uid = 10182 allow = false
01-23 17:29:11.903  1963  2404 D AudioFlingerImpl: setGameParameters keyvalue: bluetoothlowlatencystatus=false;foregroundUid=10428
01-23 17:29:11.903  1963  2404 D DeviceHalAidl: [default] setParameters: parameters: "bluetoothlowlatencystatus=false;foregroundUid=10428"
01-23 17:29:11.903  1816 21305 I AHAL_ModulePrimary_MI: setVendorParameters: parameter count 2, async: 0
01-23 17:29:11.903  1816 21305 D AHAL_ModulePrimary_MI: setVendorParameters parameters id = bluetoothlowlatencystatus val false
01-23 17:29:11.903  1816 21305 D AHAL_ModulePrimary_MI: setVendorParameters parameters id = foregroundUid val 10428
01-23 17:29:11.903  1816 21305 D AHAL_ModulePrimary_MI: setVendorParameters: enter miam_setParameters_v2 ret = -2
01-23 17:29:11.903  1816 21305 D AHAL_ModulePrimary_QTI: setVendorParameters: parameter count 2, async: 0
01-23 17:29:11.903  1816 21305 D AHAL_HFP_QTI: hfp_set_parameters enter
01-23 17:29:11.903  1816 21305 D AHAL_HFP_QTI: hfp_set_parameters Exit
01-23 17:29:11.904  1816 21305 D AHAL_HFP_QTI: hfp_set_parameters enter
01-23 17:29:11.904  1816 21305 D AHAL_HFP_QTI: hfp_set_parameters Exit
01-23 17:29:11.904  5321  5646 D MiuiDecorationDot: needTopCaption: isFullscreen = true isPadDevice = false isFoldInnerScreen = false canShowCaptionWhenCasting = false
01-23 17:29:11.904  5321  5646 D MiuiDecorationDot: releaseViews_TopCaption: taskId=2599
01-23 17:29:11.904  5321  5646 D MiuiDecorationDot: releaseViews_TopCaption: taskId=2599
01-23 17:29:11.904  5321  5646 D MiuiDecorationBottom: needBottomCaption: needShow = true
01-23 17:29:11.904  1963  2404 D DeviceHalAidl: [usb] setParameters: parameters: "bluetoothlowlatencystatus=false;foregroundUid=10428"
01-23 17:29:11.904  5321  5646 D MiuiDecorationBottom: updateRootView_BottomCaption: taskId = 2599 needBottomCaption = true bottomCaptionView = java.lang.Object@b7df9ce
01-23 17:29:11.904  1963  2404 E ConversionHelperAidl: Function: parseAndSetVendorParameters Line: 94 Failed 
01-23 17:29:11.904  1963  2404 D DeviceHalAidl: [r_submix] setParameters: parameters: "bluetoothlowlatencystatus=false;foregroundUid=10428"
01-23 17:29:11.904  1816 21305 D AHAL_ModuleRemoteSubmix: setVendorParameters: parameter count 2, async: 0
01-23 17:29:11.904  1816 21305 D AHAL_ModuleRemoteSubmix: setVendorParameters parameters id = bluetoothlowlatencystatus val false
01-23 17:29:11.904  1816 21305 D AHAL_ModuleRemoteSubmix: setVendorParameters parameters id = foregroundUid val 10428
01-23 17:29:11.904  1963  2404 E ConversionHelperAidl: Function: parseAndSetVendorParameters Line: 94 Failed 
01-23 17:29:11.904  1963  2404 D DeviceHalAidl: [bluetooth] setParameters: parameters: "bluetoothlowlatencystatus=false;foregroundUid=10428"
01-23 17:29:11.904  5321  5646 D MiuiDecorationBottom: updateViews_BottomCaption: taskId=2599 scale=1.0 outResult = RelayoutResult{mRoot=java.lang.Object@b7df9ce, mCaptionX=468, mCaptionY=3162, mCaptionWidth=504.0, mCaptionHeight=60.0}
01-23 17:29:11.904  1963  2404 E ConversionHelperAidl: Function: parseAndSetVendorParameters Line: 94 Failed 
01-23 17:29:11.904 14839 14839 D AppCompatDelegate: Checking for metadata for AppLocalesMetadataHolderService : Service not found
01-23 17:29:11.904  5321  5646 D MiuiDecorationBase: updateFocus: update targetAlpha = 166, taskId = 2599
01-23 17:29:11.904  5321  5646 D MiuiDecorationBase: updateSampling_BottomCaption: taskId = 2599 scale = 1.0 mTaskBounds = Rect(0, 0 - 1440, 3200) mCaptionVisibility = true mIsFsgestureEntered = false isRunningAnim = false isDraggingRecent = false isFreeformElude = false isDecorationShowing = true shouldEnableSampling = true
01-23 17:29:11.904  5321  5646 D MiuiDecorationBase: updateSampling_BottomCaption: samplingRect = Rect(468, 3162 - 972, 3177)
01-23 17:29:11.904  5321  5646 D MiuiDecorationBase: updateVisibility_BottomCaption: taskId=2599, isRotationAnimationRunning=false, mCaptionVisible=true, isCaptionVisible=true
01-23 17:29:11.904  5321  5646 D MiuiDecorationMoveHelper: periodicallyMoveUpFirst mTaskId=2599, windowingMode=1, caller=relayout
01-23 17:29:11.904 14839 14839 I soundtherapyapp: AssetManager2(0xb400007828ec0e78) locale list changing from [] to [zh-CN]
01-23 17:29:11.904  5321  5646 D MiuiFreeformModeController: onFocusTaskChanged taskInfo: TaskInfo{userId=0 taskId=2599 effectiveUid=10428 displayId=0 isRunning=true baseIntent=Intent { flg=0x10000000 cmp=com.soundtherapyapp/.MainActivity } baseActivity=ComponentInfo{com.soundtherapyapp/com.soundtherapyapp.MainActivity} topActivity=ComponentInfo{com.soundtherapyapp/com.soundtherapyapp.MainActivity} origActivity=null realActivity=ComponentInfo{com.soundtherapyapp/com.soundtherapyapp.MainActivity} numActivities=1 lastActiveTime=1223002221 supportsSplitScreenMultiWindow=true mSoScDisplayMode=-1 supportsMultiWindow=true resizeMode=1 isResizeable=true minWidth=-1 minHeight=-1 defaultMinSize=200 token=WCT{android.window.IWindowContainerToken$Stub$Proxy@971e5a9} topActivityType=1 pictureInPictureParams=null shouldDockBigOverlays=false launchIntoPipHostTaskId=-1 lastParentTaskIdBeforePip=-1 displayCutoutSafeInsets=Rect(0, 0 - 0, 0) topActivityInfo=ActivityInfo{32e772e com.soundtherapyapp.MainActivity} launchCookies=[] positionInParent=Point(0, 0) parentTaskId=-1 isFocused=true isVisible=true isVisibleRequested=true isTopActivityNoDisplay=false isSleeping=false locusId=null displayAreaFeatureId=1 isTopActivityTransparent=false isActivityStackTransparent=false lastNonFullscreenBounds=Rect(372, 930 - 1068, 2370) capturedLink=null capturedLinkTimestamp=0 requestedVisibleTypes=-9 topActivityRequestOpenInBrowserEducationTimestamp=0 appCompatTaskInfo=AppCompatTaskInfo { topActivityInSizeCompat=false eligibleForLetterboxEducation= false topActivityInMiuiSizeCompat=false isLetterboxEducationEnabled= false isLetterboxDoubleTapEnabled= false eligibleForUserAspectRatioButton= false topActivityBoundsLetterboxed= false isFromLetterboxDoubleTap= false topActivityLetterboxVerticalPosition= -1 topActivityLetterboxHorizontalPosition= -1 topActivityLetterboxWidth=-1 topActivityLetterboxHeight=-1 topActivityAppBounds=Rect(0, 0 - 1440, 3200) isUserFullscreenOverrideEnabled=false isSystemFullscreenOverrideEnabled=false hasMinAspectRatioOverride=false topActivityLetterboxBounds=null cameraCompatTaskInfo=CameraCompatTaskInfo { freeformCameraCompatMode=inactive}} isImmersive=false mTopActivityRequestOrientation=-1 mStatusBarParent=Surface(name=StatusBar Container of Task = 2599#185220)/@0x47bdfd7 mNavBarParent=Surface(name=NavigationBar Container of Task = 2599#185219)/@0xe3c00c4 mBehindAppLockPkg=null mOriginatingUid=0 isEmbedded=false shouldBeVisible=true isCreatedByOrganizer=false mIsCastMode=false mTopActivityMediaSize=null mTopActivityRecordName=ActivityRecord{108650220 u0 com.soundtherapyapp/.MainActivity t2599} mTopActivityOrientation=-1 topActivityMainWindowFrame=null}
01-23 17:29:11.904  3278  4257 I AudioGameEffect: foreground change to com.soundtherapyapp, last foreground is com.miui.home
01-23 17:29:11.905  3278  6006 E TransitionChain: Can't collect into a chain with no transition
01-23 17:29:11.905  3278  6006 D ActivityTaskManager:  setSkipCaptureLayers tr: Task{54a7d4a #2599 type=standard A=10428:com.soundtherapyapp}
01-23 17:29:11.905  3278  4257 I AudioGameEffect: get enable packages from setting: null
01-23 17:29:11.905  3278  4257 I AudioGameEffect: get enable packages from setting: null
01-23 17:29:11.905  3278  4257 D MiuiIntegratedMemorySwap: uid:10428, packageName: com.soundtherapyapp
01-23 17:29:11.905  3278  3416 I QuickScannerController: onForegroundInfoChanged. packageName:com.soundtherapyapp
01-23 17:29:11.905  3278  4246 D ExternalInterface: setUidState, uid = 10280 allow = false
01-23 17:29:11.905 10211 19863 D DFS-AppUsageTracker: Fg changed, new=com.soundtherapyapp, but charging.
01-23 17:29:11.905 10301 10782 D L0      : myUserId = 0	currentUserId0
01-23 17:29:11.905 12372 12423 I GST     : forePkg: com.soundtherapyapp, preForePkg: com.miui.home
01-23 17:29:11.905  5271  6170 E PhoneAdapter: get ntnphones failed, exception: java.lang.IllegalStateException: not support satellite!
01-23 17:29:11.906  2033  2033 D MI-SF   : isSupportLowBrightnessFpsSwitch current_setting_fps: 120
01-23 17:29:11.906  2033  2033 D MI-SF   : isTpIdleScene ,mAverageFrameRate is 44, 0 
01-23 17:29:11.906  2033  2033 D MI-SF   : modeGroup0 mIsSupportAutomodeForMaxFpsSetting is 0(0), getCurrentBrightness() = 632(388), mIsKeepAutoMode 0 isAutoModeAllowed() 1
01-23 17:29:11.906  2033  2033 D RefreshRateSelector: fixedMode_group: 0, isFindModeGroup 0
01-23 17:29:11.906  2033  2033 D RefreshRateSelector: find max refresh rate:120, mode Group:0
01-23 17:29:11.906  3278  3404 I DPSImpl : com.android.server.wm.WindowState hide ime, enable touchboost
01-23 17:29:11.906 10301 10780 I ProcessMonitor: onForegroundInfoChanged: ForegroundInfo{mForegroundPackageName='com.soundtherapyapp', mForegroundUid=10428, mForegroundPid=14839, mForegroundDisplayId=0, mLastForegroundPackageName='com.miui.home', mLastForegroundUid=10142, mLastForegroundPid=4686, mLastForegroundDisplayId=0, mMultiWindowForegroundPackageName='com.soundtherapyapp', mMultiWindowForegroundUid=10428, mFlags=1}
01-23 17:29:11.906  3278  3404 I DPSImpl : com.android.server.wm.WindowState hide ime, enable touchboost
01-23 17:29:11.907  5321  5321 D DynamicIslandSafeguardsController: delayExitApp: com.soundtherapyapp com.soundtherapyapp count = 0
01-23 17:29:11.907  3278  4257 I NetworkBoostStatusManager: onForegroundInfoChanged uid:10428, onLastForegroundInfoChanged uid:10142, isColdStart:true, mIgnoreUid:-1
01-23 17:29:11.907  3278  4257 I SLM-SRV-SLAToast: foreground uid:10428, isColdStart:true, isLinkTurboEnable:false
01-23 17:29:11.907  3278  4257 D NetworkSDKService: handleMultiAppsDualWifi isSet = false isEverOpened = false
01-23 17:29:11.907 10301 10780 I GameBoosterService: onForegroundInfoChanged: Cur=com.soundtherapyapp	 last=com.miui.home
01-23 17:29:11.907  4686  5428 D RecentsImpl: onForegroundChanged, foregroundPackageName=com.soundtherapyapp
01-23 17:29:11.907  1847  1847 I qspmHal : enter getGpuProf at: -365974045
01-23 17:29:11.907  1847  1847 I qspmHal : Coudn't match the GFX PID 14839 to AT PID 13701. Checking in local cache.
01-23 17:29:11.907  1847  1847 I qspmHal : Found the GFX PID in cache
01-23 17:29:11.907  1847  1847 I qspmHal : PID 14839 from GFX matched.
01-23 17:29:11.907  1847  1847 I qspmHal : gpuProfName:com.soundtherapyapp-gpu - gpu prof_info.path:/data/vendor/gaming/com.soundtherapyapp-gpu
01-23 17:29:11.907  1847  1847 E qspmHal : GPU profile file NOT found !!
01-23 17:29:11.907  3278  4246 D ExternalInterface: setUidState, uid = 10168 allow = false
01-23 17:29:11.907 14839 16447 I AdrenoVK-0: ===== BEGIN DUMP OF OVERRIDDEN SETTINGS =====
01-23 17:29:11.907 14839 16447 I AdrenoVK-0: ===== END DUMP OF OVERRIDDEN SETTINGS =====
01-23 17:29:11.907  3278  6260 D BarFollowAnimation: onTaskInfoChanedForCaptionBar Task{54a7d4a #2599 type=standard A=10428:com.soundtherapyapp} shouldbeVisible:true isVisible:true isOnTop:true windowMode:1 preDisplayId:-1 displayId:0 mCaptionAssociatedTask:null mIsTouchedInCaption:false
01-23 17:29:11.908  1828  3093 I vendor.qti.hardware.display.composer-service: Sensor: notify citsensorservice to trigger cwb, misForced = 0
01-23 17:29:11.908  4686  4686 D PassBlur: textureState not update, view com.miui.home.launcher.BlurView{5420920 V.ED..... ........ 0,0-1440,3200 #7f0a026a app:id/launcher_blur_view} visible is true
01-23 17:29:11.908  9893 10273 D BluetoothLatencyMode: ForegroundInfo{mForegroundPackageName='com.soundtherapyapp', mForegroundUid=10428, mForegroundPid=14839, mForegroundDisplayId=0, mLastForegroundPackageName='com.miui.home', mLastForegroundUid=10142, mLastForegroundPid=4686, mLastForegroundDisplayId=0, mMultiWindowForegroundPackageName='com.soundtherapyapp', mMultiWindowForegroundUid=10428, mFlags=1}
01-23 17:29:11.909  4686  4686 D RecentsModel: onTaskDescriptionChanged =  taskId = 2599
01-23 17:29:11.909  4686  5632 D com.miui.home: backgroundBlur makeBackgroundImage (ShortcutMenuLayer-6-0xb400007838efed10), blurRadius(183), blurType(-1), blurScaleRatio(0.000000)
01-23 17:29:11.908  3278  3405 I MiuiWallpaperSurfaceAnimation: wallpaperOffsets:xOffset=0.0,yOffset=0.0
01-23 17:29:11.909  3278  3405 D MiuiWallpaperSurfaceAnimation: updateScaleIfNeeded mPivotX: 0.5, mPivotY: 0.5, x: 0.0, y: 0.0, zoom: 1.0705444
01-23 17:29:11.909  4686  5632 D com.miui.home: backgroundBlur makeBackgroundImage (BlurView-6-0xb400007838f44d30), blurRadius(99), blurType(-1), blurScaleRatio(0.000000)
01-23 17:29:11.909 14839 16447 D qdgralloc: Fetching IMapper5 from QtiMapper5
01-23 17:29:11.909  4613  7326 I AICall_MemoryTrim: binder:4613_2 onAppBackground()
01-23 17:29:11.909  3278  5547 D AS.AudioService: mSupportFakeHfpApp{com.ss.android.ugc.aweme=0, com.microsoft.teams=0, com.baidu.BaiduMap=0, com.systec.umeeting=0, com.cisco.webex.meetings=0, com.tencent.mobileqq=0, com.skype.raider=0, com.instagram.android=0, com.ss.android.lark.kami=0, com.zhiliaoapp.musically=0, com.skype.rover=0, com.smile.gifmaker=0, com.ss.android.lark.saxmsa667=0, com.tencent.wemeet.app=0, com.mediatek.engineermode=0, com.ss.android.ugc.aweme.lite=0, com.alibaba.android.rimet=0, com.autonavi.minimap=0, com.whatsapp=0, com.immomo.momo=0, com.facebook.katana=0, com.taobao.idlefish=0, com.tencent.lolm=0, com.tencent.mf.uam=0, com.xingin.xhs=0, com.cisco.wx2.android=0, com.tencent.tmgp.sgame=0, com.tencent.tmgp.pubgmhd=0, com.ss.android.lark=0, im.yixin=0} packageName com.android.bluetooth appVersion 36 mSupportFakeHfpApp.get(packageName) null
01-23 17:29:11.909 29090 31839 D RelayAppLocalHelper: onForegroundInfoChanged: ForegroundInfo{mForegroundPackageName='com.soundtherapyapp', mForegroundUid=10428, mForegroundPid=14839, mForegroundDisplayId=0, mLastForegroundPackageName='com.miui.home', mLastForegroundUid=10142, mLastForegroundPid=4686, mLastForegroundDisplayId=0, mMultiWindowForegroundPackageName='com.soundtherapyapp', mMultiWindowForegroundUid=10428, mFlags=1}
01-23 17:29:11.909  9893 10273 D BluetoothLatencyMode: isWiredAudioHeadset.type: 1
01-23 17:29:11.909  9893 10273 D BluetoothLatencyMode: isWiredAudioHeadset.type: 2
01-23 17:29:11.909  9893 10273 D BluetoothLatencyMode: isWiredAudioHeadset.type: 18
01-23 17:29:11.909  9893 10273 D BluetoothLatencyMode: isWiredAudioHeadset.type: 14
01-23 17:29:11.910  5321  5716 D VRI[Miui Bottom Caption of Task=1]: getMiuiFreeformStackInfo mTmpFrames.miuiFreeFormStackInfo: null
01-23 17:29:11.910  5321  5716 D VRI[Miui Bottom Caption of Task=2599]: getMiuiFreeformStackInfo mTmpFrames.miuiFreeFormStackInfo: null
01-23 17:29:11.910 10301 10780 D GameBoosterService: onGameStatusChange foreground:ForegroundInfo{mForegroundPackageName='com.soundtherapyapp', mForegroundUid=10428, mForegroundPid=14839, mForegroundDisplayId=0, mLastForegroundPackageName='com.miui.home', mLastForegroundUid=10142, mLastForegroundPid=4686, mLastForegroundDisplayId=0, mMultiWindowForegroundPackageName='com.soundtherapyapp', mMultiWindowForegroundUid=10428, mFlags=1}
01-23 17:29:11.911  3278  4246 D ExternalInterface: setUidState, uid = 10192 allow = false
01-23 17:29:11.911 12372 12423 D VENUS_GAMEAI_START_GameAiStartManager: venusGameAiSupportApps is not monitor packageName=com.soundtherapyapp
01-23 17:29:11.911 29090 31839 E RecentAppsManager: com.soundtherapyapp can't be added to recent list!!
01-23 17:29:11.911 29090 31839 D RelayAppLocalHelper: notifyTaskStackChanged:
01-23 17:29:11.911  5321  5646 D MiuiDecorationMoveHelper: periodicallyMoveUpFirst mTaskId=2599, windowingMode=1, caller=Sampling
01-23 17:29:11.912 10301 10780 I VideoBoxUtils: isSupportVideoBox: true
01-23 17:29:11.912 10301 10780 I VideoToolBoxService: vtb is closed!!!
01-23 17:29:11.912 10301 10780 I AppPredictPrivacyLaunchManager: getLauncherHomeAppList size: 47
01-23 17:29:11.912 10301 12168 E SuggestManager: openApp name = com.soundtherapyapp
01-23 17:29:11.912 10301 12168 I NewAutoTaskManager: app use - delay = 9223372036854775807, doRemove = false, doPost = false
01-23 17:29:11.912 12372 12423 I GID     : PKG: com.miui.home IG ? false
01-23 17:29:11.912 10301 10780 I AppPredictService: difTIme = 202533
01-23 17:29:11.912 14839 16447 I SnapAlloc: Graphics lib is available
01-23 17:29:11.912  5271  6063 E CountableHandler: Pending message count is over 200, drop message.msg.what = 10007 handler = Handler (com.android.phone.statistics.utils.ModemHydraStat$ModemHydraHandler) {eb04c79}
01-23 17:29:11.912  5271  6055 D NetworkMetricsController: processUidChangeEvent :activity is:ComponentInfo{com.soundtherapyapp/com.soundtherapyapp.MainActivity}
01-23 17:29:11.912  5271  6055 D NetworkMetricsController: processUidChangeEvent :mCurApptype is NONE tempAppType is NONE
01-23 17:29:11.912 12372 12423 I GID     : PKG: com.miui.home IG ? false
01-23 17:29:11.913  2033  4624 D MI-SF   : updateGameFlag 1
01-23 17:29:11.913  2033  4624 D MI-SF   : isIdleTimerSkip is 1,mSetIdleForceFlag = 0
01-23 17:29:11.913 12372 12423 I SmartPhoneTag_SurfaceMonitorHelper: updateFpsScene, cookie: 277, status: 1, pkg: com.soundtherapyapp
01-23 17:29:11.913 12372 12423 W ContextImpl: Calling a method in the system process without a qualified user: android.app.ContextImpl.bindService:2102 android.content.ContextWrapper.bindService:907 com.xiaomi.joyose.utils.e0.b:25 com.xiaomi.joyose.smartop.gamebooster.control.i.b:1282 com.xiaomi.joyose.smartop.smartp.SmartPPkgStatusManager.e:19 
01-23 17:29:11.913  3278  3404 D BarFollowAnimation: pairAppearanceRegionAndWin win=Window{63c0152 u0 Splash Screen com.soundtherapyapp} 8
01-23 17:29:11.913  3278  3404 D BarFollowAnimation: isAppTaskBarOnTop win:Window{63c0152 u0 Splash Screen com.soundtherapyapp} (mCurrentTopTask:Task{54a7d4a #2599 type=standard A=10428:com.soundtherapyapp} : true); (mAssociatedTask:Task{54a7d4a #2599 type=standard A=10428:com.soundtherapyapp} : true); (mHomeTask:Task{68ecabd #1 type=home} : false); mReparentToOriginParent:false mLastAppBarVisible:true mLastHomeBarVisible:false
01-23 17:29:11.913  3278  3404 D MiuiRefreshRatePolicy: reset
01-23 17:29:11.914  2033  4624 D MI-SF   : updateScene: module = 258 (TpIdle), value = 0, pkg = com.soundtherapyapp, Vrr = 1, mSetTpIdleFlag = 1
01-23 17:29:11.914  2033  4624 D MI-SF   : updateScene mSetTpIdleFlag 0
01-23 17:29:11.914  5321  5646 I MultiTaskingTaskInfo: MultiTaskingBaseTaskInfo::update::mTaskBounds = Rect(0, 0 - 1440, 3200), mTaskId = 2599
01-23 17:29:11.914 10301 10780 W ContextImpl: Calling a method in the system process without a qualified user: android.app.ContextImpl.startService:2013 android.content.ContextWrapper.startService:871 C1.b.f:40 C1.b$c.onForegroundInfoChanged:22 com.miui.gamebooster.mutiwindow.b$a.onForegroundInfoChanged:174 
01-23 17:29:11.914  5321  5646 D MultiTaskingTransitionsHelper: skip updateBaseAnimParam taskId: 2599 pendingTransitions: [] readyDuringSync: [] tracks: [Track #0 activeTransition: {id=8560 t=OPEN f=0x0 trk=0 r=[0@Point(0, 0)] c=[{m=OPEN f=NONE leash=Surface(name=Task=2599#185218)/@0x53d2da0 sb=Rect(0, 0 - 1440, 3200) eb=Rect(0, 0 - 1440, 3200) epz=Point(1440, 3200) d=0 taskParent=-1 v=trueMiuiChangeImpl {miuiEmbedding:false, scale:1.0}},{m=TO_BACK f=SHOW_WALLPAPER leash=Surface(name=Task=1#51)/@0xfe6e9ff sb=Rect(0, 0 - 1440, 3200) eb=Rect(0, 0 - 1440, 3200) epz=Point(1440, 3200) d=0 taskParent=-1 v=falseMiuiChangeImpl {miuiEmbedding:false, scale:1.0}},{m=TO_BACK f=IS_WALLPAPER leash=Surface(name=WallpaperWindowToken{ff64f09 showWhenLocked=false}#59)/@0xaa1dd2a sb=Rect(0, 0 - 1440, 3200) eb=Rect(0, 0 - 1440, 3200) epz=Point(1440, 3200) d=0 v=falseMiuiChangeImpl {miuiEmbedding:false, scale:1.0}}] mk=[false] noAni=[false] df=[false] rsa=[false] oa=[false] nc=[0] ho=[false] hla=[false] iSync=[-1]}android.os.BinderProxy@42f3588 readyTransitions: []Track #1 readyTransitions: []Track #2 readyTransitions: []]
01-23 17:29:11.914 29090 31839 E SystemUtils: appIsTopAndXSpace: package com.soundtherapyapp, result false
01-23 17:29:11.914  5321  5646 I MultiTaskingTaskRepository: onTaskInfoChanged::taskId = 2599, windowingMode = 1, mMultiWindowTaskIdsInZOrder = [5, 4], mFullscreenTaskIdsInZOrder = [2599], mFreeformTaskIdsInZOrder = [], mTasks: 2599, 8, 7, 6, 5, 4, 3, 1, 
01-23 17:29:11.914  5321  5646 D MiuiDecorationController: relayout:: taskId=2599 mRunningTaskInfo.mStatusBarParent=Surface(name=StatusBar Container of Task = 2599#185220)/@0x47bdfd7 taskInfo.mStatusBarParent=Surface(name=StatusBar Container of Task = 2599#185220)/@0x8aed83a
01-23 17:29:11.914  5321  5646 D MiuiDecorationController: relayout:: taskId=2599 mRunningTaskInfo.mNavBarParent=Surface(name=NavigationBar Container of Task = 2599#185219)/@0xe3c00c4 taskInfo.mNavBarParent=Surface(name=NavigationBar Container of Task = 2599#185219)/@0xf2feceb
01-23 17:29:11.914  3278  6007 D ActivityManager: Logging bindService for com.miui.powerkeeper, stopped=false, firstLaunch=false
01-23 17:29:11.914  1841  1841 I vendor.qti.hardware.servicetrackeraidl-service: bindService is called for service : com.miui.powerkeeper/.PowerKeeperBackgroundService and for client com.xiaomi.joyose
01-23 17:29:11.914  1841  1841 I vendor.qti.hardware.servicetrackeraidl-service: total connections for service : com.miui.powerkeeper/.PowerKeeperBackgroundServiceare :1
01-23 17:29:11.914  1841  1841 I vendor.qti.hardware.servicetrackeraidl-service: total connections for client : com.xiaomi.joyoseare :2
01-23 17:29:11.914 14839 16447 I Adreno-UNKNOWN: Using previously loaded IMapper library.
01-23 17:29:11.914  5321  5646 D MiuiDecorationController: relayout::taskId=2599, visible=true, bounds=Rect(0, 0 - 1440, 3200), focused=true, oldImmersive=false, newImmersive=false, windowMode=1, activityType=1, displayId=0, baseActivity=ComponentInfo{com.soundtherapyapp/com.soundtherapyapp.MainActivity}, topActivity=ComponentInfo{com.soundtherapyapp/com.soundtherapyapp.MainActivity}, callers=com.android.wm.shell.multitasking.miuimultiwinswitch.miuiwindowdecor.decoration.MiuiDecorationController.relayout:4 com.android.wm.shell.multitasking.miuimultiwinswitch.miuiwindowdecor.MulWinSwitchDecorViewModel.onTaskInfoChanged:18 com.android.wm.shell.multitasking.common.taskmanager.MultiTaskingTaskListener.onTaskInfoChanged:47 com.android.wm.shell.ShellTaskOrganizer.onTaskInfoChanged:129 android.window.TaskOrganizer$1.lambda$onTaskInfoChanged$6:300 
01-23 17:29:11.915  2033  2033 D MI-SF   : isTpIdleScene ,mAverageFrameRate is 44, 0 
01-23 17:29:11.915  2033  2033 D MI-SF   : modeGroup0 mIsSupportAutomodeForMaxFpsSetting is 0(0), getCurrentBrightness() = 632(388), mIsKeepAutoMode 0 isAutoModeAllowed() 1
01-23 17:29:11.915  2033  2033 D RefreshRateSelector: fixedMode_group: 0, isFindModeGroup 0
01-23 17:29:11.915  2033  2033 D RefreshRateSelector: find max refresh rate:120, mode Group:0
01-23 17:29:11.915 12372 12423 I SmartPhoneTag_h0: isEnableOptimizeGame: true
01-23 17:29:11.915 12372 12423 W ContextImpl: Calling a method in the system process without a qualified user: android.app.ContextImpl.sendBroadcast:1280 android.content.ContextWrapper.sendBroadcast:522 z.d.i:38 com.xiaomi.joyose.smartop.gamebooster.control.i.b:1452 com.xiaomi.joyose.smartop.smartp.SmartPPkgStatusManager.e:19 
01-23 17:29:11.915  3278 11072 D ActivityManager: Logging startService for com.miui.securitycenter, stopped=false, firstLaunch=false, intent=Intent { act=action_anti_fraud_auto_scan_single_app xflg=0x4 cmp=com.miui.securitycenter/com.miui.antivirus.service.GuardService (has extras) }, r.app=ProcessRecord{69c24c9 10301:com.miui.securitycenter.remote/1000}
01-23 17:29:11.915  3278  6007 W ActivityManagerServiceImpl: Sending non-protected broadcast com.android.phone.intent.action.CHANGE_LEVEL from system 12372:com.xiaomi.joyose/1000 pkg com.xiaomi.joyose. Callers=
01-23 17:29:11.915  5321  5646 D MiuiDecorationDot: needTopCaption: isFullscreen = true isPadDevice = false isFoldInnerScreen = false canShowCaptionWhenCasting = false
01-23 17:29:11.915  5321  5646 D MiuiDecorationDot: releaseViews_TopCaption: taskId=2599
01-23 17:29:11.915  5321  5646 D MiuiDecorationDot: releaseViews_TopCaption: taskId=2599
01-23 17:29:11.915  5321  5646 D MiuiDecorationBottom: needBottomCaption: needShow = true
01-23 17:29:11.915  5321  5646 D MiuiDecorationBottom: updateRootView_BottomCaption: taskId = 2599 needBottomCaption = true bottomCaptionView = java.lang.Object@b7df9ce
01-23 17:29:11.915  5321  5646 D MiuiDecorationBottom: updateViews_BottomCaption: taskId=2599 scale=1.0 outResult = RelayoutResult{mRoot=java.lang.Object@b7df9ce, mCaptionX=468, mCaptionY=3162, mCaptionWidth=504.0, mCaptionHeight=60.0}
01-23 17:29:11.915  5321  5646 D MiuiDecorationBase: updateFocus: same focus
01-23 17:29:11.915  5321  5646 D MiuiDecorationBase: updateSampling_BottomCaption: taskId = 2599 scale = 1.0 mTaskBounds = Rect(0, 0 - 1440, 3200) mCaptionVisibility = true mIsFsgestureEntered = false isRunningAnim = false isDraggingRecent = false isFreeformElude = false isDecorationShowing = true shouldEnableSampling = true
01-23 17:29:11.915 12372 12423 I GameBoosterUtils: setNetworkLowDelayPolicy, enable: true
01-23 17:29:11.915 12372 12423 I GST     : app com.soundtherapyapp cold start
01-23 17:29:11.915  5321  5646 D MiuiDecorationBase: updateSampling_BottomCaption: samplingRect = Rect(468, 3162 - 972, 3177)
01-23 17:29:11.915  5321  5646 D MiuiDecorationBase: updateVisibility_BottomCaption: taskId=2599, isRotationAnimationRunning=false, mCaptionVisible=true, isCaptionVisible=true
01-23 17:29:11.915 14839 16447 I AdrenoVK-0: QUALCOMM build          : 6cec7db601, Ie2229927e4
01-23 17:29:11.915 14839 16447 I AdrenoVK-0: Build Date              : 09/10/25
01-23 17:29:11.915 14839 16447 I AdrenoVK-0: Shader Compiler Version : E031.47.18.42
01-23 17:29:11.915 14839 16447 I AdrenoVK-0: Local Branch            : 
01-23 17:29:11.915 14839 16447 I AdrenoVK-0: Remote Branch           : refs/tags/AU_LINUX_ANDROID_LA.VENDOR.15.4.0.11.00.00.1088.743
01-23 17:29:11.915 14839 16447 I AdrenoVK-0: Remote Branch           : NONE
01-23 17:29:11.915 14839 16447 I AdrenoVK-0: Reconstruct Branch      : NOTHING
01-23 17:29:11.915 14839 16447 I AdrenoVK-0: Build Config            : S P 18.0.0 AArch64
01-23 17:29:11.915  5321  5646 D MiuiDecorationMoveHelper: periodicallyMoveUpFirst mTaskId=2599, windowingMode=1, caller=relayout
01-23 17:29:11.915 14839 16447 I AdrenoVK-0: Driver Path             : /vendor/lib64/hw/vulkan.adreno.so
01-23 17:29:11.915 14839 16447 I AdrenoVK-0: Driver Version          : 0800.56.1
01-23 17:29:11.915 14839 16447 I AdrenoVK-0: PFP                     : 0x01500077
01-23 17:29:11.915 14839 16447 I AdrenoVK-0: ME                      : 0x01500014
01-23 17:29:11.915 14839 16447 I AdrenoVK-0: Application Name    : android framework
01-23 17:29:11.915 14839 16447 I AdrenoVK-0: Process Name        : com.soundtherapyapp
01-23 17:29:11.915 14839 16447 I AdrenoVK-0: Application Version : 0x00000000
01-23 17:29:11.915 14839 16447 I AdrenoVK-0: Engine Name         : android framework
01-23 17:29:11.915 14839 16447 I AdrenoVK-0: Engine Version      : 0x00000000
01-23 17:29:11.915 14839 16447 I AdrenoVK-0: Api Version         : 0x00401000
01-23 17:29:11.915  3278  6007 D ProcessManager: pms : packageName = com.soundtherapyapp gameScene =0 appState = 3
01-23 17:29:11.915 12372 12423 I GameSceneIdSender: sendGameSceneId, gamePackage: com.soundtherapyapp, sceneId: SCENE_ID_DEFAULT-0, gameStatus: GAME_GOTO_FOREGROUND-3
01-23 17:29:11.916  3278  6007 E TransitionChain: Can't collect into a chain with no transition
01-23 17:29:11.916  3278  3419 D BroadcastQueue: Logging broadcast for com.android.phone, stopped=false, firstLaunch=false
01-23 17:29:11.916  3278  6007 D ActivityTaskManager:  setSkipCaptureLayers tr: Task{54a7d4a #2599 type=standard A=10428:com.soundtherapyapp}
01-23 17:29:11.916  3278  3419 D BroadcastQueue: Logging broadcast for com.android.phone, stopped=false, firstLaunch=false
01-23 17:29:11.916  4686  4686 D PassBlur: textureState not update, view com.miui.home.launcher.BlurView{5420920 V.ED..... ........ 0,0-1440,3200 #7f0a026a app:id/launcher_blur_view} visible is true
01-23 17:29:11.916  3278  3419 D BroadcastQueue: Logging broadcast for com.android.phone, stopped=false, firstLaunch=false
01-23 17:29:11.916  5321  5716 D VRI[Miui Bottom Caption of Task=2599]: getMiuiFreeformStackInfo mTmpFrames.miuiFreeFormStackInfo: null
01-23 17:29:11.917 12372 12836 I SmartPhoneTag_j: BL: getBoost: block: false blockNew: 0
01-23 17:29:11.917 12372 12836 I SmartPhoneTag_j: BL: Running action
01-23 17:29:11.917  3278  3419 D BroadcastQueue: Logging broadcast for com.android.phone, stopped=false, firstLaunch=false
01-23 17:29:11.917  3278  3419 D BroadcastQueue: Logging broadcast for com.android.phone, stopped=false, firstLaunch=false
01-23 17:29:11.917  4686  5632 D com.miui.home: backgroundBlur makeBackgroundImage (ShortcutMenuLayer-6-0xb400007838efed10), blurRadius(183), blurType(-1), blurScaleRatio(0.000000)
01-23 17:29:11.917  1834  2080 E PERFHAL-REQUEST: PERFHAL-REQUEST: Process() 398: Translate to physical failed
01-23 17:29:11.917  3278  3419 D BroadcastQueue: Logging broadcast for com.android.phone, stopped=false, firstLaunch=false
01-23 17:29:11.917  1834  2080 E PERFHAL-TARGETCONFIG: PERFHAL-TARGETCONFIG: getCoresInCluster() 86: Error: Invalid cluster id 3
01-23 17:29:11.917  1834  2080 E PERFHAL-REQUEST: PERFHAL-REQUEST: Process() 398: Translate to physical failed
01-23 17:29:11.917  3278  3419 D BroadcastQueue: Logging broadcast for com.android.phone, stopped=false, firstLaunch=false
01-23 17:29:11.918  1828  3123 I SDM     : CWB config passed by cwb_client : tappoint 1  CWB_ROI : (736.000000 70.000000 977.000000 311.000000) for display-0
01-23 17:29:11.918  1834  2080 E PERFHAL-OPTSHANDLER: PERFHAL-OPTSHANDLER: modify_sysfsnode() 1356: Perflock resource /sys/class/devfreq/soc:qcom,cpubw/min_freq not supported
01-23 17:29:11.918  1834  2080 E PERFHAL-RESOURCEQS: PERFHAL-RESOURCEQS: AddAndApply() 159: Failed to apply optimization [6, 0]
01-23 17:29:11.918  3278  3405 I MiuiWallpaperSurfaceAnimation: wallpaperOffsets:xOffset=0.0,yOffset=0.0
01-23 17:29:11.918  1834  2080 E PERFHAL-UTIL: PERFHAL-UTIL: save_node_val() 266: Failed to read /sys/class/mmc_host/mmc0/clk_scaling/enable
01-23 17:29:11.918  4686  5632 D com.miui.home: backgroundBlur makeBackgroundImage (BlurView-6-0xb400007838f44d30), blurRadius(101), blurType(-1), blurScaleRatio(0.000000)
01-23 17:29:11.918  1834  2080 E PERFHAL-OPTSHANDLER: PERFHAL-OPTSHANDLER: modify_sysfsnode() 1409: Failed to read /sys/class/mmc_host/mmc0/clk_scaling/enable
01-23 17:29:11.918  1834  2080 E PERFHAL-RESOURCEQS: PERFHAL-RESOURCEQS: AddAndApply() 159: Failed to apply optimization [11, 4]
01-23 17:29:11.918  1834  2080 E PERFHAL-OPTSHANDLER: PERFHAL-OPTSHANDLER: modify_sysfsnode() 1356: Perflock resource /sys/class/devfreq/soc:qcom,llccbw/min_freq not supported
01-23 17:29:11.918  1834  2080 E PERFHAL-RESOURCEQS: PERFHAL-RESOURCEQS: AddAndApply() 159: Failed to apply optimization [12, 0]
01-23 17:29:11.918  3278  3405 D MiuiWallpaperSurfaceAnimation: updateScaleIfNeeded mPivotX: 0.5, mPivotY: 0.5, x: 0.0, y: 0.0, zoom: 1.0740839
01-23 17:29:11.918  3278  3419 D BroadcastQueue: Logging broadcast for com.android.phone, stopped=false, firstLaunch=false
01-23 17:29:11.918  3278  3419 D BroadcastQueue: Logging broadcast for com.android.phone, stopped=false, firstLaunch=false
01-23 17:29:11.918 12372 12423 I SmartPhoneTag_i: TLC disabled on com.soundtherapyapp
01-23 17:29:11.918 12372 12423 W w       : unregisterThermalChangedCallback failed! the listener is not in list! listener: com.xiaomi.joyose.smartop.gamebooster.control.w@5c33d93
01-23 17:29:11.918 12372 12423 W w       : unregisterThermalChangedCallback failed! the listener is not in list! listener: com.xiaomi.joyose.smartop.gamebooster.control.v@100c5c9
01-23 17:29:11.918 12372 12423 I GameBoosterUtils: sendGameStatusBroadcastToAndroid, gameStatus: 1 backgroundFreezeWhitelist: [com.xiaomi.joyose, com.miui.powerkeeper, com.xiaomi.migameservice, mcd, com.xiaomi.gamecenter.sdk.service]
01-23 17:29:11.918 12372 12423 W ContextImpl: Calling a method in the system process without a qualified user: android.app.ContextImpl.sendBroadcast:1280 android.content.ContextWrapper.sendBroadcast:522 z.d.h:60 com.xiaomi.joyose.smartop.gamebooster.control.i.b:1975 com.xiaomi.joyose.smartop.smartp.SmartPPkgStatusManager.e:19 
01-23 17:29:11.918  3278  3419 D BroadcastQueue: Logging broadcast for com.android.phone, stopped=false, firstLaunch=false
01-23 17:29:11.918  3278  3419 D BroadcastQueue: Logging broadcast for com.android.phone, stopped=false, firstLaunch=false
01-23 17:29:11.918  5271  5676 E CountableHandler: Pending message count is over 200, drop message.msg.what = 0 handler = Handler (com.android.phone.statistics.utils.ModemHydraStat$ModemHydraHandler) {eb04c79}
01-23 17:29:11.919  3278  4927 W ActivityManagerServiceImpl: Sending non-protected broadcast com.xiaomi.joyose.action.GAME_STATUS_UPDATE from system 12372:com.xiaomi.joyose/1000 pkg com.xiaomi.joyose. Callers=
01-23 17:29:11.919  5271  6158 D LowLatencyAidlService: Low Latency Level Changed Event Received
01-23 17:29:11.919  5271  6158 D LowLatencyAidlService: handleMessage msg.what:2
01-23 17:29:11.919 12372 12423 W ContextImpl: Calling a method in the system process without a qualified user: android.app.ContextImpl.sendStickyBroadcast:1670 android.content.ContextWrapper.sendStickyBroadcast:714 com.xiaomi.joyose.smartop.gamebooster.control.i.b:1993 com.xiaomi.joyose.smartop.smartp.SmartPPkgStatusManager.e:19 com.xiaomi.joyose.smartop.smartp.SmartPPkgStatusManager.a:1 
01-23 17:29:11.919 12372 12836 I SmartPhoneTag_j: BL: getBoost: block: false blockNew: 0
01-23 17:29:11.919 12372 12836 I SmartPhoneTag_j: BL: Running action
01-23 17:29:11.919  3278  3419 D BroadcastQueue: Logging broadcast for android, stopped=false, firstLaunch=false
01-23 17:29:11.919  5271  5271 D Modem_MESystem: GAME_SCENE_NEW forgroud=0
01-23 17:29:11.919  5271  5271 D NetworkMetricsController: receive actioncom.android.phone.intent.action.CHANGE_LEVEL
01-23 17:29:11.919  5271  5271 D CellPingPongManager: receive action com.android.phone.intent.action.CHANGE_LEVEL
01-23 17:29:11.919  5271  6197 D Modem_ModemEnhanceMain: handleMessage msg id: 15
01-23 17:29:11.919  5271  6197 D Modem_ModemEnhanceMain: handleMessage msg id: 15 value=true
