01-13 14:29:23.704  1816  3199 D AHAL_ModulePrimary_MI: setVendorParameters parameters id = bluetoothlowlatencystatus val false
01-13 14:29:23.704  1816  3199 D AHAL_ModulePrimary_MI: setVendorParameters parameters id = foregroundUid val 10142
01-13 14:29:23.704  1816  3199 D AHAL_ModulePrimary_MI: setVendorParameters: enter miam_setParameters_v2 ret = -2
01-13 14:29:23.704  1816  3199 D AHAL_ModulePrimary_QTI: setVendorParameters: parameter count 2, async: 0
01-13 14:29:23.704  1816  3199 D AHAL_HFP_QTI: hfp_set_parameters enter
01-13 14:29:23.704  1816  3199 D AHAL_HFP_QTI: hfp_set_parameters Exit
01-13 14:29:23.704  1816  3199 D AHAL_HFP_QTI: hfp_set_parameters enter
01-13 14:29:23.704  1816  3199 D AHAL_HFP_QTI: hfp_set_parameters Exit
01-13 14:29:23.704  1963  1963 D DeviceHalAidl: [usb] setParameters: parameters: "bluetoothlowlatencystatus=false;foregroundUid=10142"
01-13 14:29:23.704  1963  1963 E ConversionHelperAidl: Function: parseAndSetVendorParameters Line: 94 Failed 
01-13 14:29:23.704  1963  1963 D DeviceHalAidl: [r_submix] setParameters: parameters: "bluetoothlowlatencystatus=false;foregroundUid=10142"
01-13 14:29:23.704  1816  3195 D AHAL_ModuleRemoteSubmix: setVendorParameters: parameter count 2, async: 0
01-13 14:29:23.704  1816  3195 D AHAL_ModuleRemoteSubmix: setVendorParameters parameters id = bluetoothlowlatencystatus val false
01-13 14:29:23.704  1816  3195 D AHAL_ModuleRemoteSubmix: setVendorParameters parameters id = foregroundUid val 10142
01-13 14:29:23.704  1963  1963 E ConversionHelperAidl: Function: parseAndSetVendorParameters Line: 94 Failed 
01-13 14:29:23.704  1963  1963 D DeviceHalAidl: [bluetooth] setParameters: parameters: "bluetoothlowlatencystatus=false;foregroundUid=10142"
01-13 14:29:23.704  1963  1963 E ConversionHelperAidl: Function: parseAndSetVendorParameters Line: 94 Failed 
01-13 14:29:23.704  3278  4927 D MiuiForceVkService: shouldUseVk, pkg=com.android.htmlviewer useVk 0
01-13 14:29:23.704  3278  4257 I AudioGameEffect: foreground change to com.miui.home, last foreground is com.soundtherapyapp
01-13 14:29:23.704  3908  3908 I ActivityThread: Current dynamic renderEngine type=0
01-13 14:29:23.704  3278  4257 I AudioGameEffect: get enable packages from setting: null
01-13 14:29:23.704  3278  4257 I AudioGameEffect: get enable packages from setting: null
01-13 14:29:23.704 10301 10780 D L0      : myUserId = 0	currentUserId0
01-13 14:29:23.704 29090 11746 D RelayAppLocalHelper: onForegroundInfoChanged: ForegroundInfo{mForegroundPackageName='com.miui.home', mForegroundUid=10142, mForegroundPid=4686, mForegroundDisplayId=0, mLastForegroundPackageName='com.soundtherapyapp', mLastForegroundUid=10405, mLastForegroundPid=1109, mLastForegroundDisplayId=0, mMultiWindowForegroundPackageName='com.miui.home', mMultiWindowForegroundUid=10142, mFlags=0}
01-13 14:29:23.705 16169 16294 D BluetoothLatencyMode: ForegroundInfo{mForegroundPackageName='com.miui.home', mForegroundUid=10142, mForegroundPid=4686, mForegroundDisplayId=0, mLastForegroundPackageName='com.soundtherapyapp', mLastForegroundUid=10405, mLastForegroundPid=1109, mLastForegroundDisplayId=0, mMultiWindowForegroundPackageName='com.miui.home', mMultiWindowForegroundUid=10142, mFlags=0}
01-13 14:29:23.705  3278  3341 D AS.AudioService: mSupportFakeHfpApp{com.ss.android.ugc.aweme=0, com.microsoft.teams=0, com.baidu.BaiduMap=0, com.systec.umeeting=0, com.cisco.webex.meetings=0, com.tencent.mobileqq=0, com.skype.raider=0, com.instagram.android=0, com.ss.android.lark.kami=0, com.zhiliaoapp.musically=0, com.skype.rover=0, com.smile.gifmaker=0, com.ss.android.lark.saxmsa667=0, com.tencent.wemeet.app=0, com.mediatek.engineermode=0, com.ss.android.ugc.aweme.lite=0, com.alibaba.android.rimet=0, com.autonavi.minimap=0, com.whatsapp=0, com.immomo.momo=0, com.facebook.katana=0, com.taobao.idlefish=0, com.tencent.lolm=0, com.tencent.mf.uam=0, com.xingin.xhs=0, com.cisco.wx2.android=0, com.tencent.tmgp.sgame=0, com.tencent.tmgp.pubgmhd=0, com.ss.android.lark=0, im.yixin=0} packageName com.android.bluetooth appVersion 36 mSupportFakeHfpApp.get(packageName) null
01-13 14:29:23.705  3278  3416 I QuickScannerController: onForegroundInfoChanged. packageName:com.miui.home
01-13 14:29:23.705 16169 16294 D BluetoothLatencyMode: isWiredAudioHeadset.type: 1
01-13 14:29:23.705 16169 16294 D BluetoothLatencyMode: isWiredAudioHeadset.type: 2
01-13 14:29:23.705 16169 16294 D BluetoothLatencyMode: isWiredAudioHeadset.type: 18
01-13 14:29:23.705 16169 16294 D BluetoothLatencyMode: isWiredAudioHeadset.type: 14
01-13 14:29:23.705 29090 11746 E RecentAppsManager: com.miui.home can't be added to recent list!!
01-13 14:29:23.705 10301 10780 I ProcessMonitor: onForegroundInfoChanged: ForegroundInfo{mForegroundPackageName='com.miui.home', mForegroundUid=10142, mForegroundPid=4686, mForegroundDisplayId=0, mLastForegroundPackageName='com.soundtherapyapp', mLastForegroundUid=10405, mLastForegroundPid=1109, mLastForegroundDisplayId=0, mMultiWindowForegroundPackageName='com.miui.home', mMultiWindowForegroundUid=10142, mFlags=0}
01-13 14:29:23.705 29090 11746 D RelayAppLocalHelper: notifyTaskStackChanged:
01-13 14:29:23.705 10211 19863 D DFS-AppUsageTracker: Fg changed, new=com.miui.home, but charging.
01-13 14:29:23.705  3278  3416 D QuickScannerController: diff:4014523, isOpen:true
01-13 14:29:23.706 10301 10780 I GameBoosterService: onForegroundInfoChanged: Cur=com.miui.home	 last=com.soundtherapyapp
01-13 14:29:23.706 10301 10780 D GameBoosterService: onGameStatusChange foreground:ForegroundInfo{mForegroundPackageName='com.miui.home', mForegroundUid=10142, mForegroundPid=4686, mForegroundDisplayId=0, mLastForegroundPackageName='com.soundtherapyapp', mLastForegroundUid=10405, mLastForegroundPid=1109, mLastForegroundDisplayId=0, mMultiWindowForegroundPackageName='com.miui.home', mMultiWindowForegroundUid=10142, mFlags=0}
01-13 14:29:23.706 10301 10780 I VideoBoxUtils: isSupportVideoBox: true
01-13 14:29:23.706 10301 10780 I VideoToolBoxService: vtb is closed!!!
01-13 14:29:23.706  2033  2033 D MI-SF   : isTpIdleScene ,mAverageFrameRate is 76, 0 
01-13 14:29:23.706  2033  2033 D MI-SF   : modeGroup0 mIsSupportAutomodeForMaxFpsSetting is 0(0), getCurrentBrightness() = 737(388), mIsKeepAutoMode 0 isAutoModeAllowed() 1
01-13 14:29:23.706  2033  2033 D RefreshRateSelector: fixedMode_group: 0, isFindModeGroup 0
01-13 14:29:23.706  2033  2033 D RefreshRateSelector: find max refresh rate:120, mode Group:0
01-13 14:29:23.706  4686  5684 I TransitionCallback: com.android.systemui.shared.recents.utilities.WindowTransitionCallbackHelper@cd8f572 setMergeFinishCallback, token = android.os.BinderProxy@664c621, callback = android.window.IRemoteTransitionFinishedCallback$Stub$Proxy@5433407
01-13 14:29:23.706  4686  5684 I TransitionCallback: com.android.systemui.shared.recents.utilities.WindowTransitionCallbackHelper@cd8f572 setTransitionInfo token = android.os.BinderProxy@664c621, info = {id=2508 t=CLOSE f=0x10 trk=0 r=[0@Point(0, 0)] c=[{m=TO_FRONT f=SHOW_WALLPAPER|MOVE_TO_TOP leash=Surface(name=Task=1#51)/@0x758cf70 sb=Rect(0, 0 - 1440, 3200) eb=Rect(0, 0 - 1440, 3200) epz=Point(1440, 3200) d=0 taskParent=-1 v=trueMiuiChangeImpl {miuiEmbedding:false, scale:1.0}},{m=CLOSE f=NONE leash=Surface(name=Task=778#49411)/@0xad5120f sb=Rect(0, 0 - 1440, 3200) eb=Rect(0, 0 - 1440, 3200) epz=Point(1440, 3200) d=0 taskParent=-1 v=falseMiuiChangeImpl {miuiEmbedding:false, scale:1.0}},{m=TO_FRONT f=IS_WALLPAPER leash=Surface(name=WallpaperWindowToken{ff64f09 showWhenLocked=false}#59)/@0xa3ff07a sb=Rect(0, 0 - 1440, 3200) eb=Rect(0, 0 - 1440, 3200) epz=Point(1440, 3200) d=0 v=trueMiuiChangeImpl {miuiEmbedding:false, scale:1.0}}] mk=[false] noAni=[false] df=[false] rsa=[false] oa=[false] nc=[0] ho=[true] hla=[false] iSync=[2507]}
01-13 14:29:23.706  4686  5684 D TAG     : obtainElement: false
01-13 14:29:23.706  4686  5684 D TAG     : obtainElement: 0.0
01-13 14:29:23.706  4686  5684 D TAG     : obtainElement: false
01-13 14:29:23.706  4686  5684 D TAG     : obtainElement: 0.0
01-13 14:29:23.706  4686  5684 I WindowElementcd0263c: onClosingWindowTransitionStart
01-13 14:29:23.706  4686  5684 I WindowTransitionCompatListenereaebfc5: hasCancel mCancel=false
01-13 14:29:23.706  4686  5684 I WindowElementcd0263c: onTransitionMerged, done = true hasNewAnim = true
01-13 14:29:23.706  4686  5684 E WindowTransitionCompat: IRemoteTransition mergeAnimation end
01-13 14:29:23.706 10301 10780 D AppPredictManager: ForegroundAppChange: com.miui.home, ignore !
01-13 14:29:23.706 10301 10780 I AppPredictService: difTIme = 63
01-13 14:29:23.706 10301 12168 E SuggestManager: openApp name = com.miui.home
01-13 14:29:23.706 10301 12168 I NewAutoTaskManager: app use - delay = 9223372036854775807, doRemove = false, doPost = false
01-13 14:29:23.706  3278  4930 D PreStartingManager: Reset colorSurfaceControl: Surface(name=PreColorStarting#49415)/@0x56a1b35  ColorSurfaceSize: 0
01-13 14:29:23.706  3278  4930 D TaskSnapshot_Helper: shouldDelay()... Not launched by home, no delay needed.
01-13 14:29:23.706  3278  4257 I NetworkBoostStatusManager: onForegroundInfoChanged uid:10142, onLastForegroundInfoChanged uid:10405, isColdStart:false, mIgnoreUid:-1
01-13 14:29:23.706  3278  4257 I SLM-SRV-SLAToast: foreground uid:10142, isColdStart:false, isLinkTurboEnable:false
01-13 14:29:23.706  3278  4257 D NetworkSDKService: handleMultiAppsDualWifi isSet = false isEverOpened = false
01-13 14:29:23.707  3278  3342 I SmartPower: com.android.htmlviewer:remote/10092(3908): died->background(217ms) R(process start ) adj=-10000.
01-13 14:29:23.707  3278  4930 I ATMSImpl: No snapshot since not start by launcher, activity=com.soundtherapyapp/.MainActivity
01-13 14:29:23.707  4686  7958 D RecentsImpl: onForegroundChanged, foregroundPackageName=com.miui.home
01-13 14:29:23.707 12372  4091 I GID     : PKG: com.miui.home IG ? false
01-13 14:29:23.707 12372  4091 I GST     : forePkg: com.miui.home, preForePkg: com.soundtherapyapp
01-13 14:29:23.707 12372  4091 D VENUS_GAMEAI_START_GameAiStartManager: venusGameAiSupportApps is not monitor packageName=com.miui.home
01-13 14:29:23.707  1811  1811 I sensors-hal: batch:141, xiaomi.sensor.gpd/2201, period=200000000, max_latency=0
01-13 14:29:23.707  3278  3342 D CompatibilityInfo: mCompatibilityFlags - 0
01-13 14:29:23.707  3278  3342 D CompatibilityInfo: applicationDensity - 600
01-13 14:29:23.707  1811  1811 I sensors-hal: set_config:60, no need to adjust sample_period_ns due to reporting_mode = 2
01-13 14:29:23.707  1811  1811 I sensors-hal: batch:150, xiaomi.sensor.gpd/2201, period=200000000, max_latency=0 request completed
01-13 14:29:23.707  3278  3342 D CompatibilityInfo: applicationScale - 1.0
01-13 14:29:23.708  3278  3405 I MiuiWallpaperSurfaceAnimation: wallpaperOffsets:xOffset=0.0,yOffset=0.0
01-13 14:29:23.708  3278  3405 D MiuiWallpaperSurfaceAnimation: updateScaleIfNeeded mPivotX: 0.5, mPivotY: 0.5, x: 0.0, y: 0.0, zoom: 1.0838794
01-13 14:29:23.708  4686  4686 D PassBlur: textureState not update, view com.miui.home.launcher.BlurView{5420920 V.ED..... ........ 0,0-1440,3200 #7f0a026a app:id/launcher_blur_view} visible is true
01-13 14:29:23.709 12372  4091 I GID     : PKG: com.soundtherapyapp IG ? false
01-13 14:29:23.709  5321  5801 W ndroid.systemui: Binder 0xb400007908f14a80 destroyed after setInheritRt before being parceled.
01-13 14:29:23.709  4686  4686 D RecentsImpl: updateFsgWindowVisibilityState, isEnter=false, typeFrom=typefrom_home
01-13 14:29:23.709  4686  5632 D com.miui.home: backgroundBlur makeBackgroundImage (ShortcutMenuLayer-6-0xb400007838efed10), blurRadius(183), blurType(-1), blurScaleRatio(0.000000)
01-13 14:29:23.709  4686  4686 I WindowElementcd0263c: MAIN_THREAD:onClosingWindowTransitionStart closingTarget=RemoteAnimationTargetCompat{taskId=778, mode=1, isTranslucent=false, clipRect=Rect(0, 0 - 0, 0), position=Point(0, 0), sourceContainerBounds=Rect(0, 0 - 1440, 3200), prefixOrderIndex=2, isNotInRecents=true, contentInsets=Rect(0, 0 - 0, 0), activityType=1, packageName=com.soundtherapyapp, startBounds=Rect(0, 0 - 1440, 3200), windowType=-1}, closingTargets.homeTarget=RemoteAnimationTargetCompat{taskId=1, mode=0, isTranslucent=false, clipRect=Rect(0, 0 - 0, 0), position=Point(0, 0), sourceContainerBounds=Rect(0, 0 - 1440, 3200), prefixOrderIndex=3, isNotInRecents=false, contentInsets=Rect(0, 0 - 0, 0), activityType=2, packageName=com.miui.home, startBounds=Rect(0, 0 - 1440, 3200), windowType=-1}
01-13 14:29:23.709  4686  4686 D BoostRtHelper: boostGesture main
01-13 14:29:23.709  4686  4686 D Launcher.Boost: setTurboSchedActionWithPriority::threadIds = [4686, 5632, 5684, 5623, 5622]
01-13 14:29:23.709  4686  4686 D WindowAnimParamsProvider: getClosingAnimParams, sosc.isHalfSplitMode=false, sosc.isMinimized=false, sosc.preIsMinimized=false
01-13 14:29:23.709  4686  4686 D LauncherStateManager: exitOverviewStateIfNeed, mState=NormalState#f9a3859, mBelowState=NormalState#f9a3859, animated=false
01-13 14:29:23.709  4686  4686 I WindowAnimParamsProvider: getClosingWindowAnimParams closingTarget=RemoteAnimationTargetCompat{taskId=778, mode=1, isTranslucent=false, clipRect=Rect(0, 0 - 0, 0), position=Point(0, 0), sourceContainerBounds=Rect(0, 0 - 1440, 3200), prefixOrderIndex=2, isNotInRecents=true, contentInsets=Rect(0, 0 - 0, 0), activityType=1, packageName=com.soundtherapyapp, startBounds=Rect(0, 0 - 1440, 3200), windowType=-1}, closingTargets.homeTarget=RemoteAnimationTargetCompat{taskId=1, mode=0, isTranslucent=false, clipRect=Rect(0, 0 - 0, 0), position=Point(0, 0), sourceContainerBounds=Rect(0, 0 - 1440, 3200), prefixOrderIndex=3, isNotInRecents=false, contentInsets=Rect(0, 0 - 0, 0), activityType=2, packageName=com.miui.home, startBounds=Rect(0, 0 - 1440, 3200), windowType=-1}, closingTargets.secondTarget=null
01-13 14:29:23.709  4686  4686 D AnimatorDurationScaleHelper: isCloseAnimator=false
01-13 14:29:23.709  4686  4686 I IBarFollowAnimationRunnerImpl: updateGestureStateToRemote state: 5
01-13 14:29:23.709  4686  4686 I StateNotifyUtils: sendStateToShell value:5
01-13 14:29:23.709  4686  4686 E WindowAnimParamsProvider: getWindowTargetBounds    bounds=Rect(0, 0 - 1440, 3200)
01-13 14:29:23.709  4686  4686 I WindowAnimParamsProvider: getClosingWindowAnimParams isIgnoreAnimTarget=false, isStartLockScreen=false, hasMultiTask=false, isSingleSideBack=false, currentRotation=0, isElementParam=false, isShowingUserPresentAnimation=false
01-13 14:29:23.709  4686  4686 D WindowAnimParamsProvider: isIconLayoutFromSoscChange: isIconLayout = false
01-13 14:29:23.709  4686  4686 I WindowAnimParamsProvider: getClosingWindowAnimParams target =RemoteAnimationTargetCompat{taskId=778, mode=1, isTranslucent=false, clipRect=Rect(0, 0 - 0, 0), position=Point(0, 0), sourceContainerBounds=Rect(0, 0 - 1440, 3200), prefixOrderIndex=2, isNotInRecents=true, contentInsets=Rect(0, 0 - 0, 0), activityType=1, packageName=com.soundtherapyapp, startBounds=Rect(0, 0 - 1440, 3200), windowType=-1}
01-13 14:29:23.709  3278  5491 D TransitionImpl: onGestureStateCallback state = 5, info = {id=50 t=OPEN f=0x0 trk=0 r=[0@Point(0, 0)] c=[{WCT{RemoteToken{c097826 null}} m=OPEN f=NONE leash=Surface(name=Task=30#815)/@0xc955520 sb=Rect(0, 0 - 1440, 3200) eb=Rect(0, 0 - 1440, 3200) epz=Point(1440, 3200) d=0 taskParent=-1 v=trueMiuiChangeImpl {miuiEmbedding:false, scale:1.0}},{WCT{RemoteToken{c439a9d Task{68ecabd #1 type=home}}} m=TO_BACK f=SHOW_WALLPAPER leash=Surface(name=Task=1#51)/@0x8622026 sb=Rect(0, 0 - 1440, 3200) eb=Rect(0, 0 - 1440, 3200) epz=Point(1440, 3200) d=0 taskParent=-1 v=falseMiuiChangeImpl {miuiEmbedding:false, scale:1.0}},{m=TO_BACK f=IS_WALLPAPER leash=Surface(name=WallpaperWindowToken{ff64f09 showWhenLocked=false}#59)/@0x1ea950e sb=Rect(0, 0 - 1440, 3200) eb=Rect(0, 0 - 1440, 3200) epz=Point(1440, 3200) d=0 v=falseMiuiChangeImpl {miuiEmbedding:false, scale:1.0}}] mk=[false] noAni=[false] df=[false] rsa=[false] oa=[false] nc=[0] ho=[false] hla=[true] iSync=[-1]}
01-13 14:29:23.709  3278  4927 D WindowManager: Starting window removed Window{ea1d270 u0 Splash Screen com.soundtherapyapp}
01-13 14:29:23.709  4686  4686 I WindowAnimParamsProvider: getClosingWindowAnimParams getClosingShortcutIcon target= RemoteAnimationTargetCompat{taskId=778, mode=1, isTranslucent=false, clipRect=Rect(0, 0 - 0, 0), position=Point(0, 0), sourceContainerBounds=Rect(0, 0 - 1440, 3200), prefixOrderIndex=2, isNotInRecents=true, contentInsets=Rect(0, 0 - 0, 0), activityType=1, packageName=com.soundtherapyapp, startBounds=Rect(0, 0 - 1440, 3200), windowType=-1}
01-13 14:29:23.710  3278  4927 D WindowManager: postWindowRemoveCleanupLocked: Removing startingWindow Window{ea1d270 u0 Splash Screen com.soundtherapyapp} from ActivityRecord{202445780 u0 com.soundtherapyapp/.MainActivity t778 f} isExiting} activity = ActivityRecord{202445780 u0 com.soundtherapyapp/.MainActivity t778 f} isExiting}
01-13 14:29:23.710  4686  4686 I WindowAnimParamsProvider: getClosingWindowAnimParams getClosingShortcutIcon task before=  [TaskKey{id=778, stackId=0, baseIntent=Intent { flg=0x10000000 cmp=com.soundtherapyapp/.MainActivity }, userId=0, lastActiveTime=348212897, windowingMode=1, isThumbnailBlur=false, isAccessLocked=false, isScreening=false, topActivity=null, mHashCode=24100950}, title=SoundTherapyApp, titleDescription=SoundTherapyApp, bounds=null, isLaunchTarget=false, isStackTask=true, isSystemApp=false, isDockable=true, baseActivity=null, isLocked=false, mNeedHide=false, hasMultipleTasks=false, cti1Key=, cti2Key=] 
01-13 14:29:23.710  4686  4686 I WindowAnimParamsProvider: getClosingWindowAnimParams getClosingShortcutIcon task after=  [TaskKey{id=778, stackId=0, baseIntent=Intent { flg=0x10000000 cmp=com.soundtherapyapp/.MainActivity }, userId=0, lastActiveTime=348212897, windowingMode=1, isThumbnailBlur=false, isAccessLocked=false, isScreening=false, topActivity=null, mHashCode=24100950}, title=SoundTherapyApp, titleDescription=SoundTherapyApp, bounds=null, isLaunchTarget=false, isStackTask=true, isSystemApp=false, isDockable=true, baseActivity=null, isLocked=false, mNeedHide=false, hasMultipleTasks=false, cti1Key=, cti2Key=] 
01-13 14:29:23.710  4686  4686 D WindowAnimParamsProvider: getClosingShortcutIcon:CloseShortcutIconUtils.getCloseShortcutIcon  cn=ComponentInfo{com.soundtherapyapp/com.soundtherapyapp.MainActivity}   userId=0
01-13 14:29:23.710 10211 10602 D PowerKeeper.Audio: pids 0
01-13 14:29:23.710  4686  5632 D com.miui.home: backgroundBlur makeBackgroundImage (BlurView-6-0xb400007838f44d30), blurRadius(110), blurType(-1), blurScaleRatio(0.000000)
01-13 14:29:23.710  4686  4686 I WindowAnimParamsProvider: getClosingWindowAnimParams secondTarget=null, launchAppAndBackHomeAnimTarget=com.miui.home.launcher.ShortcutIcon{f4dddba VFED..CL. ........ 382,734-720,1101}(SoundTherapyApp)
01-13 14:29:23.710  4686  4686 E ClipAnimationHelper: updateSourceStack  mSourceInsets=Rect(0, 0 - 0, 0), mSourceStackBounds=Rect(0, 0 - 1440, 3200)
01-13 14:29:23.710  4686  4686 D ClipAnimationHelper: updateSourceStackBounds, mSourceStackBounds=Rect(0, 0 - 1440, 3200)
01-13 14:29:23.710  4686  4686 E ClipAnimationHelper: updateHomeStack  mSourceInsets=Rect(0, 0 - 0, 0), mHomeStackBounds=Rect(0, 0 - 1440, 3200)
01-13 14:29:23.710  4686  4686 E ClipAnimationHelper: updateTargetRect  mSourceRect=RectF(0.0, 0.0, 1440.0, 3200.0)   mTargetRect=RectF(0.0, 0.0, 1440.0, 3200.0)   mSourceWindowClipInsets=RectF(0.0, 0.0, 0.0, 0.0)   mHomeStackBounds=Rect(0, 0 - 1440, 3200)   targetRect=Rect(0, 0 - 1440, 3200)
01-13 14:29:23.710  4686  4686 I WindowAnimParamsProvider: startClosingWindowAnimators:startRect=RectF(0.0, 0.0, 1440.0, 3200.0), targetRect=Rect(443, 1058 - 659, 1274), startRadius=[120.0, 120.0, 22.0, 22.0], endRadius=57.30612, animType==CLOSE_TO_HOME, isMultiProcessMinusScreenShowing=false, currentRotation=0, homeRotation=0, isUseSimpleAnim=false, isSingleSideBack= false, withoutShortcutAnim= false
01-13 14:29:23.710  4686  4686 I WindowAnimParamsProvider: getUserIdFromRemoteTarget target= RemoteAnimationTargetCompat{taskId=778, mode=1, isTranslucent=false, clipRect=Rect(0, 0 - 0, 0), position=Point(0, 0), sourceContainerBounds=Rect(0, 0 - 1440, 3200), prefixOrderIndex=2, isNotInRecents=true, contentInsets=Rect(0, 0 - 0, 0), activityType=1, packageName=com.soundtherapyapp, startBounds=Rect(0, 0 - 1440, 3200), windowType=-1}
01-13 14:29:23.710  3278  4927 W AppCompatLetterboxPolicy: start not layout letterbox Window{580216e u0 LauncherOverlayWindow:com.miui.personalassistant}
01-13 14:29:23.710  3278  4927 W AppCompatLetterboxPolicy: start not layout letterbox Window{41595f6 u0 LauncherOverlayWindow:com.android.quicksearchbox}
01-13 14:29:23.710  4686  4686 I WindowAnimParamsProvider: getUserIdFromRemoteTarget task before=  [TaskKey{id=778, stackId=0, baseIntent=Intent { flg=0x10000000 cmp=com.soundtherapyapp/.MainActivity }, userId=0, lastActiveTime=348212897, windowingMode=1, isThumbnailBlur=false, isAccessLocked=false, isScreening=false, topActivity=null, mHashCode=24100950}, title=SoundTherapyApp, titleDescription=SoundTherapyApp, bounds=null, isLaunchTarget=false, isStackTask=true, isSystemApp=false, isDockable=true, baseActivity=null, isLocked=false, mNeedHide=false, hasMultipleTasks=false, cti1Key=, cti2Key=] 
01-13 14:29:23.710  4686  4686 I WindowAnimParamsProvider: getUserIdFromRemoteTarget task after=  [TaskKey{id=778, stackId=0, baseIntent=Intent { flg=0x10000000 cmp=com.soundtherapyapp/.MainActivity }, userId=0, lastActiveTime=348212897, windowingMode=1, isThumbnailBlur=false, isAccessLocked=false, isScreening=false, topActivity=null, mHashCode=24100950}, title=SoundTherapyApp, titleDescription=SoundTherapyApp, bounds=null, isLaunchTarget=false, isStackTask=true, isSystemApp=false, isDockable=true, baseActivity=null, isLocked=false, mNeedHide=false, hasMultipleTasks=false, cti1Key=, cti2Key=] 
01-13 14:29:23.710  4686  4686 D WindowAnimParamsProvider: getUserIdFromRemoteTarget  cn=ComponentInfo{com.soundtherapyapp/com.soundtherapyapp.MainActivity}   userId=0
01-13 14:29:23.710  3278  4927 D BarFollowAnimation: pairAppearanceRegionAndWin win=Window{7f85f52 u0 com.miui.home/com.miui.home.launcher.Launcher} 0
01-13 14:29:23.710  4686  4686 D HomeLayerElement: bindHomeLeash com.android.systemui.shared.recents.system.SurfaceControlCompat@54eac1e
01-13 14:29:23.710  4686  4686 D HomeLayerElement: java.lang.Exception
01-13 14:29:23.710  4686  4686 D HomeLayerElement: 	at com.miui.home.recents.anim.HomeLayerElement.bindHomeLeash(HomeLayerElement.kt:85)
01-13 14:29:23.710  4686  4686 D HomeLayerElement: 	at com.miui.home.recents.anim.WindowElement.onClosingWindowTransitionExecute$lambda$13(WindowElement.kt:598)
01-13 14:29:23.710  4686  4686 D HomeLayerElement: 	at com.miui.home.recents.anim.WindowElement.$r8$lambda$oNDe-v3FTseZvwjynpGBxPccacc(WindowElement.kt:0)
01-13 14:29:23.710  4686  4686 D HomeLayerElement: 	at com.miui.home.recents.anim.WindowElement$$ExternalSyntheticLambda9.run(R8$$SyntheticClass:0)
01-13 14:29:23.710  4686  4686 D HomeLayerElement: 	at android.os.Handler.handleCallback(Handler.java:995)
01-13 14:29:23.710  4686  4686 D HomeLayerElement: 	at android.os.Handler.dispatchMessage(Handler.java:103)
01-13 14:29:23.710  4686  4686 D HomeLayerElement: 	at android.os.Looper.loopOnce(Looper.java:267)
01-13 14:29:23.710  4686  4686 D HomeLayerElement: 	at android.os.Looper.loop(Looper.java:360)
01-13 14:29:23.710  4686  4686 D HomeLayerElement: 	at android.app.ActivityThread.main(ActivityThread.java:10088)
01-13 14:29:23.710  4686  4686 D HomeLayerElement: 	at java.lang.reflect.Method.invoke(Native Method)
01-13 14:29:23.710  4686  4686 D HomeLayerElement: 	at com.android.internal.os.RuntimeInit$MethodAndArgsCaller.run(RuntimeInit.java:616)
01-13 14:29:23.710  4686  4686 D HomeLayerElement: 	at com.android.internal.os.ZygoteInit.main(ZygoteInit.java:1113)
01-13 14:29:23.710  4686  4686 I AnimStateManager: onAnimParamsReady windowElement = com.miui.home.recents.anim.WindowElement@cd0263c
01-13 14:29:23.710  4686  4686 D WindowElementcd0263c: animTo, params=RectFParams(targetApps=com.miui.home.recents.util.RemoteAnimationTargetSet@ba6bacc, windowAnimParams=WindowAnimParams(startRect=RectF(0.0, 0.0, 1440.0, 3200.0), targetRect=RectF(443.0, 1058.0, 659.0, 1274.0), startRadii=[120.0,120.0,22.0,22.0], endRadii=[57.30612,57.30612,57.30612,57.30612], startAlpha=1.0, endAlpha=0.0, velocityParams=VelocityParams(leftVelocity=0.0, topVelocity=0.0, widthVelocity=0.0, heightVelocity=0.0, ratioVelocity=0.0, radiusRatioVelocity=0.0, alphaVelocity=0.0), extraSpringsBundles=null), animType=CLOSE_TO_HOME, ignoreIcon=false, showTask=false, isQuickSwitchMode=false, targetView=com.miui.home.launcher.ShortcutIcon{f4dddba VFED..CL. ........ 382,734-720,1101}(SoundTherapyApp), animListener=com.miui.home.recents.anim.WindowAnimParamsProvider$getClosingWindowAnimParams$animListener$1@8afe115, clipAnimationHelper=com.miui.home.recents.util.ClipAnimationHelper@4b56c2a, clearLastListener=false, currentDisplayRotation=0, homeRotation=0, gestureHomeCalculator=null, needFinishOnAnimEnd=true, currentTaskIndex=0, isSplitModeBack=false, isUseTranslucentAnim=false, runningTaskId=0, touchRange=2, hasAnimTarget=true, isCloseAppToDefaultCenter=false, isHoldSmallWindowCropForCloseToDrag=false), isRunning()=true
01-13 14:29:23.710  4686  4686 D WindowElementcd0263c: updateFloatingIconView, animType=CLOSE_TO_HOME
01-13 14:29:23.710  4686  4686 D WindowElementcd0263c: updateFloatingIconView, oldTargetView=null, params.targetView=com.miui.home.launcher.ShortcutIcon{f4dddba VFED..CL. ........ 382,734-720,1101}(SoundTherapyApp)
01-13 14:29:23.710  4686  4686 D WindowElementcd0263c: replaceFloatingIconViewContent, init floatingIconView if needed floatingIcon = [Lcom.miui.home.recents.FloatingIconInterface;@ab00a1b params = RectFParams(targetApps=com.miui.home.recents.util.RemoteAnimationTargetSet@ba6bacc, windowAnimParams=WindowAnimParams(startRect=RectF(0.0, 0.0, 1440.0, 3200.0), targetRect=RectF(443.0, 1058.0, 659.0, 1274.0), startRadii=[120.0,120.0,22.0,22.0], endRadii=[57.30612,57.30612,57.30612,57.30612], startAlpha=1.0, endAlpha=0.0, velocityParams=VelocityParams(leftVelocity=0.0, topVelocity=0.0, widthVelocity=0.0, heightVelocity=0.0, ratioVelocity=0.0, radiusRatioVelocity=0.0, alphaVelocity=0.0), extraSpringsBundles=null), animType=CLOSE_TO_HOME, ignoreIcon=false, showTask=false, isQuickSwitchMode=false, targetView=com.miui.home.launcher.ShortcutIcon{f4dddba VFED..CL. ........ 382,734-720,1101}(SoundTherapyApp), animListener=com.miui.home.recents.anim.WindowAnimParamsProvider$getClosingWindowAnimParams$animListener$1@8afe115, clipAnimationHelper=com.miui.home.recents.util.ClipAnimationHelper@4b56c2a, clearLastListener=false, currentDisplayRotation=0, homeRotation=0, gestureHomeCalculator=null, needFinishOnAnimEnd=true, currentTaskIndex=0, isSplitModeBack=false, isUseTranslucentAnim=false, runningTaskId=0, touchRange=2, hasAnimTarget=true, isCloseAppToDefaultCenter=false, isHoldSmallWindowCropForCloseToDrag=false) isInit 
01-13 14:29:23.710  3278  4130 I MiuiNetworkPolicy: updateUidState uid = 10092, uidState = 19
01-13 14:29:23.710  3278  4927 D BarFollowAnimation: isAppTaskBarOnTop win:Window{7f85f52 u0 com.miui.home/com.miui.home.launcher.Launcher} (mCurrentTopTask:Task{f2c072 #778 type=standard A=10405:com.soundtherapyapp} : false); (mAssociatedTask:Task{f2c072 #778 type=standard A=10405:com.soundtherapyapp} : false); (mHomeTask:Task{68ecabd #1 type=home} : true); mReparentToOriginParent:false mLastAppBarVisible:false mLastHomeBarVisible:true
01-13 14:29:23.710  4686  4686 D FloatingIconView2beab7b8: removeRecycleCallback: com.miui.home.recents.views.FloatingIconView2$$ExternalSyntheticLambda4@73a7991
01-13 14:29:23.710 29090 11746 E SystemUtils: appIsTopAndXSpace: package com.miui.home, result false
01-13 14:29:23.710  4686  4686 D FloatingIconView2beab7b8: init addView: com.soundtherapyapp, index: 2, rootView:com.miui.home.launcher.StrictFrameLayout{ff3f9c8 V.E...... ......ID 0,0-1440,3200}
01-13 14:29:23.710  4686  4686 D Launcher.BlurUtilities: clearAllBlur: View=com.miui.home.recents.views.FloatingIconView2{beab7b8 V.ED..... ......I. 0,0-0,0}
01-13 14:29:23.710  4686  4686 D FloatingIconView2beab7b8: init, icon=com.miui.home.launcher.ShortcutIcon{f4dddba VFED..CL. ........ 382,734-720,1101}(SoundTherapyApp), mIsAdaptiveIcon=false, iconOffset=0, isBigIcon=false, isVerticalShape=false, isVerticalClip=false, mIsClamp=true, mDrawableandroid.graphics.drawable.BitmapDrawable@f0569a9, clipToOutlinefalse
01-13 14:29:23.710  3278  4927 D MiuiRefreshRatePolicy: reset
01-13 14:29:23.710  4686  4686 D FloatingIconView2beab7b8: setIsDrawIcon, isDraw=true
01-13 14:29:23.710  3278  4927 I TransitionImpl: home mode = 2
01-13 14:29:23.710  3278  4927 I TransitionImpl: home mode = 3
01-13 14:29:23.710  3278  4927 I TransitionImpl: home mode = 2
01-13 14:29:23.710  3278  4927 I TransitionImpl: home mode = 3
01-13 14:29:23.710  3278  4927 I TransitionImpl: home mode = 2
01-13 14:29:23.710  3278  4927 I TransitionImpl: home mode = 3
01-13 14:29:23.710  3278  4927 I TransitionImpl: home mode = 2
01-13 14:29:23.710  3278  4927 I TransitionImpl: home mode = 3
01-13 14:29:23.710 29090  5436 D ExecutorUtils: Task[RALH-notifyTaskStackChanged,129905086] running ON mirror-thread-2
01-13 14:29:23.711  4686  4686 D WindowElementcd0263c: bindIconLayerLeashIfNeeded true  null  Surface(name=TL_Surface(name=Task=1#51)/@0xb451c0d_transition-leash#49428)/@0x2a35640 target = null
01-13 14:29:23.711  4686  4686 D WindowElementcd0263c: bindIconLayerLeashIfNeeded 1
01-13 14:29:23.711  4686  4686 I WindowElementcd0263c: FloatingIconLayer2 is empty,return!
01-13 14:29:23.711  4686  4686 D WindowElementOffsetHelper: mType=3   x=382.0   y=1017.0
01-13 14:29:23.711  4686  4686 D WindowElementcd0263c: bindIconLayerLeashIfNeeded true  null  Surface(name=TL_Surface(name=Task=1#51)/@0xb451c0d_transition-leash#49428)/@0x2a35640 target = com.miui.home.launcher.ShortcutIcon{f4dddba VFED..CL. ........ 382,734-720,1101}(SoundTherapyApp)
01-13 14:29:23.711  4686  4686 D WindowElementcd0263c: bindIconLayerLeashIfNeeded 1
01-13 14:29:23.711  4686  4686 I WindowElementcd0263c: FloatingIconLayer2 is empty,return!
01-13 14:29:23.711  4686  4686 D WindowAnimImplementorDispatcher: 214967868 animTo CLOSE_TO_HOME by com.miui.home.recents.anim.windowanim.LocalWindowAnimImplementor@c14d23b
01-13 14:29:23.711  4686  4686 I ScenarioRecognitionUtil: setScenarioState, type: 320, isStart: true
01-13 14:29:23.711  4686  4686 D LocalWindowAnimImplementor: animTo, params=RectFParams(targetApps=com.miui.home.recents.util.RemoteAnimationTargetSet@ba6bacc, windowAnimParams=WindowAnimParams(startRect=RectF(0.0, 0.0, 1440.0, 3200.0), targetRect=RectF(443.0, 1058.0, 659.0, 1274.0), startRadii=[120.0,120.0,22.0,22.0], endRadii=[57.30612,57.30612,57.30612,57.30612], startAlpha=1.0, endAlpha=0.0, velocityParams=VelocityParams(leftVelocity=0.0, topVelocity=0.0, widthVelocity=0.0, heightVelocity=0.0, ratioVelocity=0.0, radiusRatioVelocity=0.0, alphaVelocity=0.0), extraSpringsBundles=null), animType=CLOSE_TO_HOME, ignoreIcon=false, showTask=false, isQuickSwitchMode=false, targetView=com.miui.home.launcher.ShortcutIcon{f4dddba VFED..CL. ......ID 382,734-720,1101}(SoundTherapyApp), animListener=com.miui.home.recents.anim.WindowAnimParamsProvider$getClosingWindowAnimParams$animListener$1@8afe115, clipAnimationHelper=com.miui.home.recents.util.ClipAnimationHelper@4b56c2a, clearLastListener=false, currentDisplayRotation=0, homeRotation=0, gestureHomeCalculator=null, needFinishOnAnimEnd=true, currentTaskIndex=0, isSplitModeBack=false, isUseTranslucentAnim=false, runningTaskId=0, touchRange=2, hasAnimTarget=true, isCloseAppToDefaultCenter=false, isHoldSmallWindowCropForCloseToDrag=false), isRunningAndNotRequestEndOrCancel()=true
01-13 14:29:23.711  4686  4686 I RectFSpringAnim_3337742: setStartRect = RectF(0.0, 0.0, 1440.0, 3200.0)
01-13 14:29:23.711  4686  4686 I RectFSpringAnim_3337742: setAnimParamByType = CLOSE_TO_HOME
01-13 14:29:23.711  5321  5321 D DynamicIslandTopActivityController: fullscreen: com.miui.home
01-13 14:29:23.711  4686  4686 E MultiSpringDynamicAnimation70bd02f: ERROR Not Found Bundle Radius
01-13 14:29:23.711  5321  5321 D DynamicIslandController: onTopActivityChanged: ComponentInfo{com.miui.home/com.miui.home.launcher.Launcher}
01-13 14:29:23.711  4686  4686 E MultiSpringDynamicAnimation70bd02f: ERROR Not Found Bundle SurfaceExtAlpha
01-13 14:29:23.711  4686  4686 E MultiSpringDynamicAnimation70bd02f: ERROR Not Found Bundle appLeashBlurRadius
01-13 14:29:23.711  4686  4686 I RectFSpringAnim_3337742: updateAllAnimEndDirectly, centerX = 551.0, centerY = 1166.0, width = 216.0, height = 216.0, rectF = RectF(443.0, 1058.0, 659.0, 1274.0), radius = [57.30612, 57.30612, 57.30612, 57.30612], alpha = 0.0
01-13 14:29:23.711  4686  4686 E MultiSpringDynamicAnimation70bd02f: ERROR Not Found Bundle SurfaceExtAlpha
01-13 14:29:23.711  4686  4686 D NavStubView: setWindowAnimType  type=CLOSE_TO_HOME
01-13 14:29:23.711  4686  4686 D NavStubView: setIsAnimatingToLauncher  isAnimatingToLauncher=true
01-13 14:29:23.711  5321  5321 D DynamicIslandWindowViewController: handleDynamicIsland: action_top_activity_changed
01-13 14:29:23.711  5321  5321 D DynamicIslandWindowViewController: onTopActivityChange: topActivity ComponentInfo{com.miui.home/com.miui.home.launcher.Launcher}, inSmallWindow false, isSupportPip false, isFocus false fullScreenPkg com.miui.home
01-13 14:29:23.711  5321  5321 D DynamicIslandWindowViewController: openAppFromIsland: null, null, null false
01-13 14:29:23.711  5321  5321 D DynamicIslandSafeguardsController: cancelDelayEnterApp com.miui.home com.xiaomi.aicr
01-13 14:29:23.711  5321  5321 D DynamicIslandSafeguardsController: cancelDelayEnterMiniWindow com.miui.home com.miui.home null
01-13 14:29:23.711  4686  4686 D ShortcutMenuLayerElement: animTo, params=ShortcutMenuLayerParams(alpha=1.0, scaleX=1.0, scaleY=1.0, dampingRation=1.2, response=0.5, isSurfaceChange=true, shouldTryDisableByRecents=true, reason=, anim=true, animEndListener=null)
01-13 14:29:23.711  5321  5321 D DynamicIslandSafeguardsController: cancelDelayExitApp com.miui.home com.soundtherapyapp
01-13 14:29:23.711  5321  5321 D DynamicIslandSafeguardsController: cancelDelayExitMiniWindow com.miui.home null
01-13 14:29:23.711  5321  5321 D DynamicIslandWindowViewController: lastTopActivityIsSmallWindow false
01-13 14:29:23.711  5321  5321 D DynamicIslandSafeguardsController: delayExitApp com.miui.home
01-13 14:29:23.711  5321  5321 D DynamicIslandSafeguardsController: cancelDelayExitApp com.miui.home com.miui.home
01-13 14:29:23.711  4686  4686 D PassBlur: textureState not update, view com.miui.home.launcher.ShortcutMenuLayer{bb4b4a4 V.E...... ......ID 0,0-1440,3200 #7f0a03f8 app:id/shortcut_menu_layer} visible is true
01-13 14:29:23.711  4686  4686 D ShortcutMenuLayerElement: onAnimationEnd animation = null canceled = false
01-13 14:29:23.711  4686  4686 D SystemWallpaperElement: animTo   zoomOut=1.0 useWallpaperAnim=true
01-13 14:29:23.711  4686  4686 D RecentBlurViewElement: animTo: params = RecentBlurParams(blurRadius=0.0, dimming=0.0, dampingRatio=0.95, response=0.45) blurView = com.miui.home.launcher.BlurView{5420920 V.ED..... ........ 0,0-1440,3200 #7f0a026a app:id/launcher_blur_view}
01-13 14:29:23.711 29090  5436 D RelayAppLocalHelper: both hide, no need notify devices. check com.miui.home
01-13 14:29:23.711  4686  4686 D HomeLayerElement: animTo, enable = false params=HomeLayerParams(startAlpha=0.0, startScale=0.95, endAlpha=1.0, endScale=1.0)
01-13 14:29:23.711  4686  4686 D HomeLayerElement: java.lang.Exception
01-13 14:29:23.711  4686  4686 D HomeLayerElement: 	at com.miui.home.recents.anim.HomeLayerElement.animTo(HomeLayerElement.kt:174)
01-13 14:29:23.711  4686  4686 D HomeLayerElement: 	at com.miui.home.recents.anim.StateManager.handleAllElementParams(StateManager.kt:241)
01-13 14:29:23.711  4686  4686 D HomeLayerElement: 	at com.miui.home.recents.anim.StateManager.onAnimParamsReady(StateManager.kt:169)
01-13 14:29:23.711  4686  4686 D HomeLayerElement: 	at com.miui.home.recents.anim.StateManager.onAnimParamsReady$default(StateManager.kt:166)
01-13 14:29:23.711  4686  4686 D HomeLayerElement: 	at com.miui.home.recents.anim.WindowElement.onClosingWindowTransitionExecute$lambda$13(WindowElement.kt:609)
01-13 14:29:23.711  4686  4686 D HomeLayerElement: 	at com.miui.home.recents.anim.WindowElement.$r8$lambda$oNDe-v3FTseZvwjynpGBxPccacc(WindowElement.kt:0)
01-13 14:29:23.711  4686  4686 D HomeLayerElement: 	at com.miui.home.recents.anim.WindowElement$$ExternalSyntheticLambda9.run(R8$$SyntheticClass:0)
01-13 14:29:23.711  4686  4686 D HomeLayerElement: 	at android.os.Handler.handleCallback(Handler.java:995)
01-13 14:29:23.711  4686  4686 D HomeLayerElement: 	at android.os.Handler.dispatchMessage(Handler.java:103)
01-13 14:29:23.711  4686  4686 D HomeLayerElement: 	at android.os.Looper.loopOnce(Looper.java:267)
01-13 14:29:23.711  4686  4686 D HomeLayerElement: 	at android.os.Looper.loop(Looper.java:360)
01-13 14:29:23.711  4686  4686 D HomeLayerElement: 	at android.app.ActivityThread.main(ActivityThread.java:10088)
01-13 14:29:23.711  4686  4686 D HomeLayerElement: 	at java.lang.reflect.Method.invoke(Native Method)
01-13 14:29:23.711  4686  4686 D HomeLayerElement: 	at com.android.internal.os.RuntimeInit$MethodAndArgsCaller.run(RuntimeInit.java:616)
01-13 14:29:23.711  4686  4686 D HomeLayerElement: 	at com.android.internal.os.ZygoteInit.main(ZygoteInit.java:1113)
01-13 14:29:23.711  4686  4686 I AnimStateManager: go to state com.miui.home.recents.anim.StateManager$HomeState@b5d285e
01-13 14:29:23.711  3278  5942 D MiuiWallpaperAnimationManager: startScaleAnimation  from: 1.0838794 to: 1.0 by window: Window{7f85f52 u0 com.miui.home/com.miui.home.launcher.Launcher}
01-13 14:29:23.711  3278  5942 D MiuiWallpaperSurfaceAnimation: setAnimationState curState: INITIALIZED
01-13 14:29:23.711  3278  3405 D MiuiWallpaperSurfaceAnimation: setAnimationState curState: STARTED
01-13 14:29:23.711  5271  6063 E CountableHandler: Pending message count is over 200, drop message.msg.what = 10007 handler = Handler (com.android.phone.statistics.utils.ModemHydraStat$ModemHydraHandler) {eb04c79}
01-13 14:29:23.711  5271  6055 D NetworkMetricsController: processUidChangeEvent :activity is:ComponentInfo{com.miui.home/com.miui.home.launcher.Launcher}
01-13 14:29:23.712  3908  3946 D MiuiDownscaleImpl: set override inverted scale : 1.0
01-13 14:29:23.712  4686  5517 W RecentsImpl: updateFsgWindowVisibilityStateInBgThread, isEnter=false, typeFrom=typefrom_home, isUseFsg=true, isKeyguardLocked=false, mIsInAnotherPro=false
01-13 14:29:23.712  4686  5517 W RecentsImpl: getTopActivity from observer.   cn=ComponentInfo{com.miui.home/com.miui.home.launcher.Launcher}
01-13 14:29:23.712  4686  5517 D GestureStubView_Left: hideGestureStub
01-13 14:29:23.712  4686  5517 D GestureStubView_Right: hideGestureStub
01-13 14:29:23.712  5271  6055 D NetworkMetricsController: processUidChangeEvent :mCurApptype is NONE tempAppType is NONE
01-13 14:29:23.712 12372  4091 I GID     : PKG: com.soundtherapyapp IG ? false
01-13 14:29:23.713  4686  5517 E StateNotifyUtils: sendFsStateBroadCast state=closeWindow   channel=navigation_bar   packageName=
01-13 14:29:23.713 12372  4091 I GID     : PKG: com.miui.home IG ? false
01-13 14:29:23.713  3908  3908 I RENDER_TURBO: onActivityThreadCreate not in white list, pkg=com.android.htmlviewer:remote, type=miro
01-13 14:29:23.713  3278  3419 D BroadcastQueue: Logging broadcast for com.android.systemui, stopped=false, firstLaunch=false
01-13 14:29:23.713 12372  4091 I GID     : PKG: com.miui.home IG ? false
01-13 14:29:23.713  5321  5646 D MiuiFreeformModeSettingsObserver: handleFreeFormReceiver intent = Intent { act=com.miui.fullscreen_state_change flg=0x10 xflg=0x4 (has extras) }, action = com.miui.fullscreen_state_change
01-13 14:29:23.713  3278  3419 D BroadcastQueue: Logging broadcast for com.android.systemui, stopped=false, firstLaunch=false
01-13 14:29:23.713  5321  5646 D MiuiFreeformModeSettingsObserver: ACTION_FULLSCREEN_STATE_CHANGE stateName: closeWindow
01-13 14:29:23.713  3278  3404 I TransitionImpl: home mode = 2
01-13 14:29:23.713  3278  3404 I TransitionImpl: home mode = 3
01-13 14:29:23.713  3278  3404 I TransitionImpl: home mode = 2
01-13 14:29:23.714  3278  3404 I TransitionImpl: home mode = 3
01-13 14:29:23.714  3278  3404 I TransitionImpl: home mode = 2
01-13 14:29:23.714  3278  3404 I TransitionImpl: home mode = 3
01-13 14:29:23.714  3278  3404 I TransitionImpl: home mode = 2
01-13 14:29:23.714  3278  3404 I TransitionImpl: home mode = 3
01-13 14:29:23.714  2033  2093 D MI-SF   : updateScene: module = 258 (TpIdle), value = 1, pkg = com.miui.home, Vrr = 1, mSetTpIdleFlag = 0
01-13 14:29:23.714  2033  2093 D MI-SF   : updateScene mSetTpIdleFlag 1
01-13 14:29:23.714  2033  2033 D MI-SF   : isSupportLowBrightnessFpsSwitch current_setting_fps: 120
01-13 14:29:23.714  2033  2033 D MI-SF   : isTpIdleScene ,mAverageFrameRate is 76, 0 
01-13 14:29:23.714  2033  2033 D MI-SF   : modeGroup0 mIsSupportAutomodeForMaxFpsSetting is 0(0), getCurrentBrightness() = 737(388), mIsKeepAutoMode 0 isAutoModeAllowed() 1
01-13 14:29:23.714  2033  2033 D RefreshRateSelector: fixedMode_group: 0, isFindModeGroup 0
01-13 14:29:23.714  2033  2033 D RefreshRateSelector: find max refresh rate:120, mode Group:0
01-13 14:29:23.716  3278  3405 I MiuiWallpaperSurfaceAnimation: wallpaperOffsets:xOffset=0.0,yOffset=0.0
01-13 14:29:23.716  3278  3405 D MiuiWallpaperSurfaceAnimation: updateScaleIfNeeded mPivotX: 0.5, mPivotY: 0.5, x: 0.0, y: 0.0, zoom: 1.0856714
01-13 14:29:23.717  4686  4686 I LocalWindowAnimImplementor: initSyncTransactionApplierIfNeed floatIconView: com.miui.home.recents.views.FloatingIconView2{beab7b8 V.ED..... ......ID 382,1017-598,1233}
01-13 14:29:23.717  3908  3908 D ActivityThread: setEmbeddedParam packageName=com.android.htmlviewer processName=com.android.htmlviewer:remote isEmbedded=false isIsolated=false
01-13 14:29:23.717  4686  4686 D SyncRtSurfaceTransactionApplierCompat: SyncRtSurfaceTransactionApplierCompat::create targetView is null? false, mTargetViewRootImpl null? false
01-13 14:29:23.717  3908  3908 D ApplicationLoaders: Returning zygote-cached class loader: /system/framework/org.apache.http.legacy.jar
01-13 14:29:23.718  4686  5632 D com.miui.home: backgroundBlur makeBackgroundImage (ShortcutMenuLayer-6-0xb400007838efed10), blurRadius(183), blurType(-1), blurScaleRatio(0.000000)
01-13 14:29:23.718  4686  4686 D Launcher.Lifecycle: onWindowFocusChanged:true,UserHandle{0},bfe571,false
01-13 14:29:23.718  4686  4686 D Launcher_UnlockAnimationStateMachine: onWindowFocus:IDLE
01-13 14:29:23.718  4686  4686 D Launcher_UnlockAnimationStateMachine: showAnimation = IDLE
01-13 14:29:23.718  4686  4686 I HandWritingStubImpl: refreshLastKeyboardType: 1
01-13 14:29:23.718  4686  4686 I HandWritingStubImpl: getCurrentKeyboardType: 1
01-13 14:29:23.718  4686  5632 D com.miui.home: backgroundBlur makeBackgroundImage (BlurView-6-0xb400007838f44d30), blurRadius(110), blurType(-1), blurScaleRatio(0.000000)
01-13 14:29:23.718  4686  4686 D RecentsImpl: showNavStubView
01-13 14:29:23.718  4686  4686 D NavStubView_Touch: setKeepHidden    old=false   new=false
01-13 14:29:23.718  3278  3961 W InputMethodManagerService: Clear show forced flag.
01-13 14:29:23.719  3278  3961 I ImeTracker: com.miui.home:d11fbecb: onRequestHide at ORIGIN_SERVER reason HIDE_SAME_WINDOW_FOCUSED_WITHOUT_EDITOR fromUser false
01-13 14:29:23.719  3278  3961 W SecurityInputMethodSwitcher: first check switch to security ime: false
01-13 14:29:23.719  3278  3961 W SecurityInputMethodSwitcher: double check switch to security ime: false
01-13 14:29:23.719  4686  4686 D InsetsController: hide(ime(), fromIme=false)
01-13 14:29:23.719  3278  3961 W SecurityInputMethodSwitcher: switch to other input method from security ime:false mayChangeToMiuiSecurityInputMethod: false current focus window: android.os.BinderProxy@f3787dd
01-13 14:29:23.719  4686  4686 I ImeTracker: com.miui.home:d11fbecb: onCancelled at PHASE_CLIENT_ALREADY_HIDDEN
01-13 14:29:23.719  3278  3961 D InputMethodManagerService: startInputUncheckedLocked:set client state as:ClientState{8bcd507 mUid=10142 mPid=4686 mSelfReportedDisplayId=0}
01-13 14:29:23.719  3278  3961 D InputMethodManagerServiceImpl: ime switch to security: false , switch to normal ime: false , switch from security: false
01-13 14:29:23.720  9955  9955 D SogouIME: onFinishInput: attribute:com.miui.home 7612039
01-13 14:29:23.720  9955  9955 D MainImeServiceDel: doOnFinishInput: 
01-13 14:29:23.720  9955  9955 D InputLogic: resetChinese: 
01-13 14:29:23.720  9955  9955 D SogouIME: onStartInput: attribute:com.miui.home 89753938 restarting:false
01-13 14:29:23.720  3908  3908 D nativeloader: Configuring clns-shared-10 for other apk /system/priv-app/HTMLViewer/HTMLViewer.apk. target_sdk_version=36, uses_libraries=, library_path=/system/priv-app/HTMLViewer/lib/arm64:/system/lib64:/system_ext/lib64, permitted_path=/data:/mnt/expand:/data/user/0/com.android.htmlviewer:/system/priv-app/HTMLViewer:/system/lib64:/system_ext/lib64
01-13 14:29:23.720  9955  9955 D SogouIME: checkFractionChange: 
01-13 14:29:23.722  3908  3908 I mlviewer:remote: AssetManager2(0xb400007828eb9df8) locale list changing from [] to [zh-CN]
01-13 14:29:23.722  2033  2033 D MI-SF   : isSupportLowBrightnessFpsSwitch current_setting_fps: 120
01-13 14:29:23.722  2033  2033 D MI-SF   : isTpIdleScene ,mAverageFrameRate is 76, 0 
01-13 14:29:23.722  2033  2033 D MI-SF   : modeGroup0 mIsSupportAutomodeForMaxFpsSetting is 0(0), getCurrentBrightness() = 737(388), mIsKeepAutoMode 0 isAutoModeAllowed() 1
01-13 14:29:23.722  2033  2033 D RefreshRateSelector: fixedMode_group: 0, isFindModeGroup 0
01-13 14:29:23.722  2033  2033 D RefreshRateSelector: find max refresh rate:120, mode Group:0
01-13 14:29:23.722  3908  3908 D HWUI    : [HWUI] Flag vulkan_enhance_pipeline_cache enabled
01-13 14:29:23.722  3908  3908 D HWUI    : [HWUI] EnhanceVkPipelineCache is enabled
01-13 14:29:23.722  3908  3950 D MiuiMonitorThread: Shared singleton Thread for stability monitor start
01-13 14:29:23.722  3908  3908 V GraphicsEnvironment: Currently set values for:
01-13 14:29:23.722  3908  3908 V GraphicsEnvironment:   angle_gl_driver_selection_pkgs=[]
01-13 14:29:23.722  3908  3908 V GraphicsEnvironment:   angle_gl_driver_selection_values=[]
01-13 14:29:23.722  3908  3908 V GraphicsEnvironment: com.android.htmlviewer is not listed in per-application setting
01-13 14:29:23.722  3908  3908 V GraphicsEnvironment: ANGLE allowlist from config: 
01-13 14:29:23.722  3908  3908 V GraphicsEnvironment: com.android.htmlviewer is not listed in ANGLE allowlist or settings, returning default
01-13 14:29:23.723  3908  3908 E SmartArtRuntime: pkg or process null,not main process.
01-13 14:29:23.723  3908  3953 D ActivityThread: the event that target app starts is : AppLaunchEvent{mType='441', mProcessName='com.android.htmlviewer:remote', mPackageName='com.android.htmlviewer', mIsMainProcess='false', mVersionCode='36', mVersionName='', mLaunchTime='2026-01-13'}
01-13 14:29:23.723  9162 21748 W MQSEventManager: occur
01-13 14:29:23.724  3908  3950 I Perf    : Connecting to perf service.
01-13 14:29:23.724  3908  3908 D ResMonitorStub: The current process type is: system_app, process name is: com.android.htmlviewer:remote
01-13 14:29:23.725  3908  3908 I JavaheapMonitor: Java heap leak ratio threshold from RMS: 80%, Max: 256M, Process name: com.android.htmlviewer:remote
01-13 14:29:23.725  3278  3405 I MiuiWallpaperSurfaceAnimation: wallpaperOffsets:xOffset=0.0,yOffset=0.0
01-13 14:29:23.725  3278  3405 D MiuiWallpaperSurfaceAnimation: updateScaleIfNeeded mPivotX: 0.5, mPivotY: 0.5, x: 0.0, y: 0.0, zoom: 1.0867596
01-13 14:29:23.725  3908  3908 I JavaheapMonitor: Java heap loop intervals: (Count: 5)
01-13 14:29:23.725  3908  3908 I JavaheapMonitor: 0: 0.0, 300s
01-13 14:29:23.725  3908  3908 I JavaheapMonitor: 1: 0.2, 180s
01-13 14:29:23.725  3908  3908 I JavaheapMonitor: 2: 0.4, 60s
01-13 14:29:23.725  3908  3908 I JavaheapMonitor: 3: 0.6, 30s
01-13 14:29:23.725  3908  3908 I JavaheapMonitor: 4: 0.8, 10s
01-13 14:29:23.725  3908  3908 I JavaheapMonitor: Java heap monitor start in proc: com.android.htmlviewer:remote
01-13 14:29:23.725  3908  3908 D ResMonitorStub: The current process type supports enabling Java heap monitoring
01-13 14:29:23.725  3908  3908 I MiuiAppAdaptationStubsControl: Feature Flag of ThirdAppOpt is turned off
01-13 14:29:23.725  3908  3950 I ActivityThread: TrafficStats init done
01-13 14:29:23.726  4686  5632 D com.miui.home: backgroundBlur makeBackgroundImage (ShortcutMenuLayer-6-0xb400007838efed10), blurRadius(183), blurType(-1), blurScaleRatio(0.000000)
01-13 14:29:23.726  4686  5632 D com.miui.home: backgroundBlur makeBackgroundImage (BlurView-6-0xb400007838f44d30), blurRadius(110), blurType(-1), blurScaleRatio(0.000000)
01-13 14:29:23.726  3908  3950 E ashmem  : Pinning is deprecated since Android Q. Please use trim or other methods.
01-13 14:29:23.726  3908  3950 I ForceDarkHelperStubImpl: initialize for com.android.htmlviewer , ForceDarkOrigin
01-13 14:29:23.726  3908  3950 D nativeloader: Load libforcedarkimpl.so using system ns (caller=/system_ext/framework/miui-framework.jar): ok
01-13 14:29:23.727  3908  3950 D HWUI    : JNI_OnLoad success
01-13 14:29:23.727  3908  3950 I MiuiForceDarkConfig: setConfig density:3.750000, mainRule:0, secondaryRule:0, tertiaryRule:0
01-13 14:29:23.729  3908  3950 I ActivityThread: Miui Feature Init done
