01-13 14:40:32.886  1816  3195 D AHAL_ModuleRemoteSubmix: setVendorParameters parameters id = bluetoothlowlatencystatus val false
01-13 14:40:32.886  1816  3195 D AHAL_ModuleRemoteSubmix: setVendorParameters parameters id = foregroundUid val 10405
01-13 14:40:32.886  1963  2404 E ConversionHelperAidl: Function: parseAndSetVendorParameters Line: 94 Failed 
01-13 14:40:32.886  1963  2404 D DeviceHalAidl: [bluetooth] setParameters: parameters: "bluetoothlowlatencystatus=false;foregroundUid=10405"
01-13 14:40:32.886  1963  2404 E ConversionHelperAidl: Function: parseAndSetVendorParameters Line: 94 Failed 
01-13 14:40:32.886  8264  9560 D AppScoutStateMachine: 8264-ScoutStateMachinecreated
01-13 14:40:32.886  3278  4257 I AudioGameEffect: foreground change to com.soundtherapyapp, last foreground is com.xiaomi.bluetooth
01-13 14:40:32.886  3278  4257 I AudioGameEffect: get enable packages from setting: null
01-13 14:40:32.886  3278  4257 I AudioGameEffect: get enable packages from setting: null
01-13 14:40:32.887  3278  4257 D MiuiIntegratedMemorySwap: uid:10405, packageName: com.soundtherapyapp
01-13 14:40:32.887 10301 10787 D L0      : myUserId = 0	currentUserId0
01-13 14:40:32.887 16169 16692 D BluetoothLatencyMode: ForegroundInfo{mForegroundPackageName='com.soundtherapyapp', mForegroundUid=10405, mForegroundPid=8264, mForegroundDisplayId=0, mLastForegroundPackageName='com.xiaomi.bluetooth', mLastForegroundUid=1002, mLastForegroundPid=3999, mLastForegroundDisplayId=0, mMultiWindowForegroundPackageName='com.soundtherapyapp', mMultiWindowForegroundUid=10405, mFlags=1}
01-13 14:40:32.887 10211 19863 D DFS-AppUsageTracker: Fg changed, new=com.soundtherapyapp, but charging.
01-13 14:40:32.887 29090 11746 D RelayAppLocalHelper: onForegroundInfoChanged: ForegroundInfo{mForegroundPackageName='com.soundtherapyapp', mForegroundUid=10405, mForegroundPid=8264, mForegroundDisplayId=0, mLastForegroundPackageName='com.xiaomi.bluetooth', mLastForegroundUid=1002, mLastForegroundPid=3999, mLastForegroundDisplayId=0, mMultiWindowForegroundPackageName='com.soundtherapyapp', mMultiWindowForegroundUid=10405, mFlags=1}
01-13 14:40:32.887  3278  6008 D AS.AudioService: mSupportFakeHfpApp{com.ss.android.ugc.aweme=0, com.microsoft.teams=0, com.baidu.BaiduMap=0, com.systec.umeeting=0, com.cisco.webex.meetings=0, com.tencent.mobileqq=0, com.skype.raider=0, com.instagram.android=0, com.ss.android.lark.kami=0, com.zhiliaoapp.musically=0, com.skype.rover=0, com.smile.gifmaker=0, com.ss.android.lark.saxmsa667=0, com.tencent.wemeet.app=0, com.mediatek.engineermode=0, com.ss.android.ugc.aweme.lite=0, com.alibaba.android.rimet=0, com.autonavi.minimap=0, com.whatsapp=0, com.immomo.momo=0, com.facebook.katana=0, com.taobao.idlefish=0, com.tencent.lolm=0, com.tencent.mf.uam=0, com.xingin.xhs=0, com.cisco.wx2.android=0, com.tencent.tmgp.sgame=0, com.tencent.tmgp.pubgmhd=0, com.ss.android.lark=0, im.yixin=0} packageName com.android.bluetooth appVersion 36 mSupportFakeHfpApp.get(packageName) null
01-13 14:40:32.887 12372  4091 I GID     : PKG: com.soundtherapyapp IG ? false
01-13 14:40:32.887 12372  4091 I GST     : forePkg: com.soundtherapyapp, preForePkg: com.xiaomi.bluetooth
01-13 14:40:32.887 16169 16692 D BluetoothLatencyMode: isWiredAudioHeadset.type: 1
01-13 14:40:32.887 16169 16692 D BluetoothLatencyMode: isWiredAudioHeadset.type: 2
01-13 14:40:32.887 16169 16692 D BluetoothLatencyMode: isWiredAudioHeadset.type: 18
01-13 14:40:32.887 16169 16692 D BluetoothLatencyMode: isWiredAudioHeadset.type: 14
01-13 14:40:32.887 12372  4091 D VENUS_GAMEAI_START_GameAiStartManager: venusGameAiSupportApps is not monitor packageName=com.soundtherapyapp
01-13 14:40:32.888 12372  4091 I GID     : PKG: com.xiaomi.bluetooth IG ? false
01-13 14:40:32.888  3278  4257 I NetworkBoostStatusManager: onForegroundInfoChanged uid:10405, onLastForegroundInfoChanged uid:1002, isColdStart:true, mIgnoreUid:-1
01-13 14:40:32.888  3278  4257 I SLM-SRV-SLAToast: foreground uid:10405, isColdStart:true, isLinkTurboEnable:false
01-13 14:40:32.888  3278  4257 D NetworkSDKService: handleMultiAppsDualWifi isSet = false isEverOpened = false
01-13 14:40:32.888 10301 10783 I ProcessMonitor: onForegroundInfoChanged: ForegroundInfo{mForegroundPackageName='com.soundtherapyapp', mForegroundUid=10405, mForegroundPid=8264, mForegroundDisplayId=0, mLastForegroundPackageName='com.xiaomi.bluetooth', mLastForegroundUid=1002, mLastForegroundPid=3999, mLastForegroundDisplayId=0, mMultiWindowForegroundPackageName='com.soundtherapyapp', mMultiWindowForegroundUid=10405, mFlags=1}
01-13 14:40:32.888 12372  4091 I GID     : PKG: com.xiaomi.bluetooth IG ? false
01-13 14:40:32.888  3278  4248 D ActionExecute: delayFreeze true reason= tobg uid=1002
01-13 14:40:32.888 12372  4091 I GID     : PKG: com.soundtherapyapp IG ? false
01-13 14:40:32.888 30162 32133 I Browser : -------=-=-===onForegroundInfoChanged from com.xiaomi.bluetooth to com.soundtherapyapp
01-13 14:40:32.889 12372  4091 I GID     : PKG: com.soundtherapyapp IG ? false
01-13 14:40:32.889 30162 32133 D FloatingDialogManager: onForegroundInfoChanged:  foregroundPackageName:com.soundtherapyapp mLastForegroundPackageName:com.xiaomi.bluetooth
01-13 14:40:32.889  3278  3416 I QuickScannerController: onForegroundInfoChanged. packageName:com.soundtherapyapp
01-13 14:40:32.889 10301 10783 I GameBoosterService: screen locked!
01-13 14:40:32.889 10301 10783 I VideoBoxUtils: isSupportVideoBox: true
01-13 14:40:32.889 10301 10783 I VideoToolBoxService: vtb is closed!!!
01-13 14:40:32.889 10301 12168 E SuggestManager: openApp name = com.soundtherapyapp
01-13 14:40:32.889 10301 12168 I NewAutoTaskManager: app use - delay = 9223372036854775807, doRemove = false, doPost = false
01-13 14:40:32.890 10301 10783 I AppPredictPrivacyLaunchManager: getLauncherHomeAppList size: 47
01-13 14:40:32.890 10301 10783 I AppPredictService: difTIme = 32431
01-13 14:40:32.890  3278  4130 I MiuiNetworkPolicyTrafficLimit: updateWhiteListUidForMobileTraffic uid=10405,add=true
01-13 14:40:32.891  3278  4130 D MiuiNetworkPolicyTrafficLimit: updateWhiteListUidForMobileTraffic rst=true
01-13 14:40:32.888  4686  5661 D RecentsImpl: onForegroundChanged, foregroundPackageName=com.soundtherapyapp
01-13 14:40:32.891 29090 11746 E RecentAppsManager: com.soundtherapyapp can't be added to recent list!!
01-13 14:40:32.891 10301 12313 E b       : insert result = 69888
01-13 14:40:32.891 29090 11746 D RelayAppLocalHelper: notifyTaskStackChanged:
01-13 14:40:32.891  5271  6063 E CountableHandler: Pending message count is over 200, drop message.msg.what = 10007 handler = Handler (com.android.phone.statistics.utils.ModemHydraStat$ModemHydraHandler) {eb04c79}
01-13 14:40:32.891 10301 10783 W ContextImpl: Calling a method in the system process without a qualified user: android.app.ContextImpl.startService:2013 android.content.ContextWrapper.startService:871 C1.b.f:40 C1.b$c.onForegroundInfoChanged:22 com.miui.gamebooster.mutiwindow.b$a.onForegroundInfoChanged:174 
01-13 14:40:32.891  5271  6055 D NetworkMetricsController: processUidChangeEvent :activity is:ComponentInfo{com.soundtherapyapp/com.soundtherapyapp.MainActivity}
01-13 14:40:32.891  5271  6055 D NetworkMetricsController: processUidChangeEvent :mCurApptype is NONE tempAppType is NONE
01-13 14:40:32.892  3278  6008 D ActivityManager: Logging startService for com.miui.securitycenter, stopped=false, firstLaunch=false, intent=Intent { act=action_anti_fraud_auto_scan_single_app xflg=0x4 cmp=com.miui.securitycenter/com.miui.antivirus.service.GuardService (has extras) }, r.app=ProcessRecord{69c24c9 10301:com.miui.securitycenter.remote/1000}
01-13 14:40:32.893 29090 11746 E SystemUtils: appIsTopAndXSpace: package com.soundtherapyapp, result false
01-13 14:40:32.894  1847  1847 I qspmHal : enter getGpuProf at: -1240093058
01-13 14:40:32.894  1847  1847 I qspmHal : PID 8264 from GFX matched.
01-13 14:40:32.894  1847  1847 I qspmHal : gpuProfName:com.soundtherapyapp-gpu - gpu prof_info.path:/data/vendor/gaming/com.soundtherapyapp-gpu
01-13 14:40:32.894  1847  1847 E qspmHal : GPU profile file NOT found !!
01-13 14:40:32.895  8264  9588 I AdrenoVK-0: ===== BEGIN DUMP OF OVERRIDDEN SETTINGS =====
01-13 14:40:32.895  8264  9588 I AdrenoVK-0: ===== END DUMP OF OVERRIDDEN SETTINGS =====
01-13 14:40:32.896  8264  8264 D AppCompatDelegate: Checking for metadata for AppLocalesMetadataHolderService : Service not found
01-13 14:40:32.896  8264  8264 I soundtherapyapp: AssetManager2(0xb400007828ebe5d8) locale list changing from [] to [zh-CN]
01-13 14:40:32.897  8264  9588 D qdgralloc: Fetching IMapper5 from QtiMapper5
01-13 14:40:32.898  3278  5559 D BarFollowAnimation: onTaskInfoChanedForCaptionBar Task{1b84ca9 #786 type=standard A=10405:com.soundtherapyapp} shouldbeVisible:true isVisible:false isOnTop:true windowMode:1 preDisplayId:-1 displayId:0 mCaptionAssociatedTask:null mIsTouchedInCaption:false
01-13 14:40:32.899  4686  4686 D RecentsModel: onTaskDescriptionChanged =  taskId = 786
01-13 14:40:32.902  8264  9605 I soundtherapyapp: AssetManager2(0xb400007828ec9e38) locale list changing from [] to [zh-CN]
01-13 14:40:32.904  8264  9605 D nativeloader: Configuring clns-11 for other apk /system_ext/app/miuisystem/miuisystem.apk. target_sdk_version=35, uses_libraries=ALL, library_path=/product/app/ContentCatcherOS3/lib/arm64:/product/app/ContentCatcherOS3/ContentCatcherOS3.apk!/lib/arm64-v8a:/system_ext/priv-app/RtMiCloudSDK/RtMiCloudSDK.apk!/lib/arm64-v8a:/system_ext/app/miuisystem/miuisystem.apk!/lib/arm64-v8a, permitted_path=/data:/mnt/expand
01-13 14:40:32.904  8264  9605 D nativeloader: Extending system_exposed_libraries: libbinauralrenderer_wrapper.qti.so:libhoaeffects.qti.so:libmisys_jni.xiaomi.so:libpag.hyperos.so:libffavc.hyperos.so:libxiaomi_modemdumpsdx55_jni.modem.so:libxiaomi_modemdump_jni.modem.so:libmodemsmartengine_jni.modem.so:libupdateprof.qti.so:libthermalclient.qti.so:libdiag_system.qti.so:libqape.qti.so:libqesdk_ndk_platform.qti.so:liblistenjni.qti.so
01-13 14:40:32.904  8264  9588 I SnapAlloc: Graphics lib is available
01-13 14:40:32.905  8264  8264 E TransactionExecutor: Failed to execute the transaction: tId:-1634484087 ClientTransaction{
01-13 14:40:32.905  8264  8264 E TransactionExecutor: tId:-1634484087   transactionItems=[
01-13 14:40:32.905  8264  8264 E TransactionExecutor: tId:-1634484087     LaunchActivityItem{activityToken=android.os.BinderProxy@821027a,intent=Intent { flg=0x10000000 xflg=0x5 cmp=com.soundtherapyapp/.MainActivity },ident=156561779,info=ActivityInfo{4115a0b com.soundtherapyapp.MainActivity},curConfig={1.0 460mcc11mnc [zh_CN] ldltr sw384dp w384dp h853dp 600dpi nrml long hdr widecg port finger -keyb/v/h -nav/h winConfig={ mBounds=Rect(0, 0 - 1440, 3200) mAppBounds=Rect(0, 0 - 1440, 3200) mMaxBounds=Rect(0, 0 - 1440, 3200) mDisplayRotation=ROTATION_0 mWindowingMode=fullscreen mActivityType=undefined mAlwaysOnTop=undefined mRotation=ROTATION_0 mInSplitScreen=false letterBoxed=false foScaled=false isSpecificEmbedded=false embeddingScale=1.0} s.683 fontWeightAdjustment=0/d/o themeChanged=0 themeChangedFlags=0 display=0 extraData = Bundle[{}] screenType=0/o},overrideConfig={1.0 460mcc11mnc [zh_CN] ldltr sw384dp w384dp h853dp 600dpi nrml long hdr widecg port finger -keyb/v/h -nav/h winConfig={ mBounds=Rect(0, 0 - 1440, 3200) mAppBounds=Rect(0, 0 - 1440, 3200) mMaxBounds=Rect(0, 0 - 1440, 3200) mDisplayRotation=ROTATION_0 mWindowingMode=fullscreen mActivityType=standard mAlwaysOnTop=undefined mRotation=ROTATION_0 mInSplitScreen=false letterBoxed=false foScaled=false isSpecificEmbedded=false embeddingScale=1.0} s.2 fontWeightAdjustment=0/d/o themeChanged=0 themeChangedFlags=0 display=0 extraData = Bundle[{}] screenType=0/o},deviceId=0,referrer=com.android.shell,procState=19,state=null,persistentState=null,pendingResults=null,pendingNewIntents=null,sceneTransitionInfo=null,profilerInfo=null,assistToken=android.os.BinderProxy@33fb0fc,shareableActivityToken=android.os.BinderProxy@8f35385,activityWindowInfo=ActivityWindowInfo{isEmbedded=false, taskBounds=Rect(0, 0 - 1440, 3200), taskFragmentBounds=Rect(0, 0 - 1440, 3200), inOwnOrganizerProcess=true}}
01-13 14:40:32.905  8264  8264 E TransactionExecutor: tId:-1634484087     ResumeActivityItem{mActivityToken=android.os.BinderProxy@821027a,procState=-1,isForward=true,shouldSendCompatFakeFocus=false}
01-13 14:40:32.905  8264  8264 E TransactionExecutor: tId:-1634484087     Target activity: com.soundtherapyapp.MainActivity
01-13 14:40:32.905  8264  8264 E TransactionExecutor: tId:-1634484087   ]
01-13 14:40:32.905  8264  8264 E TransactionExecutor: tId:-1634484087 }
01-13 14:40:32.905  8264  8264 D AndroidRuntime: Shutting down VM
--------- beginning of crash
01-13 14:40:32.906  8264  8264 E AndroidRuntime: FATAL EXCEPTION: main
01-13 14:40:32.906  8264  8264 E AndroidRuntime: Process: com.soundtherapyapp, PID: 8264
01-13 14:40:32.906  8264  8264 E AndroidRuntime: java.lang.RuntimeException: Unable to start activity ComponentInfo{com.soundtherapyapp/com.soundtherapyapp.MainActivity}: java.lang.IllegalStateException: Overriding isNewArchEnabled to false is not supported anymore since React Native 0.82. Please check your MainApplication.kt file, and remove the override for `isNewArchEnabled`.
01-13 14:40:32.906  8264  8264 E AndroidRuntime: 	at android.app.ActivityThread.performLaunchActivity(ActivityThread.java:4702)
01-13 14:40:32.906  8264  8264 E AndroidRuntime: 	at android.app.ActivityThread.handleLaunchActivity(ActivityThread.java:4931)
01-13 14:40:32.906  8264  8264 E AndroidRuntime: 	at android.app.servertransaction.LaunchActivityItem.execute(LaunchActivityItem.java:222)
01-13 14:40:32.906  8264  8264 E AndroidRuntime: 	at android.app.servertransaction.TransactionExecutor.executeNonLifecycleItem(TransactionExecutor.java:136)
01-13 14:40:32.906  8264  8264 E AndroidRuntime: 	at android.app.servertransaction.TransactionExecutor.executeTransactionItems(TransactionExecutor.java:106)
01-13 14:40:32.906  8264  8264 E AndroidRuntime: 	at android.app.servertransaction.TransactionExecutor.execute(TransactionExecutor.java:83)
01-13 14:40:32.906  8264  8264 E AndroidRuntime: 	at android.app.ActivityThread$H.handleMessage(ActivityThread.java:3085)
01-13 14:40:32.906  8264  8264 E AndroidRuntime: 	at android.os.Handler.dispatchMessage(Handler.java:110)
01-13 14:40:32.906  8264  8264 E AndroidRuntime: 	at android.os.Looper.loopOnce(Looper.java:267)
01-13 14:40:32.906  8264  8264 E AndroidRuntime: 	at android.os.Looper.loop(Looper.java:360)
01-13 14:40:32.906  8264  8264 E AndroidRuntime: 	at android.app.ActivityThread.main(ActivityThread.java:10088)
01-13 14:40:32.906  8264  8264 E AndroidRuntime: 	at java.lang.reflect.Method.invoke(Native Method)
01-13 14:40:32.906  8264  8264 E AndroidRuntime: 	at com.android.internal.os.RuntimeInit$MethodAndArgsCaller.run(RuntimeInit.java:616)
01-13 14:40:32.906  8264  8264 E AndroidRuntime: 	at com.android.internal.os.ZygoteInit.main(ZygoteInit.java:1113)
01-13 14:40:32.906  8264  8264 E AndroidRuntime: Caused by: java.lang.IllegalStateException: Overriding isNewArchEnabled to false is not supported anymore since React Native 0.82. Please check your MainApplication.kt file, and remove the override for `isNewArchEnabled`.
01-13 14:40:32.906  8264  8264 E AndroidRuntime: 	at com.facebook.react.defaults.DefaultReactNativeHost.getUIManagerProvider(DefaultReactNativeHost.kt:77)
01-13 14:40:32.906  8264  8264 E AndroidRuntime: 	at com.facebook.react.ReactNativeHost.getBaseReactInstanceManagerBuilder(ReactNativeHost.java:114)
01-13 14:40:32.906  8264  8264 E AndroidRuntime: 	at com.facebook.react.ReactNativeHost.createReactInstanceManager(ReactNativeHost.java:95)
01-13 14:40:32.906  8264  8264 E AndroidRuntime: 	at com.facebook.react.ReactNativeHost.getReactInstanceManager(ReactNativeHost.java:67)
01-13 14:40:32.906  8264  8264 E AndroidRuntime: 	at com.facebook.react.ReactDelegate.loadApp(ReactDelegate.kt:338)
01-13 14:40:32.906  8264  8264 E AndroidRuntime: 	at com.facebook.react.ReactActivityDelegate.loadApp(ReactActivityDelegate.java:179)
01-13 14:40:32.906  8264  8264 E AndroidRuntime: 	at com.facebook.react.ReactActivityDelegate.lambda$onCreate$0(ReactActivityDelegate.java:173)
01-13 14:40:32.906  8264  8264 E AndroidRuntime: 	at com.facebook.react.ReactActivityDelegate.$r8$lambda$HPdXfLmAU1y4Wc1XbwAHziPP2WA(Unknown Source:0)
01-13 14:40:32.906  8264  8264 E AndroidRuntime: 	at com.facebook.react.ReactActivityDelegate$$ExternalSyntheticLambda0.run(D8$$SyntheticClass:0)
01-13 14:40:32.906  8264  8264 E AndroidRuntime: 	at com.facebook.systrace.Systrace.traceSection(Systrace.kt:35)
01-13 14:40:32.906  8264  8264 E AndroidRuntime: 	at com.facebook.react.ReactActivityDelegate.onCreate(ReactActivityDelegate.java:132)
01-13 14:40:32.906  8264  8264 E AndroidRuntime: 	at com.facebook.react.ReactActivity.onCreate(ReactActivity.java:61)
01-13 14:40:32.906  8264  8264 E AndroidRuntime: 	at android.app.Activity.performCreate(Activity.java:9380)
01-13 14:40:32.906  8264  8264 E AndroidRuntime: 	at android.app.Activity.performCreate(Activity.java:9323)
01-13 14:40:32.906  8264  8264 E AndroidRuntime: 	at android.app.Instrumentation.callActivityOnCreate(Instrumentation.java:1537)
01-13 14:40:32.906  8264  8264 E AndroidRuntime: 	at android.app.ActivityThread.performLaunchActivity(ActivityThread.java:4684)
01-13 14:40:32.906  8264  8264 E AndroidRuntime: 	... 13 more
01-13 14:40:32.906  8264  9605 D nativeloader: Configuring clns-12 for other apk /system_ext/priv-app/RtMiCloudSDK/RtMiCloudSDK.apk. target_sdk_version=35, uses_libraries=ALL, library_path=/product/app/ContentCatcherOS3/lib/arm64:/product/app/ContentCatcherOS3/ContentCatcherOS3.apk!/lib/arm64-v8a:/system_ext/priv-app/RtMiCloudSDK/RtMiCloudSDK.apk!/lib/arm64-v8a:/system_ext/app/miuisystem/miuisystem.apk!/lib/arm64-v8a, permitted_path=/data:/mnt/expand
01-13 14:40:32.906  8264  9605 D nativeloader: Extending system_exposed_libraries: libbinauralrenderer_wrapper.qti.so:libhoaeffects.qti.so:libmisys_jni.xiaomi.so:libpag.hyperos.so:libffavc.hyperos.so:libxiaomi_modemdumpsdx55_jni.modem.so:libxiaomi_modemdump_jni.modem.so:libmodemsmartengine_jni.modem.so:libupdateprof.qti.so:libthermalclient.qti.so:libdiag_system.qti.so:libqape.qti.so:libqesdk_ndk_platform.qti.so:liblistenjni.qti.so
01-13 14:40:32.906  8264  9605 D ApplicationLoaders: Returning zygote-cached class loader: /system/framework/org.apache.http.legacy.jar
01-13 14:40:32.907  8264  9605 D ApplicationLoaders: Returning zygote-cached class loader: /system_ext/framework/androidx.window.extensions.jar
01-13 14:40:32.907  8264  9605 D ApplicationLoaders: Returning zygote-cached class loader: /system_ext/framework/androidx.window.sidecar.jar
01-13 14:40:32.903  8264  8264 W pool-3-thread-1: type=1400 audit(0.0:798611): avc:  denied  { search } for  name="miuilog" dev="dm-56" ino=786 scontext=u:r:untrusted_app:s0:c149,c257,c512,c768 tcontext=u:object_r:data_log_file:s0 tclass=dir permissive=0 app=com.soundtherapyapp
01-13 14:40:32.909  8264  9588 I Adreno-UNKNOWN: Using previously loaded IMapper library.
01-13 14:40:32.903  8264  8264 W pool-3-thread-1: type=1400 audit(0.0:798612): avc:  denied  { search } for  name="miuilog" dev="dm-56" ino=786 scontext=u:r:untrusted_app:s0:c149,c257,c512,c768 tcontext=u:object_r:data_log_file:s0 tclass=dir permissive=0 app=com.soundtherapyapp
01-13 14:40:32.910  8264  9588 I AdrenoVK-0: QUALCOMM build          : 6cec7db601, Ie2229927e4
01-13 14:40:32.910  8264  9588 I AdrenoVK-0: Build Date              : 09/10/25
01-13 14:40:32.910  8264  9588 I AdrenoVK-0: Shader Compiler Version : E031.47.18.42
01-13 14:40:32.910  8264  9588 I AdrenoVK-0: Local Branch            : 
01-13 14:40:32.910  8264  9588 I AdrenoVK-0: Remote Branch           : refs/tags/AU_LINUX_ANDROID_LA.VENDOR.15.4.0.11.00.00.1088.743
01-13 14:40:32.910  8264  9588 I AdrenoVK-0: Remote Branch           : NONE
01-13 14:40:32.910  8264  9588 I AdrenoVK-0: Reconstruct Branch      : NOTHING
01-13 14:40:32.910  8264  9588 I AdrenoVK-0: Build Config            : S P 18.0.0 AArch64
01-13 14:40:32.903  8264  8264 W pool-3-thread-1: type=1400 audit(0.0:798613): avc:  denied  { search } for  name="miuilog" dev="dm-56" ino=786 scontext=u:r:untrusted_app:s0:c149,c257,c512,c768 tcontext=u:object_r:data_log_file:s0 tclass=dir permissive=0 app=com.soundtherapyapp
01-13 14:40:32.910  8264  9588 I AdrenoVK-0: Driver Version          : 0800.56.1
01-13 14:40:32.910  8264  9588 I AdrenoVK-0: PFP                     : 0x01500077
01-13 14:40:32.903  8264  8264 W pool-3-thread-1: type=1400 audit(0.0:798614): avc:  denied  { search } for  name="miuilog" dev="dm-56" ino=786 scontext=u:r:untrusted_app:s0:c149,c257,c512,c768 tcontext=u:object_r:data_log_file:s0 tclass=dir permissive=0 app=com.soundtherapyapp
01-13 14:40:32.910  8264  9588 I AdrenoVK-0: ME                      : 0x01500014
01-13 14:40:32.910  8264  9588 I AdrenoVK-0: Application Name    : android framework
01-13 14:40:32.910  8264  9588 I AdrenoVK-0: Process Name        : com.soundtherapyapp
01-13 14:40:32.910  8264  9588 I AdrenoVK-0: Application Version : 0x00000000
01-13 14:40:32.910  8264  9588 I AdrenoVK-0: Engine Name         : android framework
01-13 14:40:32.910  8264  9588 I AdrenoVK-0: Engine Version      : 0x00000000
01-13 14:40:32.910  8264  9588 I AdrenoVK-0: Api Version         : 0x00401000
01-13 14:40:32.910  8264  9606 W FileUtils: Failed to chmod(/data/miuilog/stability/jetrace): android.system.ErrnoException: chmod failed: EACCES (Permission denied)
01-13 14:40:32.910  8264  9605 D nativeloader: InitLlndkLibrariesProduct: libEGL.so:libGLESv1_CM.so:libGLESv2.so:libGLESv3.so:libRS.so:libandroid_net.so:libapexsupport.so:libavf.so:libbinder_ndk.so:libc.so:libcgrouprc.so:libclang_rt.asan-aarch64-android.so:libclang_rt.asan-arm-android.so:libclang_rt.hwasan-aarch64-android.so:libcom.android.tethering.connectivity_native.so:libdl.so:libft2.so:liblog.so:libm.so:libmediandk.so:libnativewindow.so:libneuralnetworks.so:libselinux.so:libsync.so:libvendorsupport.so:libvndksupport.so:libvulkan.so
01-13 14:40:32.910  8264  9605 D nativeloader: Configuring product-clns-13 for unbundled product apk /product/app/ContentCatcherOS3/ContentCatcherOS3.apk. target_sdk_version=35, uses_libraries=, library_path=/product/app/ContentCatcherOS3/lib/arm64:/product/app/ContentCatcherOS3/ContentCatcherOS3.apk!/lib/arm64-v8a:/system_ext/priv-app/RtMiCloudSDK/RtMiCloudSDK.apk!/lib/arm64-v8a:/system_ext/app/miuisystem/miuisystem.apk!/lib/arm64-v8a:/product/lib64:/system/product/lib64, permitted_path=/data:/mnt/expand:/product/lib64:/system/product/lib64
01-13 14:40:32.907  8264  8264 W pool-3-thread-1: type=1400 audit(0.0:798615): avc:  denied  { search } for  name="miuilog" dev="dm-56" ino=786 scontext=u:r:untrusted_app:s0:c149,c257,c512,c768 tcontext=u:object_r:data_log_file:s0 tclass=dir permissive=0 app=com.soundtherapyapp
01-13 14:40:32.910  8264  9606 W RuntimeInitImpl: dump java trace fail /data/miuilog/stability/jetrace/2026-01-13-14-40-32-908_com.soundtherapyapp_8264.trace.tmp: open failed: EACCES (Permission denied)
01-13 14:40:32.911  8264  9605 D nativeloader: InitVndkspLibrariesProduct: VNDK is deprecated with product
01-13 14:40:32.911  8264  8264 W ScoutUtils: Failed to mkdir /data/miuilog/stability/hprof/
01-13 14:40:32.911  9162 22873 W MQSEventManager: jeoccur
01-13 14:40:32.912  9162  9459 E JavaExceptionHandler: Process: com.soundtherapyapp, PID: 8264
01-13 14:40:32.912  9162  9459 E JavaExceptionHandler: java.lang.RuntimeException: Unable to start activity ComponentInfo{com.soundtherapyapp/com.soundtherapyapp.MainActivity}: java.lang.IllegalStateException: Overriding isNewArchEnabled to false is not supported anymore since React Native 0.82. Please check your MainApplication.kt file, and remove the override for `isNewArchEnabled`.
01-13 14:40:32.912  9162  9459 E JavaExceptionHandler: 	at android.app.ActivityThread.performLaunchActivity(ActivityThread.java:4702)
01-13 14:40:32.912  9162  9459 E JavaExceptionHandler: 	at android.app.ActivityThread.handleLaunchActivity(ActivityThread.java:4931)
01-13 14:40:32.912  9162  9459 E JavaExceptionHandler: 	at android.app.servertransaction.LaunchActivityItem.execute(LaunchActivityItem.java:222)
01-13 14:40:32.912  9162  9459 E JavaExceptionHandler: 	at android.app.servertransaction.TransactionExecutor.executeNonLifecycleItem(TransactionExecutor.java:136)
01-13 14:40:32.912  9162  9459 E JavaExceptionHandler: 	at android.app.servertransaction.TransactionExecutor.executeTransactionItems(TransactionExecutor.java:106)
01-13 14:40:32.912  9162  9459 E JavaExceptionHandler: 	at android.app.servertransaction.TransactionExecutor.execute(TransactionExecutor.java:83)
01-13 14:40:32.912  9162  9459 E JavaExceptionHandler: 	at android.app.ActivityThread$H.handleMessage(ActivityThread.java:3085)
01-13 14:40:32.912  9162  9459 E JavaExceptionHandler: 	at android.os.Handler.dispatchMessage(Handler.java:110)
01-13 14:40:32.912  9162  9459 E JavaExceptionHandler: 	at android.os.Looper.loopOnce(Looper.java:267)
01-13 14:40:32.912  9162  9459 E JavaExceptionHandler: 	at android.os.Looper.loop(Looper.java:360)
01-13 14:40:32.912  9162  9459 E JavaExceptionHandler: 	at android.app.ActivityThread.main(ActivityThread.java:10088)
01-13 14:40:32.912  9162  9459 E JavaExceptionHandler: 	at java.lang.reflect.Method.invoke(Native Method)
01-13 14:40:32.912  9162  9459 E JavaExceptionHandler: 	at com.android.internal.os.RuntimeInit$MethodAndArgsCaller.run(RuntimeInit.java:616)
01-13 14:40:32.912  9162  9459 E JavaExceptionHandler: 	at com.android.internal.os.ZygoteInit.main(ZygoteInit.java:1113)
01-13 14:40:32.912  9162  9459 E JavaExceptionHandler: Caused by: java.lang.IllegalStateException: Overriding isNewArchEnabled to false is not supported anymore since React Native 0.82. Please check your MainApplication.kt file, and remove the override for `isNewArchEnabled`.
01-13 14:40:32.912  9162  9459 E JavaExceptionHandler: 	at com.facebook.react.defaults.DefaultReactNativeHost.getUIManagerProvider(DefaultReactNativeHost.kt:77)
01-13 14:40:32.912  9162  9459 E JavaExceptionHandler: 	at com.facebook.react.ReactNativeHost.getBaseReactInstanceManagerBuilder(ReactNativeHost.java:114)
01-13 14:40:32.912  9162  9459 E JavaExceptionHandler: 	at com.facebook.react.ReactNativeHost.createReactInstanceManager(ReactNativeHost.java:95)
01-13 14:40:32.912  9162  9459 E JavaExceptionHandler: 	at com.facebook.react.ReactNativeHost.getReactInstanceManager(ReactNativeHost.java:67)
01-13 14:40:32.912  9162  9459 E JavaExceptionHandler: 	at com.facebook.react.ReactDelegate.loadApp(ReactDelegate.kt:338)
01-13 14:40:32.912  9162  9459 E JavaExceptionHandler: 	at com.facebook.react.ReactActivityDelegate.loadApp(ReactActivityDelegate.java:179)
01-13 14:40:32.912  9162  9459 E JavaExceptionHandler: 	at com.facebook.react.ReactActivityDelegate.lambda$onCreate$0(ReactActivityDelegate.java:173)
01-13 14:40:32.912  9162  9459 E JavaExceptionHandler: 	at com.facebook.react.ReactActivityDelegate.$r8$lambda$HPdXfLmAU1y4Wc1XbwAHziPP2WA(Unknown Source:0)
01-13 14:40:32.912  9162  9459 E JavaExceptionHandler: 	at com.facebook.react.ReactActivityDelegate$$ExternalSyntheticLambda0.run(D8$$SyntheticClass:0)
01-13 14:40:32.912  9162  9459 E JavaExceptionHandler: 	at com.facebook.systrace.Systrace.traceSection(Systrace.kt:35)
01-13 14:40:32.912  9162  9459 E JavaExceptionHandler: 	at com.facebook.react.ReactActivityDelegate.onCreate(ReactActivityDelegate.java:132)
01-13 14:40:32.912  9162  9459 E JavaExceptionHandler: 	at com.facebook.react.ReactActivity.onCreate(ReactActivity.java:61)
01-13 14:40:32.912  9162  9459 E JavaExceptionHandler: 	at android.app.Activity.performCreate(Activity.java:9380)
01-13 14:40:32.912  9162  9459 E JavaExceptionHandler: 	at android.app.Activity.performCreate(Activity.java:9323)
01-13 14:40:32.912  9162  9459 E JavaExceptionHandler: 	at android.app.Instrumentation.callActivityOnCreate(Instrumentation.java:1537)
01-13 14:40:32.912  9162  9459 E JavaExceptionHandler: 	at android.app.ActivityThread.performLaunchActivity(ActivityThread.java:4684)
01-13 14:40:32.912  9162  9459 E JavaExceptionHandler: 	... 13 more
01-13 14:40:32.912  3278  5559 I ActivityManager: note: ProcessRecord{a1555f4 8264:com.soundtherapyapp/u0a405} is being killed, reason: APP CRASH(EXCEPTION), sub-reason: UNKNOWN, message: crash
01-13 14:40:32.912  3278  3430 W RescuePartyPlus: RescueParty Plus is disable!
01-13 14:40:32.912  3278  5559 W ActivityTaskManager:   Force finishing activity com.soundtherapyapp/.MainActivity
01-13 14:40:32.912  3278  5559 D Transition: setReady 2519 wc=Display{#0 state=OFF size=1440x3200 ROTATION_0} ready=false
01-13 14:40:32.912  3278  9607 I DropBoxManagerService: add tag=data_app_crash isTagEnabled=true flags=0x2
01-13 14:40:32.912  3278  5559 D WindowManager: Set transition=TransitionRecord{aba79e2 id=2519 type=OPEN flags=0x0 c=[
01-13 14:40:32.912  3278  5559 D WindowManager:    ChangeInfo{a1ead48 container=Task{1b84ca9 #786 type=standard A=10405:com.soundtherapyapp} flags=0x0}
01-13 14:40:32.912  3278  5559 D WindowManager:    ChangeInfo{58be7e1 container=Display{#0 state=OFF size=1440x3200 ROTATION_0} flags=0x0}
01-13 14:40:32.912  3278  5559 D WindowManager:    ChangeInfo{63e7906 container=DefaultTaskDisplayArea@148137897 flags=0x0}
01-13 14:40:32.912  3278  5559 D WindowManager:    ChangeInfo{21d8bc7 container=ActivityRecord{156561779 u0 com.soundtherapyapp/.MainActivity t786} flags=0x0}
01-13 14:40:32.912  3278  5559 D WindowManager: ]
01-13 14:40:32.912  3278  5559 D WindowManager: }, ready=false, SyncId=2519 info=used=true, override=false, defer=0, states=Display{#0 state=OFF size=1440x3200 ROTATION_0}:false reason=com.android.server.wm.Transition.applyReady:1263 com.android.server.wm.Transition.setReady:1245 com.android.server.wm.TransitionController.requestTransitionIfNeeded:916 com.android.server.wm.DisplayContent.requestTransitionAndLegacyPrepare:6204 com.android.server.wm.Task.finishTopCrashedActivityLocked:6903 com.android.server.wm.RootWindowContainer.lambda$finishTopCrashedActivities$20:2741 com.android.server.wm.RootWindowContainer$$ExternalSyntheticLambda1.accept:0 com.android.server.wm.Task.forAllLeafTasks:4121 
01-13 14:40:32.912  3278  5559 D WindowManager: Collecting in transition 2519: Task{1b84ca9 #786 type=standard A=10405:com.soundtherapyapp} init visibleRequested:false
01-13 14:40:32.912  3278  5559 D TaskStubImpl: setToBackByHome false for Task#782
01-13 14:40:32.912  3278  5559 I ActivityTaskManager: moveTaskToFront: Task{c15f925 #782 type=standard A=1002:com.xiaomi.bluetooth} caller trace:com.android.server.wm.TaskDisplayArea.onTaskMoved:461 com.android.server.wm.Task.updateTaskMovement:1758 com.android.server.wm.TaskDisplayArea.positionChildTaskAt:425 com.android.server.wm.TaskDisplayArea.positionChildAt:386 com.android.server.wm.Task.moveToFront:6230 com.android.server.wm.Task.moveToFront:6200 com.android.server.wm.Task.moveToFront:6190 com.android.server.wm.Task.adjustFocusToNextFocusableTask:3477 com.android.server.wm.ActivityRecord.finishIfPossible:4187 com.android.server.wm.ActivityRecord.finishIfPossible:4098 
01-13 14:40:32.912  3278  5559 D As.ActivityMmReduceLoadHelper: onTaskMovedToFront: mTopActivityPackageName: com.xiaomi.bluetooth mTopActivityClassName: com.android.bluetooth.ble.app.fastconnect.MiuiFastConnectActivity
01-13 14:40:32.912  3278  5559 D As.ActivityMmReduceLoadHelper: onTaskMovedToFront End
01-13 14:40:32.912  3278  3381 D AS.ReduceMmLoadingHelper: ReduceMmLoadingListener, onActivityMmReduceLoad isReduceLoad = false
01-13 14:40:32.912  3278  3381 D As.ActivityMmReduceLoadHelper: onCheckIfActivtyReduceLoad topAppName is not in foreground. Done
01-13 14:40:32.912  8264  9605 D ViewContentFactory: initViewContentFetcherClass
01-13 14:40:32.912  3278  5559 I MiuiSoScManager: Ignore update sosc focusable because keyguard is showing or turning screen off.
01-13 14:40:32.912  8264  9605 D ViewContentFactory: getInterceptorPackageInfo
01-13 14:40:32.912  3278  5559 D MiuiFreeFormGestureController: deliverResultForFinishActivity resultTo: null resultFrom: ActivityRecord{156561779 u0 com.soundtherapyapp/.MainActivity t786 f}} isInVideoOrGameScene: false intent: Intent { flg=0x10000000 xflg=0x5 cmp=com.soundtherapyapp/.MainActivity }
01-13 14:40:32.912  8264  9605 D ViewContentFactory: getInitialApplication took 0ms
01-13 14:40:32.913  3278  5559 I ActivityTaskManager: resumeTopActivity: Skip resume: some activity pausing.
01-13 14:40:32.913  8264  9605 D ViewContentFactory: packageInfo.packageName: com.miui.contentcatcher
01-13 14:40:32.913  3278  5559 I ActivityTaskManager: resumeTopActivity: Skip resume: some activity pausing.
01-13 14:40:32.913  8264  9605 D ViewContentFactory: initViewContentFetcherClass took 0ms
01-13 14:40:32.913  8264  9605 I ContentCatcher: ViewContentFetcher : ViewContentFetcher
01-13 14:40:32.913  8264  9605 D ViewContentFactory: createInterceptor took 0ms
01-13 14:40:32.913  8264  8264 I Process : Process is going to kill itself!
01-13 14:40:32.913  8264  8264 I Process : java.lang.Exception
01-13 14:40:32.913  8264  8264 I Process : 	at android.os.Process.killProcess(Process.java:1449)
01-13 14:40:32.913  8264  8264 I Process : 	at com.android.internal.os.RuntimeInit$KillApplicationHandler.uncaughtException(RuntimeInit.java:205)
01-13 14:40:32.913  8264  8264 I Process : 	at java.lang.ThreadGroup.uncaughtException(ThreadGroup.java:1071)
01-13 14:40:32.913  8264  8264 I Process : 	at java.lang.ThreadGroup.uncaughtException(ThreadGroup.java:1066)
01-13 14:40:32.913  8264  8264 I Process : 	at java.lang.Thread.dispatchUncaughtException(Thread.java:2442)
01-13 14:40:32.913  8264  8264 I Process : Sending signal. PID: 8264 SIG: 9
01-13 14:40:32.913  8264  8264 I libc    : kill: send 9 to pid 8264
01-13 14:40:32.913  8264  8264 W libc    : Access denied finding property "ro.debuggable"
01-13 14:40:32.913  8264  8264 I libc    : debug pid reuse, real pid 8264
01-13 14:40:32.913  4984  5145 I DynamicDDSService: handleMessage(ACTIVITY_INVOKE{appInfo=com.xiaomi.bluetooth isFullScreen=}true)
01-13 14:40:32.913  4984  5145 W DynamicDDSService: send appNames via QMI[com.xiaomi.bluetooth]
01-13 14:40:32.913  5321  5646 D OneHandedController: stopOneHanded state is 0
01-13 14:40:32.914  2520  2827 W cnd     : AIBinder_linkToDeath is being called with a non-null cookie and no onUnlink callback set. This might not be intended. AIBinder_DeathRecipient_setOnUnlinked should be called first.
01-13 14:40:32.914  5321  5321 D KeyguardEditorHelper: onTopActivityMayChanged, topActivity=ComponentInfo{com.xiaomi.bluetooth/com.android.bluetooth.ble.app.fastconnect.MiuiFastConnectActivity}; mState=IDEL
01-13 14:40:32.915  4686  5661 D EventBus: No subscribers registered for event class com.miui.home.recents.messages.RecentTasksChangedEvent
01-13 14:40:32.915  4686  5661 D EventBus: No subscribers registered for event class org.greenrobot.eventbus.NoSubscriberEvent
01-13 14:40:32.915  4686  6972 E ActivityManagerWrapper: get all recent tasks force including -1 userId =0
01-13 14:40:32.915  2520  2520 I BpBinder: onLastStrongRef automatically unlinking death recipients: vendor.qti.hardware.data.qmiaidlservice.ISendRequestCallback
01-13 14:40:32.915  4984 14619 I QmiHwInterface/SendRequestAidlCallback: <- RCV:OnResponseEvent{status=0, error message = }
01-13 14:40:32.916  4984  5145 I DynamicDDSService: Aidl sendRequest has success response 
01-13 14:40:32.916  4686  6972 E ActivityManagerWrapper: getRecentTasksForceIncludingTaskIdIfValid: getRecentTasks: size=1
01-13 14:40:32.916  4686  6972 E ActivityManagerWrapper:  mainTaskId=786   userId=0   windowMode=1   isExcludedFromRecents=false   baseIntent=Intent { act=null flag=268435456 cmp=ComponentInfo{com.soundtherapyapp/com.soundtherapyapp.MainActivity} }
01-13 14:40:32.916  4686  6972 D RecentsTaskLoader: reloadTasksData [TaskKey{id=786, stackId=0, baseIntent=Intent { flg=0x10000000 cmp=com.soundtherapyapp/.MainActivity }, userId=0, lastActiveTime=348882109, windowingMode=1, isThumbnailBlur=false, isAccessLocked=false, isScreening=false, topActivity=null, mHashCode=24339278}, title=SoundTherapyApp, titleDescription=SoundTherapyApp, bounds=null, isLaunchTarget=false, isStackTask=true, isSystemApp=false, isDockable=true, baseActivity=null, isLocked=false, mNeedHide=false, hasMultipleTasks=false, cti1Key=, cti2Key=] 
01-13 14:40:32.917  4686  6972 W IconCustomizer: Density abnormal: context density=586 systemDensity=600
01-13 14:40:32.917  4686  6972 W IconCustomizer: Density abnormal: context density=586 systemDensity=600
01-13 14:40:32.917  4686  6972 D TaskSnapshotCompatVV: getIsInvalidateFromTaskSnapshot, return, mTaskSnapshot=null, mTaskSnapshotClazz=null
01-13 14:40:32.918  9162  9459 D DigestGenerator: digest=============com.soundtherapyappjava.lang.RuntimeException: Unable to start activity ComponentInfo{com.soundtherapyapp/com.soundtherapyapp.MainActivity}: java.lang.IllegalStateException: Overriding isNewArchEnabled to false is not supported anymore since React Native .XX. Please check your MainApplication.kt file, and remove the override for `isNewArchEnabled`.
01-13 14:40:32.918  9162  9459 D DigestGenerator: at android.app.ActivityThread.performLaunchActivity(ActivityThread.java:XX)
01-13 14:40:32.918  9162  9459 D DigestGenerator: at android.app.ActivityThread.handleLaunchActivity(ActivityThread.java:XX)
01-13 14:40:32.918  9162  9459 D DigestGenerator: at android.app.servertransaction.LaunchActivityItem.execute(LaunchActivityItem.java:XX)
01-13 14:40:32.918  9162  9459 D DigestGenerator: at android.app.servertransaction.TransactionExecutor.executeNonLifecycleItem(TransactionExecutor.java:XX)
01-13 14:40:32.918  9162  9459 D DigestGenerator: at android.app.servertransaction.TransactionExecutor.executeTransactionItems(TransactionExecutor.java:XX)
01-13 14:40:32.918  9162  9459 D DigestGenerator: at android.app.servertransaction.TransactionExecutor.execute(TransactionExecutor.java:XX)
01-13 14:40:32.918  9162  9459 D DigestGenerator: at android.app.ActivityThread$H.handleMessage(ActivityThread.java:XX)
01-13 14:40:32.918  9162  9459 D DigestGenerator: at android.os.Handler.dispatchMessage(Handler.java:XX)
01-13 14:40:32.918  9162  9459 D DigestGenerator: at android.os.Looper.loopOnce(Looper.java:XX)
01-13 14:40:32.918  9162  9459 D DigestGenerator: at android.os.Looper.loop(Looper.java:XX)
01-13 14:40:32.918  9162  9459 D DigestGenerator: at android.app.ActivityThread.main(ActivityThread.java:XX)
01-13 14:40:32.918  9162  9459 D DigestGenerator: at java.lang.reflect.Method.invoke(Native Method)
01-13 14:40:32.918  9162  9459 D DigestGenerator: at com.android.internal.os.RuntimeInit$MethodAndArgsCaller.run(RuntimeInit.java:XX)
01-13 14:40:32.918  9162  9459 D DigestGenerator: at com.android.internal.os.ZygoteInit.main(ZygoteInit.java:XX)
01-13 14:40:32.918  9162  9459 D DigestGenerator: Caused by: java.lang.IllegalStateException: Overriding isNewArchEnabled to false is not supported anymore since React Native .XX. Please check your MainApplication.kt file, and remove the override for `isNewArchEnabled`.
01-13 14:40:32.918  9162  9459 D DigestGenerator: at com.facebook.react.defaults.DefaultReactNativeHost.getUIManagerProvider(DefaultReactNativeHost.kt:XX)
01-13 14:40:32.918  9162  9459 D DigestGenerator: at com.facebook.react.ReactNativeHost.getBaseReactInstanceManagerBuilder(ReactNativeHost.java:XX)
01-13 14:40:32.918  9162  9459 D DigestGenerator: at com.facebook.react.ReactNativeHost.createReactInstanceManager(ReactNativeHost.java:XX)
01-13 14:40:32.918  9162  9459 D DigestGenerator: at com.facebook.react.ReactNativeHost.getReactInstanceManager(ReactNativeHost.java:XX)
01-13 14:40:32.918  9162  9459 D DigestGenerator: at com.facebook.react.ReactDelegate.loadApp(ReactDelegate.kt:XX)
01-13 14:40:32.918  9162  9459 D DigestGenerator: at com.facebook.react.ReactActivityDelegate.loadApp(ReactActivityDelegate.java:XX)
01-13 14:40:32.918  9162  9459 D DigestGenerator: at com.facebook.react.ReactActivityDelegate.lambda$onCreate$(ReactActivityDelegate.java:XX)
01-13 14:40:32.918  9162  9459 D DigestGenerator: at com.facebook.react.ReactActivityDelegate.$r$lambda$HPdXfLmAUyWcXbwAHziPPWA(Unknown Source:)
01-13 14:40:32.918  9162  9459 D DigestGenerator: at com.facebook.react.ReactActivityDelegate$$ExternalSyntheticLambda.run(XX$$SyntheticClass:)
01-13 14:40:32.918  9162  9459 D DigestGenerator: at com.facebook.systrace.Systrace.traceSection(Systrace.kt:XX)
01-13 14:40:32.918  9162  9459 D DigestGenerator: at com.facebook.react.ReactActivityDelegate.onCreate(ReactActivityDelegate.java:XX)
01-13 14:40:32.918  9162  9459 D DigestGenerator: at com.facebook.react.ReactActivity.onCreate(ReactActivity.java:XX)
01-13 14:40:32.918  9162  9459 D DigestGenerator: at android.app.Activity.performCreate(Activity.java:XX)
01-13 14:40:32.918  9162  9459 D DigestGenerator: at android.app.Activity.performCreate(Activity.java:XX)
01-13 14:40:32.918  9162  9459 D DigestGenerator: at android.app.Instrumentation.callActivityOnCreate(Instrumentation.java:XX)
01-13 14:40:32.918  9162  9459 D DigestGenerator: at android.app.ActivityThread.performLaunchActivity(ActivityThread.java:XX)
01-13 14:40:32.919  9162  9459 W JavaExceptionHandler: Too noisy! skip duplicate java exception report:com.soundtherapyapp now=1768286432919 mLastReportTime=1768286389293 interval=60000
01-13 14:40:32.919  9162  9459 W MQSEventManager: begin to storeEvent
01-13 14:40:32.920  9162  9459 D MQSEventManager: send MSG_JUDGE_TRANSMISSION packageName com.soundtherapyapp
01-13 14:40:32.920  9162  9459 W JavaExceptionHandler: Too noisy! skip duplicate java exception report:com.soundtherapyapp now=1768286432920 mLastReportTime=1768286389293 interval=60000
01-13 14:40:32.920  9162  9459 W MQSEventManager: Too noisy! Bail the event:com.soundtherapyapp type:1
01-13 14:40:32.920  9162  9460 D MQSEventManager: begin call thirdappassistant
01-13 14:40:32.921  7406 25801 I SmartAppAssistant: ThirdAppAssistantProvider ThirdAppAssistant is queried
01-13 14:40:32.922 16169 16169 D HidDeviceService: handleMessage(): msg.what=8
01-13 14:40:32.922  3278  4130 I MiuiNetworkPolicy: updateUidState uid = 10092, uidState = 5
01-13 14:40:32.923  8889  8909 I htmlviewercloudcontrol: isStagingEnv:false param =  taa_SwitchStatus  uriMatch = 2, cluster: cn, version: 649476, traceId: 3207d9982ba3ad88be5aad14ba11fab1, regId: 3y/5YAKKsG4DaTUEqYP8xrCGGdYjHRJxuJepRV34cHdbfLdNYsnawrrMuDZmuv5e
01-13 14:40:32.924  8889  8909 I htmlviewercloudcontrol: isStagingEnv:false param =  taa_SwitchStatus  uriMatch = 2, cluster: cn, version: 649476, traceId: 3207d9982ba3ad88be5aad14ba11fab1, regId: 3y/5YAKKsG4DaTUEqYP8xrCGGdYjHRJxuJepRV34cHdbfLdNYsnawrrMuDZmuv5e
01-13 14:40:32.924  8889  8909 I htmlviewercloudcontrol: isStagingEnv:false param =  taa_SwitchStatus  uriMatch = 2, cluster: cn, version: 649476, traceId: 3207d9982ba3ad88be5aad14ba11fab1, regId: 3y/5YAKKsG4DaTUEqYP8xrCGGdYjHRJxuJepRV34cHdbfLdNYsnawrrMuDZmuv5e
01-13 14:40:32.926 16169 16169 D HidDeviceService: handleMessage(): msg.what=8
01-13 14:40:32.926  3278  4130 I MiuiNetworkPolicy: updateUidState uid = 10168, uidState = 5
01-13 14:40:32.926  3278  5559 I SmartPower: com.xiaomi.market/10168(21761): idle->background(29437ms) R(content provider start ContentProviderRecord{ac1a67a u0 com.xiaomi.market/.provider.MarketProvider}) adj=0.
01-13 14:40:32.926 16169 16169 D HidDeviceService: handleMessage(): msg.what=8
01-13 14:40:32.926 16169 16169 D HidDeviceService: handleMessage(): msg.what=8
01-13 14:40:32.926  3278  4130 I MiuiNetworkPolicy: updateUidState uid = 10159, uidState = 5
01-13 14:40:32.926  3278  4130 I MiuiNetworkPolicy: updateUidState uid = 10089, uidState = 5
01-13 14:40:32.926 22881 23009 D IdProviderImpl: getOAID from com.miui.analytics
01-13 14:40:32.927 21761  9615 I Market-LocalAppManager: checkUpdateFromServer : start
01-13 14:40:32.927 21761  9615 I Market-LocalAppManager: getUpdateInfoFromServer : start,isBackground=true
01-13 14:40:32.927  3278  3379 D GnssSsruImpl: onLocationPermissionsChanged provider:network packageName:com.miui.hybrid
01-13 14:40:32.927  3278  3379 D GnssSsruImpl: onLocationPermissionsChanged provider:passive packageName:com.miui.hybrid
01-13 14:40:32.928 21673 21673 I adbd    : Remote process closed the socket (on MSG_PEEK)
01-13 14:40:32.928 21761  9615 I Market-LocalAppManager: getUpdateInfoFromServer : middle
01-13 14:40:32.928  3278 11065 I ActivityManager: Process com.soundtherapyapp (pid 8264) has died: fg  TOP 
01-13 14:40:32.929  3278  3421 I libc    : kill: send 9 to pid -8264
01-13 14:40:32.929  3278 11065 D MiuiDamonService: report App died, packageName = com.soundtherapyapp, pid = 8264
01-13 14:40:32.929  3278  3421 I libc    : debug pid reuse, real pid -8264
01-13 14:40:32.929  1692  1692 I Zygote  : Process 8264 exited due to signal 9 (Killed)
01-13 14:40:32.929  3278  4257 E ProcessManager: error write exception log
01-13 14:40:32.929  3278  3421 I libprocessgroup: Removed cgroup /sys/fs/cgroup/apps/uid_10405/pid_8264
01-13 14:40:32.929 21761  9615 I Market-RetrofitRequest: callStart : https://updateinfo.market.xiaomi.com/apm/updateinfo/v2
01-13 14:40:32.929  3278  3421 I ActivityManager: Got SIGCHLD from zygote: pid=8264, uid=10405, status=9
01-13 14:40:32.929  1841  1841 I vendor.qti.hardware.servicetrackeraidl-service: killProcess is called for pid : 8264
01-13 14:40:32.929  3278 11065 I ActivityManager: note: ProcessRecord{a1555f4 8264:com.soundtherapyapp/u0a405} died, saving the exit info
01-13 14:40:32.929 21761  9615 I Market-RetrofitRequest: HeaderInterceptor : https://updateinfo.market.xiaomi.com/apm/updateinfo/v2
01-13 14:40:32.929 16169 16169 D HidDeviceService: handleMessage(): msg.what=8
01-13 14:40:32.929 16169 16169 D HidDeviceService: unregisterAppUid(): uid=10405
01-13 14:40:32.929 16169 16169 D HidDeviceService: unregisterAppUid(): caller UID doesn't match user UID
01-13 14:40:32.929  3278  3424 I ActivityManager: zygote: proc died: pid=8264 uid=10405, status=9
01-13 14:40:32.929  3278  4130 I MiuiNetworkPolicy: removeUidState uid = 10405
01-13 14:40:32.929 26170 12426 D MyLog   : -->log(1): [Tid:3622] [KeepAliveManager] -->onProcessDied(), pid=8264, uid=10405
01-13 14:40:32.930  3278  4130 I MiuiNetworkPolicyTrafficLimit: updateWhiteListUidForMobileTraffic uid=10405,add=false
01-13 14:40:32.930  3278  4130 D MiuiNetworkPolicyTrafficLimit: updateWhiteListUidForMobileTraffic rst=true
01-13 14:40:32.930 21761  9615 I Market-Client: isSupportIsland: true
01-13 14:40:32.930 21761  9615 I Market-Client: getNotificationFocusProtocol: OS3
01-13 14:40:32.930  9171 19075 D ForegroundUtils: UID: 10405 deleted.
01-13 14:40:32.930  3278  3424 I ActivityManager: Update process exit info for com.soundtherapyapp(8264/u10405)
01-13 14:40:32.930  3278 11065 D WindowManager: Collecting in transition 2519: Task{1b84ca9 #786 type=standard A=10405:com.soundtherapyapp} init visibleRequested:false
01-13 14:40:32.930  3278  4246 D ExternalInterface: setUidState, uid = 10405 allow = true
01-13 14:40:32.930  3278 11065 I Perf[AppStartScene]: onSceneChangeNotify:Bundle[{uid=10405, name=com.soundtherapyapp.MainActivity, type=1, begin=false, state=0, processName=com.soundtherapyapp, packageName=com.soundtherapyapp}]
01-13 14:40:32.930  3278  4246 D MiSensorServiceImpl: PowerKeeperSensor resume iUid:10405 but app has not in Controlled
01-13 14:40:32.931 26170 26170 D AppLifecycleObserver: onReceive: com.soundtherapyapp DESTROY
01-13 14:40:32.931  9372  9748 V OsAgent : broadcastSystemEvent - 7
01-13 14:40:32.931  3278 11065 D WindowManager: Collecting in transition 2519: ActivityRecord{156561779 u0 com.soundtherapyapp/.MainActivity t786 f}} init visibleRequested:false
01-13 14:40:32.931  3278 11065 D BarFollowAnimation: onTaskInfoChanedForCaptionBar Task{1b84ca9 #786 type=standard A=10405:com.soundtherapyapp} shouldbeVisible:false isVisible:false isOnTop:false windowMode:1 preDisplayId:-1 displayId:0 mCaptionAssociatedTask:null mIsTouchedInCaption:false
01-13 14:40:32.931  3278  3403 D IorapForwardingService: AppLaunchObserver#onActivityLaunchCancelled! pid:0; uid:10405; name:com.soundtherapyapp
01-13 14:40:32.931 26170 26170 D PkgUtils: getApplicationInfo packageName:com.soundtherapyapp, flags:128 applicationInfo:ApplicationInfo{f9d501f com.soundtherapyapp} needSecondSpace:false
01-13 14:40:32.931  3278 11065 D BarFollowAnimation: onTaskValishedForCaptionBar Task{1b84ca9 #786 type=standard A=10405:com.soundtherapyapp}
01-13 14:40:32.931  2337  2337 D iorapd  : LbReadahead is not running
01-13 14:40:32.931  3278 11065 I ActivityTaskManager: removetask notifyTaskRemoved Task{1b84ca9 #786 type=standard A=10405:com.soundtherapyapp}, call from com.android.server.wm.Task.onParentChanged:1478 com.android.server.wm.WindowContainer.setParent:738 com.android.server.wm.WindowContainer.removeChild:944 com.android.server.wm.TaskDisplayArea.removeChildTask:369 com.android.server.wm.TaskDisplayArea.removeChild:360 com.android.server.wm.WindowContainer.removeImmediately:1009 com.android.server.wm.TaskFragment.removeImmediately:3596 com.android.server.wm.Task.removeImmediately:3604 
01-13 14:40:32.931  3278 11065 I ActivityTaskManager: removetask notifyTaskRemoved Task{1b84ca9 #786 type=standard A=10405:com.soundtherapyapp}, call from com.android.server.wm.WindowContainer.setParent:738 com.android.server.wm.WindowContainer.removeChild:944 com.android.server.wm.TaskDisplayArea.removeChildTask:369 com.android.server.wm.TaskDisplayArea.removeChild:360 com.android.server.wm.WindowContainer.removeImmediately:1009 com.android.server.wm.TaskFragment.removeImmediately:3596 com.android.server.wm.Task.removeImmediately:3604 com.android.server.wm.Task.removeIfPossible:1115 
