01-13 14:26:09.173  4686  4686 W LanguageHelper: setPluralsVariables: end
01-13 14:26:09.173  3278  4130 D MiuiNetworkPolicyTrafficLimit: updateWhiteListUidForMobileTraffic rst=true
01-13 14:26:09.173  4686  4686 W LanguageHelper: setPluralsVariables: 0
01-13 14:26:09.173  4686  4686 W LanguageHelper: setPluralsVariables: end
01-13 14:26:09.173  4686  4686 W LanguageHelper: setPluralsVariables: 0
01-13 14:26:09.173  4686  4686 W LanguageHelper: setPluralsVariables: end
01-13 14:26:09.173  4686  4686 W LanguageHelper: setPluralsVariables: 0
01-13 14:26:09.173  4686  4686 W LanguageHelper: setPluralsVariables: end
01-13 14:26:09.173  5321  5716 I MiuiDecorationSamplingHelper: CompositionSamplingListener.unregister mAttached=false, mSamplingEnabled=true, mSamplingRect=Rect(468, 3162 - 972, 3177), mView=MiuiBottomBarView#246528932
01-13 14:26:09.173  4686  4686 D PassBlur: sendAuxiliaryIfNeed timeoutMs -1 include 2 exclude 0
01-13 14:26:09.173  4686  4686 D PassBlur: sendAuxiliaryIfNeed timeoutMs -1 include 0 exclude 1
01-13 14:26:09.173  9372  9748 V OsAgent : broadcastSystemEvent - 7
01-13 14:26:09.173  5321  5646 I MultiTaskingTaskRepository: needSkip::is home task
01-13 14:26:09.173  5321  5646 W MultiTaskingTaskRepository: putOrUpdateTaskInfo skip
01-13 14:26:09.173  4686  5632 D com.miui.home: backgroundBlur makeBackgroundImage (BlurView-6-0xb400007838f44d30), blurRadius(115), blurType(-1), blurScaleRatio(0.000000)
01-13 14:26:09.173  5321  5646 D MulWinSwitchDecorViewModel: onTaskChanging taskId:1 decoration = com.android.wm.shell.multitasking.miuimultiwinswitch.miuiwindowdecor.decoration.MiuiDecorationHomeController@d62b4d1
01-13 14:26:09.173  5321  5646 D MiuiDecorationHomeController: relayout::taskId=1, userId=0, visible=true, bounds=Rect(0, 0 - 1440, 3200), focused=true, activityType=2, displayId=0, baseActivity=ComponentInfo{com.miui.home/com.miui.home.launcher.Launcher}, topActivity=ComponentInfo{com.miui.home/com.miui.home.launcher.Launcher}, callers=com.android.wm.shell.multitasking.miuimultiwinswitch.miuiwindowdecor.MulWinSwitchDecorViewModel.onTaskChanging:110 com.android.wm.shell.freeform.FreeformTaskTransitionObserver.onTransitionReady:211 com.android.wm.shell.transition.Transitions.dispatchReady:241 com.android.wm.shell.transition.Transitions.onTransitionReady:246 com.android.wm.shell.transition.Transitions$TransitionPlayerImpl$$ExternalSyntheticLambda1.run:42 
01-13 14:26:09.173  5321  5646 D MiuiDecorationHomeBottom: needHomeBottomCaption: needShow = true isSoScLeftRightSplit = false isSoScMinimized = false isPortrait = true needHomeBottomCaption = true
01-13 14:26:09.173  5321  5646 D MiuiDecorationBottom: updateRootView_HomeBottomCaption: taskId = 1 needBottomCaption = true bottomCaptionView = java.lang.Object@9ee9b1d
01-13 14:26:09.173  5321  5646 D MiuiDecorationHomeBottom: updateViews_HomeBottomCaption: taskId=1 soscHomeCenterX=0.0 soscHomeShowingWidth=0 outResult=RelayoutResult{mRoot=java.lang.Object@9ee9b1d, mCaptionX=468, mCaptionY=3162, mCaptionWidth=504.0, mCaptionHeight=60.0}
01-13 14:26:09.173  5321  5646 D MiuiDecorationBase: updateFocus: same focus
01-13 14:26:09.173  5321  5646 D MiuiDecorationBase: updateSampling_HomeBottomCaption: taskId = 1 scale = 1.0 mTaskBounds = Rect(0, 0 - 1440, 3200) mCaptionVisibility = true mIsFsgestureEntered = false isRunningAnim = false isDraggingRecent = false isFreeformElude = false isDecorationShowing = true shouldEnableSampling = true
01-13 14:26:09.173  5321  5646 D MiuiDecorationBase: updateSampling_HomeBottomCaption: samplingRect = Rect(468, 3162 - 972, 3177)
01-13 14:26:09.173  5321  5646 D MiuiDecorationBase: updateVisibility_HomeBottomCaption: taskId=1, isRotationAnimationRunning=false, mCaptionVisible=true, isCaptionVisible=true
01-13 14:26:09.173  5321  5646 D MiuiDecorationMoveHelper: periodicallyMoveUpFirst mTaskId=1, windowingMode=1, caller=relayout
01-13 14:26:09.173  5321  5646 D MulWinSwitchDecorViewModel: onTaskClosing taskId:774  decoration = com.android.wm.shell.multitasking.miuimultiwinswitch.miuiwindowdecor.decoration.MiuiDecorationController@6bcad7a
01-13 14:26:09.173  5321  5646 D MiuiDecorationController: relayout:: taskId=774 mRunningTaskInfo.mStatusBarParent=Surface(name=StatusBar Container of Task = 774#49325)/@0xe713dca taskInfo.mStatusBarParent=Surface(name=StatusBar Container of Task = 774#49325)/@0xbebbc22
01-13 14:26:09.173  5321  5646 D MiuiDecorationController: relayout:: taskId=774 mRunningTaskInfo.mNavBarParent=Surface(name=NavigationBar Container of Task = 774#49324)/@0xb470b3b taskInfo.mNavBarParent=Surface(name=NavigationBar Container of Task = 774#49324)/@0xafda6b3
01-13 14:26:09.173  5321  5646 D MiuiDecorationController: relayout::taskId=774, visible=true, bounds=Rect(0, 0 - 1440, 3200), focused=false, oldImmersive=false, newImmersive=false, windowMode=1, activityType=1, displayId=0, baseActivity=null, topActivity=null, callers=com.android.wm.shell.multitasking.miuimultiwinswitch.miuiwindowdecor.MulWinSwitchDecorViewModel.onTaskClosing:48 com.android.wm.shell.freeform.FreeformTaskTransitionObserver.onTransitionReady:238 com.android.wm.shell.transition.Transitions.dispatchReady:241 com.android.wm.shell.transition.Transitions.onTransitionReady:246 com.android.wm.shell.transition.Transitions$TransitionPlayerImpl$$ExternalSyntheticLambda1.run:42 
01-13 14:26:09.173  5321  5646 D MiuiDecorationDot: needTopCaption: baseActivity and topActivity is null, taskId=774
01-13 14:26:09.173  5321  5646 D MiuiDecorationDot: releaseViews_TopCaption: taskId=774
01-13 14:26:09.173  5321  5646 D MiuiDecorationDot: releaseViews_TopCaption: taskId=774
01-13 14:26:09.173  5321  5646 D MiuiDecorationBottom: needTopCaption: baseActivity and topActivity is null, taskId=774
01-13 14:26:09.173 10301 20442 I WidgetProvider: calling pkg: com.miui.home
01-13 14:26:09.173  5321  5646 D MiuiDecorationBottom: releaseViews_BottomCaption: taskId=774
01-13 14:26:09.173  5321  5646 D MiuiDecorationBottom: releaseViews_BottomCaption: taskId=774
01-13 14:26:09.173  5321  5646 D MultiTaskingTransitionHandler: canHandleTransition try handler: com.android.wm.shell.multitasking.miuifreeform.MiuiFreeformModeAnimation@473e535
01-13 14:26:09.173  5321  5646 D MultiTaskingTransitionHandler: canHandleTransition try handler: com.android.wm.shell.multitasking.miuimultiwinswitch.MulWinSwitchTransition@9251312
01-13 14:26:09.173  5321  5646 I ShellTransitions: getMaybeHandlerType active = (#2501) android.os.BinderProxy@f93fb40@0, type = 11
01-13 14:26:09.173  5321  5646 D MultiTaskingTransitionHandler: canHandleTransition try handler: com.android.wm.shell.multitasking.miuifreeform.MiuiFreeformModeAnimation@473e535
01-13 14:26:09.173  5321  5646 D MultiTaskingTransitionHandler: canHandleTransition try handler: com.android.wm.shell.multitasking.miuimultiwinswitch.MulWinSwitchTransition@9251312
01-13 14:26:09.174 10301 20442 D AppSystemDataManager: device total size = 528000000000
01-13 14:26:09.174  3278  6007 D FileUtils: square bytes from 509645684736 to 512000000000
01-13 14:26:09.174 10301 20442 D AppSystemDataManager: U Available size = 436145438720
01-13 14:26:09.174 10301 20442 I WidgetProvider: getCleanMasterscan garbageSize : 22615652totalSpace : 528000000000 availableSpace : 436145438720
01-13 14:26:09.174  4686  7958 D AnimStateManager: send event 9001 currentState = AppState windowElement = com.miui.home.recents.anim.WindowElement@1b38a3f
01-13 14:26:09.175  3278  6352 I SLM-SRV-SLSAppLib: SLM_Ai_Mode EVENT_CHECK_GMAE_AI_MODE_STATUS
01-13 14:26:09.175  3278  6352 I SLM-SRV-SLSAppLib: SLM_Ai_Mode checkGameAiModeStatus mGameAiModeCloudControl:true mLinkTurboAiModeSwitch:false mGameAiModeInterfaceReady:false mGameStartBattle:false powerMgrGameUid:0
01-13 14:26:09.175   971   971 E Zygote  : process_name_ptr:971 com.android.htmlviewer:remote
01-13 14:26:09.175   971   971 E Zygote  : SetMemoryProtected process_name_ptr:971 com.android.htmlviewer:remote
01-13 14:26:09.176  5321  5716 W ndroid.systemui: Binder 0xb400007908f727a0 destroyed after setInheritRt before being parceled.
01-13 14:26:09.176  2033  2033 D MI-SF   : isTpIdleScene ,mAverageFrameRate is 92, 0 
01-13 14:26:09.176  2033  2033 D MI-SF   : modeGroup0 mIsSupportAutomodeForMaxFpsSetting is 0(0), getCurrentBrightness() = 737(388), mIsKeepAutoMode 0 isAutoModeAllowed() 1
01-13 14:26:09.176  2033  2033 D RefreshRateSelector: fixedMode_group: 0, isFindModeGroup 0
01-13 14:26:09.176  2033  2033 D RefreshRateSelector: find max refresh rate:120, mode Group:0
01-13 14:26:09.177 22881 23009 D IdProviderImpl: getOAID from com.miui.analytics
01-13 14:26:09.178  3278 11065 D ScreenCapture: SF-MICapture: Successfully get screenshot results
01-13 14:26:09.178  3278 11065 D WindowManager: snapshot isNothing = false source = Task{8b2b4d0 #774 type=standard A=10405:com.soundtherapyapp}
01-13 14:26:09.178  3278 11065 I TransitionImpl: home mode = 3
01-13 14:26:09.178  3278 11065 D TaskStubImpl: setToBackByHome true for Task#774
01-13 14:26:09.178  1828  1828 I MiClstc : DropLayers erase layer 10283
01-13 14:26:09.178  3278  4451 W ActivityManagerServiceImpl: Sending non-protected broadcast com.xiaomi.multisence.action.FOCUSED_CHANGE from system 3278:system/1000 pkg android. Callers=com.android.server.am.BroadcastController.checkBroadcastFromSystem:2218 com.android.server.am.BroadcastController.broadcastIntentLockedTraced:1703 com.android.server.am.BroadcastController.broadcastIntentLocked:857 com.android.server.am.BroadcastController.broadcastIntentWithFeature:779 com.android.server.am.ActivityManagerService.broadcastIntentWithFeature:15769 
01-13 14:26:09.179  3278  4257 D EventReceiver: foregroundChange uid  uid=10142 pkg=com.miui.home
01-13 14:26:09.180  3278  4257 D BluetoothAdapter: getActiveDevices(A2DP)
01-13 14:26:09.180  3278  3420 I ActivityManager: Start proc 971:com.android.htmlviewer:remote/u0a92 for content provider {com.android.htmlviewer/com.android.settings.cloud.CloudSettingsProvider} caller=com.miui.thirdappassistant
01-13 14:26:09.180  3278  3420 I ActivityManager: ProcessObserver broadcast disabled
01-13 14:26:09.180 10211 19905 D PowerKeeper.Audio: onForegroundInfoChanged mSubScreenUid=-1
01-13 14:26:09.180 18289 18331 I AICall_MemoryTrim: binder:18289_2 onAppBackground()
01-13 14:26:09.181 10211 10282 D PerfEngineController: ForegroundInfo{mForegroundPackageName='com.miui.home', mForegroundUid=10142, mForegroundPid=4686, mForegroundDisplayId=0, mLastForegroundPackageName='com.soundtherapyapp', mLastForegroundUid=10405, mLastForegroundPid=32122, mLastForegroundDisplayId=0, mMultiWindowForegroundPackageName='com.miui.home', mMultiWindowForegroundUid=10142, mFlags=0}
01-13 14:26:09.181  3278  3405 I MiuiWallpaperSurfaceAnimation: wallpaperOffsets:xOffset=0.0,yOffset=0.0
01-13 14:26:09.181  3278  3405 D MiuiWallpaperSurfaceAnimation: updateScaleIfNeeded mPivotX: 0.5, mPivotY: 0.5, x: 0.0, y: 0.0, zoom: 1.0975783
01-13 14:26:09.181  3278  3419 D BroadcastQueue: Logging broadcast for com.android.systemui, stopped=false, firstLaunch=false
01-13 14:26:09.181  4686  4686 I AnimStateManager: AppState handle event 9001
01-13 14:26:09.181  4686  4686 I AnimStateManager: CommonState handle event 9001
01-13 14:26:09.181  3278  6006 W WindowManager: Failed looking up window session=Session{b19e456 5321:1000} callers=com.android.server.wm.WindowManagerService.removeClientToken:2548 com.android.server.wm.Session.remove:293 android.view.IWindowSession$Stub.onTransact:772 
01-13 14:26:09.181  4686  4686 I WindowElement1b38a3f: injectRemoteTransition params=RemoteTransitionInfo(token=android.os.BinderProxy@4e1a58, mainInfoDebugId=2500, transitionInfo={id=2501 t=CLOSE f=0x10 trk=0 r=[0@Point(0, 0)] c=[{m=TO_FRONT f=SHOW_WALLPAPER|MOVE_TO_TOP leash=Surface(name=Task=1#51)/@0xf744ec3 sb=Rect(0, 0 - 1440, 3200) eb=Rect(0, 0 - 1440, 3200) epz=Point(1440, 3200) d=0 taskParent=-1 v=trueMiuiChangeImpl {miuiEmbedding:false, scale:1.0}},{m=CLOSE f=NONE leash=Surface(name=Task=774#49323)/@0x34e0bbe sb=Rect(0, 0 - 1440, 3200) eb=Rect(0, 0 - 1440, 3200) epz=Point(1440, 3200) d=0 taskParent=-1 v=falseMiuiChangeImpl {miuiEmbedding:false, scale:1.0}},{m=TO_FRONT f=IS_WALLPAPER leash=Surface(name=WallpaperWindowToken{ff64f09 showWhenLocked=false}#59)/@0x997fd35 sb=Rect(0, 0 - 1440, 3200) eb=Rect(0, 0 - 1440, 3200) epz=Point(1440, 3200) d=0 v=trueMiuiChangeImpl {miuiEmbedding:false, scale:1.0}}] mk=[false] noAni=[false] df=[false] rsa=[false] oa=[false] nc=[0] ho=[true] hla=[false] iSync=[2500]}, t=android.view.SurfaceControl$Transaction@55837b1, finishCallback=android.window.IRemoteTransitionFinishedCallback$Stub$Proxy@b6dd496, isMerge=true, mergeTarget=android.os.BinderProxy@53e2a6a, transitionType=3)
01-13 14:26:09.181  4686  4686 E WindowTransitionCompat: TransitionTest wrapRemoteTransition
01-13 14:26:09.181   971   971 I mlviewer:remote: Using CollectorTypeCC GC.
01-13 14:26:09.181  4686  4686 D BoostRtHelper: boostGesture main
01-13 14:26:09.181  4686  4686 D Launcher.Boost: setTurboSchedActionWithPriority::threadIds = [4686, 5632, 5684, 5623, 5622]
01-13 14:26:09.181  3278 11074 E TransitionChain: Can't collect into a chain with no transition
01-13 14:26:09.181  4686  4686 I WindowTransitionCompat: HomeShellTransition IRemoteTransition mergeAnimation,expectHandlerType = 11 only ar = false
01-13 14:26:09.181  4686  4686 I WindowElement1b38a3f: onTransitionMerged, done = false hasNewAnim = false
01-13 14:26:09.181  3278 11074 D ActivityTaskManager:  setSkipCaptureLayers tr: Task{8b2b4d0 #774 type=standard A=10405:com.soundtherapyapp}
01-13 14:26:09.182  4686  5684 D WindowTransitionCompat:  printLeash::TransitionInfo = {id=2501 t=CLOSE f=0x10 trk=0 r=[0@Point(0, 0)] c=[{m=TO_FRONT f=SHOW_WALLPAPER|MOVE_TO_TOP leash=Surface(name=Task=1#51)/@0xf744ec3 sb=Rect(0, 0 - 1440, 3200) eb=Rect(0, 0 - 1440, 3200) epz=Point(1440, 3200) d=0 taskParent=-1 v=trueMiuiChangeImpl {miuiEmbedding:false, scale:1.0}},{m=CLOSE f=NONE leash=Surface(name=Task=774#49323)/@0x34e0bbe sb=Rect(0, 0 - 1440, 3200) eb=Rect(0, 0 - 1440, 3200) epz=Point(1440, 3200) d=0 taskParent=-1 v=falseMiuiChangeImpl {miuiEmbedding:false, scale:1.0}},{m=TO_FRONT f=IS_WALLPAPER leash=Surface(name=WallpaperWindowToken{ff64f09 showWhenLocked=false}#59)/@0x997fd35 sb=Rect(0, 0 - 1440, 3200) eb=Rect(0, 0 - 1440, 3200) epz=Point(1440, 3200) d=0 v=trueMiuiChangeImpl {miuiEmbedding:false, scale:1.0}}] mk=[false] noAni=[false] df=[false] rsa=[false] oa=[false] nc=[0] ho=[true] hla=[false] iSync=[2500]}
01-13 14:26:09.182  4686  5684 D WindowTransitionCompat:  printLeash::index = 0, change = {m=TO_FRONT f=SHOW_WALLPAPER|MOVE_TO_TOP leash=Surface(name=Task=1#51)/@0xf744ec3 sb=Rect(0, 0 - 1440, 3200) eb=Rect(0, 0 - 1440, 3200) epz=Point(1440, 3200) d=0 taskParent=-1 v=trueMiuiChangeImpl {miuiEmbedding:false, scale:1.0}}
01-13 14:26:09.182  4686  5684 D WindowTransitionCompat:  printLeash::taskInfo = TaskInfo{userId=0 taskId=1 effectiveUid=0 displayId=0 isRunning=true baseIntent=Intent { act=android.intent.action.MAIN cat=[android.intent.category.HOME] flg=0x10000100 cmp=com.miui.home/.launcher.Launcher } baseActivity=ComponentInfo{com.miui.home/com.miui.home.launcher.Launcher} topActivity=ComponentInfo{com.miui.home/com.miui.home.launcher.Launcher} origActivity=null realActivity=null numActivities=1 lastActiveTime=21353 supportsSplitScreenMultiWindow=true mSoScDisplayMode=-1 supportsMultiWindow=true resizeMode=2 isResizeable=true minWidth=-1 minHeight=-1 defaultMinSize=200 token=WCT{android.window.IWindowContainerToken$Stub$Proxy@68d6817} topActivityType=2 pictureInPictureParams=null shouldDockBigOverlays=false launchIntoPipHostTaskId=-1 lastParentTaskIdBeforePip=-1 displayCutoutSafeInsets=Rect(0, 0 - 0, 0) topActivityInfo=ActivityInfo{8b68404 com.miui.home.launcher.Launcher} launchCookies=[] positionInParent=Point(0, 0) parentTaskId=-1 isFocused=true isVisible=true isVisibleRequested=true isTopActivityNoDisplay=false isSleeping=false locusId=null displayAreaFeatureId=1 isTopActivityTransparent=false isActivityStackTransparent=false lastNonFullscreenBounds=Rect(372, 930 - 1068, 2370) capturedLink=null capturedLinkTimestamp=0 requestedVisibleTypes=-9 topActivityRequestOpenInBrowserEducationTimestamp=0 appCompatTaskInfo=AppCompatTaskInfo { topActivityInSizeCompat=false eligibleForLetterboxEducation= false topActivityInMiuiSizeCompat=false isLetterboxEducationEnabled= false isLetterboxDoubleTapEnabled= false eligibleForUserAspectRatioButton= false topActivityBoundsLetterboxed= false isFromLetterboxDoubleTap= false topActivityLetterboxVerticalPosition= -1 topActivityLetterboxHorizontalPosition= -1 topActivityLetterboxWidth=-1 topActivityLetterboxHeight=-1 topActivityAppBounds=Rect(0, 0 - 1440, 3200) isUserFullscreenOverrideEnabled=false isSystemFullscreenOverrideEnabled=false hasMinAspectRatioOverride=false topActivityLetterboxBounds=null cameraCompatTaskInfo=CameraCompatTaskInfo { freeformCameraCompatMode=inactive}} isImmersive=false mTopActivityRequestOrientation=-2 mStatusBarParent=null mNavBarParent=null mBehindAppLockPkg=null mOriginatingUid=0 isEmbedded=false shouldBeVisible=true isCreatedByOrganizer=false mIsCastMode=false mTopActivityMediaSize=null mTopActivityRecordName=ActivityRecord{163041850 u0 com.miui.home/.launcher.Launcher t2} mTopActivityOrientation=1 topActivityMainWindowFrame=null}
01-13 14:26:09.182  4686  5684 D WindowTransitionCompat:  printLeash::index = 1, change = {m=CLOSE f=NONE leash=Surface(name=Task=774#49323)/@0x34e0bbe sb=Rect(0, 0 - 1440, 3200) eb=Rect(0, 0 - 1440, 3200) epz=Point(1440, 3200) d=0 taskParent=-1 v=falseMiuiChangeImpl {miuiEmbedding:false, scale:1.0}}
01-13 14:26:09.182  4686  5684 D WindowTransitionCompat:  printLeash::taskInfo = TaskInfo{userId=0 taskId=774 effectiveUid=10405 displayId=0 isRunning=false baseIntent=Intent { flg=0x10000000 cmp=com.soundtherapyapp/.MainActivity } baseActivity=null topActivity=null origActivity=null realActivity=ComponentInfo{com.soundtherapyapp/com.soundtherapyapp.MainActivity} numActivities=0 lastActiveTime=348018384 supportsSplitScreenMultiWindow=true mSoScDisplayMode=-1 supportsMultiWindow=true resizeMode=1 isResizeable=true minWidth=-1 minHeight=-1 defaultMinSize=200 token=WCT{android.window.IWindowContainerToken$Stub$Proxy@1079ded} topActivityType=1 pictureInPictureParams=null shouldDockBigOverlays=false launchIntoPipHostTaskId=-1 lastParentTaskIdBeforePip=-1 displayCutoutSafeInsets=Rect(0, 161 - 0, 0) topActivityInfo=null launchCookies=[] positionInParent=Point(0, 0) parentTaskId=-1 isFocused=false isVisible=true isVisibleRequested=false isTopActivityNoDisplay=false isSleeping=false locusId=null displayAreaFeatureId=1 isTopActivityTransparent=false isActivityStackTransparent=true lastNonFullscreenBounds=Rect(372, 930 - 1068, 2370) capturedLink=null capturedLinkTimestamp=0 requestedVisibleTypes=-9 topActivityRequestOpenInBrowserEducationTimestamp=0 appCompatTaskInfo=AppCompatTaskInfo { topActivityInSizeCompat=false eligibleForLetterboxEducation= false topActivityInMiuiSizeCompat=false isLetterboxEducationEnabled= false isLetterboxDoubleTapEnabled= false eligibleForUserAspectRatioButton= false topActivityBoundsLetterboxed= false isFromLetterboxDoubleTap= false topActivityLetterboxVerticalPosition= -1 topActivityLetterboxHorizontalPosition= -1 topActivityLetterboxWidth=-1 topActivityLetterboxHeight=-1 topActivityAppBounds=Rect(0, 0 - 0, 0) isUserFullscreenOverrideEnabled=false isSystemFullscreenOverrideEnabled=false hasMinAspectRatioOverride=false topActivityLetterboxBounds=null cameraCompatTaskInfo=CameraCompatTaskInfo { freeformCameraCompatMode=undefined}} isImmersive=false mTopActivityRequestOrientation=-2 mStatusBarParent=null mNavBarParent=null mBehindAppLockPkg=null mOriginatingUid=0 isEmbedded=false shouldBeVisible=false isCreatedByOrganizer=false mIsCastMode=false mTopActivityMediaSize=null mTopActivityRecordName=null mTopActivityOrientation=-2 topActivityMainWindowFrame=null}
01-13 14:26:09.182  4686  5684 D WindowTransitionCompat:  printLeash::index = 2, change = {m=TO_FRONT f=IS_WALLPAPER leash=Surface(name=WallpaperWindowToken{ff64f09 showWhenLocked=false}#59)/@0x997fd35 sb=Rect(0, 0 - 1440, 3200) eb=Rect(0, 0 - 1440, 3200) epz=Point(1440, 3200) d=0 v=trueMiuiChangeImpl {miuiEmbedding:false, scale:1.0}}
01-13 14:26:09.182  4686  5684 D WindowTransitionCompat:  printLeash::index = 0, root = Surface(name=Transition Root #2501: Task=1#49347)/@0xdb25ca
01-13 14:26:09.182  4686  4686 D TaskSnapshotCompatVV: getIsInvalidateFromTaskSnapshot, isInvalidate=false
01-13 14:26:09.182  4686  4686 D EventBus: No subscribers registered for event class com.miui.home.recents.messages.TaskSnapshotChangedEvent
01-13 14:26:09.182  4686  4686 D EventBus: No subscribers registered for event class org.greenrobot.eventbus.NoSubscriberEvent
01-13 14:26:09.182  4686  5684 I TransitionCallback: mNeedShowLauncher = false
01-13 14:26:09.182  4686  5684 I TransitionCallback: get is waitFinishMainAnim = false
01-13 14:26:09.182  5321  6257 I RecentsTransitionHandler: getRecentsAnimationController fail, token = android.os.BinderProxy@f93fb40
01-13 14:26:09.182  4686  5684 I WindowTransitionCompat: TransitionTest getIRecentsAnimationController = null
01-13 14:26:09.182  4686  5684 I WindowTransitionCompat: 0, check isClosingType type = 2, mode = 3, taskId = 1, changes leash = Surface(name=Task=1#51)/@0xf744ec3, change = {m=TO_FRONT f=SHOW_WALLPAPER|MOVE_TO_TOP leash=Surface(name=Task=1#51)/@0xf744ec3 sb=Rect(0, 0 - 1440, 3200) eb=Rect(0, 0 - 1440, 3200) epz=Point(1440, 3200) d=0 taskParent=-1 v=trueMiuiChangeImpl {miuiEmbedding:false, scale:1.0}}
01-13 14:26:09.182  4686  5684 I WindowTransitionCompat: has home
01-13 14:26:09.182  4686  5684 I WindowTransitionCompat: 1, check isClosingType type = 1, mode = 2, taskId = 774, changes leash = Surface(name=Task=774#49323)/@0x34e0bbe, change = {m=CLOSE f=NONE leash=Surface(name=Task=774#49323)/@0x34e0bbe sb=Rect(0, 0 - 1440, 3200) eb=Rect(0, 0 - 1440, 3200) epz=Point(1440, 3200) d=0 taskParent=-1 v=falseMiuiChangeImpl {miuiEmbedding:false, scale:1.0}}
01-13 14:26:09.182  4686  5684 I WindowTransitionCompat: hasRecentFinishController=false
01-13 14:26:09.182  4686  5684 I WindowTransitionCompat: TransitionTest isOpenApp = false, homeMode = 3
01-13 14:26:09.182  4686  5684 E WindowTransitionCompat: IRemoteTransition mergeAnimation isClosingType = true, hasHome = true
01-13 14:26:09.182  4686  5632 D com.miui.home: backgroundBlur makeBackgroundImage (ShortcutMenuLayer-6-0xb400007838efed10), blurRadius(183), blurType(-1), blurScaleRatio(0.000000)
01-13 14:26:09.182  4686  5684 E WindowTransitionCompat: before wrap app
01-13 14:26:09.182  9464 21481 W libc    : Access denied finding property "persist.private.device_name"
01-13 14:26:09.182  4686  5684 I TransitionUtil: rootLeash = Surface(name=Transition Root #2500: Task=774#49330)/@0xbefb4e0
01-13 14:26:09.182  4686  5684 D TransitionUtil: get key :ComponentInfo{com.miui.home/com.miui.home.launcher.Launcher}#1
01-13 14:26:09.182  4686  5684 I TransitionUtil: get reuse leash = Surface(name=TL_Surface(name=Task=1#51)/@0xaa2b574_transition-leash#49337)/@0x9830ad3, key = ComponentInfo{com.miui.home/com.miui.home.launcher.Launcher}#1
01-13 14:26:09.182  4686  5684 I TransitionUtil: setupLeash isAppOpening = false
01-13 14:26:09.182  4686  5684 I TransitionUtil: setLayer leash5 = Surface(name=TL_Surface(name=Task=1#51)/@0xaa2b574_transition-leash#49337)/@0x9830ad3, layer = 2
01-13 14:26:09.182  4686  5684 I TransitionUtil: rootLeash = Surface(name=Transition Root #2500: Task=774#49330)/@0xbefb4e0
01-13 14:26:09.182  4686  5684 D TransitionUtil: get key :ComponentInfo{com.soundtherapyapp/com.soundtherapyapp.MainActivity}#774
01-13 14:26:09.182  4686  5684 I TransitionUtil: get reuse leash = Surface(name=TL_Surface(name=Task=774#49323)/@0xc76f961_transition-leash#49336)/@0x4959cc2, key = ComponentInfo{com.soundtherapyapp/com.soundtherapyapp.MainActivity}#774
01-13 14:26:09.182  4686  5684 I TransitionUtil: setupLeash isAppOpening = false
01-13 14:26:09.182  4686  5684 I TransitionUtil: setLayer leash7 = Surface(name=TL_Surface(name=Task=774#49323)/@0xc76f961_transition-leash#49336)/@0x4959cc2, layer = 5
01-13 14:26:09.182  2033  2092 I BpBinder: onLastStrongRef automatically unlinking death recipients: 
01-13 14:26:09.182  4686  5684 E WindowTransitionCompat: before wrap wallpaper
01-13 14:26:09.182  4686  5684 I TransitionUtil: rootLeash = Surface(name=Transition Root #2500: Task=774#49330)/@0xbefb4e0
01-13 14:26:09.182  4686  5684 D TransitionUtil: get key :wallpaper
01-13 14:26:09.182  4686  5684 I TransitionUtil: get reuse leash = Surface(name=TL_Surface(name=WallpaperWindowToken{ff64f09 showWhenLocked=false}#59)/@0x2f3a2e3_transition-leash#49339)/@0xc4a1610, key = wallpaper
01-13 14:26:09.182  4686  5684 I TransitionUtil: setupLeash isAppOpening = false
01-13 14:26:09.182  4686  5684 I TransitionUtil: setLayer leash2 = Surface(name=TL_Surface(name=WallpaperWindowToken{ff64f09 showWhenLocked=false}#59)/@0x2f3a2e3_transition-leash#49339)/@0xc4a1610, layer = -2
01-13 14:26:09.182  5321  5321 D BadgeCoordinator: recevie broadbcast ACTION_APPLICATION_MESSAGE_QUERY, requestFirstTime=false
01-13 14:26:09.182  4686  5632 D com.miui.home: backgroundBlur makeBackgroundImage (BlurView-6-0xb400007838f44d30), blurRadius(115), blurType(-1), blurScaleRatio(0.000000)
01-13 14:26:09.183  9464 21481 I travelService_ActivityObserverUtils: activityResumed ComponentInfo{com.miui.home/com.miui.home.launcher.Launcher}
01-13 14:26:09.183 26170 26310 D AppUpdateXmsfLauncher: activityResumed intent : Intent { cmp=com.miui.home/.launcher.Launcher (has extras) }
01-13 14:26:09.183   399   994 I VA_ActivityStateHelper: activityResumed componentName ComponentInfo{com.miui.home/com.miui.home.launcher.Launcher}
01-13 14:26:09.183  5321  5716 D VRI[Miui Bottom Caption of Task=1]: getMiuiFreeformStackInfo mTmpFrames.miuiFreeFormStackInfo: null
01-13 14:26:09.183 26170 10924 D services: [XMS][observer] ActivityObserver activityResumed packageName: com.miui.home
01-13 14:26:09.183  9464 21481 I ActivityObserverUtil: activityResumed ComponentInfo{com.miui.home/com.miui.home.launcher.Launcher}
01-13 14:26:09.183  3278  4197 E TransitionChain: Can't collect into a chain with no transition
01-13 14:26:09.183  3278  4197 D ActivityTaskManager:  setSkipCaptureLayers tr: Task{8b2b4d0 #774 type=standard A=10405:com.soundtherapyapp}
01-13 14:26:09.183  9464 21481 I TopActivityMonitor: send TopActivityChangeEvent=TopActivityChangeEvent(prev=ComponentInfo{com.miui.home/com.miui.home.launcher.Launcher}, current=ComponentInfo{com.miui.home/com.miui.home.launcher.Launcher},appChanged=false)
01-13 14:26:09.183   399   994 I VA_ActivityStateHelper: activityResumed mAiSkillPush is false
01-13 14:26:09.183 26763 26798 D auth    : [XMS][Auth] ActivityObserver activityResumed packageName: com.miui.home
01-13 14:26:09.184 10369 11309 I AIRC_CounterTrack: collect: signal-TopActivityPerception
01-13 14:26:09.184 16169 16338 I BluetoothAdapterService: getActiveDevices: A2dp device: null
01-13 14:26:09.184 10369 11309 I MMKV    : <MMKV.cpp:1170::sync> MMKV::sync, SyncFlag = 1
01-13 14:26:09.184  3278  3404 I TransitionImpl: home mode = 3
01-13 14:26:09.184  3278  4257 D BluetoothAdapter: getActiveDevices(HEADSET)
01-13 14:26:09.184   971   971 E mlviewer:remote: Not starting debugger since process cannot load the jdwp agent.
01-13 14:26:09.184  3278  3404 I TransitionImpl: home mode = 3
01-13 14:26:09.184  3278  3404 I TransitionImpl: home mode = 3
01-13 14:26:09.184  3278  3404 I TransitionImpl: home mode = 3
01-13 14:26:09.185  2033  2033 D MI-SF   : isTpIdleScene ,mAverageFrameRate is 92, 0 
01-13 14:26:09.185  2033  2033 D MI-SF   : modeGroup0 mIsSupportAutomodeForMaxFpsSetting is 0(0), getCurrentBrightness() = 737(388), mIsKeepAutoMode 0 isAutoModeAllowed() 1
01-13 14:26:09.185  2033  2033 D RefreshRateSelector: fixedMode_group: 0, isFindModeGroup 0
01-13 14:26:09.185  2033  2033 D RefreshRateSelector: find max refresh rate:120, mode Group:0
01-13 14:26:09.185  4686  5684 I TransitionCallback: com.android.systemui.shared.recents.utilities.WindowTransitionCallbackHelper@696950d setMergeFinishCallback, token = android.os.BinderProxy@4e1a58, callback = android.window.IRemoteTransitionFinishedCallback$Stub$Proxy@b6dd496
01-13 14:26:09.185  4686  5684 I TransitionCallback: com.android.systemui.shared.recents.utilities.WindowTransitionCallbackHelper@696950d setTransitionInfo token = android.os.BinderProxy@4e1a58, info = {id=2501 t=CLOSE f=0x10 trk=0 r=[0@Point(0, 0)] c=[{m=TO_FRONT f=SHOW_WALLPAPER|MOVE_TO_TOP leash=Surface(name=Task=1#51)/@0xf744ec3 sb=Rect(0, 0 - 1440, 3200) eb=Rect(0, 0 - 1440, 3200) epz=Point(1440, 3200) d=0 taskParent=-1 v=trueMiuiChangeImpl {miuiEmbedding:false, scale:1.0}},{m=CLOSE f=NONE leash=Surface(name=Task=774#49323)/@0x34e0bbe sb=Rect(0, 0 - 1440, 3200) eb=Rect(0, 0 - 1440, 3200) epz=Point(1440, 3200) d=0 taskParent=-1 v=falseMiuiChangeImpl {miuiEmbedding:false, scale:1.0}},{m=TO_FRONT f=IS_WALLPAPER leash=Surface(name=WallpaperWindowToken{ff64f09 showWhenLocked=false}#59)/@0x997fd35 sb=Rect(0, 0 - 1440, 3200) eb=Rect(0, 0 - 1440, 3200) epz=Point(1440, 3200) d=0 v=trueMiuiChangeImpl {miuiEmbedding:false, scale:1.0}}] mk=[false] noAni=[false] df=[false] rsa=[false] oa=[false] nc=[0] ho=[true] hla=[false] iSync=[2500]}
01-13 14:26:09.185  4686  5684 D TAG     : obtainElement: false
01-13 14:26:09.185 16169 16294 I BluetoothAdapterService: getActiveDevices: CallAudio device: null
01-13 14:26:09.185  4686  5684 D TAG     : obtainElement: 0.0
01-13 14:26:09.185  4686  5684 D TAG     : obtainElement: false
01-13 14:26:09.185  4686  5684 D TAG     : obtainElement: 0.0
01-13 14:26:09.185  4686  5684 I WindowElement1b38a3f: onClosingWindowTransitionStart
01-13 14:26:09.185  3278 19886 D PreStartingManager: Reset colorSurfaceControl: Surface(name=PreColorStarting#49327)/@0x9da5b0b  ColorSurfaceSize: 0
01-13 14:26:09.185  4686  5684 I WindowTransitionCompatListener94b3f0c: hasCancel mCancel=false
01-13 14:26:09.185  3278  4257 D BluetoothAdapter: getActiveDevices(LE_AUDIO)
01-13 14:26:09.185  4686  5684 I WindowElement1b38a3f: onTransitionMerged, done = true hasNewAnim = true
01-13 14:26:09.185  4686  5684 E WindowTransitionCompat: IRemoteTransition mergeAnimation end
01-13 14:26:09.185  3278 19886 D TaskSnapshot_Helper: shouldDelay()... Not launched by home, no delay needed.
01-13 14:26:09.185 16169 16294 I BluetoothAdapterService: getActiveDevices: LeAudio devices: Lead[null] - member_1[null]
01-13 14:26:09.185  3278 19886 I ATMSImpl: No snapshot since not start by launcher, activity=com.soundtherapyapp/.MainActivity
01-13 14:26:09.185  1963  4317 D AudioFlingerImpl: setGameParameters keyvalue: bluetoothlowlatencystatus=false;foregroundUid=10142
01-13 14:26:09.185  1963  4317 D DeviceHalAidl: [default] setParameters: parameters: "bluetoothlowlatencystatus=false;foregroundUid=10142"
01-13 14:26:09.185  9464 21481 I UriAuthProvider: query: selection：null
01-13 14:26:09.185  1816  3199 I AHAL_ModulePrimary_MI: setVendorParameters: parameter count 2, async: 0
01-13 14:26:09.185  1816  3199 D AHAL_ModulePrimary_MI: setVendorParameters parameters id = bluetoothlowlatencystatus val false
01-13 14:26:09.185  1816  3199 D AHAL_ModulePrimary_MI: setVendorParameters parameters id = foregroundUid val 10142
01-13 14:26:09.185  1816  3199 D AHAL_ModulePrimary_MI: setVendorParameters: enter miam_setParameters_v2 ret = -2
01-13 14:26:09.185  1816  3199 D AHAL_ModulePrimary_QTI: setVendorParameters: parameter count 2, async: 0
01-13 14:26:09.185  1816  3199 D AHAL_HFP_QTI: hfp_set_parameters enter
01-13 14:26:09.185  1816  3199 D AHAL_HFP_QTI: hfp_set_parameters Exit
01-13 14:26:09.185  1816  3199 D AHAL_HFP_QTI: hfp_set_parameters enter
01-13 14:26:09.185  1816  3199 D AHAL_HFP_QTI: hfp_set_parameters Exit
01-13 14:26:09.186  1963  4317 D DeviceHalAidl: [usb] setParameters: parameters: "bluetoothlowlatencystatus=false;foregroundUid=10142"
01-13 14:26:09.186  1963  4317 E ConversionHelperAidl: Function: parseAndSetVendorParameters Line: 94 Failed 
01-13 14:26:09.186  1963  4317 D DeviceHalAidl: [r_submix] setParameters: parameters: "bluetoothlowlatencystatus=false;foregroundUid=10142"
01-13 14:26:09.186  1816 21305 D AHAL_ModuleRemoteSubmix: setVendorParameters: parameter count 2, async: 0
01-13 14:26:09.186  1816 21305 D AHAL_ModuleRemoteSubmix: setVendorParameters parameters id = bluetoothlowlatencystatus val false
01-13 14:26:09.186  1816 21305 D AHAL_ModuleRemoteSubmix: setVendorParameters parameters id = foregroundUid val 10142
01-13 14:26:09.186  1963  4317 E ConversionHelperAidl: Function: parseAndSetVendorParameters Line: 94 Failed 
01-13 14:26:09.186  1963  4317 D DeviceHalAidl: [bluetooth] setParameters: parameters: "bluetoothlowlatencystatus=false;foregroundUid=10142"
01-13 14:26:09.186  1963  4317 E ConversionHelperAidl: Function: parseAndSetVendorParameters Line: 94 Failed 
01-13 14:26:09.186  3278  4257 I AudioGameEffect: foreground change to com.miui.home, last foreground is com.soundtherapyapp
01-13 14:26:09.186  3278  4257 I AudioGameEffect: get enable packages from setting: null
01-13 14:26:09.186  3278  4257 I AudioGameEffect: get enable packages from setting: null
01-13 14:26:09.186   971   971 D nativeloader: Load libframework-connectivity-tiramisu-jni.so using APEX ns com_android_tethering for caller /apex/com.android.tethering/javalib/framework-connectivity-t.jar: ok
01-13 14:26:09.187 10301 10791 D L0      : myUserId = 0	currentUserId0
01-13 14:26:09.187 16169 16294 D BluetoothLatencyMode: ForegroundInfo{mForegroundPackageName='com.miui.home', mForegroundUid=10142, mForegroundPid=4686, mForegroundDisplayId=0, mLastForegroundPackageName='com.soundtherapyapp', mLastForegroundUid=10405, mLastForegroundPid=32122, mLastForegroundDisplayId=0, mMultiWindowForegroundPackageName='com.miui.home', mMultiWindowForegroundUid=10142, mFlags=0}
01-13 14:26:09.187 29090  7083 D RelayAppLocalHelper: onForegroundInfoChanged: ForegroundInfo{mForegroundPackageName='com.miui.home', mForegroundUid=10142, mForegroundPid=4686, mForegroundDisplayId=0, mLastForegroundPackageName='com.soundtherapyapp', mLastForegroundUid=10405, mLastForegroundPid=32122, mLastForegroundDisplayId=0, mMultiWindowForegroundPackageName='com.miui.home', mMultiWindowForegroundUid=10142, mFlags=0}
01-13 14:26:09.187  3278 11074 D AS.AudioService: mSupportFakeHfpApp{com.ss.android.ugc.aweme=0, com.microsoft.teams=0, com.baidu.BaiduMap=0, com.systec.umeeting=0, com.cisco.webex.meetings=0, com.tencent.mobileqq=0, com.skype.raider=0, com.instagram.android=0, com.ss.android.lark.kami=0, com.zhiliaoapp.musically=0, com.skype.rover=0, com.smile.gifmaker=0, com.ss.android.lark.saxmsa667=0, com.tencent.wemeet.app=0, com.mediatek.engineermode=0, com.ss.android.ugc.aweme.lite=0, com.alibaba.android.rimet=0, com.autonavi.minimap=0, com.whatsapp=0, com.immomo.momo=0, com.facebook.katana=0, com.taobao.idlefish=0, com.tencent.lolm=0, com.tencent.mf.uam=0, com.xingin.xhs=0, com.cisco.wx2.android=0, com.tencent.tmgp.sgame=0, com.tencent.tmgp.pubgmhd=0, com.ss.android.lark=0, im.yixin=0} packageName com.android.bluetooth appVersion 36 mSupportFakeHfpApp.get(packageName) null
01-13 14:26:09.187 10301 10791 I ProcessMonitor: onForegroundInfoChanged: ForegroundInfo{mForegroundPackageName='com.miui.home', mForegroundUid=10142, mForegroundPid=4686, mForegroundDisplayId=0, mLastForegroundPackageName='com.soundtherapyapp', mLastForegroundUid=10405, mLastForegroundPid=32122, mLastForegroundDisplayId=0, mMultiWindowForegroundPackageName='com.miui.home', mMultiWindowForegroundUid=10142, mFlags=0}
01-13 14:26:09.187  3278  3416 I QuickScannerController: onForegroundInfoChanged. packageName:com.miui.home
01-13 14:26:09.187  4686  4686 D PassBlur: textureState not update, view com.miui.home.launcher.BlurView{5420920 V.ED..... ........ 0,0-1440,3200 #7f0a026a app:id/launcher_blur_view} visible is true
01-13 14:26:09.187 12372 12404 I GID     : PKG: com.miui.home IG ? false
01-13 14:26:09.187 12372 12404 I GST     : forePkg: com.miui.home, preForePkg: com.soundtherapyapp
01-13 14:26:09.187 12372 12404 D VENUS_GAMEAI_START_GameAiStartManager: venusGameAiSupportApps is not monitor packageName=com.miui.home
01-13 14:26:09.188  3278  3416 D QuickScannerController: diff:3820006, isOpen:true
01-13 14:26:09.188  3278  3405 I MiuiWallpaperSurfaceAnimation: wallpaperOffsets:xOffset=0.0,yOffset=0.0
01-13 14:26:09.188 16169 16294 D BluetoothLatencyMode: isWiredAudioHeadset.type: 1
01-13 14:26:09.188 16169 16294 D BluetoothLatencyMode: isWiredAudioHeadset.type: 2
01-13 14:26:09.188 16169 16294 D BluetoothLatencyMode: isWiredAudioHeadset.type: 18
01-13 14:26:09.188 16169 16294 D BluetoothLatencyMode: isWiredAudioHeadset.type: 14
01-13 14:26:09.188  3278  3405 D MiuiWallpaperSurfaceAnimation: updateScaleIfNeeded mPivotX: 0.5, mPivotY: 0.5, x: 0.0, y: 0.0, zoom: 1.0999415
01-13 14:26:09.187 10211 19863 D DFS-AppUsageTracker: Fg changed, new=com.miui.home, but charging.
01-13 14:26:09.188 29090  7083 E RecentAppsManager: com.miui.home can't be added to recent list!!
01-13 14:26:09.188  4686  4686 D BackGestureBreakController: mAppLaunchingButNotResume= false
01-13 14:26:09.188 29090  7083 D RelayAppLocalHelper: notifyTaskStackChanged:
01-13 14:26:09.188  4686  4686 D RecentsImpl: mActivityStateObserver com.miui.home.launcher.Launcher
01-13 14:26:09.188  4686  4686 D BackGestureBreakController: mAppLaunchingButNotResume= false
01-13 14:26:09.188  4686  5632 D com.miui.home: backgroundBlur makeBackgroundImage (ShortcutMenuLayer-6-0xb400007838efed10), blurRadius(183), blurType(-1), blurScaleRatio(0.000000)
01-13 14:26:09.188  4686  4686 W RecentsImpl: updateGestureWindowVisibleImpl, className=com.miui.home.launcher.Launcher
01-13 14:26:09.188  4686  4686 D RecentsImpl: useSysUiFlagsUpdateGestureWindowVisible, unlock
01-13 14:26:09.188  4686  4686 D Launcher: notifyBackGestureStatus
01-13 14:26:09.188  4686  4686 D RecentsImpl: updateGestureWindowVisibleImpl, notifyBackGestureStatus, return
01-13 14:26:09.188  4686  4686 I WindowElement1b38a3f: MAIN_THREAD:onClosingWindowTransitionStart closingTarget=RemoteAnimationTargetCompat{taskId=774, mode=1, isTranslucent=false, clipRect=Rect(0, 0 - 0, 0), position=Point(0, 0), sourceContainerBounds=Rect(0, 0 - 1440, 3200), prefixOrderIndex=2, isNotInRecents=true, contentInsets=Rect(0, 0 - 0, 0), activityType=1, packageName=com.soundtherapyapp, startBounds=Rect(0, 0 - 1440, 3200), windowType=-1}, closingTargets.homeTarget=RemoteAnimationTargetCompat{taskId=1, mode=0, isTranslucent=false, clipRect=Rect(0, 0 - 0, 0), position=Point(0, 0), sourceContainerBounds=Rect(0, 0 - 1440, 3200), prefixOrderIndex=3, isNotInRecents=false, contentInsets=Rect(0, 0 - 0, 0), activityType=2, packageName=com.miui.home, startBounds=Rect(0, 0 - 1440, 3200), windowType=-1}
01-13 14:26:09.188  4686  4686 D BoostRtHelper: boostGesture main
01-13 14:26:09.188  3278  4257 I NetworkBoostStatusManager: onForegroundInfoChanged uid:10142, onLastForegroundInfoChanged uid:10405, isColdStart:false, mIgnoreUid:-1
01-13 14:26:09.188  3278  4257 I SLM-SRV-SLAToast: foreground uid:10142, isColdStart:false, isLinkTurboEnable:false
01-13 14:26:09.188  3278  4257 D NetworkSDKService: handleMultiAppsDualWifi isSet = false isEverOpened = false
01-13 14:26:09.188  4686  4686 D Launcher.Boost: setTurboSchedActionWithPriority::threadIds = [4686, 5632, 5684, 5623, 5622]
01-13 14:26:09.188  4686  4686 D WindowAnimParamsProvider: getClosingAnimParams, sosc.isHalfSplitMode=false, sosc.isMinimized=false, sosc.preIsMinimized=false
01-13 14:26:09.188  2033  6014 I BpBinder: onLastStrongRef automatically unlinking death recipients: 
01-13 14:26:09.188  4686  4686 D LauncherStateManager: exitOverviewStateIfNeed, mState=NormalState#f9a3859, mBelowState=NormalState#f9a3859, animated=false
01-13 14:26:09.188  4686  5504 W RecentsImpl: disableTouchBySwipeStatusBar    disable=false
01-13 14:26:09.188  4686  5504 D GestureStubView_Left: disableTouchBySwipeStatusBar    old=false   new=false
01-13 14:26:09.188  4686  4686 I WindowAnimParamsProvider: getClosingWindowAnimParams closingTarget=RemoteAnimationTargetCompat{taskId=774, mode=1, isTranslucent=false, clipRect=Rect(0, 0 - 0, 0), position=Point(0, 0), sourceContainerBounds=Rect(0, 0 - 1440, 3200), prefixOrderIndex=2, isNotInRecents=true, contentInsets=Rect(0, 0 - 0, 0), activityType=1, packageName=com.soundtherapyapp, startBounds=Rect(0, 0 - 1440, 3200), windowType=-1}, closingTargets.homeTarget=RemoteAnimationTargetCompat{taskId=1, mode=0, isTranslucent=false, clipRect=Rect(0, 0 - 0, 0), position=Point(0, 0), sourceContainerBounds=Rect(0, 0 - 1440, 3200), prefixOrderIndex=3, isNotInRecents=false, contentInsets=Rect(0, 0 - 0, 0), activityType=2, packageName=com.miui.home, startBounds=Rect(0, 0 - 1440, 3200), windowType=-1}, closingTargets.secondTarget=null
01-13 14:26:09.188  4686  5504 D GestureStubView_Right: disableTouchBySwipeStatusBar    old=false   new=false
01-13 14:26:09.188  4686  4686 D AnimatorDurationScaleHelper: isCloseAnimator=false
01-13 14:26:09.188  4686  4686 I IBarFollowAnimationRunnerImpl: updateGestureStateToRemote state: 5
01-13 14:26:09.188 12372 12404 I GID     : PKG: com.soundtherapyapp IG ? false
01-13 14:26:09.188  4686  4686 I StateNotifyUtils: sendStateToShell value:5
01-13 14:26:09.188  4686  4686 E WindowAnimParamsProvider: getWindowTargetBounds    bounds=Rect(0, 0 - 1440, 3200)
01-13 14:26:09.188  4686  4686 I WindowAnimParamsProvider: getClosingWindowAnimParams isIgnoreAnimTarget=false, isStartLockScreen=false, hasMultiTask=false, isSingleSideBack=false, currentRotation=0, isElementParam=false, isShowingUserPresentAnimation=false
01-13 14:26:09.188  4686  4686 D WindowAnimParamsProvider: isIconLayoutFromSoscChange: isIconLayout = false
01-13 14:26:09.188  4686  4686 I WindowAnimParamsProvider: getClosingWindowAnimParams target =RemoteAnimationTargetCompat{taskId=774, mode=1, isTranslucent=false, clipRect=Rect(0, 0 - 0, 0), position=Point(0, 0), sourceContainerBounds=Rect(0, 0 - 1440, 3200), prefixOrderIndex=2, isNotInRecents=true, contentInsets=Rect(0, 0 - 0, 0), activityType=1, packageName=com.soundtherapyapp, startBounds=Rect(0, 0 - 1440, 3200), windowType=-1}
01-13 14:26:09.189  4686  7958 D RecentsImpl: onForegroundChanged, foregroundPackageName=com.miui.home
01-13 14:26:09.189  4686  5632 D com.miui.home: backgroundBlur makeBackgroundImage (BlurView-6-0xb400007838f44d30), blurRadius(116), blurType(-1), blurScaleRatio(0.000000)
01-13 14:26:09.189  4686  4686 I WindowAnimParamsProvider: getClosingWindowAnimParams getClosingShortcutIcon target= RemoteAnimationTargetCompat{taskId=774, mode=1, isTranslucent=false, clipRect=Rect(0, 0 - 0, 0), position=Point(0, 0), sourceContainerBounds=Rect(0, 0 - 1440, 3200), prefixOrderIndex=2, isNotInRecents=true, contentInsets=Rect(0, 0 - 0, 0), activityType=1, packageName=com.soundtherapyapp, startBounds=Rect(0, 0 - 1440, 3200), windowType=-1}
01-13 14:26:09.189  5321  5801 W ndroid.systemui: Binder 0xb400007908f0de80 destroyed after setInheritRt before being parceled.
01-13 14:26:09.189  4686  4686 I WindowAnimParamsProvider: getClosingWindowAnimParams getClosingShortcutIcon task before=  [TaskKey{id=774, stackId=0, baseIntent=Intent { flg=0x10000000 cmp=com.soundtherapyapp/.MainActivity }, userId=0, lastActiveTime=348018384, windowingMode=1, isThumbnailBlur=false, isAccessLocked=false, isScreening=false, topActivity=null, mHashCode=23981786}, title=SoundTherapyApp, titleDescription=SoundTherapyApp, bounds=null, isLaunchTarget=false, isStackTask=true, isSystemApp=false, isDockable=true, baseActivity=null, isLocked=false, mNeedHide=false, hasMultipleTasks=false, cti1Key=, cti2Key=] 
01-13 14:26:09.189  4686  5517 E Launcher: mFsGestureStatusRefreshRunnable:run usingFsGesture=true   show=true   focus=true   pause=false
01-13 14:26:09.189  4686  4686 I WindowAnimParamsProvider: getClosingWindowAnimParams getClosingShortcutIcon task after=  [TaskKey{id=774, stackId=0, baseIntent=Intent { flg=0x10000000 cmp=com.soundtherapyapp/.MainActivity }, userId=0, lastActiveTime=348018384, windowingMode=1, isThumbnailBlur=false, isAccessLocked=false, isScreening=false, topActivity=null, mHashCode=23981786}, title=SoundTherapyApp, titleDescription=SoundTherapyApp, bounds=null, isLaunchTarget=false, isStackTask=true, isSystemApp=false, isDockable=true, baseActivity=null, isLocked=false, mNeedHide=false, hasMultipleTasks=false, cti1Key=, cti2Key=] 
01-13 14:26:09.189  4686  4686 D WindowAnimParamsProvider: getClosingShortcutIcon:CloseShortcutIconUtils.getCloseShortcutIcon  cn=ComponentInfo{com.soundtherapyapp/com.soundtherapyapp.MainActivity}   userId=0
01-13 14:26:09.189  4686  5517 D Launcher: notifyFsGestureHomeStatus    enableBackGesture=false
01-13 14:26:09.189  4686  4686 I WindowAnimParamsProvider: getClosingWindowAnimParams secondTarget=null, launchAppAndBackHomeAnimTarget=com.miui.home.launcher.ShortcutIcon{f4dddba VFED..CL. ........ 382,734-720,1101}(SoundTherapyApp)
01-13 14:26:09.189  4686  4686 E ClipAnimationHelper: updateSourceStack  mSourceInsets=Rect(0, 0 - 0, 0), mSourceStackBounds=Rect(0, 0 - 1440, 3200)
01-13 14:26:09.189  4686  4686 D ClipAnimationHelper: updateSourceStackBounds, mSourceStackBounds=Rect(0, 0 - 1440, 3200)
01-13 14:26:09.189  4686  4686 E ClipAnimationHelper: updateHomeStack  mSourceInsets=Rect(0, 0 - 0, 0), mHomeStackBounds=Rect(0, 0 - 1440, 3200)
01-13 14:26:09.189  4686  4686 E ClipAnimationHelper: updateTargetRect  mSourceRect=RectF(0.0, 0.0, 1440.0, 3200.0)   mTargetRect=RectF(0.0, 0.0, 1440.0, 3200.0)   mSourceWindowClipInsets=RectF(0.0, 0.0, 0.0, 0.0)   mHomeStackBounds=Rect(0, 0 - 1440, 3200)   targetRect=Rect(0, 0 - 1440, 3200)
01-13 14:26:09.189 10211 10602 D PowerKeeper.Audio: pids 0
01-13 14:26:09.189  4686  4686 I WindowAnimParamsProvider: startClosingWindowAnimators:startRect=RectF(0.0, 0.0, 1440.0, 3200.0), targetRect=Rect(443, 1058 - 659, 1274), startRadius=[120.0, 120.0, 22.0, 22.0], endRadius=57.30612, animType==CLOSE_TO_HOME, isMultiProcessMinusScreenShowing=false, currentRotation=0, homeRotation=0, isUseSimpleAnim=false, isSingleSideBack= false, withoutShortcutAnim= false
01-13 14:26:09.189  4686  4686 I WindowAnimParamsProvider: getUserIdFromRemoteTarget target= RemoteAnimationTargetCompat{taskId=774, mode=1, isTranslucent=false, clipRect=Rect(0, 0 - 0, 0), position=Point(0, 0), sourceContainerBounds=Rect(0, 0 - 1440, 3200), prefixOrderIndex=2, isNotInRecents=true, contentInsets=Rect(0, 0 - 0, 0), activityType=1, packageName=com.soundtherapyapp, startBounds=Rect(0, 0 - 1440, 3200), windowType=-1}
01-13 14:26:09.189  4686  4686 I WindowAnimParamsProvider: getUserIdFromRemoteTarget task before=  [TaskKey{id=774, stackId=0, baseIntent=Intent { flg=0x10000000 cmp=com.soundtherapyapp/.MainActivity }, userId=0, lastActiveTime=348018384, windowingMode=1, isThumbnailBlur=false, isAccessLocked=false, isScreening=false, topActivity=null, mHashCode=23981786}, title=SoundTherapyApp, titleDescription=SoundTherapyApp, bounds=null, isLaunchTarget=false, isStackTask=true, isSystemApp=false, isDockable=true, baseActivity=null, isLocked=false, mNeedHide=false, hasMultipleTasks=false, cti1Key=, cti2Key=] 
01-13 14:26:09.189  4686  4686 I WindowAnimParamsProvider: getUserIdFromRemoteTarget task after=  [TaskKey{id=774, stackId=0, baseIntent=Intent { flg=0x10000000 cmp=com.soundtherapyapp/.MainActivity }, userId=0, lastActiveTime=348018384, windowingMode=1, isThumbnailBlur=false, isAccessLocked=false, isScreening=false, topActivity=null, mHashCode=23981786}, title=SoundTherapyApp, titleDescription=SoundTherapyApp, bounds=null, isLaunchTarget=false, isStackTask=true, isSystemApp=false, isDockable=true, baseActivity=null, isLocked=false, mNeedHide=false, hasMultipleTasks=false, cti1Key=, cti2Key=] 
01-13 14:26:09.189  4686  4686 D WindowAnimParamsProvider: getUserIdFromRemoteTarget  cn=ComponentInfo{com.soundtherapyapp/com.soundtherapyapp.MainActivity}   userId=0
01-13 14:26:09.190  4686  4686 D HomeLayerElement: bindHomeLeash com.android.systemui.shared.recents.system.SurfaceControlCompat@619dc70
01-13 14:26:09.190  4686  4686 D HomeLayerElement: java.lang.Exception
01-13 14:26:09.190  4686  4686 D HomeLayerElement: 	at com.miui.home.recents.anim.HomeLayerElement.bindHomeLeash(HomeLayerElement.kt:85)
01-13 14:26:09.190  4686  4686 D HomeLayerElement: 	at com.miui.home.recents.anim.WindowElement.onClosingWindowTransitionExecute$lambda$13(WindowElement.kt:598)
01-13 14:26:09.190  4686  4686 D HomeLayerElement: 	at com.miui.home.recents.anim.WindowElement.$r8$lambda$oNDe-v3FTseZvwjynpGBxPccacc(WindowElement.kt:0)
01-13 14:26:09.190  4686  4686 D HomeLayerElement: 	at com.miui.home.recents.anim.WindowElement$$ExternalSyntheticLambda9.run(R8$$SyntheticClass:0)
01-13 14:26:09.190  4686  4686 D HomeLayerElement: 	at android.os.Handler.handleCallback(Handler.java:995)
01-13 14:26:09.190  4686  4686 D HomeLayerElement: 	at android.os.Handler.dispatchMessage(Handler.java:103)
01-13 14:26:09.190  4686  4686 D HomeLayerElement: 	at android.os.Looper.loopOnce(Looper.java:267)
01-13 14:26:09.190  4686  4686 D HomeLayerElement: 	at android.os.Looper.loop(Looper.java:360)
01-13 14:26:09.190  4686  4686 D HomeLayerElement: 	at android.app.ActivityThread.main(ActivityThread.java:10088)
01-13 14:26:09.190  4686  4686 D HomeLayerElement: 	at java.lang.reflect.Method.invoke(Native Method)
01-13 14:26:09.190  4686  4686 D HomeLayerElement: 	at com.android.internal.os.RuntimeInit$MethodAndArgsCaller.run(RuntimeInit.java:616)
01-13 14:26:09.190  4686  4686 D HomeLayerElement: 	at com.android.internal.os.ZygoteInit.main(ZygoteInit.java:1113)
01-13 14:26:09.190  4686  4686 I AnimStateManager: onAnimParamsReady windowElement = com.miui.home.recents.anim.WindowElement@1b38a3f
