01-13 14:29:23.687  3278  3341 D TransitionControllerImpl:    ChangeInfo{c4daa45 container=DefaultTaskDisplayArea@148137897 flags=0x0}
01-13 14:29:23.687  3278  3341 D TransitionControllerImpl:    ChangeInfo{d50b59a container=ActivityRecord{163041850 u0 com.miui.home/.launcher.Launcher t2} flags=0x0}
01-13 14:29:23.687  3278  3341 D TransitionControllerImpl:    ChangeInfo{1ce6ecb container=ActivityRecord{202445780 u0 com.soundtherapyapp/.MainActivity t778 f} isExiting} flags=0x0}
01-13 14:29:23.687  3278  3341 D TransitionControllerImpl:    ChangeInfo{6a936a8 container=WallpaperWindowToken{ff64f09 showWhenLocked=false} flags=0x0}
01-13 14:29:23.687  3278  3341 D TransitionControllerImpl: ]
01-13 14:29:23.687  3278  3341 D TransitionControllerImpl: }
01-13 14:29:23.687  3278  3341 I TransitionImpl: home mode = 2
01-13 14:29:23.687  3278  3341 I TransitionImpl: home mode = 3
01-13 14:29:23.687  4686  4686 D Launcher: Launcher.DeviceConfig onResume bounds = Rect(0, 0 - 1440, 3200)
01-13 14:29:23.687  3278  4147 D InetDiagMessage: Destroyed 0 sockets, proto=IPPROTO_TCP, family=AF_INET, states=14
01-13 14:29:23.687  4686  4686 D Launcher.DropTargetBar: update uninstall active when NO drag, active=false (edit=7, isUninstallDialogShowing=false, isWidgetPreviewShowing=false, isDefaultScreenPreviewShowing=false, isMenuVisible=false)
01-13 14:29:23.687  4686  4686 D Launcher.Lifecycle: onResume:UserHandle{0},bfe571,false
01-13 14:29:23.687  4686  4686 W Settings: Setting device_provisioned has moved from android.provider.Settings.Secure to android.provider.Settings.Global.
01-13 14:29:23.687  4686  5683 D MiBridge: requestCpuHighFreq---- uid: 10142 level: 1 timeoutms:500
01-13 14:29:23.687  4686  5683 D MiBridge: requestCpuHighFreq handle: 1
01-13 14:29:23.687  4686  5683 D Launcher_CPUBooster: boostCpuToMax:0
01-13 14:29:23.687  2517  2625 W MiuiBooster: "MiuiBoosterService requestCpuHighFreq: 10142, 1, 500"
01-13 14:29:23.687  2517  2625 W MiuiBooster: "requestCpuHighFreq, final level:1, final timeoutms:500"
01-13 14:29:23.687  2517  2625 W MiuiBooster: "perf_hint_hc_QCOM start"
01-13 14:29:23.687  2517  2625 W MiuiBooster: "big_core_value[level-1]:4095"
01-13 14:29:23.687  2517  2625 W MiuiBooster: "little_core_value[level-1]:4095"
01-13 14:29:23.687  2517  2625 W MiuiBooster: "prime_core_value[level - 1]:4095"
01-13 14:29:23.687  2517  2625 E PERFHAL-CLIENT: PERFHAL-CLIENT: perf_lock_acq() 164: opcode=1082130432 isMvOpcode=0
01-13 14:29:23.687  2517  2625 E PERFHAL-CLIENT: PERFHAL-CLIENT: perf_lock_acq() 164: opcode=1082130688 isMvOpcode=0
01-13 14:29:23.687  2517  2625 E PERFHAL-CLIENT: PERFHAL-CLIENT: perf_lock_acq() 164: opcode=1082130944 isMvOpcode=0
01-13 14:29:23.687  3278  3341 D WindowManager: Calling onTransitionReady info={id=2508 t=CLOSE f=0x10 trk=0 r=[0@Point(0, 0)] c=[{WCT{RemoteToken{c439a9d Task{68ecabd #1 type=home}}} m=TO_FRONT f=SHOW_WALLPAPER|MOVE_TO_TOP leash=Surface(name=Task=1#51)/@0x8622026 sb=Rect(0, 0 - 1440, 3200) eb=Rect(0, 0 - 1440, 3200) epz=Point(1440, 3200) d=0 taskParent=-1 v=trueMiuiChangeImpl {miuiEmbedding:false, scale:1.0}},{WCT{RemoteToken{f97f88 Task{f2c072 #778 type=standard A=10405:com.soundtherapyapp}}} m=CLOSE f=NONE leash=Surface(name=Task=778#49411)/@0x148397d sb=Rect(0, 0 - 1440, 3200) eb=Rect(0, 0 - 1440, 3200) epz=Point(1440, 3200) d=0 taskParent=-1 v=falseMiuiChangeImpl {miuiEmbedding:false, scale:1.0}},{m=TO_FRONT f=IS_WALLPAPER leash=Surface(name=WallpaperWindowToken{ff64f09 showWhenLocked=false}#59)/@0x1ea950e sb=Rect(0, 0 - 1440, 3200) eb=Rect(0, 0 - 1440, 3200) epz=Point(1440, 3200) d=0 v=trueMiuiChangeImpl {miuiEmbedding:false, scale:1.0}}] mk=[false] noAni=[false] df=[false] rsa=[false] oa=[false] nc=[0] ho=[true] hla=[false] iSync=[2507]}, mToken=Token{69232c0 TransitionRecord{e5a4590 id=2508 type=CLOSE flags=0x10 c=[
01-13 14:29:23.687  3278  3341 D WindowManager:    ChangeInfo{b01ae89 container=Task{f2c072 #778 type=standard A=10405:com.soundtherapyapp} flags=0x10}
01-13 14:29:23.687  3278  3341 D WindowManager:    ChangeInfo{9db3e8e container=Task{44844cf #2 type=home I=com.miui.home/.launcher.Launcher} flags=0x30}
01-13 14:29:23.687  3278  3341 D WindowManager:    ChangeInfo{f3d16af container=Display{#0 state=ON size=1440x3200 ROTATION_0} flags=0x0}
01-13 14:29:23.687  3278  3341 D WindowManager:    ChangeInfo{4462abc container=Task{68ecabd #1 type=home} flags=0x30}
01-13 14:29:23.687  3278  3341 D WindowManager:    ChangeInfo{c4daa45 container=DefaultTaskDisplayArea@148137897 flags=0x0}
01-13 14:29:23.687  3278  3341 D WindowManager:    ChangeInfo{d50b59a container=ActivityRecord{163041850 u0 com.miui.home/.launcher.Launcher t2} flags=0x0}
01-13 14:29:23.687  3278  3341 D WindowManager:    ChangeInfo{1ce6ecb container=ActivityRecord{202445780 u0 com.soundtherapyapp/.MainActivity t778 f} isExiting} flags=0x0}
01-13 14:29:23.687  3278  3341 D WindowManager:    ChangeInfo{6a936a8 container=WallpaperWindowToken{ff64f09 showWhenLocked=false} flags=0x0}
01-13 14:29:23.687  3278  3341 D WindowManager: ]
01-13 14:29:23.687  3278  3341 D WindowManager: }}
01-13 14:29:23.687  2517  2625 W MiuiBooster: "requestCpuHighFreq, perf_handle:148403"
01-13 14:29:23.687  1834  2080 E PERFHAL-REQUEST: PERFHAL-REQUEST: Process() 398: Translate to physical failed
01-13 14:29:23.687  5321  5646 I MultiTaskingTaskRepository: needSkip::is home task
01-13 14:29:23.687  4686  4686 D Launcher.FullbackHome: FallbackHomeCompat::needKillSelf::needKillSelf = false
01-13 14:29:23.687  5321  5646 D MiuiDecorationHomeController: relayout::taskId=1, userId=0, visible=true, bounds=Rect(0, 0 - 1440, 3200), focused=true, activityType=2, displayId=0, baseActivity=ComponentInfo{com.miui.home/com.miui.home.launcher.Launcher}, topActivity=ComponentInfo{com.miui.home/com.miui.home.launcher.Launcher}, callers=com.android.wm.shell.multitasking.miuimultiwinswitch.miuiwindowdecor.decoration.MiuiDecorationController.relayout:4 com.android.wm.shell.multitasking.miuimultiwinswitch.miuiwindowdecor.MulWinSwitchDecorViewModel.onTaskInfoChanged:18 com.android.wm.shell.multitasking.common.taskmanager.MultiTaskingTaskListener.onTaskInfoChanged:47 com.android.wm.shell.ShellTaskOrganizer.onTaskInfoChanged:129 android.window.TaskOrganizer$1.lambda$onTaskInfoChanged$6:300 
01-13 14:29:23.687  5321  5646 D MiuiDecorationHomeBottom: needHomeBottomCaption: needShow = true isSoScLeftRightSplit = false isSoScMinimized = false isPortrait = true needHomeBottomCaption = true
01-13 14:29:23.687  4686  4686 D SoscSplitStateController: updateDividerFixedState: isFixed = true
01-13 14:29:23.687  5321  5646 D MiuiDecorationBottom: updateRootView_HomeBottomCaption: taskId = 1 needBottomCaption = true bottomCaptionView = java.lang.Object@9ee9b1d
01-13 14:29:23.688  4686  4686 E Launcher.application: setClickAppWaitForCallback = false
01-13 14:29:23.688  4686  4686 D Launcher.FullbackHome: FallbackHomeCompat::needKillSelf::needKillSelf = false
01-13 14:29:23.688  4686  4686 D MamlView: onResume
01-13 14:29:23.688  3278  4147 D InetDiagMessage: Destroyed 0 sockets, proto=IPPROTO_TCP, family=AF_INET6, states=14
01-13 14:29:23.688  3278  4147 D InetDiagMessage: Destroyed live tcp sockets for uids={10405} in 4ms
01-13 14:29:23.688  3278  3341 E WindowManager:  source = Task{f2c072 #778 type=standard A=10405:com.soundtherapyapp} excludeMiuiNavBar = true excludeMiuiStatusBar = true excludeIme = false excludeNavBar = true miuiNavSurfaceControl = Surface(name=NavigationBar Container of Task = 778#49412)/@0x82adcc3 miuiStatusSurfaceControl = Surface(name=StatusBar Container of Task = 778#49413)/@0xfa3f079
01-13 14:29:23.688  5321  5646 D MiuiDecorationHomeBottom: updateViews_HomeBottomCaption: taskId=1 soscHomeCenterX=0.0 soscHomeShowingWidth=0 outResult=RelayoutResult{mRoot=java.lang.Object@9ee9b1d, mCaptionX=468, mCaptionY=3162, mCaptionWidth=504.0, mCaptionHeight=60.0}
01-13 14:29:23.688  3278  3341 D ScreenCapture: SF-MICapture: captureLayers sourceCrop: Rect(0, 0 - 1440, 3200)
01-13 14:29:23.688  5321  5646 D MiuiDecorationBase: updateFocus: update targetAlpha = 166, taskId = 1
01-13 14:29:23.688  5321  5646 D MiuiDecorationBase: updateSampling_HomeBottomCaption: taskId = 1 scale = 1.0 mTaskBounds = Rect(0, 0 - 1440, 3200) mCaptionVisibility = true mIsFsgestureEntered = false isRunningAnim = false isDraggingRecent = false isFreeformElude = false isDecorationShowing = true shouldEnableSampling = true
01-13 14:29:23.688  5321  5646 D MiuiDecorationBase: updateSampling_HomeBottomCaption: samplingRect = Rect(468, 3162 - 972, 3177)
01-13 14:29:23.688  5321  5646 D MiuiDecorationBase: updateVisibility_HomeBottomCaption: taskId=1, isRotationAnimationRunning=false, mCaptionVisible=true, isCaptionVisible=true
01-13 14:29:23.688  5321  5646 D MiuiDecorationMoveHelper: periodicallyMoveUpFirst mTaskId=1, windowingMode=1, caller=relayout
01-13 14:29:23.688  2033  2033 I SurfaceFlinger: SF-MICapture: mode:0, layerNames:(no_layer_names), blurRadius:0, scale:(1.000000,1.000000), blends:(no_color_mode)
01-13 14:29:23.688  5321  5646 D MiuiFreeformModeController: onFocusTaskChanged taskInfo: TaskInfo{userId=0 taskId=1 effectiveUid=0 displayId=0 isRunning=true baseIntent=Intent { act=android.intent.action.MAIN cat=[android.intent.category.HOME] flg=0x10000100 cmp=com.miui.home/.launcher.Launcher } baseActivity=ComponentInfo{com.miui.home/com.miui.home.launcher.Launcher} topActivity=ComponentInfo{com.miui.home/com.miui.home.launcher.Launcher} origActivity=null realActivity=null numActivities=1 lastActiveTime=21353 supportsSplitScreenMultiWindow=true mSoScDisplayMode=-1 supportsMultiWindow=true resizeMode=2 isResizeable=true minWidth=-1 minHeight=-1 defaultMinSize=200 token=WCT{android.window.IWindowContainerToken$Stub$Proxy@2c37c36} topActivityType=2 pictureInPictureParams=null shouldDockBigOverlays=false launchIntoPipHostTaskId=-1 lastParentTaskIdBeforePip=-1 displayCutoutSafeInsets=Rect(0, 0 - 0, 0) topActivityInfo=ActivityInfo{4d88737 com.miui.home.launcher.Launcher} launchCookies=[] positionInParent=Point(0, 0) parentTaskId=-1 isFocused=true isVisible=true isVisibleRequested=true isTopActivityNoDisplay=false isSleeping=false locusId=null displayAreaFeatureId=1 isTopActivityTransparent=false isActivityStackTransparent=false lastNonFullscreenBounds=Rect(372, 930 - 1068, 2370) capturedLink=null capturedLinkTimestamp=0 requestedVisibleTypes=-9 topActivityRequestOpenInBrowserEducationTimestamp=0 appCompatTaskInfo=AppCompatTaskInfo { topActivityInSizeCompat=false eligibleForLetterboxEducation= false topActivityInMiuiSizeCompat=false isLetterboxEducationEnabled= false isLetterboxDoubleTapEnabled= false eligibleForUserAspectRatioButton= false topActivityBoundsLetterboxed= false isFromLetterboxDoubleTap= false topActivityLetterboxVerticalPosition= -1 topActivityLetterboxHorizontalPosition= -1 topActivityLetterboxWidth=-1 topActivityLetterboxHeight=-1 topActivityAppBounds=Rect(0, 0 - 1440, 3200) isUserFullscreenOverrideEnabled=false isSystemFullscreenOverrideEnabled=false hasMinAspectRatioOverride=false topActivityLetterboxBounds=null cameraCompatTaskInfo=CameraCompatTaskInfo { freeformCameraCompatMode=inactive}} isImmersive=false mTopActivityRequestOrientation=-2 mStatusBarParent=Surface(name=StatusBar Container of Task = 1#53)/@0xb65b7e3 mNavBarParent=Surface(name=NavigationBar Container of Task = 1#52)/@0x4e8a5e0 mBehindAppLockPkg=null mOriginatingUid=0 isEmbedded=false shouldBeVisible=true isCreatedByOrganizer=false mIsCastMode=false mTopActivityMediaSize=null mTopActivityRecordName=ActivityRecord{163041850 u0 com.miui.home/.launcher.Launcher t2} mTopActivityOrientation=1 topActivityMainWindowFrame=null}
01-13 14:29:23.688  5321  5646 D SoScSplitScreenController: updateDividerFixedState isFixed:true
01-13 14:29:23.688  4686  4686 D Launcher.Search: isOldVersionSupportOverlay result:true isSupportOverlay:true isOverlayCloudOpen:true
01-13 14:29:23.688  4686  4686 D Launcher.Search: isSupportKeepSearchAlive:true isNewEffect:true isOldVersionOverlay:true isAdvanceDevice:true
01-13 14:29:23.688  4686  4686 D Launcher_UnlockAnimationStateMachine: onResume = PAUSE_WAIT
01-13 14:29:23.688  9464  3907 D LauncherOverlay: setActivityState:3
01-13 14:29:23.688  4686  4686 D Launcher_UnlockAnimationStateMachine: setState:IDLE
01-13 14:29:23.688  4686  4686 I Launcher: changeMIUIWidgetEditMode false
01-13 14:29:23.688  4686  4686 D NavStubView: setAssistantInEditMode: false
01-13 14:29:23.688  4686  4686 D ServiceDeliveryReplaceHelper: onResume: widget to serviceDeliver isReplace true
01-13 14:29:23.688  4686  4686 I Launcher.widget: onInvisible 
01-13 14:29:23.688  4686  4686 I Launcher.widget: onInvisible 
01-13 14:29:23.688  4686  4686 I Launcher.widget: onInvisible 
01-13 14:29:23.688  4686  4686 I Launcher.widget: onVisible 
01-13 14:29:23.688  9510 31930 D LauncherOverlay: setActivityState:3
01-13 14:29:23.688  1819  1927 I ANDR-PWR-OPT: GAMEPOWEROPT: sendEvents() 231: Start hint for app com.miui.home/com.miui.home.launcher.Launcher/601031904, hintID : 4099, hintID hex : 1003 value: -1
01-13 14:29:23.688  4686  4686 W LanguageHelper: setPluralsVariables: 0
01-13 14:29:23.688  4686  4686 W LanguageHelper: setPluralsVariables: end
01-13 14:29:23.688  1819  1927 I ANDR-PWR-OPT: PowerAppClassifier: getAppType() 59: checking app [com.miui.home] is type 1
01-13 14:29:23.688  1819  1927 I ANDR-PWR-OPT: GAMEPOWEROPT: isGame() 348: com.miui.home is Game = 1
01-13 14:29:23.689  3278  4130 I MiuiNetworkPolicyTrafficLimit: updateWhiteListUidForMobileTraffic uid=10405,add=false
01-13 14:29:23.689  2033  2033 I SurfaceFlinger: SF-MICapture: mode:0, layerName:PreColorStarting#49415
01-13 14:29:23.689  2033  2033 I SurfaceFlinger: SF-MICapture: mode:0, layerName:Splash Screen com.soundtherapyapp#49418
01-13 14:29:23.689  4686  4686 W LanguageHelper: setPluralsVariables: 0
01-13 14:29:23.689  4686  4686 W LanguageHelper: setPluralsVariables: end
01-13 14:29:23.689  4686  4686 W LanguageHelper: setPluralsVariables: 0
01-13 14:29:23.689  4686  4686 W LanguageHelper: setPluralsVariables: end
01-13 14:29:23.689  4686  4686 W LanguageHelper: setPluralsVariables: 0
01-13 14:29:23.689  4686  4686 W LanguageHelper: setPluralsVariables: end
01-13 14:29:23.689  4686  4686 D PassBlur: sendAuxiliaryIfNeed timeoutMs -1 include 2 exclude 0
01-13 14:29:23.689  1827  5718 I SnapAlloc: Using graphics libs for alignment calculations
01-13 14:29:23.689  4686  4686 D PassBlur: sendAuxiliaryIfNeed timeoutMs -1 include 0 exclude 1
01-13 14:29:23.689  9510  9510 I SearchOverlayWindow: onResume
01-13 14:29:23.689  9510  9510 D LauncherOverlay.Window: onResume
01-13 14:29:23.689  2033  2033 D MI-SF   : isTpIdleScene ,mAverageFrameRate is 0, 0 
01-13 14:29:23.689  2033  2033 D MI-SF   : modeGroup0 mIsSupportAutomodeForMaxFpsSetting is 0(0), getCurrentBrightness() = 737(388), mIsKeepAutoMode 0 isAutoModeAllowed() 1
01-13 14:29:23.689  2033  2033 D RefreshRateSelector: fixedMode_group: 0, isFindModeGroup 0
01-13 14:29:23.689  2033  2033 D RefreshRateSelector: find max refresh rate:120, mode Group:0
01-13 14:29:23.689  3278  3379 I NetworkBoostStatusManager: onUidGone uid: 10405
01-13 14:29:23.690  3908  3908 I mlviewer:remote: Using CollectorTypeCC GC.
01-13 14:29:23.690  3278  4605 D BarFollowAnimation: disableBarAnimation change={WCT{RemoteToken{c439a9d Task{68ecabd #1 type=home}}} m=TO_FRONT f=SHOW_WALLPAPER|MOVE_TO_TOP leash=Surface(name=Task=1#51)/@0x8622026 sb=Rect(0, 0 - 1440, 3200) eb=Rect(0, 0 - 1440, 3200) epz=Point(1440, 3200) d=0 taskParent=-1 v=trueMiuiChangeImpl {miuiEmbedding:false, scale:1.0}} 1 1
01-13 14:29:23.690  3278  4605 D BarFollowAnimation: disableBarAnimation change={WCT{RemoteToken{f97f88 Task{f2c072 #778 type=standard A=10405:com.soundtherapyapp}}} m=CLOSE f=NONE leash=Surface(name=Task=778#49411)/@0x148397d sb=Rect(0, 0 - 1440, 3200) eb=Rect(0, 0 - 1440, 3200) epz=Point(1440, 3200) d=0 taskParent=-1 v=falseMiuiChangeImpl {miuiEmbedding:false, scale:1.0}} 1 1
01-13 14:29:23.690  3278  4605 D BarFollowAnimation: disableBarAnimation change={m=TO_FRONT f=IS_WALLPAPER leash=Surface(name=WallpaperWindowToken{ff64f09 showWhenLocked=false}#59)/@0x1ea950e sb=Rect(0, 0 - 1440, 3200) eb=Rect(0, 0 - 1440, 3200) epz=Point(1440, 3200) d=0 v=trueMiuiChangeImpl {miuiEmbedding:false, scale:1.0}} 1 1
01-13 14:29:23.690  1828  1828 I MiClstc : DropLayers erase layer 10298
01-13 14:29:23.690  3278  4605 D BarFollowAnimation: startStatusBarAnimation change= {WCT{RemoteToken{c439a9d Task{68ecabd #1 type=home}}} m=TO_FRONT f=SHOW_WALLPAPER|MOVE_TO_TOP leash=Surface(name=Task=1#51)/@0x8622026 sb=Rect(0, 0 - 1440, 3200) eb=Rect(0, 0 - 1440, 3200) epz=Point(1440, 3200) d=0 taskParent=-1 v=trueMiuiChangeImpl {miuiEmbedding:false, scale:1.0}} isRecent=false startWindowMode=1 endWindowMode=1 statusState=-1 isRotationAnimation=false
01-13 14:29:23.690  3278  4605 D BarFollowAnimation: startStatusBarAnimation hometask=Task{68ecabd #1 type=home}
01-13 14:29:23.690  3278  4605 D BarFollowAnimation: startStatusBarAnimation mHomeSurface=Surface(name=StatusBar Container of Task = 1#53)/@0xf7e2214
01-13 14:29:23.690  3278  4605 D BarFollowAnimation: startStatusBarAnimation change= {WCT{RemoteToken{f97f88 Task{f2c072 #778 type=standard A=10405:com.soundtherapyapp}}} m=CLOSE f=NONE leash=Surface(name=Task=778#49411)/@0x148397d sb=Rect(0, 0 - 1440, 3200) eb=Rect(0, 0 - 1440, 3200) epz=Point(1440, 3200) d=0 taskParent=-1 v=falseMiuiChangeImpl {miuiEmbedding:false, scale:1.0}} isRecent=false startWindowMode=1 endWindowMode=1 statusState=-1 isRotationAnimation=false
01-13 14:29:23.690  1828  2639 I SDM     : HWDeviceDRM::SetupConcurrentWriteback: Tear down the Concurrent Writeback topology
01-13 14:29:23.690  3278  4605 D BarFollowAnimation: startNavBarAnimation show homeSurface!
01-13 14:29:23.690  3278  4605 D BarFollowAnimation: startNavBarAnimation show  homeTypeCount = 1 standardTypeCount = 1 mAppSurface = Surface(name=NavigationBar Container of Task = 778#49412)/@0x82adcc3
01-13 14:29:23.690  3278  6352 I SLM-SRV-SLSAppLib: SLM_Ai_Mode EVENT_CHECK_GMAE_AI_MODE_STATUS
01-13 14:29:23.690  3278  4605 D BarFollowAnimation: startNavBarAnimation  mIsFromApp = true mLastTransitionFinished = false mIsFromRecents = false isAppCrash = true isLandscapeActivity = false mHasHideAppSurface = false mIsSwitchToFreeform = false mNavBarState = -1
01-13 14:29:23.690  3278  6352 I SLM-SRV-SLSAppLib: SLM_Ai_Mode checkGameAiModeStatus mGameAiModeCloudControl:true mLinkTurboAiModeSwitch:false mGameAiModeInterfaceReady:false mGameStartBattle:false powerMgrGameUid:0
01-13 14:29:23.691  3278  4130 D MiuiNetworkPolicyTrafficLimit: updateWhiteListUidForMobileTraffic rst=true
01-13 14:29:23.691  3278  4147 D InetDiagMessage: Destroyed 0 sockets, proto=IPPROTO_TCP, family=AF_INET, states=14
01-13 14:29:23.691  9464  9464 I LauncherOverlayCallback: handleMessage WHAT_ACTIVITY_STATE_CHANGED what：3
01-13 14:29:23.691  9464  9464 D LauncherOverlay.Window: onResume
01-13 14:29:23.691  9464  9464 I LauncherOverlayCallback: handleMessage WHAT_LAUNCHER_STATE what：3
01-13 14:29:23.691  9464  9464 D LauncherOverlay.Window: launcherState 3
01-13 14:29:23.691  9464  9464 D LauncherOverlay.Window: resumedStateNow 0,resumedStateNew = 1
01-13 14:29:23.691 22881 23009 D IdProviderImpl: getOAID from com.miui.analytics
01-13 14:29:23.692  3278  3405 I MiuiWallpaperSurfaceAnimation: wallpaperOffsets:xOffset=0.0,yOffset=0.0
01-13 14:29:23.692  3278  3405 D MiuiWallpaperSurfaceAnimation: updateScaleIfNeeded mPivotX: 0.5, mPivotY: 0.5, x: 0.0, y: 0.0, zoom: 1.0774755
01-13 14:29:23.692  5321  5646 D MulWinSwitchEventHandler: onForceStop taskId = 778, type = TASK_CLOSE, mTouchedTaskId = -1
01-13 14:29:23.692  4686  4686 D PassBlur: textureState not update, view com.miui.home.launcher.BlurView{5420920 V.ED..... ........ 0,0-1440,3200 #7f0a026a app:id/launcher_blur_view} visible is true
01-13 14:29:23.693  5321  5646 I MultiTaskingTaskRepository: needSkip::is home task
01-13 14:29:23.693  5321  5646 W MultiTaskingTaskRepository: putOrUpdateTaskInfo skip
01-13 14:29:23.693  5321  5646 D MulWinSwitchDecorViewModel: onTaskChanging taskId:1 decoration = com.android.wm.shell.multitasking.miuimultiwinswitch.miuiwindowdecor.decoration.MiuiDecorationHomeController@d62b4d1
01-13 14:29:23.693  9372  9748 V OsAgent : broadcastSystemEvent - 7
01-13 14:29:23.693  5321  5646 D MiuiDecorationHomeController: relayout::taskId=1, userId=0, visible=true, bounds=Rect(0, 0 - 1440, 3200), focused=true, activityType=2, displayId=0, baseActivity=ComponentInfo{com.miui.home/com.miui.home.launcher.Launcher}, topActivity=ComponentInfo{com.miui.home/com.miui.home.launcher.Launcher}, callers=com.android.wm.shell.multitasking.miuimultiwinswitch.miuiwindowdecor.MulWinSwitchDecorViewModel.onTaskChanging:110 com.android.wm.shell.freeform.FreeformTaskTransitionObserver.onTransitionReady:211 com.android.wm.shell.transition.Transitions.dispatchReady:241 com.android.wm.shell.transition.Transitions.onTransitionReady:246 com.android.wm.shell.transition.Transitions$TransitionPlayerImpl$$ExternalSyntheticLambda1.run:42 
01-13 14:29:23.693  5321  5646 D MiuiDecorationHomeBottom: needHomeBottomCaption: needShow = true isSoScLeftRightSplit = false isSoScMinimized = false isPortrait = true needHomeBottomCaption = true
01-13 14:29:23.693  5321  5646 D MiuiDecorationBottom: updateRootView_HomeBottomCaption: taskId = 1 needBottomCaption = true bottomCaptionView = java.lang.Object@9ee9b1d
01-13 14:29:23.693  3278  3341 D ScreenCapture: SF-MICapture: Successfully get screenshot results
01-13 14:29:23.693  3278  3341 D WindowManager: snapshot isNothing = false source = Task{f2c072 #778 type=standard A=10405:com.soundtherapyapp}
01-13 14:29:23.693  3278  3341 I TransitionImpl: home mode = 2
01-13 14:29:23.693  3278  3341 I TransitionImpl: home mode = 3
01-13 14:29:23.693  3278  3341 D TaskStubImpl: setToBackByHome true for Task#778
01-13 14:29:23.693  5321  5646 D MiuiDecorationHomeBottom: updateViews_HomeBottomCaption: taskId=1 soscHomeCenterX=0.0 soscHomeShowingWidth=0 outResult=RelayoutResult{mRoot=java.lang.Object@9ee9b1d, mCaptionX=468, mCaptionY=3162, mCaptionWidth=504.0, mCaptionHeight=60.0}
01-13 14:29:23.693  5321  5646 D MiuiDecorationBase: updateFocus: same focus
01-13 14:29:23.693  5321  5646 D MiuiDecorationBase: updateSampling_HomeBottomCaption: taskId = 1 scale = 1.0 mTaskBounds = Rect(0, 0 - 1440, 3200) mCaptionVisibility = true mIsFsgestureEntered = false isRunningAnim = false isDraggingRecent = false isFreeformElude = false isDecorationShowing = true shouldEnableSampling = true
01-13 14:29:23.693  5321  5646 D MiuiDecorationBase: updateSampling_HomeBottomCaption: samplingRect = Rect(468, 3162 - 972, 3177)
01-13 14:29:23.693  5321  5646 D MiuiDecorationBase: updateVisibility_HomeBottomCaption: taskId=1, isRotationAnimationRunning=false, mCaptionVisible=true, isCaptionVisible=true
01-13 14:29:23.693  5321  5716 I MiuiDecorationSamplingHelper: CompositionSamplingListener.unregister mAttached=false, mSamplingEnabled=true, mSamplingRect=Rect(468, 3162 - 972, 3177), mView=MiuiBottomBarView#142403707
01-13 14:29:23.693  5321  5646 D MiuiDecorationMoveHelper: periodicallyMoveUpFirst mTaskId=1, windowingMode=1, caller=relayout
01-13 14:29:23.693  5321  5646 D MulWinSwitchDecorViewModel: onTaskClosing taskId:778  decoration = com.android.wm.shell.multitasking.miuimultiwinswitch.miuiwindowdecor.decoration.MiuiDecorationController@d0a20d
01-13 14:29:23.693  5321  5646 D MiuiDecorationController: relayout:: taskId=778 mRunningTaskInfo.mStatusBarParent=Surface(name=StatusBar Container of Task = 778#49413)/@0x135979d taskInfo.mStatusBarParent=Surface(name=StatusBar Container of Task = 778#49413)/@0x547936a
01-13 14:29:23.693  5321  5646 D MiuiDecorationController: relayout:: taskId=778 mRunningTaskInfo.mNavBarParent=Surface(name=NavigationBar Container of Task = 778#49412)/@0x8719412 taskInfo.mNavBarParent=Surface(name=NavigationBar Container of Task = 778#49412)/@0xc60405b
01-13 14:29:23.693  5321  5646 D MiuiDecorationController: relayout::taskId=778, visible=true, bounds=Rect(0, 0 - 1440, 3200), focused=false, oldImmersive=false, newImmersive=false, windowMode=1, activityType=1, displayId=0, baseActivity=null, topActivity=null, callers=com.android.wm.shell.multitasking.miuimultiwinswitch.miuiwindowdecor.MulWinSwitchDecorViewModel.onTaskClosing:48 com.android.wm.shell.freeform.FreeformTaskTransitionObserver.onTransitionReady:238 com.android.wm.shell.transition.Transitions.dispatchReady:241 com.android.wm.shell.transition.Transitions.onTransitionReady:246 com.android.wm.shell.transition.Transitions$TransitionPlayerImpl$$ExternalSyntheticLambda1.run:42 
01-13 14:29:23.693  5321  5646 D MiuiDecorationDot: needTopCaption: baseActivity and topActivity is null, taskId=778
01-13 14:29:23.693  5321  5646 D MiuiDecorationDot: releaseViews_TopCaption: taskId=778
01-13 14:29:23.693  5321  5646 D MiuiDecorationDot: releaseViews_TopCaption: taskId=778
01-13 14:29:23.693  5321  5646 D MiuiDecorationBottom: needTopCaption: baseActivity and topActivity is null, taskId=778
01-13 14:29:23.693  5321  5646 D MiuiDecorationBottom: releaseViews_BottomCaption: taskId=778
01-13 14:29:23.693  5321  5646 D MiuiDecorationBottom: releaseViews_BottomCaption: taskId=778
01-13 14:29:23.693  5321  5646 D MultiTaskingTransitionHandler: canHandleTransition try handler: com.android.wm.shell.multitasking.miuifreeform.MiuiFreeformModeAnimation@473e535
01-13 14:29:23.693  5321  5646 D MultiTaskingTransitionHandler: canHandleTransition try handler: com.android.wm.shell.multitasking.miuimultiwinswitch.MulWinSwitchTransition@9251312
01-13 14:29:23.693  5321  5646 I ShellTransitions: getMaybeHandlerType active = (#2508) android.os.BinderProxy@794e66b@0, type = 11
01-13 14:29:23.693  5321  5646 D MultiTaskingTransitionHandler: canHandleTransition try handler: com.android.wm.shell.multitasking.miuifreeform.MiuiFreeformModeAnimation@473e535
01-13 14:29:23.693  5321  5646 D MultiTaskingTransitionHandler: canHandleTransition try handler: com.android.wm.shell.multitasking.miuimultiwinswitch.MulWinSwitchTransition@9251312
01-13 14:29:23.694  4686 30128 D AnimStateManager: send event 9001 currentState = AppState windowElement = com.miui.home.recents.anim.WindowElement@cd0263c
01-13 14:29:23.694  3278  4451 W ActivityManagerServiceImpl: Sending non-protected broadcast com.xiaomi.multisence.action.FOCUSED_CHANGE from system 3278:system/1000 pkg android. Callers=com.android.server.am.BroadcastController.checkBroadcastFromSystem:2218 com.android.server.am.BroadcastController.broadcastIntentLockedTraced:1703 com.android.server.am.BroadcastController.broadcastIntentLocked:857 com.android.server.am.BroadcastController.broadcastIntentWithFeature:779 com.android.server.am.ActivityManagerService.broadcastIntentWithFeature:15769 
01-13 14:29:23.694  3278  4147 D InetDiagMessage: Destroyed 0 sockets, proto=IPPROTO_TCP, family=AF_INET6, states=14
01-13 14:29:23.694  3278  4930 E TransitionChain: Can't collect into a chain with no transition
01-13 14:29:23.694  3278  4257 D EventReceiver: foregroundChange uid  uid=10142 pkg=com.miui.home
01-13 14:29:23.694  3278  4147 D InetDiagMessage: Destroyed live tcp sockets for uids={20405} in 7ms
01-13 14:29:23.695  3278  4930 D ActivityTaskManager:  setSkipCaptureLayers tr: Task{f2c072 #778 type=standard A=10405:com.soundtherapyapp}
01-13 14:29:23.695  3278  3417 D ATMSImpl: Begin to report package foreground events...
01-13 14:29:23.695  2033  6014 I BpBinder: onLastStrongRef automatically unlinking death recipients: 
01-13 14:29:23.695  3278  3420 I ActivityManager: Start proc 3908:com.android.htmlviewer:remote/u0a92 for content provider {com.android.htmlviewer/com.android.settings.cloud.CloudSettingsProvider} caller=com.miui.thirdappassistant
01-13 14:29:23.695  3278  3420 I ActivityManager: ProcessObserver broadcast disabled
01-13 14:29:23.695  3278  4930 E TransitionChain: Can't collect into a chain with no transition
01-13 14:29:23.695  3278  4930 D ActivityTaskManager:  setSkipCaptureLayers tr: Task{f2c072 #778 type=standard A=10405:com.soundtherapyapp}
01-13 14:29:23.695 18289 18331 I AICall_MemoryTrim: binder:18289_2 onAppBackground()
01-13 14:29:23.696  3908  3908 E mlviewer:remote: Not starting debugger since process cannot load the jdwp agent.
01-13 14:29:23.696  3278  4257 D BluetoothAdapter: getActiveDevices(A2DP)
01-13 14:29:23.696  3278  3421 I ActivityManager: Got SIGCHLD from zygote: pid=1109, uid=10405, status=9
01-13 14:29:23.696 10211 19911 D PerfEngineController: ForegroundInfo{mForegroundPackageName='com.miui.home', mForegroundUid=10142, mForegroundPid=4686, mForegroundDisplayId=0, mLastForegroundPackageName='com.soundtherapyapp', mLastForegroundUid=10405, mLastForegroundPid=1109, mLastForegroundDisplayId=0, mMultiWindowForegroundPackageName='com.miui.home', mMultiWindowForegroundUid=10142, mFlags=0}
01-13 14:29:23.696 10211 19905 D PowerKeeper.Audio: onForegroundInfoChanged mSubScreenUid=-1
01-13 14:29:23.696 10301 10780 I WidgetProvider: calling pkg: com.miui.home
01-13 14:29:23.696   399  3933 I VA_ActivityStateHelper: activityResumed componentName ComponentInfo{com.miui.home/com.miui.home.launcher.Launcher}
01-13 14:29:23.696   399  3933 I VA_ActivityStateHelper: activityResumed mAiSkillPush is false
01-13 14:29:23.696  9464  3907 I travelService_ActivityObserverUtils: activityResumed ComponentInfo{com.miui.home/com.miui.home.launcher.Launcher}
01-13 14:29:23.697  3278  3424 I ActivityManager: zygote: proc died: pid=1109 uid=10405, status=9
01-13 14:29:23.697  4686  4686 I AnimStateManager: AppState handle event 9001
01-13 14:29:23.697  4686  4686 I AnimStateManager: CommonState handle event 9001
01-13 14:29:23.697  4686  4686 I WindowElementcd0263c: injectRemoteTransition params=RemoteTransitionInfo(token=android.os.BinderProxy@664c621, mainInfoDebugId=2507, transitionInfo={id=2508 t=CLOSE f=0x10 trk=0 r=[0@Point(0, 0)] c=[{m=TO_FRONT f=SHOW_WALLPAPER|MOVE_TO_TOP leash=Surface(name=Task=1#51)/@0x758cf70 sb=Rect(0, 0 - 1440, 3200) eb=Rect(0, 0 - 1440, 3200) epz=Point(1440, 3200) d=0 taskParent=-1 v=trueMiuiChangeImpl {miuiEmbedding:false, scale:1.0}},{m=CLOSE f=NONE leash=Surface(name=Task=778#49411)/@0xad5120f sb=Rect(0, 0 - 1440, 3200) eb=Rect(0, 0 - 1440, 3200) epz=Point(1440, 3200) d=0 taskParent=-1 v=falseMiuiChangeImpl {miuiEmbedding:false, scale:1.0}},{m=TO_FRONT f=IS_WALLPAPER leash=Surface(name=WallpaperWindowToken{ff64f09 showWhenLocked=false}#59)/@0xa3ff07a sb=Rect(0, 0 - 1440, 3200) eb=Rect(0, 0 - 1440, 3200) epz=Point(1440, 3200) d=0 v=trueMiuiChangeImpl {miuiEmbedding:false, scale:1.0}}] mk=[false] noAni=[false] df=[false] rsa=[false] oa=[false] nc=[0] ho=[true] hla=[false] iSync=[2507]}, t=android.view.SurfaceControl$Transaction@bcc9a46, finishCallback=android.window.IRemoteTransitionFinishedCallback$Stub$Proxy@5433407, isMerge=true, mergeTarget=android.os.BinderProxy@d8f404b, transitionType=3)
01-13 14:29:23.697  3278  3419 D BroadcastQueue: Logging broadcast for com.android.systemui, stopped=false, firstLaunch=false
01-13 14:29:23.697  4686  4686 E WindowTransitionCompat: TransitionTest wrapRemoteTransition
01-13 14:29:23.697  4686  4686 D BoostRtHelper: boostGesture main
01-13 14:29:23.697  4686  4686 D Launcher.Boost: setTurboSchedActionWithPriority::threadIds = [4686, 5632, 5684, 5623, 5622]
01-13 14:29:23.697  4686  4686 I WindowTransitionCompat: HomeShellTransition IRemoteTransition mergeAnimation,expectHandlerType = 11 only ar = false
01-13 14:29:23.697  4686  4686 I WindowElementcd0263c: onTransitionMerged, done = false hasNewAnim = false
01-13 14:29:23.697  4686  4686 D TaskSnapshotCompatVV: getIsInvalidateFromTaskSnapshot, isInvalidate=false
01-13 14:29:23.697  4686  4686 D EventBus: No subscribers registered for event class com.miui.home.recents.messages.TaskSnapshotChangedEvent
01-13 14:29:23.697  4686  4686 D EventBus: No subscribers registered for event class org.greenrobot.eventbus.NoSubscriberEvent
01-13 14:29:23.697  4686  5684 D WindowTransitionCompat:  printLeash::TransitionInfo = {id=2508 t=CLOSE f=0x10 trk=0 r=[0@Point(0, 0)] c=[{m=TO_FRONT f=SHOW_WALLPAPER|MOVE_TO_TOP leash=Surface(name=Task=1#51)/@0x758cf70 sb=Rect(0, 0 - 1440, 3200) eb=Rect(0, 0 - 1440, 3200) epz=Point(1440, 3200) d=0 taskParent=-1 v=trueMiuiChangeImpl {miuiEmbedding:false, scale:1.0}},{m=CLOSE f=NONE leash=Surface(name=Task=778#49411)/@0xad5120f sb=Rect(0, 0 - 1440, 3200) eb=Rect(0, 0 - 1440, 3200) epz=Point(1440, 3200) d=0 taskParent=-1 v=falseMiuiChangeImpl {miuiEmbedding:false, scale:1.0}},{m=TO_FRONT f=IS_WALLPAPER leash=Surface(name=WallpaperWindowToken{ff64f09 showWhenLocked=false}#59)/@0xa3ff07a sb=Rect(0, 0 - 1440, 3200) eb=Rect(0, 0 - 1440, 3200) epz=Point(1440, 3200) d=0 v=trueMiuiChangeImpl {miuiEmbedding:false, scale:1.0}}] mk=[false] noAni=[false] df=[false] rsa=[false] oa=[false] nc=[0] ho=[true] hla=[false] iSync=[2507]}
01-13 14:29:23.697  4686  5684 D WindowTransitionCompat:  printLeash::index = 0, change = {m=TO_FRONT f=SHOW_WALLPAPER|MOVE_TO_TOP leash=Surface(name=Task=1#51)/@0x758cf70 sb=Rect(0, 0 - 1440, 3200) eb=Rect(0, 0 - 1440, 3200) epz=Point(1440, 3200) d=0 taskParent=-1 v=trueMiuiChangeImpl {miuiEmbedding:false, scale:1.0}}
01-13 14:29:23.697  4686  5684 D WindowTransitionCompat:  printLeash::taskInfo = TaskInfo{userId=0 taskId=1 effectiveUid=0 displayId=0 isRunning=true baseIntent=Intent { act=android.intent.action.MAIN cat=[android.intent.category.HOME] flg=0x10000100 cmp=com.miui.home/.launcher.Launcher } baseActivity=ComponentInfo{com.miui.home/com.miui.home.launcher.Launcher} topActivity=ComponentInfo{com.miui.home/com.miui.home.launcher.Launcher} origActivity=null realActivity=null numActivities=1 lastActiveTime=21353 supportsSplitScreenMultiWindow=true mSoScDisplayMode=-1 supportsMultiWindow=true resizeMode=2 isResizeable=true minWidth=-1 minHeight=-1 defaultMinSize=200 token=WCT{android.window.IWindowContainerToken$Stub$Proxy@426a35d} topActivityType=2 pictureInPictureParams=null shouldDockBigOverlays=false launchIntoPipHostTaskId=-1 lastParentTaskIdBeforePip=-1 displayCutoutSafeInsets=Rect(0, 0 - 0, 0) topActivityInfo=ActivityInfo{12814d2 com.miui.home.launcher.Launcher} launchCookies=[] positionInParent=Point(0, 0) parentTaskId=-1 isFocused=true isVisible=true isVisibleRequested=true isTopActivityNoDisplay=false isSleeping=false locusId=null displayAreaFeatureId=1 isTopActivityTransparent=false isActivityStackTransparent=false lastNonFullscreenBounds=Rect(372, 930 - 1068, 2370) capturedLink=null capturedLinkTimestamp=0 requestedVisibleTypes=-9 topActivityRequestOpenInBrowserEducationTimestamp=0 appCompatTaskInfo=AppCompatTaskInfo { topActivityInSizeCompat=false eligibleForLetterboxEducation= false topActivityInMiuiSizeCompat=false isLetterboxEducationEnabled= false isLetterboxDoubleTapEnabled= false eligibleForUserAspectRatioButton= false topActivityBoundsLetterboxed= false isFromLetterboxDoubleTap= false topActivityLetterboxVerticalPosition= -1 topActivityLetterboxHorizontalPosition= -1 topActivityLetterboxWidth=-1 topActivityLetterboxHeight=-1 topActivityAppBounds=Rect(0, 0 - 1440, 3200) isUserFullscreenOverrideEnabled=false isSystemFullscreenOverrideEnabled=false hasMinAspectRatioOverride=false topActivityLetterboxBounds=null cameraCompatTaskInfo=CameraCompatTaskInfo { freeformCameraCompatMode=inactive}} isImmersive=false mTopActivityRequestOrientation=-2 mStatusBarParent=null mNavBarParent=null mBehindAppLockPkg=null mOriginatingUid=0 isEmbedded=false shouldBeVisible=true isCreatedByOrganizer=false mIsCastMode=false mTopActivityMediaSize=null mTopActivityRecordName=ActivityRecord{163041850 u0 com.miui.home/.launcher.Launcher t2} mTopActivityOrientation=1 topActivityMainWindowFrame=null}
01-13 14:29:23.697  4686  5684 D WindowTransitionCompat:  printLeash::index = 1, change = {m=CLOSE f=NONE leash=Surface(name=Task=778#49411)/@0xad5120f sb=Rect(0, 0 - 1440, 3200) eb=Rect(0, 0 - 1440, 3200) epz=Point(1440, 3200) d=0 taskParent=-1 v=falseMiuiChangeImpl {miuiEmbedding:false, scale:1.0}}
01-13 14:29:23.697  4686  5684 D WindowTransitionCompat:  printLeash::taskInfo = TaskInfo{userId=0 taskId=778 effectiveUid=10405 displayId=0 isRunning=false baseIntent=Intent { flg=0x10000000 cmp=com.soundtherapyapp/.MainActivity } baseActivity=null topActivity=null origActivity=null realActivity=ComponentInfo{com.soundtherapyapp/com.soundtherapyapp.MainActivity} numActivities=0 lastActiveTime=348212897 supportsSplitScreenMultiWindow=true mSoScDisplayMode=-1 supportsMultiWindow=true resizeMode=1 isResizeable=true minWidth=-1 minHeight=-1 defaultMinSize=200 token=WCT{android.window.IWindowContainerToken$Stub$Proxy@22f1859} topActivityType=1 pictureInPictureParams=null shouldDockBigOverlays=false launchIntoPipHostTaskId=-1 lastParentTaskIdBeforePip=-1 displayCutoutSafeInsets=Rect(0, 161 - 0, 0) topActivityInfo=null launchCookies=[] positionInParent=Point(0, 0) parentTaskId=-1 isFocused=false isVisible=true isVisibleRequested=false isTopActivityNoDisplay=false isSleeping=false locusId=null displayAreaFeatureId=1 isTopActivityTransparent=false isActivityStackTransparent=true lastNonFullscreenBounds=Rect(372, 930 - 1068, 2370) capturedLink=null capturedLinkTimestamp=0 requestedVisibleTypes=-9 topActivityRequestOpenInBrowserEducationTimestamp=0 appCompatTaskInfo=AppCompatTaskInfo { topActivityInSizeCompat=false eligibleForLetterboxEducation= false topActivityInMiuiSizeCompat=false isLetterboxEducationEnabled= false isLetterboxDoubleTapEnabled= false eligibleForUserAspectRatioButton= false topActivityBoundsLetterboxed= false isFromLetterboxDoubleTap= false topActivityLetterboxVerticalPosition= -1 topActivityLetterboxHorizontalPosition= -1 topActivityLetterboxWidth=-1 topActivityLetterboxHeight=-1 topActivityAppBounds=Rect(0, 0 - 0, 0) isUserFullscreenOverrideEnabled=false isSystemFullscreenOverrideEnabled=false hasMinAspectRatioOverride=false topActivityLetterboxBounds=null cameraCompatTaskInfo=CameraCompatTaskInfo { freeformCameraCompatMode=undefined}} isImmersive=false mTopActivityRequestOrientation=-2 mStatusBarParent=null mNavBarParent=null mBehindAppLockPkg=null mOriginatingUid=0 isEmbedded=false shouldBeVisible=false isCreatedByOrganizer=false mIsCastMode=false mTopActivityMediaSize=null mTopActivityRecordName=null mTopActivityOrientation=-2 topActivityMainWindowFrame=null}
01-13 14:29:23.697  4686  5684 D WindowTransitionCompat:  printLeash::index = 2, change = {m=TO_FRONT f=IS_WALLPAPER leash=Surface(name=WallpaperWindowToken{ff64f09 showWhenLocked=false}#59)/@0xa3ff07a sb=Rect(0, 0 - 1440, 3200) eb=Rect(0, 0 - 1440, 3200) epz=Point(1440, 3200) d=0 v=trueMiuiChangeImpl {miuiEmbedding:false, scale:1.0}}
01-13 14:29:23.697  4686  5684 D WindowTransitionCompat:  printLeash::index = 0, root = Surface(name=Transition Root #2508: Task=1#49435)/@0xdac02b
01-13 14:29:23.697 26170 10924 D services: [XMS][observer] ActivityObserver activityResumed packageName: com.miui.home
01-13 14:29:23.697  4686  5684 I TransitionCallback: mNeedShowLauncher = false
01-13 14:29:23.697  4686  5684 I TransitionCallback: get is waitFinishMainAnim = false
01-13 14:29:23.697  9464  3907 I ActivityObserverUtil: activityResumed ComponentInfo{com.miui.home/com.miui.home.launcher.Launcher}
01-13 14:29:23.697  4686  5632 D com.miui.home: backgroundBlur makeBackgroundImage (ShortcutMenuLayer-6-0xb400007838efed10), blurRadius(183), blurType(-1), blurScaleRatio(0.000000)
01-13 14:29:23.697  5321  6664 I RecentsTransitionHandler: getRecentsAnimationController fail, token = android.os.BinderProxy@794e66b
01-13 14:29:23.697  4686  5684 I WindowTransitionCompat: TransitionTest getIRecentsAnimationController = null
01-13 14:29:23.697  2033  2033 D MI-SF   : isTpIdleScene ,mAverageFrameRate is 76, 0 
01-13 14:29:23.697  2033  2033 D MI-SF   : modeGroup0 mIsSupportAutomodeForMaxFpsSetting is 0(0), getCurrentBrightness() = 737(388), mIsKeepAutoMode 0 isAutoModeAllowed() 1
01-13 14:29:23.697  2033  2033 D RefreshRateSelector: fixedMode_group: 0, isFindModeGroup 0
01-13 14:29:23.697  2033  2033 D RefreshRateSelector: find max refresh rate:120, mode Group:0
01-13 14:29:23.697  4686  5684 I WindowTransitionCompat: 0, check isClosingType type = 2, mode = 3, taskId = 1, changes leash = Surface(name=Task=1#51)/@0x758cf70, change = {m=TO_FRONT f=SHOW_WALLPAPER|MOVE_TO_TOP leash=Surface(name=Task=1#51)/@0x758cf70 sb=Rect(0, 0 - 1440, 3200) eb=Rect(0, 0 - 1440, 3200) epz=Point(1440, 3200) d=0 taskParent=-1 v=trueMiuiChangeImpl {miuiEmbedding:false, scale:1.0}}
01-13 14:29:23.697  4686  5684 I WindowTransitionCompat: has home
01-13 14:29:23.697  4686  5684 I WindowTransitionCompat: 1, check isClosingType type = 1, mode = 2, taskId = 778, changes leash = Surface(name=Task=778#49411)/@0xad5120f, change = {m=CLOSE f=NONE leash=Surface(name=Task=778#49411)/@0xad5120f sb=Rect(0, 0 - 1440, 3200) eb=Rect(0, 0 - 1440, 3200) epz=Point(1440, 3200) d=0 taskParent=-1 v=falseMiuiChangeImpl {miuiEmbedding:false, scale:1.0}}
01-13 14:29:23.697  9464  3907 I TopActivityMonitor: send TopActivityChangeEvent=TopActivityChangeEvent(prev=ComponentInfo{com.miui.home/com.miui.home.launcher.Launcher}, current=ComponentInfo{com.miui.home/com.miui.home.launcher.Launcher},appChanged=false)
01-13 14:29:23.697  4686  5684 I WindowTransitionCompat: hasRecentFinishController=false
01-13 14:29:23.697  4686  5684 I WindowTransitionCompat: TransitionTest isOpenApp = false, homeMode = 3
01-13 14:29:23.697  4686  5684 E WindowTransitionCompat: IRemoteTransition mergeAnimation isClosingType = true, hasHome = true
01-13 14:29:23.697 22881 23009 D IdProviderImpl: getOAID from com.miui.analytics
01-13 14:29:23.697  4686  5684 E WindowTransitionCompat: before wrap app
01-13 14:29:23.697  4686  5684 I TransitionUtil: rootLeash = Surface(name=Transition Root #2507: Task=778#49417)/@0xd346c09
01-13 14:29:23.697  4686  5684 D TransitionUtil: get key :ComponentInfo{com.miui.home/com.miui.home.launcher.Launcher}#1
01-13 14:29:23.697  4686  5684 I TransitionUtil: get reuse leash = Surface(name=TL_Surface(name=Task=1#51)/@0xb451c0d_transition-leash#49428)/@0x2a35640, key = ComponentInfo{com.miui.home/com.miui.home.launcher.Launcher}#1
01-13 14:29:23.697  4686  5684 I TransitionUtil: setupLeash isAppOpening = false
01-13 14:29:23.697  4686  5684 I TransitionUtil: setLayer leash5 = Surface(name=TL_Surface(name=Task=1#51)/@0xb451c0d_transition-leash#49428)/@0x2a35640, layer = 2
01-13 14:29:23.697  3278  3404 I TransitionImpl: home mode = 2
01-13 14:29:23.697  3278  3404 I TransitionImpl: home mode = 3
01-13 14:29:23.698  4686  5684 I TransitionUtil: rootLeash = Surface(name=Transition Root #2507: Task=778#49417)/@0xd346c09
01-13 14:29:23.698  4686  5684 D TransitionUtil: get key :ComponentInfo{com.soundtherapyapp/com.soundtherapyapp.MainActivity}#778
01-13 14:29:23.698  4686  5684 I TransitionUtil: get reuse leash = Surface(name=TL_Surface(name=Task=778#49411)/@0x2cc4e36_transition-leash#49427)/@0xb556dc3, key = ComponentInfo{com.soundtherapyapp/com.soundtherapyapp.MainActivity}#778
01-13 14:29:23.698  4686  5684 I TransitionUtil: setupLeash isAppOpening = false
01-13 14:29:23.698  3278  3404 I TransitionImpl: home mode = 2
01-13 14:29:23.698  4686  5684 I TransitionUtil: setLayer leash7 = Surface(name=TL_Surface(name=Task=778#49411)/@0x2cc4e36_transition-leash#49427)/@0xb556dc3, layer = 5
01-13 14:29:23.698  3278  3404 I TransitionImpl: home mode = 3
01-13 14:29:23.698  3278  3404 I TransitionImpl: home mode = 2
01-13 14:29:23.698  3278  3404 I TransitionImpl: home mode = 3
01-13 14:29:23.698  3278  3404 I TransitionImpl: home mode = 2
01-13 14:29:23.698  3278  3404 I TransitionImpl: home mode = 3
01-13 14:29:23.698  4686  5684 E WindowTransitionCompat: before wrap wallpaper
01-13 14:29:23.698  5321  5321 D BadgeCoordinator: recevie broadbcast ACTION_APPLICATION_MESSAGE_QUERY, requestFirstTime=false
01-13 14:29:23.698  4686  5632 D com.miui.home: backgroundBlur makeBackgroundImage (BlurView-6-0xb400007838f44d30), blurRadius(106), blurType(-1), blurScaleRatio(0.000000)
01-13 14:29:23.698  4686  5684 I TransitionUtil: rootLeash = Surface(name=Transition Root #2507: Task=778#49417)/@0xd346c09
01-13 14:29:23.698  4686  5684 D TransitionUtil: get key :wallpaper
01-13 14:29:23.698  4686  5684 I TransitionUtil: get reuse leash = Surface(name=TL_Surface(name=WallpaperWindowToken{ff64f09 showWhenLocked=false}#59)/@0x1d38910_transition-leash#49429)/@0x9536979, key = wallpaper
01-13 14:29:23.698  4686  5684 I TransitionUtil: setupLeash isAppOpening = false
01-13 14:29:23.698  4686  5684 I TransitionUtil: setLayer leash2 = Surface(name=TL_Surface(name=WallpaperWindowToken{ff64f09 showWhenLocked=false}#59)/@0x1d38910_transition-leash#49429)/@0x9536979, layer = -2
01-13 14:29:23.698  2033  2109 D RenderEngine: makePassBlurBetterDownShader layername:Wallpaper BBQ wrapper#64
01-13 14:29:23.698 26170 23127 D AppUpdateXmsfLauncher: activityResumed intent : Intent { cmp=com.miui.home/.launcher.Launcher (has extras) }
01-13 14:29:23.698  1828  4133 I SDM     : NotifyCWBStatus: Notify the client about buffer (0x308439b0) status 0 for display-0.
01-13 14:29:23.698  1828  4133 I SDM     : SDMConcurrentWriteBack::ProcessCWBStatus: CWB queue is empty. Display: 0
01-13 14:29:23.699 26763 26798 D auth    : [XMS][Auth] ActivityObserver activityResumed packageName: com.miui.home
01-13 14:29:23.700  3278  3405 I MiuiWallpaperSurfaceAnimation: wallpaperOffsets:xOffset=0.0,yOffset=0.0
01-13 14:29:23.700  3278  3405 D MiuiWallpaperSurfaceAnimation: updateScaleIfNeeded mPivotX: 0.5, mPivotY: 0.5, x: 0.0, y: 0.0, zoom: 1.0807451
01-13 14:29:23.700  9464 16172 I UriAuthProvider: query: selection：null
01-13 14:29:23.700  9464  3907 W libc    : Access denied finding property "persist.private.device_name"
01-13 14:29:23.700  4686  4686 D PassBlur: textureState not update, view com.miui.home.launcher.BlurView{5420920 V.ED..... ........ 0,0-1440,3200 #7f0a026a app:id/launcher_blur_view} visible is true
01-13 14:29:23.700 10369 11316 I AIRC_CounterTrack: collect: signal-TopActivityPerception
01-13 14:29:23.701  3908  3908 D nativeloader: Load libframework-connectivity-tiramisu-jni.so using APEX ns com_android_tethering for caller /apex/com.android.tethering/javalib/framework-connectivity-t.jar: ok
01-13 14:29:23.701 10301 10780 D AppSystemDataManager: device total size = 528000000000
01-13 14:29:23.701 10369 11316 I MMKV    : <MMKV.cpp:1170::sync> MMKV::sync, SyncFlag = 1
01-13 14:29:23.701  4686  4686 D BackGestureBreakController: mAppLaunchingButNotResume= false
01-13 14:29:23.701  4686  5632 D com.miui.home: backgroundBlur makeBackgroundImage (ShortcutMenuLayer-6-0xb400007838efed10), blurRadius(183), blurType(-1), blurScaleRatio(0.000000)
01-13 14:29:23.701  4686  4686 D RecentsImpl: mActivityStateObserver com.miui.home.launcher.Launcher
01-13 14:29:23.701  4686  4686 D BackGestureBreakController: mAppLaunchingButNotResume= false
01-13 14:29:23.701  4686  4686 W RecentsImpl: updateGestureWindowVisibleImpl, className=com.miui.home.launcher.Launcher
01-13 14:29:23.701  4686  4686 D RecentsImpl: useSysUiFlagsUpdateGestureWindowVisible, unlock
01-13 14:29:23.701  4686  4686 D Launcher: notifyBackGestureStatus
01-13 14:29:23.701  4686  4686 D RecentsImpl: updateGestureWindowVisibleImpl, notifyBackGestureStatus, return
01-13 14:29:23.701  5321  5716 W ndroid.systemui: Binder 0xb400007908f74840 destroyed after setInheritRt before being parceled.
01-13 14:29:23.701 16169 16294 I BluetoothAdapterService: getActiveDevices: A2dp device: null
01-13 14:29:23.701  4686  5632 D com.miui.home: backgroundBlur makeBackgroundImage (BlurView-6-0xb400007838f44d30), blurRadius(108), blurType(-1), blurScaleRatio(0.000000)
01-13 14:29:23.701  2033  6014 I BpBinder: onLastStrongRef automatically unlinking death recipients: 
01-13 14:29:23.701  4686  5517 E Launcher: mFsGestureStatusRefreshRunnable:run usingFsGesture=true   show=true   focus=false   pause=false
01-13 14:29:23.701  4686  5517 D Launcher: notifyFsGestureHomeStatus    enableBackGesture=false
01-13 14:29:23.702  4686  5504 W RecentsImpl: disableTouchBySwipeStatusBar    disable=false
01-13 14:29:23.702  4686  5504 D GestureStubView_Left: disableTouchBySwipeStatusBar    old=false   new=false
01-13 14:29:23.702  4686  5504 D GestureStubView_Right: disableTouchBySwipeStatusBar    old=false   new=false
01-13 14:29:23.701  3278  4257 D BluetoothAdapter: getActiveDevices(HEADSET)
01-13 14:29:23.702  3278  3341 W WindowManager: Failed looking up window session=Session{b19e456 5321:1000} callers=com.android.server.wm.WindowManagerService.removeClientToken:2548 com.android.server.wm.Session.remove:293 android.view.IWindowSession$Stub.onTransact:772 
01-13 14:29:23.702  3278  4927 D FileUtils: square bytes from 509645684736 to 512000000000
01-13 14:29:23.702 10301 10780 D AppSystemDataManager: U Available size = 436068311040
01-13 14:29:23.702 10301 10780 I WidgetProvider: getCleanMasterscan garbageSize : 22615652totalSpace : 528000000000 availableSpace : 436068311040
01-13 14:29:23.702 16169 16294 I BluetoothAdapterService: getActiveDevices: CallAudio device: null
01-13 14:29:23.703  3278  4257 D BluetoothAdapter: getActiveDevices(LE_AUDIO)
01-13 14:29:23.703 16169 16294 I BluetoothAdapterService: getActiveDevices: LeAudio devices: Lead[null] - member_1[null]
01-13 14:29:23.703  5321  5716 D VRI[Miui Bottom Caption of Task=1]: getMiuiFreeformStackInfo mTmpFrames.miuiFreeFormStackInfo: null
01-13 14:29:23.703  1963  1963 D AudioFlingerImpl: setGameParameters keyvalue: bluetoothlowlatencystatus=false;foregroundUid=10142
01-13 14:29:23.703  1963  1963 D DeviceHalAidl: [default] setParameters: parameters: "bluetoothlowlatencystatus=false;foregroundUid=10142"
01-13 14:29:23.704  1816  3199 I AHAL_ModulePrimary_MI: setVendorParameters: parameter count 2, async: 0
