--------- beginning of system
01-13 14:23:50.175  3278  4246 D ExternalInterface: setUidState, uid = 10303 allow = false
--------- beginning of main
01-13 14:23:50.175  1963  2404 D DeviceHalAidl: [usb] setParameters: parameters: "bluetoothlowlatencystatus=false;foregroundUid=10405"
01-13 14:23:50.175  3278  3405 I MiuiWallpaperSurfaceAnimation: wallpaperOffsets:xOffset=0.0,yOffset=0.0
01-13 14:23:50.175  3278  3405 D MiuiWallpaperSurfaceAnimation: updateScaleIfNeeded mPivotX: 0.5, mPivotY: 0.5, x: 0.0, y: 0.0, zoom: 1.0541772
01-13 14:23:50.175  4686  4686 D PassBlur: textureState not update, view com.miui.home.launcher.BlurView{5420920 V.ED..... ........ 0,0-1440,3200 #7f0a026a app:id/launcher_blur_view} visible is true
01-13 14:23:50.176  1963  2404 E ConversionHelperAidl: Function: parseAndSetVendorParameters Line: 94 Failed 
01-13 14:23:50.176  1963  2404 D DeviceHalAidl: [r_submix] setParameters: parameters: "bluetoothlowlatencystatus=false;foregroundUid=10405"
01-13 14:23:50.176 30731 32086 W libc    : Access denied finding property "vendor.mivk.log.debug"
01-13 14:23:50.176  1816  3199 D AHAL_ModuleRemoteSubmix: setVendorParameters: parameter count 2, async: 0
01-13 14:23:50.176  1816  3199 D AHAL_ModuleRemoteSubmix: setVendorParameters parameters id = bluetoothlowlatencystatus val false
01-13 14:23:50.176  1816  3199 D AHAL_ModuleRemoteSubmix: setVendorParameters parameters id = foregroundUid val 10405
01-13 14:23:50.176 30731 32086 D vulkan  : searching for layers in '/data/app/~~zuojUiSiCLsVxblFFL41qw==/com.soundtherapyapp-fuFz3uTDhJFenkk9ARFaDQ==/lib/arm64'
01-13 14:23:50.176  1963  2404 E ConversionHelperAidl: Function: parseAndSetVendorParameters Line: 94 Failed 
01-13 14:23:50.176  1963  2404 D DeviceHalAidl: [bluetooth] setParameters: parameters: "bluetoothlowlatencystatus=false;foregroundUid=10405"
01-13 14:23:50.176  4686  5632 D com.miui.home: backgroundBlur makeBackgroundImage (ShortcutMenuLayer-6-0xb400007838efed10), blurRadius(183), blurType(-1), blurScaleRatio(0.000000)
01-13 14:23:50.176 30731 32086 D vulkan  : searching for layers in '/data/app/~~zuojUiSiCLsVxblFFL41qw==/com.soundtherapyapp-fuFz3uTDhJFenkk9ARFaDQ==/base.apk!/lib/arm64-v8a'
01-13 14:23:50.176  1963  2404 E ConversionHelperAidl: Function: parseAndSetVendorParameters Line: 94 Failed 
01-13 14:23:50.176  3278  4257 I AudioGameEffect: foreground change to com.soundtherapyapp, last foreground is com.miui.home
01-13 14:23:50.176  4686  5632 D com.miui.home: backgroundBlur makeBackgroundImage (BlurView-6-0xb400007838f44d30), blurRadius(84), blurType(-1), blurScaleRatio(0.000000)
01-13 14:23:50.176  3278  4257 I AudioGameEffect: get enable packages from setting: null
01-13 14:23:50.176  3278  4257 I AudioGameEffect: get enable packages from setting: null
01-13 14:23:50.176  3278  4246 D ExternalInterface: setUidState, uid = 10182 allow = false
01-13 14:23:50.176  5321  5716 D VRI[Miui Bottom Caption of Task=770]: getMiuiFreeformStackInfo mTmpFrames.miuiFreeFormStackInfo: null
01-13 14:23:50.177 29090 11746 D RelayAppLocalHelper: onForegroundInfoChanged: ForegroundInfo{mForegroundPackageName='com.soundtherapyapp', mForegroundUid=10405, mForegroundPid=30731, mForegroundDisplayId=0, mLastForegroundPackageName='com.miui.home', mLastForegroundUid=10142, mLastForegroundPid=4686, mLastForegroundDisplayId=0, mMultiWindowForegroundPackageName='com.soundtherapyapp', mMultiWindowForegroundUid=10405, mFlags=1}
01-13 14:23:50.177  3278  4257 D MiuiIntegratedMemorySwap: uid:10405, packageName: com.soundtherapyapp
01-13 14:23:50.177 10301 10357 I ProcessMonitor: onForegroundInfoChanged: ForegroundInfo{mForegroundPackageName='com.soundtherapyapp', mForegroundUid=10405, mForegroundPid=30731, mForegroundDisplayId=0, mLastForegroundPackageName='com.miui.home', mLastForegroundUid=10142, mLastForegroundPid=4686, mLastForegroundDisplayId=0, mMultiWindowForegroundPackageName='com.soundtherapyapp', mMultiWindowForegroundUid=10405, mFlags=1}
01-13 14:23:50.177 10211 19863 D DFS-AppUsageTracker: Fg changed, new=com.soundtherapyapp, but charging.
01-13 14:23:50.178 10301 10788 D L0      : myUserId = 0	currentUserId0
01-13 14:23:50.178 12372 30011 I GID     : PKG: com.soundtherapyapp IG ? false
01-13 14:23:50.178 12372 30011 I GST     : forePkg: com.soundtherapyapp, preForePkg: com.miui.home
01-13 14:23:50.178 12372 30011 D VENUS_GAMEAI_START_GameAiStartManager: venusGameAiSupportApps is not monitor packageName=com.soundtherapyapp
01-13 14:23:50.178  3278  4257 I NetworkBoostStatusManager: onForegroundInfoChanged uid:10405, onLastForegroundInfoChanged uid:10142, isColdStart:true, mIgnoreUid:-1
01-13 14:23:50.178  3278  4257 I SLM-SRV-SLAToast: foreground uid:10405, isColdStart:true, isLinkTurboEnable:false
01-13 14:23:50.178  3278  4257 D NetworkSDKService: handleMultiAppsDualWifi isSet = false isEverOpened = false
01-13 14:23:50.179  3278  4246 D ExternalInterface: setUidState, uid = 10280 allow = false
01-13 14:23:50.179 10301 10357 I GameBoosterService: onForegroundInfoChanged: Cur=com.soundtherapyapp	 last=com.miui.home
01-13 14:23:50.179 16169 16692 D BluetoothLatencyMode: ForegroundInfo{mForegroundPackageName='com.soundtherapyapp', mForegroundUid=10405, mForegroundPid=30731, mForegroundDisplayId=0, mLastForegroundPackageName='com.miui.home', mLastForegroundUid=10142, mLastForegroundPid=4686, mLastForegroundDisplayId=0, mMultiWindowForegroundPackageName='com.soundtherapyapp', mMultiWindowForegroundUid=10405, mFlags=1}
01-13 14:23:50.179 30731 30731 D AppCompatDelegate: Checking for metadata for AppLocalesMetadataHolderService : Service not found
01-13 14:23:50.179 10301 10357 D GameBoosterService: onGameStatusChange foreground:ForegroundInfo{mForegroundPackageName='com.soundtherapyapp', mForegroundUid=10405, mForegroundPid=30731, mForegroundDisplayId=0, mLastForegroundPackageName='com.miui.home', mLastForegroundUid=10142, mLastForegroundPid=4686, mLastForegroundDisplayId=0, mMultiWindowForegroundPackageName='com.soundtherapyapp', mMultiWindowForegroundUid=10405, mFlags=1}
01-13 14:23:50.179 10301 10357 I VideoBoxUtils: isSupportVideoBox: true
01-13 14:23:50.179 10301 10357 I VideoToolBoxService: vtb is closed!!!
01-13 14:23:50.179 10301 10357 I AppPredictPrivacyLaunchManager: getLauncherHomeAppList size: 47
01-13 14:23:50.179 30731 30731 I soundtherapyapp: AssetManager2(0xb400007828ec91b8) locale list changing from [] to [zh-CN]
01-13 14:23:50.179  4686  7958 D RecentsImpl: onForegroundChanged, foregroundPackageName=com.soundtherapyapp
01-13 14:23:50.180 12372 30011 I GID     : PKG: com.miui.home IG ? false
01-13 14:23:50.180 10301 10357 I AppPredictService: difTIme = 14703
01-13 14:23:50.180 10301 10357 W ContextImpl: Calling a method in the system process without a qualified user: android.app.ContextImpl.startService:2013 android.content.ContextWrapper.startService:871 C1.b.f:40 C1.b$c.onForegroundInfoChanged:22 com.miui.gamebooster.mutiwindow.b$a.onForegroundInfoChanged:174 
01-13 14:23:50.181 30162 32008 I Browser : -------=-=-===onForegroundInfoChanged from com.miui.home to com.soundtherapyapp
01-13 14:23:50.181 29090 11746 E RecentAppsManager: com.soundtherapyapp can't be added to recent list!!
01-13 14:23:50.181 30162 32008 D FloatingDialogManager: onForegroundInfoChanged:  foregroundPackageName:com.soundtherapyapp mLastForegroundPackageName:com.miui.home
01-13 14:23:50.181  2033  2033 D MI-SF   : isSupportLowBrightnessFpsSwitch current_setting_fps: 120
01-13 14:23:50.181  2033  2033 D MI-SF   : isTpIdleScene ,mAverageFrameRate is 36, 0 
01-13 14:23:50.181  2033  2033 D MI-SF   : modeGroup0 mIsSupportAutomodeForMaxFpsSetting is 0(0), getCurrentBrightness() = 737(388), mIsKeepAutoMode 0 isAutoModeAllowed() 1
01-13 14:23:50.181  2033  2033 D RefreshRateSelector: fixedMode_group: 0, isFindModeGroup 0
01-13 14:23:50.181  2033  2033 D RefreshRateSelector: find max refresh rate:120, mode Group:0
01-13 14:23:50.181  1847  1847 I qspmHal : enter getGpuProf at: -1241095771
01-13 14:23:50.181  1847  1847 I qspmHal : PID 30731 from GFX matched.
01-13 14:23:50.181  1847  1847 I qspmHal : gpuProfName:com.soundtherapyapp-gpu - gpu prof_info.path:/data/vendor/gaming/com.soundtherapyapp-gpu
01-13 14:23:50.181 12372 30011 I GID     : PKG: com.miui.home IG ? false
01-13 14:23:50.181  1847  1847 E qspmHal : GPU profile file NOT found !!
01-13 14:23:50.181 30731 32086 I AdrenoVK-0: ===== BEGIN DUMP OF OVERRIDDEN SETTINGS =====
01-13 14:23:50.181 30731 32086 I AdrenoVK-0: ===== END DUMP OF OVERRIDDEN SETTINGS =====
01-13 14:23:50.182  2033  2109 D RenderEngine: makePassBlurBetterDownShader layername:Wallpaper BBQ wrapper#64
01-13 14:23:50.182  3278  4246 D ExternalInterface: setUidState, uid = 10168 allow = false
01-13 14:23:50.182  3278  3822 D BarFollowAnimation: onTaskInfoChanedForCaptionBar Task{39f5710 #770 type=standard A=10405:com.soundtherapyapp} shouldbeVisible:true isVisible:true isOnTop:true windowMode:1 preDisplayId:-1 displayId:0 mCaptionAssociatedTask:null mIsTouchedInCaption:false
01-13 14:23:50.182  3278  6008 D ActivityManager: Logging startService for com.miui.securitycenter, stopped=false, firstLaunch=false, intent=Intent { act=action_anti_fraud_auto_scan_single_app xflg=0x4 cmp=com.miui.securitycenter/com.miui.antivirus.service.GuardService (has extras) }, r.app=ProcessRecord{69c24c9 10301:com.miui.securitycenter.remote/1000}
01-13 14:23:50.182  3278 11074 D AS.AudioService: mSupportFakeHfpApp{com.ss.android.ugc.aweme=0, com.microsoft.teams=0, com.baidu.BaiduMap=0, com.systec.umeeting=0, com.cisco.webex.meetings=0, com.tencent.mobileqq=0, com.skype.raider=0, com.instagram.android=0, com.ss.android.lark.kami=0, com.zhiliaoapp.musically=0, com.skype.rover=0, com.smile.gifmaker=0, com.ss.android.lark.saxmsa667=0, com.tencent.wemeet.app=0, com.mediatek.engineermode=0, com.ss.android.ugc.aweme.lite=0, com.alibaba.android.rimet=0, com.autonavi.minimap=0, com.whatsapp=0, com.immomo.momo=0, com.facebook.katana=0, com.taobao.idlefish=0, com.tencent.lolm=0, com.tencent.mf.uam=0, com.xingin.xhs=0, com.cisco.wx2.android=0, com.tencent.tmgp.sgame=0, com.tencent.tmgp.pubgmhd=0, com.ss.android.lark=0, im.yixin=0} packageName com.android.bluetooth appVersion 36 mSupportFakeHfpApp.get(packageName) null
01-13 14:23:50.182 16169 16692 D BluetoothLatencyMode: isWiredAudioHeadset.type: 1
01-13 14:23:50.182 16169 16692 D BluetoothLatencyMode: isWiredAudioHeadset.type: 2
01-13 14:23:50.182 16169 16692 D BluetoothLatencyMode: isWiredAudioHeadset.type: 18
01-13 14:23:50.182 16169 16692 D BluetoothLatencyMode: isWiredAudioHeadset.type: 14
01-13 14:23:50.183  3278  4246 D ExternalInterface: setUidState, uid = 10192 allow = false
01-13 14:23:50.183  3278  3405 I MiuiWallpaperSurfaceAnimation: wallpaperOffsets:xOffset=0.0,yOffset=0.0
01-13 14:23:50.183 10301 12313 E b       : insert result = 69877
01-13 14:23:50.183  3278  3405 D MiuiWallpaperSurfaceAnimation: updateScaleIfNeeded mPivotX: 0.5, mPivotY: 0.5, x: 0.0, y: 0.0, zoom: 1.0582514
01-13 14:23:50.184  4686  4686 D PassBlur: textureState not update, view com.miui.home.launcher.BlurView{5420920 V.ED..... ........ 0,0-1440,3200 #7f0a026a app:id/launcher_blur_view} visible is true
01-13 14:23:50.184  3278  4246 D ExternalInterface: setUidState, uid = 10274 allow = false
01-13 14:23:50.184 12372 30011 I GID     : PKG: com.soundtherapyapp IG ? false
01-13 14:23:50.184  4686  4686 D RecentsModel: onTaskDescriptionChanged =  taskId = 770
01-13 14:23:50.184  4686  5632 D com.miui.home: backgroundBlur makeBackgroundImage (ShortcutMenuLayer-6-0xb400007838efed10), blurRadius(183), blurType(-1), blurScaleRatio(0.000000)
01-13 14:23:50.184 29090 11746 D RelayAppLocalHelper: notifyTaskStackChanged:
01-13 14:23:50.185  4686  5632 D com.miui.home: backgroundBlur makeBackgroundImage (BlurView-6-0xb400007838f44d30), blurRadius(88), blurType(-1), blurScaleRatio(0.000000)
01-13 14:23:50.185 10301 12168 E SuggestManager: openApp name = com.soundtherapyapp
01-13 14:23:50.185  3278  4246 D ExternalInterface: setUidState, uid = 10160 allow = false
01-13 14:23:50.185 12372 30011 I GID     : PKG: com.soundtherapyapp IG ? false
01-13 14:23:50.185 10301 12168 I NewAutoTaskManager: app use - delay = 9223372036854775807, doRemove = false, doPost = false
01-13 14:23:50.185  3278  3416 I QuickScannerController: onForegroundInfoChanged. packageName:com.soundtherapyapp
01-13 14:23:50.185 30731 32086 D qdgralloc: Fetching IMapper5 from QtiMapper5
01-13 14:23:50.186 29090 11746 E SystemUtils: appIsTopAndXSpace: package com.soundtherapyapp, result false
01-13 14:23:50.186  2033  4624 D MI-SF   : updateScene: module = 258 (TpIdle), value = 0, pkg = com.soundtherapyapp, Vrr = 1, mSetTpIdleFlag = 1
01-13 14:23:50.186  2033  4624 D MI-SF   : updateScene mSetTpIdleFlag 0
01-13 14:23:50.186  3278  4246 D ExternalInterface: setUidState, uid = 10287 allow = false
01-13 14:23:50.186  5271  6063 E CountableHandler: Pending message count is over 200, drop message.msg.what = 10007 handler = Handler (com.android.phone.statistics.utils.ModemHydraStat$ModemHydraHandler) {eb04c79}
01-13 14:23:50.186  5271  6055 D NetworkMetricsController: processUidChangeEvent :activity is:ComponentInfo{com.soundtherapyapp/com.soundtherapyapp.MainActivity}
01-13 14:23:50.186  5271  6055 D NetworkMetricsController: processUidChangeEvent :mCurApptype is NONE tempAppType is NONE
01-13 14:23:50.188  3278  4246 D ExternalInterface: setUidState, uid = 10134 allow = false
01-13 14:23:50.189  2033  2033 D MI-SF   : isTpIdleScene ,mAverageFrameRate is 36, 0 
01-13 14:23:50.189  2033  2033 D MI-SF   : modeGroup0 mIsSupportAutomodeForMaxFpsSetting is 0(0), getCurrentBrightness() = 737(388), mIsKeepAutoMode 0 isAutoModeAllowed() 1
01-13 14:23:50.189  2033  2033 D RefreshRateSelector: fixedMode_group: 0, isFindModeGroup 0
01-13 14:23:50.189  2033  2033 D RefreshRateSelector: find max refresh rate:120, mode Group:0
01-13 14:23:50.189  3278  4246 D GreezeManager: iso uid:10134 p:{30277} :true
01-13 14:23:50.189 30731 32086 I SnapAlloc: Graphics lib is available
01-13 14:23:50.192 30731 32086 I Adreno-UNKNOWN: Using previously loaded IMapper library.
01-13 14:23:50.192  3278  3405 I MiuiWallpaperSurfaceAnimation: wallpaperOffsets:xOffset=0.0,yOffset=0.0
01-13 14:23:50.192  3278  3405 D MiuiWallpaperSurfaceAnimation: updateScaleIfNeeded mPivotX: 0.5, mPivotY: 0.5, x: 0.0, y: 0.0, zoom: 1.0622119
01-13 14:23:50.192  4686  4686 D PassBlur: textureState not update, view com.miui.home.launcher.BlurView{5420920 V.ED..... ........ 0,0-1440,3200 #7f0a026a app:id/launcher_blur_view} visible is true
01-13 14:23:50.192  4686  5632 D com.miui.home: backgroundBlur makeBackgroundImage (ShortcutMenuLayer-6-0xb400007838efed10), blurRadius(183), blurType(-1), blurScaleRatio(0.000000)
01-13 14:23:50.193 30731 32086 I AdrenoVK-0: QUALCOMM build          : 6cec7db601, Ie2229927e4
01-13 14:23:50.193 30731 32086 I AdrenoVK-0: Build Date              : 09/10/25
01-13 14:23:50.193 30731 32086 I AdrenoVK-0: Shader Compiler Version : E031.47.18.42
01-13 14:23:50.193 30731 32086 I AdrenoVK-0: Local Branch            : 
01-13 14:23:50.193 30731 32086 I AdrenoVK-0: Remote Branch           : refs/tags/AU_LINUX_ANDROID_LA.VENDOR.15.4.0.11.00.00.1088.743
01-13 14:23:50.193 30731 32086 I AdrenoVK-0: Remote Branch           : NONE
01-13 14:23:50.193 30731 32086 I AdrenoVK-0: Reconstruct Branch      : NOTHING
01-13 14:23:50.193 30731 32086 I AdrenoVK-0: Build Config            : S P 18.0.0 AArch64
01-13 14:23:50.193 30731 32086 I AdrenoVK-0: Driver Path             : /vendor/lib64/hw/vulkan.adreno.so
01-13 14:23:50.193 30731 32086 I AdrenoVK-0: Driver Version          : 0800.56.1
01-13 14:23:50.193 30731 32086 I AdrenoVK-0: PFP                     : 0x01500077
01-13 14:23:50.193 30731 32086 I AdrenoVK-0: ME                      : 0x01500014
01-13 14:23:50.193 30731 32086 I AdrenoVK-0: Application Name    : android framework
01-13 14:23:50.193 30731 32086 I AdrenoVK-0: Process Name        : com.soundtherapyapp
01-13 14:23:50.193 30731 32086 I AdrenoVK-0: Application Version : 0x00000000
01-13 14:23:50.193 30731 32086 I AdrenoVK-0: Engine Name         : android framework
01-13 14:23:50.193 30731 32086 I AdrenoVK-0: Engine Version      : 0x00000000
01-13 14:23:50.193 30731 32086 I AdrenoVK-0: Api Version         : 0x00401000
01-13 14:23:50.193  4686  5632 D com.miui.home: backgroundBlur makeBackgroundImage (BlurView-6-0xb400007838f44d30), blurRadius(92), blurType(-1), blurScaleRatio(0.000000)
01-13 14:23:50.195 30731 32086 I libEGL  : shader cache num entries: 3
01-13 14:23:50.195 30731 32086 D HWUI    : [HWUI] Flag vulkan_enhance_pipeline_cache enabled
01-13 14:23:50.195 30731 32086 D HWUI    : [HWUI] EnhanceVkPipelineCache is enabled
01-13 14:23:50.195 30731 32086 D SKIA    : [Skia] Flag vulkan_enhance_pipeline_cache enabled
01-13 14:23:50.195 30731 32086 D SKIA    : [Skia] EnhanceVkPipelineCache is true
01-13 14:23:50.197  2033  2033 D MI-SF   : isTpIdleScene ,mAverageFrameRate is 36, 0 
01-13 14:23:50.197  2033  2033 D MI-SF   : modeGroup0 mIsSupportAutomodeForMaxFpsSetting is 0(0), getCurrentBrightness() = 737(388), mIsKeepAutoMode 0 isAutoModeAllowed() 1
01-13 14:23:50.197  2033  2033 D RefreshRateSelector: fixedMode_group: 0, isFindModeGroup 0
01-13 14:23:50.197  2033  2033 D RefreshRateSelector: find max refresh rate:120, mode Group:0
01-13 14:23:50.200  3278  3405 I MiuiWallpaperSurfaceAnimation: wallpaperOffsets:xOffset=0.0,yOffset=0.0
01-13 14:23:50.200  3278  3405 D MiuiWallpaperSurfaceAnimation: updateScaleIfNeeded mPivotX: 0.5, mPivotY: 0.5, x: 0.0, y: 0.0, zoom: 1.0660503
01-13 14:23:50.200  4686  4686 D PassBlur: textureState not update, view com.miui.home.launcher.BlurView{5420920 V.ED..... ........ 0,0-1440,3200 #7f0a026a app:id/launcher_blur_view} visible is true
01-13 14:23:50.201  4686  5632 D com.miui.home: backgroundBlur makeBackgroundImage (ShortcutMenuLayer-6-0xb400007838efed10), blurRadius(183), blurType(-1), blurScaleRatio(0.000000)
01-13 14:23:50.201 30731 30731 D nativeloader: Load libreact_featureflagsjni.so using class loader ns clns-10 (caller=/data/app/~~zuojUiSiCLsVxblFFL41qw==/com.soundtherapyapp-fuFz3uTDhJFenkk9ARFaDQ==/base.apk): dlopen failed: library "libreact_featureflagsjni.so" not found
01-13 14:23:50.201 30731 30731 D AndroidRuntime: Shutting down VM
01-13 14:23:50.201  4686  5632 D com.miui.home: backgroundBlur makeBackgroundImage (BlurView-6-0xb400007838f44d30), blurRadius(96), blurType(-1), blurScaleRatio(0.000000)
01-13 14:23:50.201  3278  4431 E HyperSentinel: ->pid:30731,processName:"com.soundtherapyapp",Rss Memory Size Change 150332kb -> 198048kb
--------- beginning of crash
01-13 14:23:50.201 30731 30731 E AndroidRuntime: FATAL EXCEPTION: main
01-13 14:23:50.201 30731 30731 E AndroidRuntime: Process: com.soundtherapyapp, PID: 30731
01-13 14:23:50.201 30731 30731 E AndroidRuntime: java.lang.UnsatisfiedLinkError: dlopen failed: library "libreact_featureflagsjni.so" not found
01-13 14:23:50.201 30731 30731 E AndroidRuntime: 	at java.lang.Runtime.loadLibrary0(Runtime.java:1090)
01-13 14:23:50.201 30731 30731 E AndroidRuntime: 	at java.lang.Runtime.loadLibrary0(Runtime.java:1012)
01-13 14:23:50.201 30731 30731 E AndroidRuntime: 	at java.lang.System.loadLibrary(System.java:1765)
01-13 14:23:50.201 30731 30731 E AndroidRuntime: 	at com.facebook.soloader.nativeloader.SystemDelegate.loadLibrary(SystemDelegate.java:24)
01-13 14:23:50.201 30731 30731 E AndroidRuntime: 	at com.facebook.soloader.nativeloader.NativeLoader.loadLibrary(NativeLoader.java:52)
01-13 14:23:50.201 30731 30731 E AndroidRuntime: 	at com.facebook.soloader.nativeloader.NativeLoader.loadLibrary(NativeLoader.java:30)
01-13 14:23:50.201 30731 30731 E AndroidRuntime: 	at com.facebook.soloader.SoLoader.loadLibrary(SoLoader.java:812)
01-13 14:23:50.201 30731 30731 E AndroidRuntime: 	at com.facebook.react.internal.featureflags.ReactNativeFeatureFlagsCxxInterop.<clinit>(ReactNativeFeatureFlagsCxxInterop.kt:28)
01-13 14:23:50.201 30731 30731 E AndroidRuntime: 	at com.facebook.react.internal.featureflags.ReactNativeFeatureFlagsCxxAccessor.enableBridgelessArchitecture(ReactNativeFeatureFlagsCxxAccessor.kt:229)
01-13 14:23:50.201 30731 30731 E AndroidRuntime: 	at com.facebook.react.internal.featureflags.ReactNativeFeatureFlags.enableBridgelessArchitecture(ReactNativeFeatureFlags.kt:115)
01-13 14:23:50.201 30731 30731 E AndroidRuntime: 	at com.facebook.react.internal.featureflags.ReactNativeNewArchitectureFeatureFlags.enableBridgelessArchitecture(ReactNativeNewArchitectureFeatureFlags.kt:35)
01-13 14:23:50.201 30731 30731 E AndroidRuntime: 	at com.facebook.react.ReactActivityDelegate.lambda$onCreate$0(ReactActivityDelegate.java:149)
01-13 14:23:50.201 30731 30731 E AndroidRuntime: 	at com.facebook.react.ReactActivityDelegate.$r8$lambda$HPdXfLmAU1y4Wc1XbwAHziPP2WA(Unknown Source:0)
01-13 14:23:50.201 30731 30731 E AndroidRuntime: 	at com.facebook.react.ReactActivityDelegate$$ExternalSyntheticLambda0.run(D8$$SyntheticClass:0)
01-13 14:23:50.201 30731 30731 E AndroidRuntime: 	at com.facebook.systrace.Systrace.traceSection(Systrace.kt:35)
01-13 14:23:50.201 30731 30731 E AndroidRuntime: 	at com.facebook.react.ReactActivityDelegate.onCreate(ReactActivityDelegate.java:132)
01-13 14:23:50.201 30731 30731 E AndroidRuntime: 	at com.facebook.react.ReactActivity.onCreate(ReactActivity.java:61)
01-13 14:23:50.201 30731 30731 E AndroidRuntime: 	at android.app.Activity.performCreate(Activity.java:9380)
01-13 14:23:50.201 30731 30731 E AndroidRuntime: 	at android.app.Activity.performCreate(Activity.java:9323)
01-13 14:23:50.201 30731 30731 E AndroidRuntime: 	at android.app.Instrumentation.callActivityOnCreate(Instrumentation.java:1537)
01-13 14:23:50.201 30731 30731 E AndroidRuntime: 	at android.app.ActivityThread.performLaunchActivity(ActivityThread.java:4684)
01-13 14:23:50.201 30731 30731 E AndroidRuntime: 	at android.app.ActivityThread.handleLaunchActivity(ActivityThread.java:4931)
01-13 14:23:50.201 30731 30731 E AndroidRuntime: 	at android.app.servertransaction.LaunchActivityItem.execute(LaunchActivityItem.java:222)
01-13 14:23:50.201 30731 30731 E AndroidRuntime: 	at android.app.servertransaction.TransactionExecutor.executeNonLifecycleItem(TransactionExecutor.java:136)
01-13 14:23:50.201 30731 30731 E AndroidRuntime: 	at android.app.servertransaction.TransactionExecutor.executeTransactionItems(TransactionExecutor.java:106)
01-13 14:23:50.201 30731 30731 E AndroidRuntime: 	at android.app.servertransaction.TransactionExecutor.execute(TransactionExecutor.java:83)
01-13 14:23:50.201 30731 30731 E AndroidRuntime: 	at android.app.ActivityThread$H.handleMessage(ActivityThread.java:3085)
01-13 14:23:50.201 30731 30731 E AndroidRuntime: 	at android.os.Handler.dispatchMessage(Handler.java:110)
01-13 14:23:50.201 30731 30731 E AndroidRuntime: 	at android.os.Looper.loopOnce(Looper.java:267)
01-13 14:23:50.201 30731 30731 E AndroidRuntime: 	at android.os.Looper.loop(Looper.java:360)
01-13 14:23:50.201 30731 30731 E AndroidRuntime: 	at android.app.ActivityThread.main(ActivityThread.java:10088)
01-13 14:23:50.201 30731 30731 E AndroidRuntime: 	at java.lang.reflect.Method.invoke(Native Method)
01-13 14:23:50.201 30731 30731 E AndroidRuntime: 	at com.android.internal.os.RuntimeInit$MethodAndArgsCaller.run(RuntimeInit.java:616)
01-13 14:23:50.201 30731 30731 E AndroidRuntime: 	at com.android.internal.os.ZygoteInit.main(ZygoteInit.java:1113)
01-13 14:23:50.203 30731 32092 I soundtherapyapp: AssetManager2(0xb400007828ed2ad8) locale list changing from [] to [zh-CN]
01-13 14:23:50.204 30731 32092 D nativeloader: Configuring clns-11 for other apk /system_ext/app/miuisystem/miuisystem.apk. target_sdk_version=35, uses_libraries=ALL, library_path=/product/app/ContentCatcherOS3/lib/arm64:/product/app/ContentCatcherOS3/ContentCatcherOS3.apk!/lib/arm64-v8a:/system_ext/priv-app/RtMiCloudSDK/RtMiCloudSDK.apk!/lib/arm64-v8a:/system_ext/app/miuisystem/miuisystem.apk!/lib/arm64-v8a, permitted_path=/data:/mnt/expand
01-13 14:23:50.204 30731 32092 D nativeloader: Extending system_exposed_libraries: libbinauralrenderer_wrapper.qti.so:libhoaeffects.qti.so:libmisys_jni.xiaomi.so:libpag.hyperos.so:libffavc.hyperos.so:libxiaomi_modemdumpsdx55_jni.modem.so:libxiaomi_modemdump_jni.modem.so:libmodemsmartengine_jni.modem.so:libupdateprof.qti.so:libthermalclient.qti.so:libdiag_system.qti.so:libqape.qti.so:libqesdk_ndk_platform.qti.so:liblistenjni.qti.so
01-13 14:23:50.204 30731 32092 D nativeloader: Configuring clns-12 for other apk /system_ext/priv-app/RtMiCloudSDK/RtMiCloudSDK.apk. target_sdk_version=35, uses_libraries=ALL, library_path=/product/app/ContentCatcherOS3/lib/arm64:/product/app/ContentCatcherOS3/ContentCatcherOS3.apk!/lib/arm64-v8a:/system_ext/priv-app/RtMiCloudSDK/RtMiCloudSDK.apk!/lib/arm64-v8a:/system_ext/app/miuisystem/miuisystem.apk!/lib/arm64-v8a, permitted_path=/data:/mnt/expand
01-13 14:23:50.204 30731 32092 D nativeloader: Extending system_exposed_libraries: libbinauralrenderer_wrapper.qti.so:libhoaeffects.qti.so:libmisys_jni.xiaomi.so:libpag.hyperos.so:libffavc.hyperos.so:libxiaomi_modemdumpsdx55_jni.modem.so:libxiaomi_modemdump_jni.modem.so:libmodemsmartengine_jni.modem.so:libupdateprof.qti.so:libthermalclient.qti.so:libdiag_system.qti.so:libqape.qti.so:libqesdk_ndk_platform.qti.so:liblistenjni.qti.so
01-13 14:23:50.204 30731 32092 D ApplicationLoaders: Returning zygote-cached class loader: /system/framework/org.apache.http.legacy.jar
01-13 14:23:50.204 30731 32092 D ApplicationLoaders: Returning zygote-cached class loader: /system_ext/framework/androidx.window.extensions.jar
01-13 14:23:50.204 30731 32092 D ApplicationLoaders: Returning zygote-cached class loader: /system_ext/framework/androidx.window.sidecar.jar
01-13 14:23:50.205 30731 32094 W FileUtils: Failed to chmod(/data/miuilog/stability/jetrace): android.system.ErrnoException: chmod failed: EACCES (Permission denied)
01-13 14:23:50.205 30731 32092 D nativeloader: InitLlndkLibrariesProduct: libEGL.so:libGLESv1_CM.so:libGLESv2.so:libGLESv3.so:libRS.so:libandroid_net.so:libapexsupport.so:libavf.so:libbinder_ndk.so:libc.so:libcgrouprc.so:libclang_rt.asan-aarch64-android.so:libclang_rt.asan-arm-android.so:libclang_rt.hwasan-aarch64-android.so:libcom.android.tethering.connectivity_native.so:libdl.so:libft2.so:liblog.so:libm.so:libmediandk.so:libnativewindow.so:libneuralnetworks.so:libselinux.so:libsync.so:libvendorsupport.so:libvndksupport.so:libvulkan.so
01-13 14:23:50.205 30731 32092 D nativeloader: Configuring product-clns-13 for unbundled product apk /product/app/ContentCatcherOS3/ContentCatcherOS3.apk. target_sdk_version=35, uses_libraries=, library_path=/product/app/ContentCatcherOS3/lib/arm64:/product/app/ContentCatcherOS3/ContentCatcherOS3.apk!/lib/arm64-v8a:/system_ext/priv-app/RtMiCloudSDK/RtMiCloudSDK.apk!/lib/arm64-v8a:/system_ext/app/miuisystem/miuisystem.apk!/lib/arm64-v8a:/product/lib64:/system/product/lib64, permitted_path=/data:/mnt/expand:/product/lib64:/system/product/lib64
01-13 14:23:50.205 30731 32094 W RuntimeInitImpl: dump java trace fail /data/miuilog/stability/jetrace/2026-01-13-14-23-50-203_com.soundtherapyapp_30731.trace.tmp: open failed: EACCES (Permission denied)
01-13 14:23:50.205 30731 30731 W ScoutUtils: Failed to mkdir /data/miuilog/stability/hprof/
01-13 14:23:50.205  9162 21748 W MQSEventManager: jeoccur
01-13 14:23:50.206  9162  9459 E JavaExceptionHandler: Process: com.soundtherapyapp, PID: 30731
01-13 14:23:50.206  9162  9459 E JavaExceptionHandler: java.lang.UnsatisfiedLinkError: dlopen failed: library "libreact_featureflagsjni.so" not found
01-13 14:23:50.206  9162  9459 E JavaExceptionHandler: 	at java.lang.Runtime.loadLibrary0(Runtime.java:1090)
01-13 14:23:50.206  9162  9459 E JavaExceptionHandler: 	at java.lang.Runtime.loadLibrary0(Runtime.java:1012)
01-13 14:23:50.206  9162  9459 E JavaExceptionHandler: 	at java.lang.System.loadLibrary(System.java:1765)
01-13 14:23:50.206  9162  9459 E JavaExceptionHandler: 	at com.facebook.soloader.nativeloader.SystemDelegate.loadLibrary(SystemDelegate.java:24)
01-13 14:23:50.206  9162  9459 E JavaExceptionHandler: 	at com.facebook.soloader.nativeloader.NativeLoader.loadLibrary(NativeLoader.java:52)
01-13 14:23:50.206  9162  9459 E JavaExceptionHandler: 	at com.facebook.soloader.nativeloader.NativeLoader.loadLibrary(NativeLoader.java:30)
01-13 14:23:50.206  9162  9459 E JavaExceptionHandler: 	at com.facebook.soloader.SoLoader.loadLibrary(SoLoader.java:812)
01-13 14:23:50.206  9162  9459 E JavaExceptionHandler: 	at com.facebook.react.internal.featureflags.ReactNativeFeatureFlagsCxxInterop.<clinit>(ReactNativeFeatureFlagsCxxInterop.kt:28)
01-13 14:23:50.206  9162  9459 E JavaExceptionHandler: 	at com.facebook.react.internal.featureflags.ReactNativeFeatureFlagsCxxAccessor.enableBridgelessArchitecture(ReactNativeFeatureFlagsCxxAccessor.kt:229)
01-13 14:23:50.206  9162  9459 E JavaExceptionHandler: 	at com.facebook.react.internal.featureflags.ReactNativeFeatureFlags.enableBridgelessArchitecture(ReactNativeFeatureFlags.kt:115)
01-13 14:23:50.206  9162  9459 E JavaExceptionHandler: 	at com.facebook.react.internal.featureflags.ReactNativeNewArchitectureFeatureFlags.enableBridgelessArchitecture(ReactNativeNewArchitectureFeatureFlags.kt:35)
01-13 14:23:50.206  9162  9459 E JavaExceptionHandler: 	at com.facebook.react.ReactActivityDelegate.lambda$onCreate$0(ReactActivityDelegate.java:149)
01-13 14:23:50.206  9162  9459 E JavaExceptionHandler: 	at com.facebook.react.ReactActivityDelegate.$r8$lambda$HPdXfLmAU1y4Wc1XbwAHziPP2WA(Unknown Source:0)
01-13 14:23:50.206  9162  9459 E JavaExceptionHandler: 	at com.facebook.react.ReactActivityDelegate$$ExternalSyntheticLambda0.run(D8$$SyntheticClass:0)
01-13 14:23:50.206  9162  9459 E JavaExceptionHandler: 	at com.facebook.systrace.Systrace.traceSection(Systrace.kt:35)
01-13 14:23:50.206  9162  9459 E JavaExceptionHandler: 	at com.facebook.react.ReactActivityDelegate.onCreate(ReactActivityDelegate.java:132)
01-13 14:23:50.206  9162  9459 E JavaExceptionHandler: 	at com.facebook.react.ReactActivity.onCreate(ReactActivity.java:61)
01-13 14:23:50.206  9162  9459 E JavaExceptionHandler: 	at android.app.Activity.performCreate(Activity.java:9380)
01-13 14:23:50.206  9162  9459 E JavaExceptionHandler: 	at android.app.Activity.performCreate(Activity.java:9323)
01-13 14:23:50.206  9162  9459 E JavaExceptionHandler: 	at android.app.Instrumentation.callActivityOnCreate(Instrumentation.java:1537)
01-13 14:23:50.206  9162  9459 E JavaExceptionHandler: 	at android.app.ActivityThread.performLaunchActivity(ActivityThread.java:4684)
01-13 14:23:50.206  9162  9459 E JavaExceptionHandler: 	at android.app.ActivityThread.handleLaunchActivity(ActivityThread.java:4931)
01-13 14:23:50.206  9162  9459 E JavaExceptionHandler: 	at android.app.servertransaction.LaunchActivityItem.execute(LaunchActivityItem.java:222)
01-13 14:23:50.206  9162  9459 E JavaExceptionHandler: 	at android.app.servertransaction.TransactionExecutor.executeNonLifecycleItem(TransactionExecutor.java:136)
01-13 14:23:50.206  9162  9459 E JavaExceptionHandler: 	at android.app.servertransaction.TransactionExecutor.executeTransactionItems(TransactionExecutor.java:106)
01-13 14:23:50.206  9162  9459 E JavaExceptionHandler: 	at android.app.servertransaction.TransactionExecutor.execute(TransactionExecutor.java:83)
01-13 14:23:50.206  9162  9459 E JavaExceptionHandler: 	at android.app.ActivityThread$H.handleMessage(ActivityThread.java:3085)
01-13 14:23:50.206  9162  9459 E JavaExceptionHandler: 	at android.os.Handler.dispatchMessage(Handler.java:110)
01-13 14:23:50.206  9162  9459 E JavaExceptionHandler: 	at android.os.Looper.loopOnce(Looper.java:267)
01-13 14:23:50.206  9162  9459 E JavaExceptionHandler: 	at android.os.Looper.loop(Looper.java:360)
01-13 14:23:50.206  9162  9459 E JavaExceptionHandler: 	at android.app.ActivityThread.main(ActivityThread.java:10088)
01-13 14:23:50.206  9162  9459 E JavaExceptionHandler: 	at java.lang.reflect.Method.invoke(Native Method)
01-13 14:23:50.206  9162  9459 E JavaExceptionHandler: 	at com.android.internal.os.RuntimeInit$MethodAndArgsCaller.run(RuntimeInit.java:616)
01-13 14:23:50.206  9162  9459 E JavaExceptionHandler: 	at com.android.internal.os.ZygoteInit.main(ZygoteInit.java:1113)
01-13 14:23:50.206  2033  2033 D MI-SF   : isTpIdleScene ,mAverageFrameRate is 36, 0 
01-13 14:23:50.206  2033  2033 D MI-SF   : modeGroup0 mIsSupportAutomodeForMaxFpsSetting is 0(0), getCurrentBrightness() = 737(388), mIsKeepAutoMode 0 isAutoModeAllowed() 1
01-13 14:23:50.206  2033  2033 D RefreshRateSelector: fixedMode_group: 0, isFindModeGroup 0
01-13 14:23:50.206  2033  2033 D RefreshRateSelector: find max refresh rate:120, mode Group:0
01-13 14:23:50.206  3278  6006 I ActivityManager: note: ProcessRecord{f9e9eca 30731:com.soundtherapyapp/u0a405} is being killed, reason: APP CRASH(EXCEPTION), sub-reason: UNKNOWN, message: crash
01-13 14:23:50.206  3278  3430 W RescuePartyPlus: RescueParty Plus is disable!
01-13 14:23:50.206  3278 32095 I DropBoxManagerService: add tag=data_app_crash isTagEnabled=true flags=0x2
01-13 14:23:50.206  3278  6006 W ActivityTaskManager:   Force finishing activity com.soundtherapyapp/.MainActivity
01-13 14:23:50.206  3278  6006 I AnimInterruptController: mark Foresee interrupt start 2493
01-13 14:23:50.206  3278  6006 I AnimInterruptController: remove FO timeout
01-13 14:23:50.206 30731 32092 D nativeloader: InitVndkspLibrariesProduct: VNDK is deprecated with product
01-13 14:23:50.207  3278  6006 D WindowManager: Collecting in transition 2494: Task{39f5710 #770 type=standard A=10405:com.soundtherapyapp} init visibleRequested:true
01-13 14:23:50.207  3278  6006 I ActivityTaskManager: moveTaskToFront: Task{44844cf #2 type=home I=com.miui.home/.launcher.Launcher} caller trace:com.android.server.wm.TaskDisplayArea.onTaskMoved:461 com.android.server.wm.Task.updateTaskMovement:1758 com.android.server.wm.TaskDisplayArea.positionChildTaskAt:425 com.android.server.wm.TaskDisplayArea.positionChildAt:386 com.android.server.wm.WindowContainer.positionChildAt:1114 com.android.server.wm.Task.positionChildAt:3565 com.android.server.wm.Task.moveToFront:6230 com.android.server.wm.Task.moveToFront:6200 com.android.server.wm.ActivityRecord.moveFocusableActivityToTop:3969 com.android.server.wm.TaskDisplayArea.moveHomeActivityToTop:1839 
01-13 14:23:50.207  3278  6006 D As.ActivityMmReduceLoadHelper: onTaskMovedToFront: mTopActivityPackageName: com.miui.home mTopActivityClassName: com.miui.home.launcher.Launcher
01-13 14:23:50.207  3278  6006 D As.ActivityMmReduceLoadHelper: onTaskMovedToFront End
01-13 14:23:50.207  3278  3381 D AS.ReduceMmLoadingHelper: ReduceMmLoadingListener, onActivityMmReduceLoad isReduceLoad = false
01-13 14:23:50.207  3278  3381 D As.ActivityMmReduceLoadHelper: onCheckIfActivtyReduceLoad topAppName is not in foreground. Done
01-13 14:23:50.207  3278  6006 D MiuiSoScManager: supportSoScMinimizedMode:true
01-13 14:23:50.207  3278  6006 D MiuiSoScManager: taskInSoScFullMode:false
01-13 14:23:50.207  3278  6006 D MiuiFreeFormGestureController: deliverResultForFinishActivity resultTo: null resultFrom: ActivityRecord{112113090 u0 com.soundtherapyapp/.MainActivity t770 f}} isInVideoOrGameScene: false intent: Intent { flg=0x10000000 xflg=0x5 cmp=com.soundtherapyapp/.MainActivity }
01-13 14:23:50.207  3278  6006 D WindowManager: Collecting in transition 2494: ActivityRecord{112113090 u0 com.soundtherapyapp/.MainActivity t770 f}} init visibleRequested:true
01-13 14:23:50.207  3278  6006 D ActivityTrigger: ActivityTrigger activityPauseTrigger 
01-13 14:23:50.207  3278  6006 D Transition: setReady 2494 wc=Task{39f5710 #770 type=standard A=10405:com.soundtherapyapp} ready=false
01-13 14:23:50.208  3278  6006 I ActivityTaskManager: resumeTopActivity: Skip resume: some activity pausing.
01-13 14:23:50.208  3278  6006 I ActivityTaskManager: resumeTopActivity: Skip resume: some activity pausing.
01-13 14:23:50.208  3278  6006 D WindowManager: Collecting in transition 2494: ActivityRecord{163041850 u0 com.miui.home/.launcher.Launcher t2} init visibleRequested:false
01-13 14:23:50.208  3278  6006 D WindowManager: No need transfer starting window. onFirstWindowDrawn: true
01-13 14:23:50.208  3278  6006 I ActivityTaskManager: resumeTopActivity: Skip resume: some activity pausing.
01-13 14:23:50.208  3278  6006 D WallpaperControllerImpl: findWallpapers, containsMiuiDesktop = true, isSameMiuiWallpaper = false
01-13 14:23:50.208  3278  6006 D WallpaperControllerImpl: findWallpapers, descriptor = miui.miwallpaper.desktop.Wallpaper, canShowWhenLocked = false
01-13 14:23:50.208  3278  6006 D WindowManager: New home screen wallpaper: Window{385c784 u0 com.miui.miwallpaper.wallpaperservice.ImageWallpaper}, prev: null
01-13 14:23:50.208  3278  6006 D WallpaperControllerImpl: findWallpapers, descriptor = miui.miwallpaper.keyguard.Wallpaper, canShowWhenLocked = true
01-13 14:23:50.208  3278  6006 D WindowManager: New lock/shared screen wallpaper: Window{9d06dfe u0 com.miui.miwallpaper.wallpaperservice.MiuiKeyguardPictorialWallpaper}, prev: null
01-13 14:23:50.208  3278  6006 I TransitionImpl: home mode = 2
01-13 14:23:50.208  3278  6006 I TransitionImpl: home mode = 2
01-13 14:23:50.208  3278  6006 I TransitionImpl: home mode = 3
01-13 14:23:50.208  3278  6006 I TransitionImpl: home mode = 2
01-13 14:23:50.208  3278  6006 I TransitionImpl: home mode = 2
01-13 14:23:50.208  3278  6006 I TransitionImpl: home mode = 3
01-13 14:23:50.208  3278  6006 I TransitionImpl: home mode = 2
01-13 14:23:50.208  3278  6006 I TransitionImpl: home mode = 2
01-13 14:23:50.208  3278  6006 I TransitionImpl: home mode = 3
01-13 14:23:50.208  3278  6006 I TransitionImpl: home mode = 2
01-13 14:23:50.208  3278  6006 I TransitionImpl: home mode = 2
01-13 14:23:50.208  3278  6006 I TransitionImpl: home mode = 3
01-13 14:23:50.208  3278  6006 I WallpaperControllerImpl: updateWallpaperTokens requestedVisibility=true on keyguardLocked=false topWallpaper=Window{385c784 u0 com.miui.miwallpaper.wallpaperservice.ImageWallpaper}
01-13 14:23:50.208  3278  6006 D WindowManager: Wallpaper token android.os.Binder@eb31810 visible=true
01-13 14:23:50.208  3278  6006 D WindowManager: Collecting in transition 2494: WallpaperWindowToken{ff64f09 showWhenLocked=false} init visibleRequested:false
01-13 14:23:50.208  3278  6006 E TransitionController: Set visible without transition WallpaperWindowToken{ff64f09 showWhenLocked=false} playing=true caller=com.android.server.wm.WallpaperControllerImpl.updateWallpaperTokens:178 
01-13 14:23:50.208  3278  6006 E TransitionController: Set visible without transition WallpaperWindowToken{a04a540 showWhenLocked=true} playing=true caller=com.android.server.wm.WallpaperControllerImpl.updateWallpaperTokens:178 
01-13 14:23:50.208  3278  6006 D WindowManager: Wallpaper target=Window{7f85f52 u0 com.miui.home/com.miui.home.launcher.Launcher} prev=null
01-13 14:23:50.208  3278  3405 I MiuiWallpaperSurfaceAnimation: wallpaperOffsets:xOffset=0.0,yOffset=0.0
01-13 14:23:50.208  3278  3405 D MiuiWallpaperSurfaceAnimation: updateScaleIfNeeded mPivotX: 0.5, mPivotY: 0.5, x: 0.0, y: 0.0, zoom: 1.0697602
01-13 14:23:50.208  3278  6006 W AppCompatLetterboxPolicy: start not layout letterbox Window{580216e u0 LauncherOverlayWindow:com.miui.personalassistant}
01-13 14:23:50.208  3278  6006 W AppCompatLetterboxPolicy: start not layout letterbox Window{41595f6 u0 LauncherOverlayWindow:com.android.quicksearchbox}
01-13 14:23:50.208  3278  6006 D BarFollowAnimation: pairAppearanceRegionAndWin win=Window{7f85f52 u0 com.miui.home/com.miui.home.launcher.Launcher} 0
01-13 14:23:50.208  4984  5145 I DynamicDDSService: handleMessage(ACTIVITY_INVOKE{appInfo=com.miui.home isFullScreen=}true)
01-13 14:23:50.209  4984  5145 W DynamicDDSService: send appNames via QMI[com.miui.home]
01-13 14:23:50.209  1819  1927 I ANDR-PWR-OPT: GAMEPOWEROPT: sendEvents() 231: Start hint for app com.soundtherapyapp/com.soundtherapyapp.MainActivity/1, hintID : 4100, hintID hex : 1004 value: -1
01-13 14:23:50.209  3278  6006 D BarFollowAnimation: isAppTaskBarOnTop win:Window{7f85f52 u0 com.miui.home/com.miui.home.launcher.Launcher} (mCurrentTopTask:Task{39f5710 #770 type=standard A=10405:com.soundtherapyapp} : true); (mAssociatedTask:Task{39f5710 #770 type=standard A=10405:com.soundtherapyapp} : true); (mHomeTask:Task{68ecabd #1 type=home} : false); mReparentToOriginParent:false mLastAppBarVisible:true mLastHomeBarVisible:false
01-13 14:23:50.209  4686  4686 D PassBlur: textureState not update, view com.miui.home.launcher.BlurView{5420920 V.ED..... ........ 0,0-1440,3200 #7f0a026a app:id/launcher_blur_view} visible is true
01-13 14:23:50.209  2520  2827 W cnd     : AIBinder_linkToDeath is being called with a non-null cookie and no onUnlink callback set. This might not be intended. AIBinder_DeathRecipient_setOnUnlinked should be called first.
01-13 14:23:50.209 30731 32092 D ViewContentFactory: initViewContentFetcherClass
01-13 14:23:50.209 30731 32092 D ViewContentFactory: getInterceptorPackageInfo
01-13 14:23:50.209 30731 32092 D ViewContentFactory: getInitialApplication took 0ms
01-13 14:23:50.209 30731 32092 D ViewContentFactory: packageInfo.packageName: com.miui.contentcatcher
01-13 14:23:50.209  4686  5632 D com.miui.home: backgroundBlur makeBackgroundImage (ShortcutMenuLayer-6-0xb400007838efed10), blurRadius(183), blurType(-1), blurScaleRatio(0.000000)
01-13 14:23:50.209  3278  6006 D BarFollowAnimation: updateSystemBarAttributes index=0 statusId=0 key=0
01-13 14:23:50.209  3278  6006 D WindowManager: updateSystemBarAttributes displayId: 0 Window{7f85f52 u0 com.miui.home/com.miui.home.launcher.Launcher} winAppearance=
01-13 14:23:50.209 30731 32092 D ViewContentFactory: initViewContentFetcherClass took 1ms
01-13 14:23:50.209  3278  6006 D MiuiRefreshRatePolicy: reset
01-13 14:23:50.209 30731 32092 I ContentCatcher: ViewContentFetcher : ViewContentFetcher
01-13 14:23:50.209 30731 32092 D ViewContentFactory: createInterceptor took 1ms
01-13 14:23:50.209  1819  1927 I ANDR-PWR-OPT: PowerAppClassifier: getAppType() 59: checking app [com.soundtherapyapp] is type 1
01-13 14:23:50.209  1819  1927 I ANDR-PWR-OPT: GAMEPOWEROPT: isGame() 348: com.soundtherapyapp is Game = 1
01-13 14:23:50.209  3278  3401 D WmSystemUiDebug: on system bar attributes changed displayId=0 appearance= appearanceRegions=[AppearanceRegion{ bounds=[0,0][1440,3200]}] navbarColorManagedByIme=false behavior=1 requestedVisibleTypes=[statusBars navigationBars captionBar systemGestures mandatorySystemGestures tappableElement displayCutout windowDecor systemOverlays] packageName=com.miui.home letterboxDetails=[]
01-13 14:23:50.209  3278  6006 I TransitionImpl: home mode = 2
01-13 14:23:50.209  3278  6006 I TransitionImpl: home mode = 2
01-13 14:23:50.209  3278  6006 I TransitionImpl: home mode = 3
01-13 14:23:50.209  3278  6006 I TransitionImpl: home mode = 2
01-13 14:23:50.209  3278  6006 I TransitionImpl: home mode = 2
01-13 14:23:50.209  3278  6006 I TransitionImpl: home mode = 3
01-13 14:23:50.209  4686  5632 D com.miui.home: backgroundBlur makeBackgroundImage (BlurView-6-0xb400007838f44d30), blurRadius(99), blurType(-1), blurScaleRatio(0.000000)
01-13 14:23:50.209  3278  6006 I TransitionImpl: home mode = 2
01-13 14:23:50.209  3278  6006 I TransitionImpl: home mode = 2
01-13 14:23:50.209  3278  6006 I TransitionImpl: home mode = 3
01-13 14:23:50.210  3278  6006 I TransitionImpl: home mode = 2
01-13 14:23:50.210  3278  6006 I TransitionImpl: home mode = 2
01-13 14:23:50.210  3278  6006 I TransitionImpl: home mode = 3
01-13 14:23:50.210  5321  5321 D CommandQueueCallback: onSystemBarAttributesChanged (0, 0)
01-13 14:23:50.210  5321  5646 I SoScStageCoordinator: Transition requested:TransitionRequestInfo { type = CLOSE, triggerTask = TaskInfo{userId=0 taskId=770 effectiveUid=10405 displayId=0 isRunning=true baseIntent=Intent { flg=0x10000000 cmp=com.soundtherapyapp/.MainActivity } baseActivity=ComponentInfo{com.soundtherapyapp/com.soundtherapyapp.MainActivity} topActivity=ComponentInfo{com.soundtherapyapp/com.soundtherapyapp.MainActivity} origActivity=null realActivity=ComponentInfo{com.soundtherapyapp/com.soundtherapyapp.MainActivity} numActivities=1 lastActiveTime=347879409 supportsSplitScreenMultiWindow=true mSoScDisplayMode=-1 supportsMultiWindow=true resizeMode=1 isResizeable=true minWidth=-1 minHeight=-1 defaultMinSize=200 token=WCT{android.window.IWindowContainerToken$Stub$Proxy@1aeb116} topActivityType=1 pictureInPictureParams=null shouldDockBigOverlays=false launchIntoPipHostTaskId=-1 lastParentTaskIdBeforePip=-1 displayCutoutSafeInsets=Rect(0, 0 - 0, 0) topActivityInfo=ActivityInfo{e5a4a97 com.soundtherapyapp.MainActivity} launchCookies=[] positionInParent=Point(0, 0) parentTaskId=-1 isFocused=true isVisible=true isVisibleRequested=true isTopActivityNoDisplay=false isSleeping=false locusId=null displayAreaFeatureId=1 isTopActivityTransparent=false isActivityStackTransparent=false lastNonFullscreenBounds=Rect(372, 930 - 1068, 2370) capturedLink=null capturedLinkTimestamp=0 requestedVisibleTypes=-9 topActivityRequestOpenInBrowserEducationTimestamp=0 appCompatTaskInfo=AppCompatTaskInfo { topActivityInSizeCompat=false eligibleForLetterboxEducation= false topActivityInMiuiSizeCompat=false isLetterboxEducationEnabled= false isLetterboxDoubleTapEnabled= false eligibleForUserAspectRatioButton= false topActivityBoundsLetterboxed= false isFromLetterboxDoubleTap= false topActivityLetterboxVerticalPosition= -1 topActivityLetterboxHorizontalPosition= -1 topActivityLetterboxWidth=-1 topActivityLetterboxHeight=-1 topActivityAppBounds=Rect(0, 0 - 1440, 3200) isUserFullscreenOverrideEnabled=false isSystemFullscreenOverrideEnabled=false hasMinAspectRatioOverride=false topActivityLetterboxBounds=null cameraCompatTaskInfo=CameraCompatTaskInfo { freeformCameraCompatMode=inactive}} isImmersive=false mTopActivityRequestOrientation=-1 mStatusBarParent=null mNavBarParent=null mBehindAppLockPkg=null mOriginatingUid=0 isEmbedded=false shouldBeVisible=true isCreatedByOrganizer=false mIsCastMode=false mTopActivityMediaSize=null mTopActivityRecordName=ActivityRecord{112113090 u0 com.soundtherapyapp/.MainActivity t770} mTopActivityOrientation=-1 topActivityMainWindowFrame=null}, pipChange = null, remoteTransition = null, displayChange = null, flags = 16, debugId = 2494 } isSoScActive:false triggerTask:TaskInfo{userId=0 taskId=770 effectiveUid=10405 displayId=0 isRunning=true baseIntent=Intent { flg=0x10000000 cmp=com.soundtherapyapp/.MainActivity } baseActivity=ComponentInfo{com.soundtherapyapp/com.soundtherapyapp.MainActivity} topActivity=ComponentInfo{com.soundtherapyapp/com.soundtherapyapp.MainActivity} origActivity=null realActivity=ComponentInfo{com.soundtherapyapp/com.soundtherapyapp.MainActivity} numActivities=1 lastActiveTime=347879409 supportsSplitScreenMultiWindow=true mSoScDisplayMode=-1 supportsMultiWindow=true resizeMode=1 isResizeable=true minWidth=-1 minHeight=-1 defaultMinSize=200 token=WCT{android.window.IWindowContainerToken$Stub$Proxy@1aeb116} topActivityType=1 pictureInPictureParams=null shouldDockBigOverlays=false launchIntoPipHostTaskId=-1 lastParentTaskIdBeforePip=-1 displayCutoutSafeInsets=Rect(0, 0 - 0, 0) topActivityInfo=ActivityInfo{e5a4a97 com.soundtherapyapp.MainActivity} launchCookies=[] positionInParent=Point(0, 0) parentTaskId=-1 isFocused=true isVisible=true isVisibleRequested=true isTopActivityNoDisplay=false isSleeping=false locusId=null displayAreaFeatureId=1 isTopActivityTransparent=false isActivityStackTransparent=false lastNonFullscreenBounds=Rect(372, 930 - 1068, 2370) capturedLink=null capturedLinkTimestamp=0 requestedVisibleTypes=-9 topActivityRequestOpenInBrowserEducationTimestamp=0 appCompatTaskInfo=AppCom
01-13 14:23:50.210  2520  2520 I BpBinder: onLastStrongRef automatically unlinking death recipients: vendor.qti.hardware.data.qmiaidlservice.ISendRequestCallback
01-13 14:23:50.210  3278  3401 I ActivityManager: Showing crash dialog for package com.soundtherapyapp u0
01-13 14:23:50.211 30731 30731 I Process : Process is going to kill itself!
01-13 14:23:50.211 30731 30731 I Process : java.lang.Exception
01-13 14:23:50.211 30731 30731 I Process : 	at android.os.Process.killProcess(Process.java:1449)
01-13 14:23:50.211 30731 30731 I Process : 	at com.android.internal.os.RuntimeInit$KillApplicationHandler.uncaughtException(RuntimeInit.java:205)
01-13 14:23:50.211 30731 30731 I Process : 	at java.lang.ThreadGroup.uncaughtException(ThreadGroup.java:1071)
01-13 14:23:50.211 30731 30731 I Process : 	at java.lang.ThreadGroup.uncaughtException(ThreadGroup.java:1066)
01-13 14:23:50.211 30731 30731 I Process : 	at java.lang.Thread.dispatchUncaughtException(Thread.java:2442)
01-13 14:23:50.211 30731 30731 I Process : Sending signal. PID: 30731 SIG: 9
01-13 14:23:50.211 30731 30731 I libc    : kill: send 9 to pid 30731
01-13 14:23:50.211  5321  5321 D ShadeDarkIconDispatcher: current token StatusBarToken(displayId=0, statusBarIndex=0, rawDisplayId=0)
01-13 14:23:50.211  5321  5321 D ShadeDarkIconDispatcher: receiver delegate onDarkChanged
01-13 14:23:50.211 30731 30731 W libc    : Access denied finding property "ro.debuggable"
01-13 14:23:50.211 30731 30731 I libc    : debug pid reuse, real pid 30731
01-13 14:23:50.211  3278  3403 I Perf[AppStartScene]: onSceneChangeNotify:Bundle[{renderThreadId=0, pid=30731, uid=10405, name=com.soundtherapyapp.MainActivity, type=1, begin=false, state=0, processName=com.soundtherapyapp, packageName=com.soundtherapyapp}]
01-13 14:23:50.212  3278  5492 D WindowManager: Set transition=TransitionRecord{c5ce7f4 id=2494 type=CLOSE flags=0x10 c=[
01-13 14:23:50.212  3278  5492 D WindowManager:    ChangeInfo{cf34b1d container=Task{39f5710 #770 type=standard A=10405:com.soundtherapyapp} flags=0x0}
