01-13 14:26:10.144  4686  4686 D TransitionCallback: 	at android.os.Looper.loopOnce(Looper.java:267)
01-13 14:26:10.144  4686  4686 D TransitionCallback: 	at android.os.Looper.loop(Looper.java:360)
01-13 14:26:10.144  4686  4686 D TransitionCallback: 	at android.app.ActivityThread.main(ActivityThread.java:10088)
01-13 14:26:10.144  4686  4686 D TransitionCallback: 	at java.lang.reflect.Method.invoke(Native Method)
01-13 14:26:10.144  4686  4686 D TransitionCallback: 	at com.android.internal.os.RuntimeInit$MethodAndArgsCaller.run(RuntimeInit.java:616)
01-13 14:26:10.144  4686  4686 D TransitionCallback: 	at com.android.internal.os.ZygoteInit.main(ZygoteInit.java:1113)
01-13 14:26:10.144  4686  4686 I TransitionCallback: addCallbackListenerSync callBack:com.android.systemui.shared.recents.system.WindowTransitionCompat$1@e0be159
01-13 14:26:10.144  4686  4686 I TransitionCallback: mNeedShowLauncher = false
01-13 14:26:10.144  4686  4686 I TransitionCallback: addCallbackListenerSync callBack:null
01-13 14:26:10.144  4686  4686 D TransitionCallback: call finishMergeCallback, callback = android.window.IRemoteTransitionFinishedCallback$Stub$Proxy@b6dd496
01-13 14:26:10.144  4686  4686 I TransitionCallback_FW_FINISH: call onTransitionFinished end
01-13 14:26:10.144  4686  4686 I TransitionCallback: mFinishRunnable run is waitFinishMainAnim = true
01-13 14:26:10.144  4686  4686 I TransitionCallback: com.android.systemui.shared.recents.utilities.WindowTransitionCallbackHelper@696950d call finishMainCallback, wct = WindowContainerTransaction { changes= {} hops= [] errorCallbackToken=null taskFragmentOrganizer=null willFinishToHome=true }, sct = android.view.SurfaceControl$Transaction@d8e411e, callback = android.window.IRemoteTransitionFinishedCallback$Stub$Proxy@af33ff8, mCounterRotatorList.size = 0, mInfoExposeList.size = 2
01-13 14:26:10.145  5321  5646 I RemoteTransitionHandlerStubImpl: putCallback return, transition or wctCB is null.
01-13 14:26:10.145  5321  5646 I ShellTransitions: onMerged: transition: android.os.BinderProxy@f93fb40
01-13 14:26:10.146  5321  5646 D SoScUtils: monitorTransitionFinished transition:android.os.BinderProxy@f93fb40 transaction: android.view.SurfaceControl$Transaction@f9b2fcc mRequestCloseTransition:null mRequestOpenTransition:null mPairsOpenTransition:null mPairsOpenTransitionNull:null mRequestOpenTriggerTask:-1 mRequestCloseTriggerTask:-1 mOrientationTransition: null mPendingChange:null mMainStartingTask:-1 mSideStartingTask:-1
01-13 14:26:10.147  5321  5646 I RemoteTransitionHandlerStubImpl: putCallback return, transition or wctCB is null.
01-13 14:26:10.147  4686  4686 I TransitionCallback_FW_FINISH: call onTransitionFinished end
01-13 14:26:10.147  4686  4686 I TransitionCallback: onTransitionFinished finally call notifyFinishTransitionEnd
01-13 14:26:10.147  4686  4686 I TransitionCallback: checkCallbackSync, size = 1
01-13 14:26:10.147  4686  4686 I WindowElement1b38a3f: onFinishCompleted mDisableStateManagerListener = false
01-13 14:26:10.147  4686  4686 D AnimStateManager: onAnimationEnd view: null, windowElementcom.miui.home.recents.anim.WindowElement@1b38a3f
01-13 14:26:10.147  4686  4686 D AnimStateManager: onAnimationEnd: current=com.miui.home.recents.anim.WindowElement@1b38a3f, set to null
01-13 14:26:10.147  5321  5646 I MultiTaskingTaskRepository: try to update multiTaskingTaskInfo taskInfo taskId = 774
01-13 14:26:10.147  4686  4686 I AnimStateManager: go to state com.miui.home.recents.anim.StateManager$IdleState@bd7da69
01-13 14:26:10.147  5321  5646 I MultiTaskingTaskInfo: MultiTaskingBaseTaskInfo::update::mTaskBounds = Rect(0, 0 - 1440, 3200), mTaskId = 774
01-13 14:26:10.147  4686  4686 I TransitionCallback: set is waitFinishMainAnim true, hyper transition support, execute directly!
01-13 14:26:10.147  5321  5646 D MultiTaskingAnimTarget: setAnimParam bounds: Rect(0, 0 - 1440, 3200) scaleX: 1.0 scaleY: 1.0
01-13 14:26:10.147  5321  5646 D MultiTaskingAnimTarget: java.lang.Throwable
01-13 14:26:10.147  5321  5646 D MultiTaskingAnimTarget: 	at com.android.wm.shell.multitasking.common.animation.MultiTaskingAnimTarget.setAnimParam(go/retraceme 65eef0675bf913bce2829215cbd88892b79173b491c3585387d9f76f49700d33:35)
01-13 14:26:10.147  5321  5646 D MultiTaskingAnimTarget: 	at com.android.wm.shell.multitasking.common.animation.MultiTaskingFolmeControl.updateBaseAnimParam(go/retraceme 65eef0675bf913bce2829215cbd88892b79173b491c3585387d9f76f49700d33:15)
01-13 14:26:10.147  5321  5646 D MultiTaskingAnimTarget: 	at com.android.wm.shell.multitasking.common.taskmanager.MultiTaskingTaskInfo.update(go/retraceme 65eef0675bf913bce2829215cbd88892b79173b491c3585387d9f76f49700d33:23)
01-13 14:26:10.147  5321  5646 D MultiTaskingAnimTarget: 	at com.android.wm.shell.multitasking.common.taskmanager.MultiTaskingTaskRepository.updateAllPendingBaseAnimParam(go/retraceme 65eef0675bf913bce2829215cbd88892b79173b491c3585387d9f76f49700d33:60)
01-13 14:26:10.147  5321  5646 D MultiTaskingAnimTarget: 	at com.android.wm.shell.multitasking.common.taskmanager.MultiTaskingTransitionObserver.onTransitionFinished(go/retraceme 65eef0675bf913bce2829215cbd88892b79173b491c3585387d9f76f49700d33:27)
01-13 14:26:10.147  5321  5646 D MultiTaskingAnimTarget: 	at com.android.wm.shell.transition.Transitions.onFinish(go/retraceme 65eef0675bf913bce2829215cbd88892b79173b491c3585387d9f76f49700d33:170)
01-13 14:26:10.147  5321  5646 D MultiTaskingAnimTarget: 	at com.android.wm.shell.transition.Transitions.lambda$playTransition$3(go/retraceme 65eef0675bf913bce2829215cbd88892b79173b491c3585387d9f76f49700d33:1)
01-13 14:26:10.147  5321  5646 D MultiTaskingAnimTarget: 	at com.android.wm.shell.transition.Transitions.$r8$lambda$96XCaSAhJXxB3nlVJy1TNPeH46k(go/retraceme 65eef0675bf913bce2829215cbd88892b79173b491c3585387d9f76f49700d33:1)
01-13 14:26:10.147  5321  5646 D MultiTaskingAnimTarget: 	at com.android.wm.shell.transition.Transitions$$ExternalSyntheticLambda4.onTransitionFinished(go/retraceme 65eef0675bf913bce2829215cbd88892b79173b491c3585387d9f76f49700d33:10)
01-13 14:26:10.147  5321  5646 D MultiTaskingAnimTarget: 	at com.android.wm.shell.transition.RemoteTransitionHandler$1$$ExternalSyntheticLambda0.run(go/retraceme 65eef0675bf913bce2829215cbd88892b79173b491c3585387d9f76f49700d33:30)
01-13 14:26:10.147  5321  5646 D MultiTaskingAnimTarget: 	at android.os.Handler.handleCallback(Handler.java:995)
01-13 14:26:10.147  5321  5646 D MultiTaskingAnimTarget: 	at android.os.Handler.dispatchMessage(Handler.java:103)
01-13 14:26:10.147  5321  5646 D MultiTaskingAnimTarget: 	at android.os.Looper.loopOnce(Looper.java:267)
01-13 14:26:10.147  5321  5646 D MultiTaskingAnimTarget: 	at android.os.Looper.loop(Looper.java:360)
01-13 14:26:10.147  5321  5646 D MultiTaskingAnimTarget: 	at android.os.HandlerThread.run(HandlerThread.java:85)
01-13 14:26:10.147  5321  5646 D MultiTaskingFolmeControl: updateBaseAnimParam taskId = 774 taskBounds : Rect(0, 0 - 1440, 3200)
01-13 14:26:10.147  5321  5646 D MultiTaskingTransitionObserver: onTransitionFinished::transition = android.os.BinderProxy@6a3285f remoteFreeformTasks = []
01-13 14:26:10.147  5321  5646 D MultiTaskingTaskRepository: onCloseTransitionFinish taskId=774
01-13 14:26:10.147  5321  5646 D MultiTaskingTaskRepository: removeMultiTaskingTaskInfo::taskInfo.taskId = 774 current mMultiTaskingTaskInfoList: { ,774 ,5 ,4 }
01-13 14:26:10.147  5321  5646 D MultiTaskingTaskRepository: removeFullscreenTask::taskId = 774
01-13 14:26:10.147  5321  5646 I MultiTaskingTaskRepository: onCloseTransitionFinish::mMultiWindowTaskIdsInZOrder = [5, 4], mFullscreenTaskIdsInZOrder = []
01-13 14:26:10.148  5321  5646 D MultiTaskingTransitionObserver: onTransitionFinished::mRunningTransitions = 0 mRemoteOpenFreeformTransitions = []
01-13 14:26:10.148  5321  5704 I MultiTaskingTaskInfo: releaseCoverLayerControl::mTaskId = 774
01-13 14:26:10.148  5321  5646 D MulWinSwitchDecorViewModel: destroyWindowDecoration: taskId=774 windowingMode=1 mWindowDecorByTaskId.size()=1 callers=com.android.wm.shell.freeform.FreeformTaskTransitionObserver.onTransitionFinished:62 com.android.wm.shell.transition.Transitions.onFinish:170 com.android.wm.shell.transition.Transitions.lambda$playTransition$3:1 com.android.wm.shell.transition.Transitions.$r8$lambda$96XCaSAhJXxB3nlVJy1TNPeH46k:1 com.android.wm.shell.transition.Transitions$$ExternalSyntheticLambda4.onTransitionFinished:10 
01-13 14:26:10.148  5321  5646 D MiuiDecorationDot: releaseViews_TopCaption: taskId=774
01-13 14:26:10.148  5321  5646 D MiuiDecorationDot: releaseParentSurface_TopCaption: taskId=774 mStatusBarParent=Surface(name=StatusBar Container of Task = 774#49325)/@0xbebbc22
01-13 14:26:10.148  5321  5646 D MiuiDecorationBottom: releaseViews_BottomCaption: taskId=774
01-13 14:26:10.148  5321  5646 D MiuiDecorationBottom: releaseParentSurface_BottomCaption: taskId=774 mNavBarParent=Surface(name=NavigationBar Container of Task = 774#49324)/@0xafda6b3
01-13 14:26:10.148  5321  5646 D SoScUtils: monitorTransitionFinished transition:android.os.BinderProxy@6a3285f transaction: android.view.SurfaceControl$Transaction@3317cb8 mRequestCloseTransition:null mRequestOpenTransition:null mPairsOpenTransition:null mPairsOpenTransitionNull:null mRequestOpenTriggerTask:-1 mRequestCloseTriggerTask:-1 mOrientationTransition: null mPendingChange:null mMainStartingTask:-1 mSideStartingTask:-1
01-13 14:26:10.149  3278 19886 D TransitionImpl: set transition#2500 willFinishToHome totrue
01-13 14:26:10.150  3278 19886 I TransitionImpl: finishTransition: updateLastSurfacePosition tf=Task{8b2b4d0 #774 type=standard A=10405:com.soundtherapyapp}
01-13 14:26:10.150  3278 19886 D BarFollowAnimation: Not resetBarState for  task.inTransition() = true true
01-13 14:26:10.150  3278  5559 D TransitionImpl: set transition#2501 willFinishToHome totrue
01-13 14:26:10.151  3278  5559 I TransitionImpl: home mode = 3
01-13 14:26:10.151  3278  5559 D Transition: setToBackByHome for Task{8b2b4d0 #774 type=standard A=10405:com.soundtherapyapp}
01-13 14:26:10.151  3278  5559 D TaskStubImpl: setToBackByHome true for Task#774
01-13 14:26:10.151  3278  5559 D BarFollowAnimation: onTaskInfoChanedForCaptionBar Task{8b2b4d0 #774 type=standard A=10405:com.soundtherapyapp} shouldbeVisible:false isVisible:false isOnTop:false windowMode:1 preDisplayId:-1 displayId:0 mCaptionAssociatedTask:null mIsTouchedInCaption:false
01-13 14:26:10.151  3278  5559 I TransitionImpl: finishTransition: updateLastSurfacePosition tf=Task{44844cf #2 type=home I=com.miui.home/.launcher.Launcher}
01-13 14:26:10.151  3278  5559 I TransitionImpl: finishTransition: updateLastSurfacePosition tf=Task{68ecabd #1 type=home}
01-13 14:26:10.151  3278  5559 I TransitionImpl: finishTransition: updateLastSurfacePosition tf=Task{8b2b4d0 #774 type=standard A=10405:com.soundtherapyapp}
01-13 14:26:10.151  3278  5559 D BarFollowAnimation: onTaskInfoChanedForCaptionBar Task{8b2b4d0 #774 type=standard A=10405:com.soundtherapyapp} shouldbeVisible:false isVisible:false isOnTop:false windowMode:1 preDisplayId:-1 displayId:0 mCaptionAssociatedTask:null mIsTouchedInCaption:false
01-13 14:26:10.152  3278  5559 D BarFollowAnimation: onTaskValishedForCaptionBar Task{8b2b4d0 #774 type=standard A=10405:com.soundtherapyapp}
01-13 14:26:10.152  3278  5559 D SystemPerformanceHinter: endSession#HighPerfSession-d0-Transition
01-13 14:26:10.152  2033  6014 W VsyncModulator: setTransactionSchedule: Unexpected EarlyEnd
01-13 14:26:10.152  3278  4441 I DisplayModeDirectorImpl: SmartDisplayPolicyEnd
01-13 14:26:10.152  2033  6014 D MI-SF   : updateScene: module = 268 (Animation), value = 0, pkg = perf_interaction, Vrr = 1, mSetTpIdleFlag = 1
01-13 14:26:10.152  2033  6014 D MI-SF   : isIdleTimerSkip is 0,mSetIdleForceFlag = 0
01-13 14:26:10.152  2033  6014 D MI-SF   : updateScene mSetAnimationFlag status 0, vsync 60
01-13 14:26:10.152  3278  4445 I AnimationScenario: Big data animation scenario state changed to: false, type is 524
01-13 14:26:10.153  3278  3404 I WindowManager: wms.hideSurface mWin:Window{9d06dfe u0 com.miui.miwallpaper.wallpaperservice.MiuiKeyguardPictorialWallpaper} reason:(prepareSurfaceLocked) in Surface(name=com.miui.miwallpaper.wallpaperservice.MiuiKeyguardPictorialWallpaper#66)/@0x8cb7262
01-13 14:26:10.153  5321  5646 I RemoteTransitionHandlerStubImpl: invokeAndRemoveWctCB transition is null, curWctCB: null
01-13 14:26:10.153  3278  3404 W ActivityTaskManager: Can't find TaskDisplayArea to determine support for multi window. Task id=774 attached=false
01-13 14:26:10.153  3278  3404 W ActivityTaskManager: Can't find TaskDisplayArea to determine support for multi window. Task id=774 attached=false
01-13 14:26:10.154  3278  3403 I DisplayModeDirectorImpl: updateRefreshRateResultIfNeeded after:baseModeId=1 allowGroupSwitching=false primary=physical: (0.0 Infinity) render:  (0.0 120.0) appRequest=physical: (0.0 Infinity) render:  (0.0 120.0) idleScreenRefreshRateConfig=null mNormalModeSkipOveride: false
01-13 14:26:10.154  3278  4605 D BarFollowAnimation: reparentAppBarToBirthParent  mCurrentTopTaskisVisible:false mAssociatedTaskisVisible:false mHomeTaskisVisible:true
01-13 14:26:10.154  5321  5646 I MultiTaskingTaskRepository: onTaskVanished::taskId = 774 mTasks: 774, 8, 7, 6, 5, 4, 3, 1, 
01-13 14:26:10.154  5321  5646 D MultiTaskingTaskRepository: removeMultiTaskingTaskInfo::taskInfo.taskId = 774 current mMultiTaskingTaskInfoList: { ,5 ,4 }
01-13 14:26:10.154  5321  5646 I MultiTaskingTaskRepository: onTaskVanished::mMultiWindowTaskIdsInZOrder = [5, 4], mFullscreenTaskIdsInZOrder = []
01-13 14:26:10.154  5321  5646 D MulWinSwitchEventHandler: onForceStop taskId = 774, type = TASK_VANISH, mTouchedTaskId = -1
01-13 14:26:10.155  4686  7958 D EventBus: No subscribers registered for event class com.miui.home.recents.messages.RecentTasksChangedEvent
01-13 14:26:10.155  4686  7958 D EventBus: No subscribers registered for event class org.greenrobot.eventbus.NoSubscriberEvent
01-13 14:26:10.155  4686  4686 E RotationHelper: setCurrentTransitionRequest: request=0
01-13 14:26:10.155  3278  4605 D BarFollowAnimation: checkBarStatus mReparentToOriginParent:true hasTopFullAppTask:false mHomeTask:Task{68ecabd #1 type=home} mCurrentTopTask: Task{8b2b4d0 #774 type=standard A=10405:com.soundtherapyapp} mAssociatedTask: null homeTaskonTop:true mLastAppBarVisible:false mLastHomeBarVisible:true isInSplitScreen:false
01-13 14:26:10.155  3278  4605 D BarFollowAnimation:  showHomeNavBar  packageName = com.miui.home mNavBarState = 5
01-13 14:26:10.156  4686  6972 I MiBridge: requestThreadLevelPro ret: 504872
01-13 14:26:10.156  4686  6972 D Launcher.Boost: setDynamicVIPTaskIfNeeded::tid = 118 duration = 500
01-13 14:26:10.156  2517  2625 W MiuiBooster: "MiuiBoosterService requestThreadPriority: 10142, 2, 500, 504872"
01-13 14:26:10.157  4686  6972 E ActivityManagerWrapper: get all recent tasks force including -1 userId =0
01-13 14:26:10.157  4686  6972 E ActivityManagerWrapper: getRecentTasksForceIncludingTaskIdIfValid: getRecentTasks: size=1
01-13 14:26:10.157  4686  6972 E ActivityManagerWrapper:  mainTaskId=774   userId=0   windowMode=1   isExcludedFromRecents=false   baseIntent=Intent { act=null flag=268435456 cmp=ComponentInfo{com.soundtherapyapp/com.soundtherapyapp.MainActivity} }
01-13 14:26:10.158  4686  6972 D RecentsTaskLoader: reloadTasksData [TaskKey{id=774, stackId=0, baseIntent=Intent { flg=0x10000000 cmp=com.soundtherapyapp/.MainActivity }, userId=0, lastActiveTime=348018384, windowingMode=1, isThumbnailBlur=false, isAccessLocked=false, isScreening=false, topActivity=null, mHashCode=23981786}, title=SoundTherapyApp, titleDescription=SoundTherapyApp, bounds=null, isLaunchTarget=false, isStackTask=true, isSystemApp=false, isDockable=true, baseActivity=null, isLocked=false, mNeedHide=false, hasMultipleTasks=false, cti1Key=, cti2Key=] 
01-13 14:26:10.158  4686  6972 D TaskSnapshotCompatVV: getIsInvalidateFromTaskSnapshot, return, mTaskSnapshot=null, mTaskSnapshotClazz=null
01-13 14:26:10.187  3278  4150 D NetworkMetricsTracker: handleMessage:4
01-13 14:26:10.189  5271  6061 D HighSpeedTrainModeController: msg.what = 10
01-13 14:26:10.190  3278  4447 D PerfStubImpl: perfLockReleaseHandler: 148092
01-13 14:26:10.190  3278  4447 D QcomSchedBoost: stopBoostInternal
01-13 14:26:10.191  3278  4447 D SchedBoost: thread tid=4686, priority is set to -10
01-13 14:26:10.191  3278  4447 D PerfStubImpl: perfLockReleaseHandler: 0
01-13 14:26:10.191  3278  4447 D QcomSchedBoost: stopBoostInternal
01-13 14:26:10.191  3278  4447 D SchedBoost: thread tid=5632, priority is set to -10
01-13 14:26:10.191  3278  4447 D PerfStubImpl: perfLockReleaseHandler: 0
01-13 14:26:10.191  3278  4447 D QcomSchedBoost: stopBoostInternal
01-13 14:26:10.191  3278  4447 D SchedBoost: thread tid=5684, priority is set to 0
01-13 14:26:10.202  1793 16246 I vendor.qti.bluetooth@1.0-ibs_handler: ProcessIbsCmd: Received IBS_WAKE_IND: 0xFD
01-13 14:26:10.202  1793 16246 D vendor.qti.bluetooth@1.0-ibs_handler: SerialClockVote: vote for UART CLK ON
01-13 14:26:10.202  1793 16246 D vendor.qti.bluetooth@1.0-wake_lock: Acquire wakelock is acquired 
01-13 14:26:10.202  1793 16246 I vendor.qti.bluetooth@1.0-ibs_handler: ProcessIbsCmd: Writing IBS_WAKE_ACK
01-13 14:26:10.203  3278  4600 I SkJpegEncoder: [mId: 274664] skia-debug Enter SkJpegEncoder::Encode.
01-13 14:26:10.203  3278  4600 W libc    : Access denied finding property "vendor.video.jpegopt.enable"
01-13 14:26:10.203  3278  4600 W libc    : Access denied finding property "vendor.video.jpegopt.enable"
01-13 14:26:10.203  3278  4600 I SkJpegEncoder: [mId: 274664] skia-debug Enter SkJpegEncoder::Make and Options: { fQuality = 95 fDownsample = 0 fAlphaOption = 0};.
01-13 14:26:10.203  3278  4600 I SkJpegEncoder: [mId: 274664] skia-debug src.info is SkImageInfo: {IsRGB = 1, ColorType = 4, AlphaType = 2, Dimensions.width = 1440, Dimensions.height = 3200};.
01-13 14:26:10.203  3278  4600 I SkJpegEncoder: [mId: 1575] skia-debug Create a new SkJpegEncoderImpl for parallel optimazition.
01-13 14:26:10.203  3278  4600 I SkJpegEncoder: [mId: 1575] skia-debug Enter EncodeRows with numRows 3200, total iMCU rows 200.
01-13 14:26:10.206 16169 16262 V ScanController: onScanResult() - eventType=0x10, addressType=0, address=XX:XX:XX:XX:15:B7, primaryPhy=1, secondaryPhy=0, advertisingSid=0xff, txPower=127, rssi=-57, periodicAdvInt=0x0, originalAddress=7C:25:DA:F8:15:B7
01-13 14:26:10.206 16169 16262 V ScanController: Skipping client: permission=true matches=false
01-13 14:26:10.206 16169 16262 V ScanController: Skipping client: permission=true matches=false
01-13 14:26:10.206 16169 16262 V ScanController: Skipping client: permission=true matches=false
01-13 14:26:10.206 16169 16262 V ScanController: Skipping client: permission=true matches=false
01-13 14:26:10.207  6522 16417 D DeviceNickName_Plugin: data type: SUPPORT_REDMI_KERBOARD_FAST, []
01-13 14:26:10.207  6522 16417 E MiuiFastConnectService_Plugin: check adv data not fast connect
01-13 14:26:10.225  3278  4130 D MiuiNetworkPolicy: updateLimit mLimitEnabled=false,enabled=true,mNetworkPriorityMode=1,mThermalForceMode=0
01-13 14:26:10.226  1841  1841 I vendor.qti.hardware.servicetrackeraidl-service: destroyService is called for service : com.android.htmlviewer/com.xiaomi.mipush.sdk.PushMessageHandler
01-13 14:26:10.227  3278  4130 I MiuiNetworkPolicy: getEnableLimitTimeout when thermal mode is:0
01-13 14:26:10.228  3278  4600 I SkJpegEncoder: [mId: 1575] skia-debug Going to write output data.
01-13 14:26:10.228  3278  4600 I SkJpegEncoder: [mId: 1575] skia-debug Write output data done.
01-13 14:26:10.228  3278  4600 I SkJpegEncoder: [mId: 1575] skia-debug Out EncodeRows.
01-13 14:26:10.229  3278  4600 I SkJpegEncoder: [mId: 274664] skia-debug Out SkJpegEncoder::Encode with parallelOptimize.
01-13 14:26:10.233  1841  1841 I vendor.qti.hardware.servicetrackeraidl-service: destroyService is called for service : com.android.htmlviewer/com.xiaomi.mipush.sdk.MessageHandleService
01-13 14:26:10.245  1793 16246 I vendor.qti.bluetooth@1.0-ibs_handler: ProcessIbsCmd: Received IBS_SLEEP_IND: 0xFE
01-13 14:26:10.245  1793 16246 D vendor.qti.bluetooth@1.0-ibs_handler: SerialClockVote: vote for UART CLK OFF
01-13 14:26:10.247  3278  4600 I SkJpegEncoder: [mId: 274678] skia-debug Enter SkJpegEncoder::Encode.
01-13 14:26:10.247  3278  4600 W libc    : Access denied finding property "vendor.video.jpegopt.enable"
01-13 14:26:10.247  3278  4600 W libc    : Access denied finding property "vendor.video.jpegopt.enable"
01-13 14:26:10.247  3278  4600 I SkJpegEncoder: [mId: 274678] skia-debug Enter SkJpegEncoder::Make and Options: { fQuality = 95 fDownsample = 0 fAlphaOption = 0};.
01-13 14:26:10.247  3278  4600 I SkJpegEncoder: [mId: 274678] skia-debug src.info is SkImageInfo: {IsRGB = 1, ColorType = 4, AlphaType = 2, Dimensions.width = 720, Dimensions.height = 1600};.
01-13 14:26:10.247  3278  4600 I SkJpegEncoder: [mId: 1576] skia-debug Create a new SkJpegEncoderImpl for parallel optimazition.
01-13 14:26:10.247  3278  4600 I SkJpegEncoder: [mId: 1576] skia-debug Enter EncodeRows with numRows 1600, total iMCU rows 100.
01-13 14:26:10.258  3278  4600 I SkJpegEncoder: [mId: 1576] skia-debug Going to write output data.
01-13 14:26:10.258  3278  4600 I SkJpegEncoder: [mId: 1576] skia-debug Write output data done.
01-13 14:26:10.258  3278  4600 I SkJpegEncoder: [mId: 1576] skia-debug Out EncodeRows.
01-13 14:26:10.258  3278  4600 I SkJpegEncoder: [mId: 274678] skia-debug Out SkJpegEncoder::Encode with parallelOptimize.
01-13 14:26:10.271 12680 21116 D JavaheapMonitor: Java heap used=12M max=256M, proc: com.xiaomi.mi_connect_service:idm
01-13 14:26:10.271 12680 21116 V JavaheapMonitor: Check java heap usage finished! Next check delay: 300000
01-13 14:26:10.273  1828  2639 I SDM     : DisplayBase::CommitThread: Received Idle Timeout, panel: cmd, timeout: 70000 us
01-13 14:26:10.352  1828  3093 I vendor.qti.hardware.display.composer-service: Sensor: notify citsensorservice to trigger cwb, misForced = 1
01-13 14:26:10.353  1828  1828 I SDM     : CWB config passed by cwb_client : tappoint 1  CWB_ROI : (736.000000 70.000000 977.000000 311.000000) for display-0
01-13 14:26:10.386  1828  4133 I SDM     : NotifyCWBStatus: Notify the client about buffer (0x308448d0) status 0 for display-0.
01-13 14:26:10.387  1828  4133 I SDM     : SDMConcurrentWriteBack::ProcessCWBStatus: CWB queue is empty. Display: 0
01-13 14:26:10.395  1793 16238 D vendor.qti.bluetooth@1.0-wake_lock: Release wakelock is released 
01-13 14:26:10.434  1828  2639 I SDM     : DisplayBase::CommitThread: Received Idle Timeout, panel: cmd, timeout: 70000 us
01-13 14:26:10.481  2596  4119 I libsensor-boledalgo: Write:the value of channelCali C:10867.1,R:3832.6,G:4207.9,B:635.9,scales [0.768425,0.771258,0.754871,0.816696]
01-13 14:26:10.481  2596  4119 D libsensor-boledalgo: brightness:804,R:1.0,G:5388.2,B:5957.1,EVENT C:29363.0,R:8204.0,G:7762.0,B:2141.0, lux: 23.9, clone:1995
01-13 14:26:10.585  9510 13571 D JavaheapMonitor: Java heap used=28M max=256M, proc: com.android.quicksearchbox
01-13 14:26:10.585  9510 13571 V JavaheapMonitor: Check java heap usage finished! Next check delay: 300000
01-13 14:26:10.657  2517  2627 E MiuiBooster: "Unkwnow sched policy:-1073741825!!!"
01-13 14:26:10.651  2517  2517 W binder:2517_2: type=1400 audit(0.0:796417): avc:  denied  { getsched } for  scontext=u:r:miuibooster:s0 tcontext=u:r:kernel:s0 tclass=process permissive=0
01-13 14:26:10.681  2596  4119 I libsensor-boledalgo: Write:the value of channelCali C:10867.1,R:3832.6,G:4207.9,B:635.9,scales [0.768425,0.771258,0.754871,0.816696]
01-13 14:26:10.681  2596  4119 D libsensor-boledalgo: brightness:804,R:1.0,G:5388.2,B:5957.1,EVENT C:29349.0,R:8210.0,G:7777.0,B:2138.0, lux: 24.2, clone:1995
01-13 14:26:10.785  2033  2033 D MI-SF   : isSupportLowBrightnessFpsSwitch current_setting_fps: 120
01-13 14:26:10.785  2033  2033 D MI-SF   : isTpIdleScene ,mAverageFrameRate is 0, 1 
01-13 14:26:10.785  2033  2033 D MI-SF   : setTpIdleFps choose FPS:60, mode:0
01-13 14:26:10.785  2033  2033 D DisplayModeController: setDesiredMode 4630946338122044307 {mode={fps=60.00 Hz, modePtr={id=2, vsyncRate=60.00 Hz, peakRefreshRate=60.00 Hz}}, emitEvent=true, force=false}
01-13 14:26:10.785  1828  1828 I SDM     : SDMDisplay::SetActiveConfigWithConstraints: display = 0, config: 2, WxH 1440x3200, fps 60@normal@60:60
01-13 14:26:10.789  2033  2033 D MI-SF   : isSupportLowBrightnessFpsSwitch current_setting_fps: 120
01-13 14:26:10.789  2033  2033 D MI-SF   : isTpIdleScene ,mAverageFrameRate is 0, 1 
01-13 14:26:10.789  2033  2033 D MI-SF   : setTpIdleFps choose FPS:60, mode:0
01-13 14:26:10.789  1828  1828 W SDM     : HWDeviceDRM::GetSupportedBitClkRate: Requested rate not supported: 1200000000
01-13 14:26:10.789  1828  1828 I SDM     : HWDeviceDRM::UpdateMixerAttributes: Mixer WxH 1440x3200-1 for Peripheral
01-13 14:26:10.791  1828  2639 I SDM     : HWDeviceDRM::SetupConcurrentWriteback: Tear down the Concurrent Writeback topology
01-13 14:26:10.789  3278  3403 I DisplayDeviceRepository: Display device changed render timings: "内置屏幕", renderFrameRate=60.000004, presentationDeadlineNanos=16666666, appVsyncOffsetNanos=1000000, frameRateOverrides=[]
01-13 14:26:10.791  1828  3093 I vendor.qti.hardware.display.composer-service: Sensor: notify citsensorservice to trigger cwb, misForced = 0
01-13 14:26:10.792  3278  3278 D NetworkMetricsTracker: onDisplayChanged mIsScreenOn=true
01-13 14:26:10.792  1963  4317 D AudioFlingerImpl: setGameParameters keyvalue: screen_state=on
01-13 14:26:10.792  3278  3401 D WindowManager: DeferredDisplayUpdater: partially applying DisplayInfo(1440 x 3200) immediately
01-13 14:26:10.792  3278  3401 W DisplayContentStubImpl:  displayMetricsChanged=false physicalDisplayChanged=false displayId=0 newUniqueId=local:4630946338122044307 currentUnique=local:4630946338122044307
01-13 14:26:10.792  3278  3401 D DisplayContentStubImpl: Display{#0 state=ON size=1440x3200 ROTATION_0} isActivityEmbeddingSplitEnable false
01-13 14:26:10.792  3278  4147 D NetworkMetricsTracker: onUpdateDeviceState mIsScreenOn=true,mIsMobileDataOn=false,mIsCallStateIdle=true,mIsFeatureEnable=true,mIsStaticStatus=true,mIsCallStateLingering=false,mIsSelfStudyEnabled=false
01-13 14:26:10.792  3278  3401 D BarFollowAnimation: pairAppearanceRegionAndWin win=Window{7f85f52 u0 com.miui.home/com.miui.home.launcher.Launcher} 0
01-13 14:26:10.792  3278  3401 D BarFollowAnimation: isAppTaskBarOnTop win:Window{7f85f52 u0 com.miui.home/com.miui.home.launcher.Launcher} (mCurrentTopTask:Task{8b2b4d0 #774 type=standard A=10405:com.soundtherapyapp} : false); (mAssociatedTask:null : false); (mHomeTask:Task{68ecabd #1 type=home} : true); mReparentToOriginParent:true mLastAppBarVisible:false mLastHomeBarVisible:true
01-13 14:26:10.792  1963  4317 D DeviceHalAidl: [default] setParameters: parameters: "screen_state=on"
01-13 14:26:10.793  3278  3401 D MiuiRefreshRatePolicy: reset
01-13 14:26:10.793  1816  3199 D PAL: API: pal_set_param: 1497: Enter: param id 8 (PAL_PARAM_ID_SCREEN_STATE)
01-13 14:26:10.793  1816  3199 D PAL: ResourceManager: setParameter: 11845: Enter param id: 8 (PAL_PARAM_ID_SCREEN_STATE)
01-13 14:26:10.793  1816  3199 I PAL: ResourceManager: setParameter: 11872: Screen State:1
01-13 14:26:10.793  1816  3199 D PAL: ResourceManager: setParameter: 13545: Exit status: 0
01-13 14:26:10.793  1816  3199 D PAL: API: pal_set_param: 1514: Exit, status 0
01-13 14:26:10.793  1963  4317 D DeviceHalAidl: [usb] setParameters: parameters: "screen_state=on"
01-13 14:26:10.793  1816  3199 D AHAL_Module: updateScreenState: usb: 1
01-13 14:26:10.793  1963  4317 D DeviceHalAidl: [r_submix] setParameters: parameters: "screen_state=on"
01-13 14:26:10.793  1816  3199 D AHAL_Module: updateScreenState: r_submix: 1
01-13 14:26:10.793  1963  4317 D DeviceHalAidl: [bluetooth] setParameters: parameters: "screen_state=on"
01-13 14:26:10.793  1816  3199 D AHAL_Module: updateScreenState: bluetooth: 1
01-13 14:26:10.793  1963  4317 D AudioFlingerImpl: setGameParameters keyvalue: musicCanStopFlag=false
01-13 14:26:10.793  1963  4317 D DeviceHalAidl: [default] setParameters: parameters: "musicCanStopFlag=false"
01-13 14:26:10.793  1816  3199 I AHAL_ModulePrimary_MI: setVendorParameters: parameter count 1, async: 0
01-13 14:26:10.793  1816  3199 D AHAL_ModulePrimary_MI: setVendorParameters parameters id = musicCanStopFlag val false
01-13 14:26:10.793  1816  3199 D AHAL_ModulePrimary_MI: setVendorParameters: enter miam_setParameters_v2 ret = -2
01-13 14:26:10.793  1816  3199 D AHAL_ModulePrimary_QTI: setVendorParameters: parameter count 1, async: 0
01-13 14:26:10.793  1816  3199 D AHAL_HFP_QTI: hfp_set_parameters enter
01-13 14:26:10.793  1816  3199 D AHAL_HFP_QTI: hfp_set_parameters Exit
01-13 14:26:10.793  1963  4317 D DeviceHalAidl: [usb] setParameters: parameters: "musicCanStopFlag=false"
01-13 14:26:10.793  1963  4317 E ConversionHelperAidl: Function: parseAndSetVendorParameters Line: 94 Failed 
01-13 14:26:10.793  1963  4317 D DeviceHalAidl: [r_submix] setParameters: parameters: "musicCanStopFlag=false"
01-13 14:26:10.794  1816  3199 D AHAL_ModuleRemoteSubmix: setVendorParameters: parameter count 1, async: 0
01-13 14:26:10.794  1816  3199 D AHAL_ModuleRemoteSubmix: setVendorParameters parameters id = musicCanStopFlag val false
01-13 14:26:10.794  1963  4317 E ConversionHelperAidl: Function: parseAndSetVendorParameters Line: 94 Failed 
01-13 14:26:10.794  1963  4317 D DeviceHalAidl: [bluetooth] setParameters: parameters: "musicCanStopFlag=false"
01-13 14:26:10.794  1963  4317 E ConversionHelperAidl: Function: parseAndSetVendorParameters Line: 94 Failed 
01-13 14:26:10.794  1828  1828 I SDM     : CWB config passed by cwb_client : tappoint 1  CWB_ROI : (736.000000 70.000000 977.000000 311.000000) for display-0
01-13 14:26:10.794  4686  5504 W GestureStubView_Left: onDisplayChanged
01-13 14:26:10.794  4686  5504 W GestureStubView_Left: adaptRotation   currentRotation=0   mRotation=0
01-13 14:26:10.794  4686  5504 W GestureStubView_Right: onDisplayChanged
01-13 14:26:10.794  4686  5504 W GestureStubView_Right: adaptRotation   currentRotation=0   mRotation=0
01-13 14:26:10.794  4686  4686 W Launcher: onDisplayChanged: newRotation=0, mCurrentRotation=0
01-13 14:26:10.795  5321  5321 V AutoDensityController: on display changed 0 context dpi:586 origin dpi:600 target dpi:586
01-13 14:26:10.795  5321  5321 D ControlCenterWindowViewController: on display changed 0
01-13 14:26:10.795  5321  5321 V AODAutoDensityController: on display changed 0 context dpi:586 origin dpi:600 target dpi:586
01-13 14:26:10.795  5321  6389 D MiuiGxzwAnimView: onDisplayChanged: oldState = 2, newState = 2
01-13 14:26:10.796  3278  3404 W Choreographer: Frame time is 0.070624 ms in the future!  Check that graphics HAL is generating vsync timestamps using the correct timebase.
01-13 14:26:10.797  1857  2451 D FPSMonitor: threadFuncFpsMonitor display 0, fps 60
01-13 14:26:10.862  1828  2639 I SDM     : DisplayBase::CommitThread: Received Idle Timeout, panel: cmd, timeout: 70000 us
01-13 14:26:10.881  2596  4119 I libsensor-boledalgo: Write:the value of channelCali C:10867.1,R:3832.6,G:4207.9,B:635.9,scales [0.768425,0.771258,0.754871,0.816696]
01-13 14:26:10.881  2596  4119 D libsensor-boledalgo: brightness:804,R:1.0,G:5388.2,B:5957.1,EVENT C:29363.0,R:8204.0,G:7762.0,B:2141.0, lux: 23.9, clone:1995
01-13 14:26:10.934  1834  2080 E PERFHAL-UTIL: PERFHAL-UTIL: change_node_val() 204: Failed to update node /proc/sys/walt/sched_per_task_boost with value 32122 0
01-13 14:26:10.934  1834  2080 E PERFHAL-OPTSHANDLER: PERFHAL-OPTSHANDLER: sched_reset_task_boost() 4076: can't reset task 32122
01-13 14:26:10.934  1834  2080 E PERFHAL-RESOURCEQS: PERFHAL-RESOURCEQS: RemoveAndApply() 392: Failed to reset optimization [3, 32]
01-13 14:26:10.935  1828  2639 I SDM     : DisplayBase::CommitThread: Received Idle Timeout, panel: cmd, timeout: 70000 us
01-13 14:26:10.947  4686  4686 I TransitionCallback: clear leash = Surface(name=TL_Surface(name=Task=1#51)/@0xaa2b574_transition-leash#49337)/@0x9830ad3, key = ComponentInfo{com.miui.home/com.miui.home.launcher.Launcher}#1
01-13 14:26:10.947  4686  4686 I TransitionCallback: clear leash = Surface(name=TL_Surface(name=Task=774#49323)/@0xc76f961_transition-leash#49336)/@0x4959cc2, key = ComponentInfo{com.soundtherapyapp/com.soundtherapyapp.MainActivity}#774
01-13 14:26:10.947  4686  4686 I TransitionCallback: clear leash = Surface(name=TL_Surface(name=WallpaperWindowToken{ff64f09 showWhenLocked=false}#59)/@0x2f3a2e3_transition-leash#49339)/@0xc4a1610, key = wallpaper
01-13 14:26:10.966  1828  2639 I SDM     : HWDeviceDRM::SetupConcurrentWriteback: Tear down the Concurrent Writeback topology
01-13 14:26:10.970  1828  4133 I SDM     : NotifyCWBStatus: Notify the client about buffer (0x30844610) status 0 for display-0.
01-13 14:26:10.970  1828  4133 I SDM     : SDMConcurrentWriteBack::ProcessCWBStatus: CWB queue is empty. Display: 0
01-13 14:26:11.051  1828  2639 I SDM     : DisplayBase::CommitThread: Received Idle Timeout, panel: cmd, timeout: 70000 us
01-13 14:26:11.081  2596  4119 I libsensor-boledalgo: Write:the value of channelCali C:10867.1,R:3832.6,G:4207.9,B:635.9,scales [0.768425,0.771258,0.754871,0.816696]
01-13 14:26:11.081  2596  4119 D libsensor-boledalgo: brightness:804,R:1.0,G:5388.2,B:5957.1,EVENT C:29536.0,R:8264.0,G:7833.0,B:2157.0, lux: 24.7, clone:1995
01-13 14:26:11.131  1828  3093 I vendor.qti.hardware.display.composer-service: Sensor: notify citsensorservice to trigger cwb, misForced = 1
01-13 14:26:11.132  1828  1828 I SDM     : CWB config passed by cwb_client : tappoint 1  CWB_ROI : (736.000000 70.000000 977.000000 311.000000) for display-0
01-13 14:26:11.170  1828  4133 I SDM     : NotifyCWBStatus: Notify the client about buffer (0x308448d0) status 0 for display-0.
01-13 14:26:11.170  1828  4133 I SDM     : SDMConcurrentWriteBack::ProcessCWBStatus: CWB queue is empty. Display: 0
01-13 14:26:11.212  3278  4132 D MiuiWifiCommonBase: band: 4, compensate: 0
01-13 14:26:11.219  1828  2639 I SDM     : DisplayBase::CommitThread: Received Idle Timeout, panel: cmd, timeout: 70000 us
01-13 14:26:11.220  5271  5707 E PhoneAdapter: get ntnphones failed, exception: java.lang.IllegalStateException: not support satellite!
01-13 14:26:11.282  2596  4119 I libsensor-boledalgo: Write:the value of channelCali C:10867.1,R:3832.6,G:4207.9,B:635.9,scales [0.768425,0.771258,0.754871,0.816696]
01-13 14:26:11.282  2596  4119 D libsensor-boledalgo: brightness:804,R:1.0,G:5388.2,B:5957.1,EVENT C:29510.0,R:8257.0,G:7827.0,B:2146.0, lux: 24.7, clone:1995
01-13 14:26:11.291  2033  2033 D MI-SF   : setIdleFps choose FPS:60, mode:0
01-13 14:26:11.481  2596  4119 I libsensor-boledalgo: Write:the value of channelCali C:10867.1,R:3832.6,G:4207.9,B:635.9,scales [0.768425,0.771258,0.754871,0.816696]
01-13 14:26:11.481  2596  4119 D libsensor-boledalgo: brightness:804,R:1.0,G:5388.2,B:5957.1,EVENT C:29503.0,R:8270.0,G:7818.0,B:2136.0, lux: 24.7, clone:1995
01-13 14:26:11.657  3278  4130 I MiuiNetworkPolicy: bandwidth: 0 KB/s, Max bandwidth: 200 KB/s
01-13 14:26:11.681  2596  4119 I libsensor-boledalgo: Write:the value of channelCali C:10867.1,R:3832.6,G:4207.9,B:635.9,scales [0.768425,0.771258,0.754871,0.816696]
01-13 14:26:11.681  2596  4119 D libsensor-boledalgo: brightness:804,R:1.0,G:5388.2,B:5957.1,EVENT C:29543.0,R:8266.0,G:7837.0,B:2148.0, lux: 24.8, clone:1995
01-13 14:26:11.881  2596  4119 I libsensor-boledalgo: Write:the value of channelCali C:10867.1,R:3832.6,G:4207.9,B:635.9,scales [0.768425,0.771258,0.754871,0.816696]
01-13 14:26:11.881  2596  4119 D libsensor-boledalgo: brightness:804,R:1.0,G:5388.2,B:5957.1,EVENT C:29520.0,R:8266.0,G:7822.0,B:2151.0, lux: 24.6, clone:1995
01-13 14:26:11.905  1692  1692 I zygote  : Delayed USAP Pool refill. New USAPs: 1
01-13 14:26:11.909  3278  4439 I SmartPower: com.qualcomm.qti.workloadclassifier/10231(31845): background->idle(3003ms) R(broadcast start Intent { act=com.qualcomm.qti.workloadclassifier.APP_LAUNCH flg=0x30 xflg=0x4 pkg=com.qualcomm.qti.workloadclassifier (has extras) }) adj=800.
01-13 14:26:11.922 21673 21673 I adbd    : in ShellService: export ANDROID_LOG_TAGS=''; exec logcat '-d' '-t' '2000'
01-13 14:26:11.924  1692  1692 D Zygote  : Forked child process 1109
