01-13 14:23:50.212  3278  5492 D WindowManager:    ChangeInfo{9e80192 container=Task{44844cf #2 type=home I=com.miui.home/.launcher.Launcher} flags=0x0}
01-13 14:23:50.212  3278  5492 D WindowManager:    ChangeInfo{12f5763 container=Display{#0 state=ON size=1440x3200 ROTATION_0} flags=0x0}
01-13 14:23:50.212  3278  5492 D WindowManager:    ChangeInfo{75a8f60 container=Task{68ecabd #1 type=home} flags=0x0}
01-13 14:23:50.212  3278  5492 D WindowManager:    ChangeInfo{d7e7c19 container=ActivityRecord{112113090 u0 com.soundtherapyapp/.MainActivity t770 f}} flags=0x0}
01-13 14:23:50.212  3278  5492 D WindowManager:    ChangeInfo{d00a4de container=DefaultTaskDisplayArea@148137897 flags=0x0}
01-13 14:23:50.212  3278  5492 D WindowManager:    ChangeInfo{d3606bf container=ActivityRecord{163041850 u0 com.miui.home/.launcher.Launcher t2} flags=0x0}
01-13 14:23:50.212  3278  5492 D WindowManager:    ChangeInfo{cc9418c container=WallpaperWindowToken{ff64f09 showWhenLocked=false} flags=0x0}
01-13 14:23:50.212  3278  5492 D WindowManager: ]
01-13 14:23:50.212  3278  5492 D WindowManager: }, ready=false, SyncId=2494 info=used=true, override=false, defer=0, states=Display{#0 state=ON size=1440x3200 ROTATION_0}:false reason=com.android.server.wm.Transition.applyReady:1263 com.android.server.wm.Transition.start:889 com.android.server.wm.WindowOrganizerController.startTransition:525 com.android.server.wm.WindowOrganizerController.startTransition:408 android.window.IWindowOrganizerController$Stub.onTransact:294 com.android.server.wm.WindowOrganizerController.onTransact:265 android.os.Binder.execTransactInternal:1433 android.os.Binder.execTransact:1372 
01-13 14:23:50.212  3278  3403 D IorapForwardingService: AppLaunchObserver#onActivityLaunchCancelled! pid:30731; uid:10405; name:com.soundtherapyapp
01-13 14:23:50.212  2337  2337 D iorapd  : LbReadahead is not running
01-13 14:23:50.212  5321  5646 D OneHandedController: stopOneHanded state is 0
01-13 14:23:50.212  4984  6174 I QmiHwInterface/SendRequestAidlCallback: <- RCV:OnResponseEvent{status=0, error message = }
01-13 14:23:50.212  4984  5145 I DynamicDDSService: Aidl sendRequest has success response 
01-13 14:23:50.212  5321  5646 I MultiTaskingTaskRepository: needSkip::is home task
01-13 14:23:50.212  4686 30128 D EventBus: No subscribers registered for event class com.miui.home.recents.messages.RecentTasksChangedEvent
01-13 14:23:50.212  4686 30128 D EventBus: No subscribers registered for event class org.greenrobot.eventbus.NoSubscriberEvent
01-13 14:23:50.213  5321  5646 D MiuiDecorationHomeController: relayout::taskId=1, userId=0, visible=true, bounds=Rect(0, 0 - 1440, 3200), focused=false, activityType=2, displayId=0, baseActivity=ComponentInfo{com.miui.home/com.miui.home.launcher.Launcher}, topActivity=ComponentInfo{com.miui.home/com.miui.home.launcher.Launcher}, callers=com.android.wm.shell.multitasking.miuimultiwinswitch.miuiwindowdecor.decoration.MiuiDecorationController.relayout:4 com.android.wm.shell.multitasking.miuimultiwinswitch.miuiwindowdecor.MulWinSwitchDecorViewModel.onTaskInfoChanged:18 com.android.wm.shell.multitasking.common.taskmanager.MultiTaskingTaskListener.onTaskInfoChanged:47 com.android.wm.shell.ShellTaskOrganizer.onTaskInfoChanged:129 android.window.TaskOrganizer$1.lambda$onTaskInfoChanged$6:300 
01-13 14:23:50.213  5321  5646 D MiuiDecorationHomeBottom: needHomeBottomCaption: needShow = true isSoScLeftRightSplit = false isSoScMinimized = false isPortrait = true needHomeBottomCaption = true
01-13 14:23:50.213  4686  6972 E ActivityManagerWrapper: get all recent tasks force including -1 userId =0
01-13 14:23:50.213  5321  5646 D MiuiDecorationBottom: updateRootView_HomeBottomCaption: taskId = 1 needBottomCaption = true bottomCaptionView = java.lang.Object@9ee9b1d
01-13 14:23:50.213  5321  5646 D MiuiDecorationHomeBottom: updateViews_HomeBottomCaption: taskId=1 soscHomeCenterX=0.0 soscHomeShowingWidth=0 outResult=RelayoutResult{mRoot=java.lang.Object@9ee9b1d, mCaptionX=468, mCaptionY=3162, mCaptionWidth=504.0, mCaptionHeight=60.0}
01-13 14:23:50.213  5321  5646 D MiuiDecorationBase: updateFocus: update targetAlpha = 77, taskId = 1
01-13 14:23:50.213  5321  5321 D ShadeDarkIconDispatcher: receiver delegate onDarkChangedWithContrast
01-13 14:23:50.213  5321  5646 D MiuiDecorationBase: updateSampling_HomeBottomCaption: taskId = 1 scale = 1.0 mTaskBounds = Rect(0, 0 - 1440, 3200) mCaptionVisibility = true mIsFsgestureEntered = false isRunningAnim = false isDraggingRecent = false isFreeformElude = false isDecorationShowing = true shouldEnableSampling = true
01-13 14:23:50.213  5321  5321 D ShadeDarkIconDispatcher: receiver delegate onLightDarkTintChanged
01-13 14:23:50.213  5321  5646 D MiuiDecorationBase: updateSampling_HomeBottomCaption: samplingRect = Rect(468, 3162 - 972, 3177)
01-13 14:23:50.213  9162  9459 D DigestGenerator: digest=============com.soundtherapyappjava.lang.UnsatisfiedLinkError: dlopen failed: library "libreact_featureflagsjni.so" not found
01-13 14:23:50.213  9162  9459 D DigestGenerator: at java.lang.Runtime.loadLibrary(Runtime.java:XX)
01-13 14:23:50.213  9162  9459 D DigestGenerator: at java.lang.Runtime.loadLibrary(Runtime.java:XX)
01-13 14:23:50.213  9162  9459 D DigestGenerator: at java.lang.System.loadLibrary(System.java:XX)
01-13 14:23:50.213  9162  9459 D DigestGenerator: at com.facebook.soloader.nativeloader.SystemDelegate.loadLibrary(SystemDelegate.java:XX)
01-13 14:23:50.213  9162  9459 D DigestGenerator: at com.facebook.soloader.nativeloader.NativeLoader.loadLibrary(NativeLoader.java:XX)
01-13 14:23:50.213  9162  9459 D DigestGenerator: at com.facebook.soloader.nativeloader.NativeLoader.loadLibrary(NativeLoader.java:XX)
01-13 14:23:50.213  9162  9459 D DigestGenerator: at com.facebook.soloader.SoLoader.loadLibrary(SoLoader.java:XX)
01-13 14:23:50.213  9162  9459 D DigestGenerator: at com.facebook.react.internal.featureflags.ReactNativeFeatureFlagsCxxInterop.<clinit>(ReactNativeFeatureFlagsCxxInterop.kt:XX)
01-13 14:23:50.213  9162  9459 D DigestGenerator: at com.facebook.react.internal.featureflags.ReactNativeFeatureFlagsCxxAccessor.enableBridgelessArchitecture(ReactNativeFeatureFlagsCxxAccessor.kt:XX)
01-13 14:23:50.213  9162  9459 D DigestGenerator: at com.facebook.react.internal.featureflags.ReactNativeFeatureFlags.enableBridgelessArchitecture(ReactNativeFeatureFlags.kt:XX)
01-13 14:23:50.213  9162  9459 D DigestGenerator: at com.facebook.react.internal.featureflags.ReactNativeNewArchitectureFeatureFlags.enableBridgelessArchitecture(ReactNativeNewArchitectureFeatureFlags.kt:XX)
01-13 14:23:50.213  9162  9459 D DigestGenerator: at com.facebook.react.ReactActivityDelegate.lambda$onCreate$(ReactActivityDelegate.java:XX)
01-13 14:23:50.213  9162  9459 D DigestGenerator: at com.facebook.react.ReactActivityDelegate.$r$lambda$HPdXfLmAUyWcXbwAHziPPWA(Unknown Source:)
01-13 14:23:50.213  9162  9459 D DigestGenerator: at com.facebook.react.ReactActivityDelegate$$ExternalSyntheticLambda.run(XX$$SyntheticClass:)
01-13 14:23:50.213  9162  9459 D DigestGenerator: at com.facebook.systrace.Systrace.traceSection(Systrace.kt:XX)
01-13 14:23:50.213  9162  9459 D DigestGenerator: at com.facebook.react.ReactActivityDelegate.onCreate(ReactActivityDelegate.java:XX)
01-13 14:23:50.213  9162  9459 D DigestGenerator: at com.facebook.react.ReactActivity.onCreate(ReactActivity.java:XX)
01-13 14:23:50.213  9162  9459 D DigestGenerator: at android.app.Activity.performCreate(Activity.java:XX)
01-13 14:23:50.213  9162  9459 D DigestGenerator: at android.app.Activity.performCreate(Activity.java:XX)
01-13 14:23:50.213  9162  9459 D DigestGenerator: at android.app.Instrumentation.callActivityOnCreate(Instrumentation.java:XX)
01-13 14:23:50.213  9162  9459 D DigestGenerator: at android.app.ActivityThread.performLaunchActivity(ActivityThread.java:XX)
01-13 14:23:50.213  9162  9459 D DigestGenerator: at android.app.ActivityThread.handleLaunchActivity(ActivityThread.java:XX)
01-13 14:23:50.213  9162  9459 D DigestGenerator: at android.app.servertransaction.LaunchActivityItem.execute(LaunchActivityItem.java:XX)
01-13 14:23:50.213  9162  9459 D DigestGenerator: at android.app.servertransaction.TransactionExecutor.executeNonLifecycleItem(TransactionExecutor.java:XX)
01-13 14:23:50.213  9162  9459 D DigestGenerator: at android.app.servertransaction.TransactionExecutor.executeTransactionItems(TransactionExecutor.java:XX)
01-13 14:23:50.213  9162  9459 D DigestGenerator: at android.app.servertransaction.TransactionExecutor.execute(TransactionExecutor.java:XX)
01-13 14:23:50.213  9162  9459 D DigestGenerator: at android.app.ActivityThread$H.handleMessage(ActivityThread.java:XX)
01-13 14:23:50.213  9162  9459 D DigestGenerator: at android.os.Handler.dispatchMessage(Handler.java:XX)
01-13 14:23:50.213  9162  9459 D DigestGenerator: at android.os.Looper.loopOnce(Looper.java:XX)
01-13 14:23:50.213  9162  9459 D DigestGenerator: at android.os.Looper.loop(Looper.java:XX)
01-13 14:23:50.213  9162  9459 D DigestGenerator: at android.app.ActivityThread.main(ActivityThread.java:XX)
01-13 14:23:50.213  9162  9459 D DigestGenerator: at java.lang.reflect.Method.invoke(Native Method)
01-13 14:23:50.213  9162  9459 D DigestGenerator: at com.android.internal.os.RuntimeInit$MethodAndArgsCaller.run(RuntimeInit.java:XX)
01-13 14:23:50.213  9162  9459 D DigestGenerator: at com.android.internal.os.ZygoteInit.main(ZygoteInit.java:XX)
01-13 14:23:50.213  5321  5646 D MiuiDecorationBase: updateVisibility_HomeBottomCaption: taskId=1, isRotationAnimationRunning=false, mCaptionVisible=true, isCaptionVisible=true
01-13 14:23:50.213  5321  5646 D MiuiDecorationMoveHelper: periodicallyMoveUpFirst mTaskId=1, windowingMode=1, caller=relayout
01-13 14:23:50.213  5321  5646 I MultiTaskingTaskRepository: needSkip::taskInfo.baseActivity = null
01-13 14:23:50.213  5321  5646 D MiuiDecorationController: relayout:: taskId=770 mRunningTaskInfo.mStatusBarParent=Surface(name=StatusBar Container of Task = 770#49238)/@0x8af3a4a taskInfo.mStatusBarParent=Surface(name=StatusBar Container of Task = 770#49238)/@0x75cc8a2
01-13 14:23:50.213  5321  5646 D MiuiDecorationController: relayout:: taskId=770 mRunningTaskInfo.mNavBarParent=Surface(name=NavigationBar Container of Task = 770#49237)/@0x59a8dbb taskInfo.mNavBarParent=Surface(name=NavigationBar Container of Task = 770#49237)/@0x6eef933
01-13 14:23:50.213  5321  5646 D MiuiDecorationController: relayout::taskId=770, visible=true, bounds=Rect(0, 0 - 1440, 3200), focused=true, oldImmersive=false, newImmersive=false, windowMode=1, activityType=1, displayId=0, baseActivity=null, topActivity=null, callers=com.android.wm.shell.multitasking.miuimultiwinswitch.miuiwindowdecor.decoration.MiuiDecorationController.relayout:4 com.android.wm.shell.multitasking.miuimultiwinswitch.miuiwindowdecor.MulWinSwitchDecorViewModel.onTaskInfoChanged:18 com.android.wm.shell.multitasking.common.taskmanager.MultiTaskingTaskListener.onTaskInfoChanged:47 com.android.wm.shell.ShellTaskOrganizer.onTaskInfoChanged:129 android.window.TaskOrganizer$1.lambda$onTaskInfoChanged$6:300 
01-13 14:23:50.213  5321  5646 D MiuiDecorationDot: needTopCaption: isFullscreen = true isPadDevice = false isFoldInnerScreen = false canShowCaptionWhenCasting = false
01-13 14:23:50.213  5321  5646 D MiuiDecorationDot: releaseViews_TopCaption: taskId=770
01-13 14:23:50.213  5321  5646 D MiuiDecorationDot: releaseViews_TopCaption: taskId=770
01-13 14:23:50.213  5321  5646 D MiuiDecorationBottom: needBottomCaption: needShow = true
01-13 14:23:50.213  5321  5646 D MiuiDecorationBottom: updateRootView_BottomCaption: taskId = 770 needBottomCaption = true bottomCaptionView = java.lang.Object@df59424
01-13 14:23:50.213  5321  5646 D MiuiDecorationBottom: updateViews_BottomCaption: taskId=770 scale=1.0 outResult = RelayoutResult{mRoot=java.lang.Object@df59424, mCaptionX=468, mCaptionY=3162, mCaptionWidth=504.0, mCaptionHeight=60.0}
01-13 14:23:50.213  9162  9459 W JavaExceptionHandler: Too noisy! skip duplicate java exception report:com.soundtherapyapp now=1768285430213 mLastReportTime=1768285415444 interval=60000
01-13 14:23:50.213  5321  5646 D MiuiDecorationBase: updateFocus: update targetAlpha = 166, taskId = 770
01-13 14:23:50.213  5321  5646 D MiuiDecorationBase: updateSampling_BottomCaption: taskId = 770 scale = 1.0 mTaskBounds = Rect(0, 0 - 1440, 3200) mCaptionVisibility = true mIsFsgestureEntered = false isRunningAnim = false isDraggingRecent = false isFreeformElude = false isDecorationShowing = true shouldEnableSampling = true
01-13 14:23:50.213  5321  5646 D MiuiDecorationBase: updateSampling_BottomCaption: samplingRect = Rect(468, 3162 - 972, 3177)
01-13 14:23:50.213  5321  5646 D MiuiDecorationBase: updateVisibility_BottomCaption: taskId=770, isRotationAnimationRunning=false, mCaptionVisible=true, isCaptionVisible=true
01-13 14:23:50.213  5321  5646 D MiuiDecorationMoveHelper: periodicallyMoveUpFirst mTaskId=770, windowingMode=1, caller=relayout
01-13 14:23:50.214  5321  5646 D MiuiFreeformModeController: onFocusTaskChanged taskInfo: TaskInfo{userId=0 taskId=770 effectiveUid=10405 displayId=0 isRunning=false baseIntent=Intent { flg=0x10000000 cmp=com.soundtherapyapp/.MainActivity } baseActivity=null topActivity=null origActivity=null realActivity=ComponentInfo{com.soundtherapyapp/com.soundtherapyapp.MainActivity} numActivities=0 lastActiveTime=347879447 supportsSplitScreenMultiWindow=true mSoScDisplayMode=-1 supportsMultiWindow=true resizeMode=1 isResizeable=true minWidth=-1 minHeight=-1 defaultMinSize=200 token=WCT{android.window.IWindowContainerToken$Stub$Proxy@b15f58f} topActivityType=1 pictureInPictureParams=null shouldDockBigOverlays=false launchIntoPipHostTaskId=-1 lastParentTaskIdBeforePip=-1 displayCutoutSafeInsets=Rect(0, 161 - 0, 0) topActivityInfo=null launchCookies=[] positionInParent=Point(0, 0) parentTaskId=-1 isFocused=true isVisible=true isVisibleRequested=false isTopActivityNoDisplay=false isSleeping=false locusId=null displayAreaFeatureId=1 isTopActivityTransparent=false isActivityStackTransparent=true lastNonFullscreenBounds=Rect(372, 930 - 1068, 2370) capturedLink=null capturedLinkTimestamp=0 requestedVisibleTypes=-9 topActivityRequestOpenInBrowserEducationTimestamp=0 appCompatTaskInfo=AppCompatTaskInfo { topActivityInSizeCompat=false eligibleForLetterboxEducation= false topActivityInMiuiSizeCompat=false isLetterboxEducationEnabled= false isLetterboxDoubleTapEnabled= false eligibleForUserAspectRatioButton= false topActivityBoundsLetterboxed= false isFromLetterboxDoubleTap= false topActivityLetterboxVerticalPosition= -1 topActivityLetterboxHorizontalPosition= -1 topActivityLetterboxWidth=-1 topActivityLetterboxHeight=-1 topActivityAppBounds=Rect(0, 0 - 0, 0) isUserFullscreenOverrideEnabled=false isSystemFullscreenOverrideEnabled=false hasMinAspectRatioOverride=false topActivityLetterboxBounds=null cameraCompatTaskInfo=CameraCompatTaskInfo { freeformCameraCompatMode=undefined}} isImmersive=false mTopActivityRequestOrientation=-2 mStatusBarParent=Surface(name=StatusBar Container of Task = 770#49238)/@0x75cc8a2 mNavBarParent=Surface(name=NavigationBar Container of Task = 770#49237)/@0x6eef933 mBehindAppLockPkg=null mOriginatingUid=0 isEmbedded=false shouldBeVisible=false isCreatedByOrganizer=false mIsCastMode=false mTopActivityMediaSize=null mTopActivityRecordName=null mTopActivityOrientation=-2 topActivityMainWindowFrame=null}
01-13 14:23:50.214  5321  5646 D MiuiDecorationMoveHelper: periodicallyMoveUpFirst mTaskId=770, windowingMode=1, caller=Sampling
01-13 14:23:50.214  3278  3404 I TransitionImpl: home mode = 2
01-13 14:23:50.214  3278  3404 I TransitionImpl: home mode = 2
01-13 14:23:50.214  3278  3404 I TransitionImpl: home mode = 3
01-13 14:23:50.214  3278  3404 I WindowManager: wms.showSurfaceRobustly mWin:Window{9d06dfe u0 com.miui.miwallpaper.wallpaperservice.MiuiKeyguardPictorialWallpaper} in Surface(name=com.miui.miwallpaper.wallpaperservice.MiuiKeyguardPictorialWallpaper#66)/@0x8cb7262
01-13 14:23:50.214  3278  3404 I TransitionImpl: home mode = 2
01-13 14:23:50.214  3278  3404 I TransitionImpl: home mode = 2
01-13 14:23:50.214  3278  3404 I TransitionImpl: home mode = 3
01-13 14:23:50.214  3278  3404 I TransitionImpl: home mode = 2
01-13 14:23:50.214  3278  3404 I TransitionImpl: home mode = 2
01-13 14:23:50.214  3278  3404 I TransitionImpl: home mode = 3
01-13 14:23:50.214  3278  3404 I TransitionImpl: home mode = 2
01-13 14:23:50.214  3278  3404 I TransitionImpl: home mode = 2
01-13 14:23:50.214  3278  3404 I TransitionImpl: home mode = 3
01-13 14:23:50.214  2033  2033 D MI-SF   : isTpIdleScene ,mAverageFrameRate is 36, 0 
01-13 14:23:50.214  2033  2033 D MI-SF   : modeGroup0 mIsSupportAutomodeForMaxFpsSetting is 0(0), getCurrentBrightness() = 737(388), mIsKeepAutoMode 0 isAutoModeAllowed() 1
01-13 14:23:50.214  2033  2033 D RefreshRateSelector: fixedMode_group: 0, isFindModeGroup 0
01-13 14:23:50.214  2033  2033 D RefreshRateSelector: find max refresh rate:120, mode Group:0
01-13 14:23:50.215  2033  2109 D RenderEngine: makePassBlurBetterDownShader layername:Wallpaper BBQ wrapper#64
01-13 14:23:50.215  4686  6972 E ActivityManagerWrapper: getRecentTasksForceIncludingTaskIdIfValid: getRecentTasks: size=1
01-13 14:23:50.215  4686  6972 E ActivityManagerWrapper:  mainTaskId=770   userId=0   windowMode=1   isExcludedFromRecents=false   baseIntent=Intent { act=null flag=268435456 cmp=ComponentInfo{com.soundtherapyapp/com.soundtherapyapp.MainActivity} }
01-13 14:23:50.215  4686  6972 D RecentsTaskLoader: reloadTasksData [TaskKey{id=770, stackId=0, baseIntent=Intent { flg=0x10000000 cmp=com.soundtherapyapp/.MainActivity }, userId=0, lastActiveTime=347879447, windowingMode=1, isThumbnailBlur=false, isAccessLocked=false, isScreening=false, topActivity=null, mHashCode=23862622}, title=SoundTherapyApp, titleDescription=SoundTherapyApp, bounds=null, isLaunchTarget=false, isStackTask=true, isSystemApp=false, isDockable=true, baseActivity=null, isLocked=false, mNeedHide=false, hasMultipleTasks=false, cti1Key=, cti2Key=] 
01-13 14:23:50.216  9162  9459 W MQSEventManager: begin to storeEvent
01-13 14:23:50.216  1828  3093 I vendor.qti.hardware.display.composer-service: Sensor: notify citsensorservice to trigger cwb, misForced = 0
01-13 14:23:50.216  4686  6972 W IconCustomizer: Density abnormal: context density=586 systemDensity=600
01-13 14:23:50.217  1828  1828 I SDM     : CWB config passed by cwb_client : tappoint 1  CWB_ROI : (736.000000 70.000000 977.000000 311.000000) for display-0
01-13 14:23:50.217  4686  4686 D PassBlur: textureState not update, view com.miui.home.launcher.BlurView{5420920 V.ED..... ........ 0,0-1440,3200 #7f0a026a app:id/launcher_blur_view} visible is true
01-13 14:23:50.217  4686  6972 W IconCustomizer: Density abnormal: context density=586 systemDensity=600
01-13 14:23:50.217  3278  3405 I MiuiWallpaperSurfaceAnimation: wallpaperOffsets:xOffset=0.0,yOffset=0.0
01-13 14:23:50.217  3278  3405 D MiuiWallpaperSurfaceAnimation: updateScaleIfNeeded mPivotX: 0.5, mPivotY: 0.5, x: 0.0, y: 0.0, zoom: 1.0733373
01-13 14:23:50.217  4686  6972 D TaskSnapshotCompatVV: getIsInvalidateFromTaskSnapshot, return, mTaskSnapshot=null, mTaskSnapshotClazz=null
01-13 14:23:50.217  5321  5321 D DynamicIslandWindowViewController: handleDynamicIsland: action_update_light
01-13 14:23:50.217  5321  5321 D DynamicIslandWindowViewController: handleDynamicIsland: isLight false
01-13 14:23:50.218  5321  5321 D KeyguardEditorHelper: onTopActivityMayChanged, topActivity=ComponentInfo{com.miui.home/com.miui.home.launcher.Launcher}; mState=IDEL
01-13 14:23:50.218  4686  5632 D com.miui.home: backgroundBlur makeBackgroundImage (ShortcutMenuLayer-6-0xb400007838efed10), blurRadius(183), blurType(-1), blurScaleRatio(0.000000)
01-13 14:23:50.218  5321  5716 D VRI[Miui Bottom Caption of Task=1]: getMiuiFreeformStackInfo mTmpFrames.miuiFreeFormStackInfo: null
01-13 14:23:50.218  4686  5632 D com.miui.home: backgroundBlur makeBackgroundImage (BlurView-6-0xb400007838f44d30), blurRadius(101), blurType(-1), blurScaleRatio(0.000000)
01-13 14:23:50.218  3278  3822 E TransitionChain: Mismatch between current collecting (TransitionRecord{c5ce7f4 id=2494 type=CLOSE flags=0x10 c=[
01-13 14:23:50.218  3278  3822 E TransitionChain:    ChangeInfo{cf34b1d container=Task{39f5710 #770 type=standard A=10405:com.soundtherapyapp} flags=0x0}
01-13 14:23:50.218  3278  3822 E TransitionChain:    ChangeInfo{9e80192 container=Task{44844cf #2 type=home I=com.miui.home/.launcher.Launcher} flags=0x0}
01-13 14:23:50.218  3278  3822 E TransitionChain:    ChangeInfo{12f5763 container=Display{#0 state=ON size=1440x3200 ROTATION_0} flags=0x0}
01-13 14:23:50.218  3278  3822 E TransitionChain:    ChangeInfo{75a8f60 container=Task{68ecabd #1 type=home} flags=0x0}
01-13 14:23:50.218  3278  3822 E TransitionChain:    ChangeInfo{d7e7c19 container=ActivityRecord{112113090 u0 com.soundtherapyapp/.MainActivity t770 f}} flags=0x0}
01-13 14:23:50.218  3278  3822 E TransitionChain:    ChangeInfo{d00a4de container=DefaultTaskDisplayArea@148137897 flags=0x0}
01-13 14:23:50.218  3278  3822 E TransitionChain:    ChangeInfo{d3606bf container=ActivityRecord{163041850 u0 com.miui.home/.launcher.Launcher t2} flags=0x0}
01-13 14:23:50.218  3278  3822 E TransitionChain:    ChangeInfo{cc9418c container=WallpaperWindowToken{ff64f09 showWhenLocked=false} flags=0x0}
01-13 14:23:50.218  3278  3822 E TransitionChain: ]
01-13 14:23:50.218  3278  3822 E TransitionChain: }) and chain (TransitionRecord{c5ce7f4 id=2494 type=CLOSE flags=0x10 c=[
01-13 14:23:50.218  3278  3822 E TransitionChain:    ChangeInfo{cf34b1d container=Task{39f5710 #770 type=standard A=10405:com.soundtherapyapp} flags=0x0}
01-13 14:23:50.218  3278  3822 E TransitionChain:    ChangeInfo{9e80192 container=Task{44844cf #2 type=home I=com.miui.home/.launcher.Launcher} flags=0x0}
01-13 14:23:50.218  3278  3822 E TransitionChain:    ChangeInfo{12f5763 container=Display{#0 state=ON size=1440x3200 ROTATION_0} flags=0x0}
01-13 14:23:50.218  3278  3822 E TransitionChain:    ChangeInfo{75a8f60 container=Task{68ecabd #1 type=home} flags=0x0}
01-13 14:23:50.218  3278  3822 E TransitionChain:    ChangeInfo{d7e7c19 container=ActivityRecord{112113090 u0 com.soundtherapyapp/.MainActivity t770 f}} flags=0x0}
01-13 14:23:50.218  3278  3822 E TransitionChain:    ChangeInfo{d00a4de container=DefaultTaskDisplayArea@148137897 flags=0x0}
01-13 14:23:50.218  3278  3822 E TransitionChain:    ChangeInfo{d3606bf container=ActivityRecord{163041850 u0 com.miui.home/.launcher.Launcher t2} flags=0x0}
01-13 14:23:50.218  3278  3822 E TransitionChain:    ChangeInfo{cc9418c container=WallpaperWindowToken{ff64f09 showWhenLocked=false} flags=0x0}
01-13 14:23:50.218  3278  3822 E TransitionChain: ]
01-13 14:23:50.218  3278  3822 E TransitionChain: })
01-13 14:23:50.218  3278  3822 D ActivityTaskManager:  setSkipCaptureLayers tr: Task{39f5710 #770 type=standard A=10405:com.soundtherapyapp}
01-13 14:23:50.218  5321  5716 D VRI[Miui Bottom Caption of Task=770]: getMiuiFreeformStackInfo mTmpFrames.miuiFreeFormStackInfo: null
01-13 14:23:50.218  9162  9459 D MQSEventManager: send MSG_JUDGE_TRANSMISSION packageName com.soundtherapyapp
01-13 14:23:50.218  9162  9459 W JavaExceptionHandler: Too noisy! skip duplicate java exception report:com.soundtherapyapp now=1768285430218 mLastReportTime=1768285415444 interval=60000
01-13 14:23:50.218  9162  9459 W MQSEventManager: Too noisy! Bail the event:com.soundtherapyapp type:1
01-13 14:23:50.218  9162  9460 D MQSEventManager: begin call thirdappassistant
01-13 14:23:50.219  7406 10669 I SmartAppAssistant: ThirdAppAssistantProvider ThirdAppAssistant is queried
01-13 14:23:50.221 16169 16169 D HidDeviceService: handleMessage(): msg.what=8
01-13 14:23:50.221  3278  4130 I MiuiNetworkPolicy: updateUidState uid = 10092, uidState = 5
01-13 14:23:50.221 31922 31956 I htmlviewercloudcontrol: isStagingEnv:false param =  taa_SwitchStatus  uriMatch = 2, cluster: cn, version: 649476, traceId: 3207d9982ba3ad88be5aad14ba11fab1, regId: 3y/5YAKKsG4DaTUEqYP8xrCGGdYjHRJxuJepRV34cHdbfLdNYsnawrrMuDZmuv5e
01-13 14:23:50.222  5321  5321 D DynamicIslandSafeguardsController: delayExitApp: com.soundtherapyapp com.soundtherapyapp count = 0
01-13 14:23:50.223  2033  2033 D MI-SF   : isTpIdleScene ,mAverageFrameRate is 36, 0 
01-13 14:23:50.223  2033  2033 D MI-SF   : modeGroup0 mIsSupportAutomodeForMaxFpsSetting is 0(0), getCurrentBrightness() = 737(388), mIsKeepAutoMode 0 isAutoModeAllowed() 1
01-13 14:23:50.223  2033  2033 D RefreshRateSelector: fixedMode_group: 0, isFindModeGroup 0
01-13 14:23:50.223  2033  2033 D RefreshRateSelector: find max refresh rate:120, mode Group:0
01-13 14:23:50.223  3278  3404 I DPSImpl : com.android.server.wm.WindowState hide ime, enable touchboost
01-13 14:23:50.223  3278  3404 I DPSImpl : com.android.server.wm.WindowState hide ime, enable touchboost
01-13 14:23:50.223 31922 31956 I htmlviewercloudcontrol: isStagingEnv:false param =  taa_SwitchStatus  uriMatch = 2, cluster: cn, version: 649476, traceId: 3207d9982ba3ad88be5aad14ba11fab1, regId: 3y/5YAKKsG4DaTUEqYP8xrCGGdYjHRJxuJepRV34cHdbfLdNYsnawrrMuDZmuv5e
01-13 14:23:50.225  3278  3405 I MiuiWallpaperSurfaceAnimation: wallpaperOffsets:xOffset=0.0,yOffset=0.0
01-13 14:23:50.225  3278  3405 D MiuiWallpaperSurfaceAnimation: updateScaleIfNeeded mPivotX: 0.5, mPivotY: 0.5, x: 0.0, y: 0.0, zoom: 1.0767791
01-13 14:23:50.225  4686  4686 D PassBlur: textureState not update, view com.miui.home.launcher.BlurView{5420920 V.ED..... ........ 0,0-1440,3200 #7f0a026a app:id/launcher_blur_view} visible is true
01-13 14:23:50.226  4686  5632 D com.miui.home: backgroundBlur makeBackgroundImage (ShortcutMenuLayer-6-0xb400007838efed10), blurRadius(183), blurType(-1), blurScaleRatio(0.000000)
01-13 14:23:50.226  4686  5632 D com.miui.home: backgroundBlur makeBackgroundImage (BlurView-6-0xb400007838f44d30), blurRadius(104), blurType(-1), blurScaleRatio(0.000000)
01-13 14:23:50.228  4686  4686 D Launcher.Lifecycle: onWindowFocusChanged:true,UserHandle{0},bfe571,false
01-13 14:23:50.228  4686  4686 D Launcher_UnlockAnimationStateMachine: onWindowFocus:PAUSE_WAIT
01-13 14:23:50.228  4686  4686 D Launcher_UnlockAnimationStateMachine: showAnimation = PAUSE_WAIT
01-13 14:23:50.228  4686  4686 I HandWritingStubImpl: refreshLastKeyboardType: 1
01-13 14:23:50.228  4686  4686 I HandWritingStubImpl: getCurrentKeyboardType: 1
01-13 14:23:50.229  3278  3961 W InputMethodManagerService: Clear show forced flag.
01-13 14:23:50.229  3278  3961 I ImeTracker: com.miui.home:43cd104a: onRequestHide at ORIGIN_SERVER reason HIDE_SAME_WINDOW_FOCUSED_WITHOUT_EDITOR fromUser false
01-13 14:23:50.229  3278  3961 W SecurityInputMethodSwitcher: first check switch to security ime: false
01-13 14:23:50.229  3278  3961 W SecurityInputMethodSwitcher: double check switch to security ime: false
01-13 14:23:50.229  3278  3961 W SecurityInputMethodSwitcher: switch to other input method from security ime:false mayChangeToMiuiSecurityInputMethod: false current focus window: android.os.BinderProxy@f3787dd
01-13 14:23:50.229  4686  4686 D InsetsController: hide(ime(), fromIme=false)
01-13 14:23:50.229  3278  3961 D InputMethodManagerService: startInputUncheckedLocked:set client state as:ClientState{8bcd507 mUid=10142 mPid=4686 mSelfReportedDisplayId=0}
01-13 14:23:50.229  4686  4686 I ImeTracker: com.miui.home:43cd104a: onCancelled at PHASE_CLIENT_ALREADY_HIDDEN
01-13 14:23:50.229  3278  3961 D InputMethodManagerServiceImpl: ime switch to security: false , switch to normal ime: false , switch from security: false
01-13 14:23:50.229 31922 31956 I htmlviewercloudcontrol: isStagingEnv:false param =  taa_SwitchStatus  uriMatch = 2, cluster: cn, version: 649476, traceId: 3207d9982ba3ad88be5aad14ba11fab1, regId: 3y/5YAKKsG4DaTUEqYP8xrCGGdYjHRJxuJepRV34cHdbfLdNYsnawrrMuDZmuv5e
01-13 14:23:50.229  9955  9955 D SogouIME: onFinishInput: attribute:com.miui.home 128174147
01-13 14:23:50.230  9955  9955 D MainImeServiceDel: doOnFinishInput: 
01-13 14:23:50.230  9955  9955 D InputLogic: resetChinese: 
01-13 14:23:50.230  9955  9955 D SogouIME: onStartInput: attribute:com.miui.home 228127550 restarting:false
01-13 14:23:50.230  9955  9955 D SogouIME: checkFractionChange: 
01-13 14:23:50.231  2596  4119 I libsensor-boledalgo: Write:the value of channelCali C:10863.8,R:3831.2,G:4206.6,B:635.7,scales [0.768425,0.771258,0.754871,0.816696]
01-13 14:23:50.231  2596  4119 D libsensor-boledalgo: brightness:804,R:1.0,G:5388.2,B:5957.1,EVENT C:29270.0,R:7745.0,G:6989.0,B:2228.0, lux: 11.3, clone:1995
01-13 14:23:50.231  2033  2033 D MI-SF   : isTpIdleScene ,mAverageFrameRate is 36, 0 
01-13 14:23:50.231  2033  2033 D MI-SF   : modeGroup0 mIsSupportAutomodeForMaxFpsSetting is 0(0), getCurrentBrightness() = 737(388), mIsKeepAutoMode 0 isAutoModeAllowed() 1
01-13 14:23:50.231  2033  2033 D RefreshRateSelector: fixedMode_group: 0, isFindModeGroup 0
01-13 14:23:50.231  2033  2033 D RefreshRateSelector: find max refresh rate:120, mode Group:0
01-13 14:23:50.231  3278  6006 I SmartPower: com.xiaomi.market/10168(21761): idle->background(11724ms) R(content provider start ContentProviderRecord{ac1a67a u0 com.xiaomi.market/.provider.MarketProvider}) adj=0.
01-13 14:23:50.232 21673 21673 I adbd    : Remote process closed the socket (on MSG_PEEK)
01-13 14:23:50.232  3278  4130 I MiuiNetworkPolicy: updateUidState uid = 10203, uidState = 5
01-13 14:23:50.232  3278  4130 I MiuiNetworkPolicy: updateUidState uid = 10168, uidState = 5
01-13 14:23:50.232  3278  4130 I MiuiNetworkPolicy: updateUidState uid = 10159, uidState = 5
01-13 14:23:50.232  3278  4130 I MiuiNetworkPolicy: updateUidState uid = 10089, uidState = 5
01-13 14:23:50.232  3278  3379 D GnssSsruImpl: onLocationPermissionsChanged provider:network packageName:com.miui.hybrid
01-13 14:23:50.232  3278  3379 D GnssSsruImpl: onLocationPermissionsChanged provider:passive packageName:com.miui.hybrid
01-13 14:23:50.232  1828  2639 I SDM     : HWDeviceDRM::SetupConcurrentWriteback: Tear down the Concurrent Writeback topology
01-13 14:23:50.233 16169 16169 D HidDeviceService: handleMessage(): msg.what=8
01-13 14:23:50.233 16169 16169 D HidDeviceService: handleMessage(): msg.what=8
01-13 14:23:50.233  1692  1692 I Zygote  : Process 30731 exited due to signal 9 (Killed)
01-13 14:23:50.233  3278  3342 I ActivityManager: Process com.soundtherapyapp (pid 30731) has died: fg  TOP 
01-13 14:23:50.233  3278  3421 I ActivityManager: Got SIGCHLD from zygote: pid=30731, uid=10405, status=9
01-13 14:23:50.233  3278  3342 D MiuiDamonService: report App died, packageName = com.soundtherapyapp, pid = 30731
01-13 14:23:50.233  3278  4257 E ProcessManager: error write exception log
01-13 14:23:50.233  3278  3405 I MiuiWallpaperSurfaceAnimation: wallpaperOffsets:xOffset=0.0,yOffset=0.0
01-13 14:23:50.233  3278  3405 D MiuiWallpaperSurfaceAnimation: updateScaleIfNeeded mPivotX: 0.5, mPivotY: 0.5, x: 0.0, y: 0.0, zoom: 1.0800843
01-13 14:23:50.233  3278  3342 I ActivityManager: note: ProcessRecord{f9e9eca 30731:com.soundtherapyapp/u0a405} died, saving the exit info
01-13 14:23:50.234 16169 16169 D HidDeviceService: handleMessage(): msg.what=8
01-13 14:23:50.233  1841  1841 I vendor.qti.hardware.servicetrackeraidl-service: killProcess is called for pid : 30731
01-13 14:23:50.234  3278  3342 D WindowManager: Collecting in transition 2494: Task{39f5710 #770 type=standard A=10405:com.soundtherapyapp} init visibleRequested:false
01-13 14:23:50.234  4686  4686 D PassBlur: textureState not update, view com.miui.home.launcher.BlurView{5420920 V.ED..... ........ 0,0-1440,3200 #7f0a026a app:id/launcher_blur_view} visible is true
01-13 14:23:50.234  3278  3342 D WindowManager: Collecting in transition 2494: ActivityRecord{112113090 u0 com.soundtherapyapp/.MainActivity t770 f}} init visibleRequested:false
01-13 14:23:50.234  3278  3342 I WindowManager: Not remove startingWindow because this = com.android.server.wm.ActivityRecordImpl@4d80eb7 activityState = DESTROYED mOnFirstWindowDrawn = false mStartingData = SplashScreenStartingData{d6c762f removeAfterTransaction= 1} mSyncState = 2 inPlaying = true isCollecting = true collecting = TransitionRecord{c5ce7f4 id=2494 type=CLOSE flags=0x10 c=[
01-13 14:23:50.234  3278  3342 I WindowManager:    ChangeInfo{cf34b1d container=Task{39f5710 #770 type=standard A=10405:com.soundtherapyapp} flags=0x0}
01-13 14:23:50.234  3278  3342 I WindowManager:    ChangeInfo{9e80192 container=Task{44844cf #2 type=home I=com.miui.home/.launcher.Launcher} flags=0x0}
01-13 14:23:50.234  3278  3342 I WindowManager:    ChangeInfo{12f5763 container=Display{#0 state=ON size=1440x3200 ROTATION_0} flags=0x0}
01-13 14:23:50.234  3278  3342 I WindowManager:    ChangeInfo{75a8f60 container=Task{68ecabd #1 type=home} flags=0x0}
01-13 14:23:50.234  3278  3342 I WindowManager:    ChangeInfo{d7e7c19 container=ActivityRecord{112113090 u0 com.soundtherapyapp/.MainActivity t770 f}} flags=0x0}
01-13 14:23:50.234  3278  3342 I WindowManager:    ChangeInfo{d00a4de container=DefaultTaskDisplayArea@148137897 flags=0x0}
01-13 14:23:50.234  3278  3342 I WindowManager:    ChangeInfo{d3606bf container=ActivityRecord{163041850 u0 com.miui.home/.launcher.Launcher t2} flags=0x0}
01-13 14:23:50.234  3278  3342 I WindowManager:    ChangeInfo{cc9418c container=WallpaperWindowToken{ff64f09 showWhenLocked=false} flags=0x0}
01-13 14:23:50.234  3278  3342 I WindowManager: ]
01-13 14:23:50.234  3278  3342 I WindowManager: }
01-13 14:23:50.234  3278  3342 D WindowManager: The activity has been destroyed, and the startingWindow should be removed at this time.
01-13 14:23:50.234  3278  3342 D BarFollowAnimation: onTaskInfoChanedForCaptionBar Task{39f5710 #770 type=standard A=10405:com.soundtherapyapp} shouldbeVisible:false isVisible:true isOnTop:false windowMode:1 preDisplayId:-1 displayId:0 mCaptionAssociatedTask:null mIsTouchedInCaption:false
01-13 14:23:50.234  3278  3421 I libc    : kill: send 9 to pid -30731
01-13 14:23:50.234  4686  5632 D com.miui.home: backgroundBlur makeBackgroundImage (ShortcutMenuLayer-6-0xb400007838efed10), blurRadius(183), blurType(-1), blurScaleRatio(0.000000)
01-13 14:23:50.234  3278  3342 D BarFollowAnimation: isAppTaskBarOnTop win:Window{7f85f52 u0 com.miui.home/com.miui.home.launcher.Launcher} (mCurrentTopTask:Task{39f5710 #770 type=standard A=10405:com.soundtherapyapp} : false); (mAssociatedTask:Task{39f5710 #770 type=standard A=10405:com.soundtherapyapp} : false); (mHomeTask:Task{68ecabd #1 type=home} : false); mReparentToOriginParent:false mLastAppBarVisible:true mLastHomeBarVisible:false
01-13 14:23:50.234 22881 23009 D IdProviderImpl: getOAID from com.miui.analytics
01-13 14:23:50.234  3278  3424 I ActivityManager: zygote: proc died: pid=30731 uid=10405, status=9
01-13 14:23:50.234  3278  3421 I libc    : debug pid reuse, real pid -30731
01-13 14:23:50.234  3278  3342 D WindowManager: wms.Input focus has changed to Window{7f85f52 u0 com.miui.home/com.miui.home.launcher.Launcher} display=0 updateInputWindows = true
01-13 14:23:50.234  3278  3342 I MultiSenceManagerInternalStub: getInstance
01-13 14:23:50.234  3278  3424 I ActivityManager: Update process exit info for com.soundtherapyapp(30731/u10405)
01-13 14:23:50.235  4686  5632 D com.miui.home: backgroundBlur makeBackgroundImage (BlurView-6-0xb400007838f44d30), blurRadius(106), blurType(-1), blurScaleRatio(0.000000)
01-13 14:23:50.235 26170 10924 D MyLog   : -->log(1): [Tid:3399] [KeepAliveManager] -->onProcessDied(), pid=30731, uid=10405
01-13 14:23:50.235  3278  4451 I MultiSenceManagerInternalStubImpl: packageName = com.miui.home
01-13 14:23:50.235  3278  3342 D PerfMTKStubImpl: perfLockAcquire
01-13 14:23:50.235  3278  3342 D PerfStubImpl: perfWarmLaunchBoost: com.miui.home, -1, 1
01-13 14:23:50.235  3278  4451 W ContextImpl: Calling a method in the system process without a qualified user: android.app.ContextImpl.sendBroadcast:1280 com.android.server.wm.MultiSenceManagerInternalStubImpl.sendFocusWindowsBroadcast:151 com.android.server.wm.MultiSenceManagerInternalStubImpl$UpdateScreenStatus.run:96 android.os.Handler.handleCallback:995 android.os.Handler.dispatchMessage:103 
01-13 14:23:50.235  3278  3342 D BarFollowAnimation: onTaskInfoChanedForCaptionBar Task{68ecabd #1 type=home} shouldbeVisible:true isVisible:true isOnTop:true windowMode:1 preDisplayId:-1 displayId:0 mCaptionAssociatedTask:null mIsTouchedInCaption:false
01-13 14:23:50.235  1834  2080 E PERFHAL-UTIL: PERFHAL-UTIL: save_node_val() 266: Failed to read /sys/class/mmc_host/mmc0/clk_scaling/enable
01-13 14:23:50.235  1834  2080 E PERFHAL-OPTSHANDLER: PERFHAL-OPTSHANDLER: modify_sysfsnode() 1409: Failed to read /sys/class/mmc_host/mmc0/clk_scaling/enable
01-13 14:23:50.235  1834  2080 E PERFHAL-RESOURCEQS: PERFHAL-RESOURCEQS: AddAndApply() 159: Failed to apply optimization [11, 4]
01-13 14:23:50.236  3278  3342 I ATMSImpl: cacheTasksForDefaultDisplay size=1 topId=2
01-13 14:23:50.236  3278  3342 D Transition: setReady 2494 wc=Display{#0 state=ON size=1440x3200 ROTATION_0} ready=true
01-13 14:23:50.236 26170 26170 D AppLifecycleObserver: onReceive: com.soundtherapyapp DESTROY
01-13 14:23:50.236  3278  3342 D WindowManager: Set transition=TransitionRecord{c5ce7f4 id=2494 type=CLOSE flags=0x10 c=[
01-13 14:23:50.236  3278  3342 D WindowManager:    ChangeInfo{cf34b1d container=Task{39f5710 #770 type=standard A=10405:com.soundtherapyapp} flags=0x0}
01-13 14:23:50.236  3278  3342 D WindowManager:    ChangeInfo{9e80192 container=Task{44844cf #2 type=home I=com.miui.home/.launcher.Launcher} flags=0x0}
01-13 14:23:50.236  3278  3342 D WindowManager:    ChangeInfo{12f5763 container=Display{#0 state=ON size=1440x3200 ROTATION_0} flags=0x0}
01-13 14:23:50.236  3278  3342 D WindowManager:    ChangeInfo{75a8f60 container=Task{68ecabd #1 type=home} flags=0x0}
01-13 14:23:50.236  3278  3342 D WindowManager:    ChangeInfo{d7e7c19 container=ActivityRecord{112113090 u0 com.soundtherapyapp/.MainActivity t770 f} isExiting} flags=0x0}
01-13 14:23:50.236  3278  3342 D WindowManager:    ChangeInfo{d00a4de container=DefaultTaskDisplayArea@148137897 flags=0x0}
01-13 14:23:50.236  3278  3342 D WindowManager:    ChangeInfo{d3606bf container=ActivityRecord{163041850 u0 com.miui.home/.launcher.Launcher t2} flags=0x0}
01-13 14:23:50.236  3278  3342 D WindowManager:    ChangeInfo{cc9418c container=WallpaperWindowToken{ff64f09 showWhenLocked=false} flags=0x0}
01-13 14:23:50.236  3278  3342 D WindowManager: ]
01-13 14:23:50.236  3278  3342 D WindowManager: }, ready=true, SyncId=2494 info=used=true, override=false, defer=0, states=Display{#0 state=ON size=1440x3200 ROTATION_0}:true reason=com.android.server.wm.Transition.applyReady:1263 com.android.server.wm.Transition.setReady:1245 com.android.server.wm.TransitionController.setReady:1157 com.android.server.wm.TransitionController.setReady:1162 com.android.server.wm.DisplayContent.executeAppTransition:6208 com.android.server.wm.RootWindowContainer.executeAppTransitionForAllDisplay:2613 com.android.server.wm.ActivityRecord.completeResumeLocked:7196 com.android.server.wm.TaskFragment.resumeTopActivity:2013 
01-13 14:23:50.237  3278  3342 W AppCompatLetterboxPolicy: start not layout letterbox Window{580216e u0 LauncherOverlayWindow:com.miui.personalassistant}
01-13 14:23:50.237  3278  3342 W AppCompatLetterboxPolicy: start not layout letterbox Window{41595f6 u0 LauncherOverlayWindow:com.android.quicksearchbox}
01-13 14:23:50.237  3278  3342 D BarFollowAnimation: pairAppearanceRegionAndWin win=Window{7f85f52 u0 com.miui.home/com.miui.home.launcher.Launcher} 0
01-13 14:23:50.237  3278  4130 I MiuiNetworkPolicy: removeUidState uid = 10405
01-13 14:23:50.237  3278  3342 D BarFollowAnimation: isAppTaskBarOnTop win:Window{7f85f52 u0 com.miui.home/com.miui.home.launcher.Launcher} (mCurrentTopTask:Task{39f5710 #770 type=standard A=10405:com.soundtherapyapp} : false); (mAssociatedTask:Task{39f5710 #770 type=standard A=10405:com.soundtherapyapp} : false); (mHomeTask:Task{68ecabd #1 type=home} : true); mReparentToOriginParent:false mLastAppBarVisible:true mLastHomeBarVisible:false
01-13 14:23:50.237  1819  1927 I ANDR-PWR-OPT: GAMEPOWEROPT: sendEvents() 231: Start hint for app com.miui.home/com.miui.home.launcher.Launcher/601031904, hintID : 4099, hintID hex : 1003 value: -1
01-13 14:23:50.237  3278  3342 D MiuiRefreshRatePolicy: reset
01-13 14:23:50.237  1819  1927 I ANDR-PWR-OPT: PowerAppClassifier: getAppType() 59: checking app [com.miui.home] is type 1
01-13 14:23:50.237  1819  1927 I ANDR-PWR-OPT: GAMEPOWEROPT: isGame() 348: com.miui.home is Game = 1
01-13 14:23:50.237  9171 17331 D ForegroundUtils: UID: 10405 deleted.
01-13 14:23:50.237  3278  3342 I TransitionImpl: home mode = 2
01-13 14:23:50.237  3278  3342 I TransitionImpl: home mode = 2
01-13 14:23:50.237  3278  3342 I TransitionImpl: home mode = 3
01-13 14:23:50.237  3278  3342 I TransitionImpl: home mode = 2
01-13 14:23:50.237  3278  3342 I TransitionImpl: home mode = 2
01-13 14:23:50.237  3278  3342 I TransitionImpl: home mode = 3
01-13 14:23:50.237  3278  3342 I TransitionImpl: home mode = 2
01-13 14:23:50.237  3278  3342 I TransitionImpl: home mode = 2
01-13 14:23:50.237  3278  3342 I TransitionImpl: home mode = 3
01-13 14:23:50.237  3278  3342 I TransitionImpl: home mode = 2
01-13 14:23:50.237  3278  3342 I TransitionImpl: home mode = 2
01-13 14:23:50.237  3278  3342 I TransitionImpl: home mode = 3
01-13 14:23:50.237  9372  9748 V OsAgent : broadcastSystemEvent - 7
01-13 14:23:50.237 26170 26170 D PkgUtils: getApplicationInfo packageName:com.soundtherapyapp, flags:128 applicationInfo:ApplicationInfo{91e4d8b com.soundtherapyapp} needSecondSpace:false
01-13 14:23:50.238  4686  4686 D Activity: Activity = ActivityInfo{521ca3a com.miui.home.launcher.Launcher}, Resume onConfigurationChanged = {0.97734624 460mcc11mnc [zh_CN] ldltr sw384dp w384dp h853dp 586dpi nrml long hdr widecg port finger -keyb/v/h -nav/h winConfig={ mBounds=Rect(0, 0 - 1440, 3200) mAppBounds=Rect(0, 0 - 1440, 3200) mMaxBounds=Rect(0, 0 - 1440, 3200) mDisplayRotation=ROTATION_0 mWindowingMode=fullscreen mActivityType=home mAlwaysOnTop=undefined mRotation=ROTATION_0 mInSplitScreen=false letterBoxed=false foScaled=false isSpecificEmbedded=false embeddingScale=1.0} s.4 fontWeightAdjustment=0/d/o themeChanged=0 themeChangedFlags=0 display=0 extraData = Bundle[{}] screenType=0/o}
01-13 14:23:50.238  3278  3342 I AnimInterruptController: FIS reset Foresee interrupt status
01-13 14:23:50.238  3278  3342 D PreStartingManager: showPreStarting, colorSurfaceControl: Surface(name=PreColorStarting#49240)/@0x3af6ed4  preSurfaceControl: null
01-13 14:23:50.238  3278  3342 D miuiBarFollowAnimation:  BarFollowAnimation core services Flag is effective！
01-13 14:23:50.238  3278  3342 D miuiElementAnimation:  ElementAnimation core services Flag is effective！
01-13 14:23:50.238  3278  3342 I TransitionImpl: home mode = 2
01-13 14:23:50.238  3278  3342 I TransitionImpl: home mode = 3
01-13 14:23:50.238  3278  3342 I Transition: calculateTargets isHomeOpen = true, isHomeLaunchApp = false
01-13 14:23:50.238  3278  4147 D InetDiagMessage: Destroyed 0 sockets, proto=IPPROTO_TCP, family=AF_INET, states=14
01-13 14:23:50.238  3278  3342 D TransitionImpl: forceAddToTransition ActivityRecord{163041850 u0 com.miui.home/.launcher.Launcher t2}
01-13 14:23:50.238  3278  3342 D TransitionImpl: forceAddToTransition Task{68ecabd #1 type=home}
01-13 14:23:50.238  3278  3342 D TransitionImpl: forceAddToTransition Task{44844cf #2 type=home I=com.miui.home/.launcher.Launcher}
01-13 14:23:50.238  3278  3342 D TransitionImpl: forceAddToTransition Task{39f5710 #770 type=standard A=10405:com.soundtherapyapp}
01-13 14:23:50.238  3278  3342 D TransitionImpl: forceAddToTransition Task{44844cf #2 type=home I=com.miui.home/.launcher.Launcher}
01-13 14:23:50.238  3278  3342 D TransitionImpl: forceAddToTransition Task{68ecabd #1 type=home}
01-13 14:23:50.238  3278  3342 D TransitionImpl: forceAddToTransition Task{39f5710 #770 type=standard A=10405:com.soundtherapyapp}
01-13 14:23:50.238  3278  3342 D WindowManager: Final targets: [ChangeInfo{75a8f60 container=Task{68ecabd #1 type=home} flags=0x30}, ChangeInfo{cf34b1d container=Task{39f5710 #770 type=standard A=10405:com.soundtherapyapp} flags=0x10}, ChangeInfo{cc9418c container=WallpaperWindowToken{ff64f09 showWhenLocked=false} flags=0x0}]
01-13 14:23:50.238  3278  3823 D AppLock_AccessControlImpl: activityResume packageName: com.miui.home userId: 0 enabled: true
01-13 14:23:50.238  3278  3379 I NetworkBoostStatusManager: onUidGone uid: 10405
01-13 14:23:50.238  3278  3823 D AppLock_AccessControlImpl: activityResume lockMode: 1
01-13 14:23:50.238  4686  4686 D SecurityManager: checkAccessControl flag1
01-13 14:23:50.238  3278  6352 I SLM-SRV-SLSAppLib: SLM_Ai_Mode EVENT_CHECK_GMAE_AI_MODE_STATUS
01-13 14:23:50.238  3278  6352 I SLM-SRV-SLSAppLib: SLM_Ai_Mode checkGameAiModeStatus mGameAiModeCloudControl:true mLinkTurboAiModeSwitch:false mGameAiModeInterfaceReady:false mGameStartBattle:false powerMgrGameUid:0
01-13 14:23:50.238  5321  5646 I MultiTaskingTaskRepository: needSkip::taskInfo.baseActivity = null
01-13 14:23:50.238  4686  4686 D Launcher: Launcher.DeviceConfig onResume bounds = Rect(0, 0 - 1440, 3200)
01-13 14:23:50.238  4686  4686 D Launcher.DropTargetBar: update uninstall active when NO drag, active=false (edit=7, isUninstallDialogShowing=false, isWidgetPreviewShowing=false, isDefaultScreenPreviewShowing=false, isMenuVisible=false)
01-13 14:23:50.238  4686  4686 D Launcher.Lifecycle: onResume:UserHandle{0},bfe571,true
01-13 14:23:50.238  4686  4686 W Settings: Setting device_provisioned has moved from android.provider.Settings.Secure to android.provider.Settings.Global.
01-13 14:23:50.238  5321  5646 D MiuiDecorationController: relayout:: taskId=770 mRunningTaskInfo.mStatusBarParent=Surface(name=StatusBar Container of Task = 770#49238)/@0x75cc8a2 taskInfo.mStatusBarParent=Surface(name=StatusBar Container of Task = 770#49238)/@0x813d425
01-13 14:23:50.238  5321  5646 D MiuiDecorationController: relayout:: taskId=770 mRunningTaskInfo.mNavBarParent=Surface(name=NavigationBar Container of Task = 770#49237)/@0x6eef933 taskInfo.mNavBarParent=Surface(name=NavigationBar Container of Task = 770#49237)/@0x4b2c9fa
01-13 14:23:50.238  5321  5646 D MiuiDecorationController: relayout::taskId=770, visible=true, bounds=Rect(0, 0 - 1440, 3200), focused=false, oldImmersive=false, newImmersive=false, windowMode=1, activityType=1, displayId=0, baseActivity=null, topActivity=null, callers=com.android.wm.shell.multitasking.miuimultiwinswitch.miuiwindowdecor.decoration.MiuiDecorationController.relayout:4 com.android.wm.shell.multitasking.miuimultiwinswitch.miuiwindowdecor.MulWinSwitchDecorViewModel.onTaskInfoChanged:18 com.android.wm.shell.multitasking.common.taskmanager.MultiTaskingTaskListener.onTaskInfoChanged:47 com.android.wm.shell.ShellTaskOrganizer.onTaskInfoChanged:129 android.window.TaskOrganizer$1.lambda$onTaskInfoChanged$6:300 
01-13 14:23:50.238  5321  5646 D MiuiDecorationDot: needTopCaption: baseActivity and topActivity is null, taskId=770
01-13 14:23:50.238  3278  3421 I libprocessgroup: Removed cgroup /sys/fs/cgroup/apps/uid_10405/pid_30731
01-13 14:23:50.238  5321  5646 D MiuiDecorationDot: releaseViews_TopCaption: taskId=770
01-13 14:23:50.238  5321  5646 D MiuiDecorationDot: releaseViews_TopCaption: taskId=770
01-13 14:23:50.238  5321  5646 D MiuiDecorationBottom: needTopCaption: baseActivity and topActivity is null, taskId=770
01-13 14:23:50.238  3278  4147 D InetDiagMessage: Destroyed 0 sockets, proto=IPPROTO_TCP, family=AF_INET6, states=14
01-13 14:23:50.238  3278  3342 I DynamicIslandService: elementSurfaceTransition is null for:com.soundtherapyapp
01-13 14:23:50.238  4686  4686 D Launcher.FullbackHome: FallbackHomeCompat::needKillSelf::needKillSelf = false
01-13 14:23:50.238  5321  5646 D MiuiDecorationBottom: releaseViews_BottomCaption: taskId=770
01-13 14:23:50.238  3278  3342 D TransitionControllerImpl: Running TransitionRecord{570720d id=2493 type=OPEN flags=0x0 c=[
01-13 14:23:50.238  3278  3342 D TransitionControllerImpl:    ChangeInfo{16ef87d container=Task{39f5710 #770 type=standard A=10405:com.soundtherapyapp} flags=0x10}
01-13 14:23:50.238  3278  3342 D TransitionControllerImpl:    ChangeInfo{9a41372 container=Task{44844cf #2 type=home I=com.miui.home/.launcher.Launcher} flags=0x10}
01-13 14:23:50.238  3278  3342 D TransitionControllerImpl:    ChangeInfo{4f533c3 container=Display{#0 state=ON size=1440x3200 ROTATION_0} flags=0x0}
01-13 14:23:50.238  3278  3342 D TransitionControllerImpl:    ChangeInfo{dfea440 container=Task{68ecabd #1 type=home} flags=0x10}
01-13 14:23:50.238  3278  3342 D TransitionControllerImpl:    ChangeInfo{4f79f79 container=ActivityRecord{112113090 u0 com.soundtherapyapp/.MainActivity t770 f} isExiting} flags=0x0}
01-13 14:23:50.238  3278  3342 D TransitionControllerImpl:    ChangeInfo{9bf4be container=DefaultTaskDisplayArea@148137897 flags=0x0}
01-13 14:23:50.238  3278  3342 D TransitionControllerImpl:    ChangeInfo{fed491f container=ActivityRecord{163041850 u0 com.miui.home/.launcher.Launcher t2} flags=0x0}
01-13 14:23:50.238  3278  3342 D TransitionControllerImpl:    ChangeInfo{149c46c container=WallpaperWindowToken{a04a540 showWhenLocked=true} flags=0x0}
01-13 14:23:50.238  3278  3342 D TransitionControllerImpl:    ChangeInfo{dc9ba35 container=WallpaperWindowToken{ff64f09 showWhenLocked=false} flags=0x0}
01-13 14:23:50.238  3278  3342 D TransitionControllerImpl: ]
01-13 14:23:50.238  3278  3342 D TransitionControllerImpl: } may be interrupted by incoming TransitionRecord{c5ce7f4 id=2494 type=CLOSE flags=0x10 c=[
01-13 14:23:50.238  3278  3342 D TransitionControllerImpl:    ChangeInfo{cf34b1d container=Task{39f5710 #770 type=standard A=10405:com.soundtherapyapp} flags=0x10}
