01-23 17:29:11.919  5271  6197 D Modem_MEModuleSignal: onStateChanged: type = 15, value = true
01-23 17:29:11.919  5271  6197 D Modem_MEModuleSignalGesture: onStateChanged: type = 15, value = true
01-23 17:29:11.919  5271  6197 D Modem_MEModuleSignalGesture: isGameState = true
01-23 17:29:11.919  5271  6197 D Modem_MEModuleSignalGesture:  gripPostureState = -1, 0
01-23 17:29:11.919  5271  6197 D Modem_ModemEnhanceMain: repeat behavior, removeMessages and return!
01-23 17:29:11.919  5271  6197 D Modem_MEGestureModeConfig: coexistPolicyMatch matched index = 3   mode=1
01-23 17:29:11.919  5271  6197 D Modem_MEModuleSignalGesture: coexistMode new=0  old=0mode=1
01-23 17:29:11.919  5271  5271 D OemDataEnhance: mIntentReceiver action=com.android.phone.intent.action.CHANGE_LEVEL
01-23 17:29:11.919  5271  6197 D Modem_MEModuleTx: onStateChanged: type = 15, value = true
01-23 17:29:11.919 12372 12423 W ContextImpl: Calling a method in the system process without a qualified user: android.app.ContextImpl.sendStickyBroadcast:1670 android.content.ContextWrapper.sendStickyBroadcast:714 com.xiaomi.joyose.smartop.gamebooster.control.i.b:2001 com.xiaomi.joyose.smartop.smartp.SmartPPkgStatusManager.e:19 com.xiaomi.joyose.smartop.smartp.SmartPPkgStatusManager.a:1 
01-23 17:29:11.919  5271  6073 D HingeNetworkManager: EVENT_SET_LEVEL
01-23 17:29:11.920  5271  6081 D CellPingPongManager: processLlmChangeLevel isLlm=true, lastIsLlm=false
01-23 17:29:11.920  5271  6081 D CellPingPongManager: wifi=true, mobile=false, mode=true, sensorState=true
01-23 17:29:11.920  5271  6081 D CellPingPongManager: isNecessaryCase rst=false
01-23 17:29:11.920  5271  6088 D OemDataEnhance: processGameScene enable[true],simCn[1]
01-23 17:29:11.920 14839 16447 E HWUI    : Archi_PipelineCache, LoadPipelineInfoFile /data/user_de/0/com.soundtherapyapp/cache/com.android.vulkan.pipelineinfo failed
01-23 17:29:11.920 14839 16447 D HWUI    : [HWUI] Flag vulkan_enhance_pipeline_cache enabled
01-23 17:29:11.920 14839 16447 D HWUI    : [HWUI] EnhanceVkPipelineCache is enabled
01-23 17:29:11.920  3278  3419 D BroadcastQueue: Logging broadcast for com.xiaomi.bluetooth, stopped=false, firstLaunch=false
01-23 17:29:11.920  5271  6073 D HingeNetworkManager: enableDualLink alwaysOn=true,isRoaming=false,isDualLinkEnabled=falseScene=1
01-23 17:29:11.920  5271  6064 E CountableHandler: Pending message count is over 200, drop message.msg.what = 116 handler = Handler (com.android.phone.statistics.utils.ModemHydraStat$ModemHydraHandler) {eb04c79}
01-23 17:29:11.920  5271  6064 D MI_RIL_OEM_HOOK(com.android.phone): onPkHookCommonMsg, msg_id = 62, bytes = [B@7a129d9
01-23 17:29:11.920  5271  6064 D MI_RIL_OEM_HOOK(com.android.phone): bytes.length = 412
01-23 17:29:11.920  5271  6064 D MI_RIL_OEM_HOOK(com.android.phone): onGetHookMsgBytes, HOOK_HEAD_SIZE = 16, msg_len = 416
01-23 17:29:11.920  5271  6064 D MiRilHookAidlQcom(com.android.phone): onHookSendSync, phoneId = 0
01-23 17:29:11.920  5271  6064 D MiRilHookAidlQcom(com.android.phone): sendQcRilHookMsgSync, requestId = 524970, phoneId = 0, request = [B@1351f9e
01-23 17:29:11.920  5271  6064 D MiRilHookAidlQcom(com.android.phone): sendRilOemHookMsg: Outgoing Data is 514f454d484f4f4baa020800b00100003e0000000000000001000000b10000000000000000000000000000000000000000000000000000000000000000000000000000000000000000000000000000000000000000000000000000000000000000000000000000000000000000000000000000000000000000000000000000000000000000000000000000000000000000000000000000000000000000000000000000000000000000000000000000000000000000000000000000000000000000000000000000000000000000000000000000000000000000000000000000000000000000000000000000000000000000000000000000000000000000000000000000000000000000000000000000000000000000000000000000000000000000000000000000000000000000000000000000000000000000000000000000000000000000000000000000000000000000000000000000000000000000000000000000000000000000000000000000000000000000000000000000000000000000000000000000000000000000000000000000000000000000000000000000000000000000000000000000000000000000000000000000000000000000000000
01-23 17:29:11.920  5271  6064 D MiRilHookAidlQcom(com.android.phone): sendRilOemHookMsg, mService: com.qualcomm.qcrilmsgtunnel.IQcrilMsgTunnel$Stub$Proxy@d5088e0
01-23 17:29:11.920 18884 18884 D MiuiFastConnectService_Plugin: onReceive(): action = com.xiaomi.joyose.GAME_START
01-23 17:29:11.920 18884 18884 D MiuiFastConnectService_Plugin: game_start_state: true
01-23 17:29:11.920 18884 18884 D MiuiFastConnectService_Plugin: stopBleScan: scanning: true
01-23 17:29:11.920 18884 18884 D BluetoothAdapter: isLeEnabled(): ON
01-23 17:29:11.920 18884 18884 D BluetoothAdapter: isLeEnabled(): ON
01-23 17:29:11.920 14839 16447 D SKIA    : [Skia] Flag vulkan_enhance_pipeline_cache enabled
01-23 17:29:11.920 14839 16447 D SKIA    : [Skia] EnhanceVkPipelineCache is true
01-23 17:29:11.920  5026  5026 D QcrilMsgTunnelIfaceManager: handleMessage what = 1
01-23 17:29:11.920 12372 12423 W ContextImpl: Calling a method in the system process without a qualified user: android.app.ContextImpl.sendStickyBroadcast:1670 android.content.ContextWrapper.sendStickyBroadcast:714 com.xiaomi.joyose.smartop.gamebooster.control.i.b:2009 com.xiaomi.joyose.smartop.smartp.SmartPPkgStatusManager.e:19 com.xiaomi.joyose.smartop.smartp.SmartPPkgStatusManager.a:1 
01-23 17:29:11.920  5026  5026 I QcrilOemhookMsgTunnel: [0]invokeOemRilRequestRaw: serial=22790 length=448
01-23 17:29:11.920  5271  6055 D NetworkMetricsController: unregisterJoyoseInfoCallBack
01-23 17:29:11.921  9893 10273 D ScanController: stopScan() - queue size =5
01-23 17:29:11.921 12372 12423 I CurrentGameInfo: isGaming, mSceneId = -1
01-23 17:29:11.921 12372 12423 E g_AT    : is not perf version
01-23 17:29:11.921  3278  3419 D BroadcastQueue: Logging broadcast for android, stopped=false, firstLaunch=false
01-23 17:29:11.921  3278  4927 D MiuiMultiFingerGestureManager: ganme name: com.soundtherapyapp ganme uid: 10428
01-23 17:29:11.921  3278  4927 D MiuiMultiFingerGestureManager: isGameForeground: true
01-23 17:29:11.921  5271  6055 D NetworkMetricsController: EVENT_GAME_SCENE_CHANGED game=true,feature=true,depri=false
01-23 17:29:11.921  5271  6091 D SmartNetworkGameController: handle message msg.what = 7
01-23 17:29:11.921 12372 12423 I SmartPhoneTag_MiEventController: start watching
01-23 17:29:11.921  9893 10253 D BtGatt.ScanManagerInjector: onEvent() - mForegroundGameUid = 10428
01-23 17:29:11.921  5271  6090 D SelfStudyController: handleMessage msg.what is 1048
01-23 17:29:11.921  5271  6090 D SelfStudyController: cloudGameResidentOn: true mIsMobileDataOn: false
01-23 17:29:11.921  2386  2386 D qcrilNrd: SUB[0][xiaomi_qcril_hook.cpp:4131] xiaomi_qcril_hook_common_evt: ===================the type of hook msg is 62===================
01-23 17:29:11.921  9893 10273 D ScanController: unregisterScanner() - scannerId=3
01-23 17:29:11.921  2386  2386 D qcrilNrd: SUB[0][modem_hydra_mgr.c:978] modem_hydra_api_is_inited: g_hydra_client_id = 0
01-23 17:29:11.921  2386  2386 D qcrilNrd: SUB[0][modem_hydra_api.c:1084] modem_api_get_stats_parameter: client_id = 0, sub = 0, slot = 7914
01-23 17:29:11.921  3278  3419 D BroadcastQueue: Logging broadcast for android, stopped=false, firstLaunch=false
01-23 17:29:11.921  2386  2386 D qcrilNrd: SUB[0][modem_hydra_api.c:1116] modem_api_get_stats_parameter: req: ids[0] = 177, value_len = 0, type = 0, value:  00 00 00 00 00 00 00 00 00
01-23 17:29:11.921 12372 31149 I SmartPhoneTag_a: MSG_GAME_FOREGROUND
01-23 17:29:11.921 12372 31149 I SmartPhoneTag_a: onCompositeSceneChanged, pkg: com.soundtherapyapp, hasSmallWindow: false, isCGame: false, compositeSceneType: 0
01-23 17:29:11.921  9893 10183 I ScanManager: msg.what = MSG_STOP_BLE_SCAN, msg.arg1 = None
01-23 17:29:11.921  9893 10273 I bt_shim_scanner: system/main/shim/le_scanning_manager.cc:147 Unregister: in shim layer, scannerId=3
01-23 17:29:11.921  9893 10183 D ScanManager: track LE scan event: callerPackage = [com.xiaomi.bluetooth], scanMode = [0], reportDelayMillis = [0], behavior = [2], scannerId = [3], duration = [31830]
01-23 17:29:11.921  9893 10183 D ScanManager: handling stopping scan  [ScanClient scanModeApp 0 scanModeUsed 0 scannerId 3 [appScanStats android.uid.bluetooth:1002]]
01-23 17:29:11.921  9893 10021 D BT_OneTrack_I/F: region:CN
01-23 17:29:11.921  9893 16459 D BtGatt.ScanManagerInjector: suspend background scans when game start
01-23 17:29:11.921  3278  3278 D WifiPowerSaveMode: mWifiPowerSaveBroadcastReceiver action = com.xiaomi.joyose.GAME_START
01-23 17:29:11.921  3278  3419 D BroadcastQueue: Logging broadcast for android, stopped=false, firstLaunch=false
01-23 17:29:11.921  9893 10183 E BluetoothUtils: isDeepDozeMode? false
01-23 17:29:11.921  9893 10183 I bt_shim_scanner: system/main/shim/le_scanning_manager.cc:186 ScanFilterParamSetup: in shim layer, clientIf=3
01-23 17:29:11.921 18884 18884 D BluetoothAdapter: isLeEnabled(): ON
01-23 17:29:11.921  3278  4140 D WifiPowerSaveMode: MSG_CLEAR_WIFI_POWER_SAVE_POLICY
01-23 17:29:11.921  3278  4140 D WifiPowerSaveMode: setWifiAntHalf enter, enable = 0
01-23 17:29:11.921  3278  4140 D WifiPowerSaveMode: no need to nss switch
01-23 17:29:11.921  9893 10124 D ScanController: onScanFilterParamsConfigured() - clientIf=3, status=0, action=0, availableSpace=0
01-23 17:29:11.921  9893 10124 D ScanManager: callback done for scannerId - 3 status - 0
01-23 17:29:11.922  9893 10183 I bt_shim_scanner: system/main/shim/le_scanning_manager.cc:186 ScanFilterParamSetup: in shim layer, clientIf=3
01-23 17:29:11.922  3278  3278 D WifiPowerSaveMode: mWifiPowerSaveBroadcastReceiver action = com.xiaomi.joyose.GAME_START
01-23 17:29:11.922  9893 10124 D ScanController: onScanFilterParamsConfigured() - clientIf=3, status=0, action=0, availableSpace=0
01-23 17:29:11.922  9893 10124 D ScanManager: callback done for scannerId - 3 status - 0
01-23 17:29:11.922  1793  1965 D vendor.qti.bluetooth@1.0-ibs_handler: SerialClockVote: vote for UART CLK ON
01-23 17:29:11.922  3278  4754 D WifiPowerSaveMode: MSG_CLEAR_WIFI_POWER_SAVE_POLICY
01-23 17:29:11.922  1793  1965 I vendor.qti.bluetooth@1.0-ibs_handler: DeviceWakeUp: Writing IBS_WAKE_IND
01-23 17:29:11.922  3278  4754 D WifiPowerSaveMode: setWifiAntHalf enter, enable = 0
01-23 17:29:11.922  3278  4754 D WifiPowerSaveMode: no need to nss switch
01-23 17:29:11.922  3278  3419 D BroadcastQueue: Logging broadcast for android, stopped=false, firstLaunch=false
01-23 17:29:11.922  9893 10183 I bt_shim_scanner: system/main/shim/le_scanning_manager.cc:186 ScanFilterParamSetup: in shim layer, clientIf=3
01-23 17:29:11.922  9893 10124 D ScanController: onScanFilterParamsConfigured() - clientIf=3, status=0, action=0, availableSpace=0
01-23 17:29:11.922 14839 14839 D JavaScriptCore.Version: 2026004.0.1
01-23 17:29:11.922  9893 10124 D ScanManager: callback done for scannerId - 3 status - 0
01-23 17:29:11.922  3278  4132 W MiuiAntiIF: AntiIF did not start
01-23 17:29:11.922 14839 14839 D nativeloader: Load /data/app/~~-IdH0SAMaGRCxY3OLDCfow==/com.soundtherapyapp-Apns-q-EDkSQuHyVxHLJ_A==/lib/arm64/libjscexecutor.so using class loader ns clns-10 (caller=/data/app/~~-IdH0SAMaGRCxY3OLDCfow==/com.soundtherapyapp-Apns-q-EDkSQuHyVxHLJ_A==/base.apk): ok
01-23 17:29:11.922  3278  4563 D WifiFeatureControl: gameState: false, battleState: false
01-23 17:29:11.922  9893 10183 I bt_shim_scanner: system/main/shim/le_scanning_manager.cc:186 ScanFilterParamSetup: in shim layer, clientIf=3
01-23 17:29:11.922  9893 10253 D ScanController: stopScan() - queue size =4
01-23 17:29:11.922  9893 10124 D ScanController: onScanFilterParamsConfigured() - clientIf=3, status=0, action=0, availableSpace=0
01-23 17:29:11.922  9893 10124 D ScanManager: callback done for scannerId - 3 status - 0
01-23 17:29:11.922  9893 10183 I bt_shim_scanner: system/main/shim/le_scanning_manager.cc:186 ScanFilterParamSetup: in shim layer, clientIf=3
01-23 17:29:11.922  3278  3419 D BroadcastQueue: Logging broadcast for android, stopped=false, firstLaunch=false
01-23 17:29:11.922  9893 10124 D ScanController: onScanFilterParamsConfigured() - clientIf=3, status=0, action=0, availableSpace=0
01-23 17:29:11.922  9893 10124 D ScanManager: callback done for scannerId - 3 status - 0
01-23 17:29:11.922  9893 10183 I bt_shim_scanner: system/main/shim/le_scanning_manager.cc:186 ScanFilterParamSetup: in shim layer, clientIf=3
01-23 17:29:11.922  3278  3419 D BroadcastQueue: Logging broadcast for android, stopped=false, firstLaunch=false
01-23 17:29:11.922  3278  4769 I NetworkBoostStatusManager: handle: 116
01-23 17:29:11.922  9893 10124 D ScanController: onScanFilterParamsConfigured() - clientIf=3, status=0, action=0, availableSpace=0
01-23 17:29:11.922  9893 10124 D ScanManager: callback done for scannerId - 3 status - 0
01-23 17:29:11.922  9893 10183 D ScanManager: configureRegularScanParams() - queue=4
01-23 17:29:11.922  3278  4769 D NetworkBoostStatusManager: register joyose success
01-23 17:29:11.922  9893 10183 D ScanManager: configureRegularScanParams() - queue empty, scan stopped
01-23 17:29:11.922  9893 10183 I ScanManager: msg.what = MSG_SUSPEND_BACKGROUND_SCANS, msg.arg1 = GAME_MODE
01-23 17:29:11.922  9893 10183 E ScanManager: scan data is null
01-23 17:29:11.922  9893 10183 D ScanManager: handling stopping scan  [ScanClient scanModeApp 1 scanModeUsed 0 scannerId 1 [appScanStats android.uid.system:1000]]
01-23 17:29:11.922  9893 10273 D ScanController: unregisterScanner() - scannerId=4
01-23 17:29:11.922  9893 10183 E BluetoothUtils: isDeepDozeMode? false
01-23 17:29:11.922  9893 10273 I bt_shim_scanner: system/main/shim/le_scanning_manager.cc:147 Unregister: in shim layer, scannerId=4
01-23 17:29:11.923  9893 10183 I bt_shim_scanner: system/main/shim/le_scanning_manager.cc:186 ScanFilterParamSetup: in shim layer, clientIf=1
01-23 17:29:11.923  2386  2386 D qcrilNrd: SUB[0][modem_hydra_api.c:1146] modem_api_get_stats_parameter: rsp: ids[0] = 177, value_len = 690, value:  02 00 00 00 00 00 00 00 00
01-23 17:29:11.923  2033  2033 D MI-SF   : isTpIdleScene ,mAverageFrameRate is 44, 0 
01-23 17:29:11.923  2386  2386 D qcrilNrd: SUB[0][xiaomi_qcril_hook.cpp:121] xiaomi_qcril_default_request_resp_params: instance_id 0, t 654014896, request_id -1066013272, ril_err_no 0
01-23 17:29:11.923  2033  2033 D MI-SF   : modeGroup0 mIsSupportAutomodeForMaxFpsSetting is 0(0), getCurrentBrightness() = 632(388), mIsKeepAutoMode 0 isAutoModeAllowed() 1
01-23 17:29:11.923  2033  2033 D RefreshRateSelector: fixedMode_group: 0, isFindModeGroup 0
01-23 17:29:11.923  2033  2033 D RefreshRateSelector: find max refresh rate:120, mode Group:0
01-23 17:29:11.923  2386  2386 D qcrilNrd: SUB[0][xiaomi_qcril_hook.cpp:4946] xiaomi_qcril_hook_common_evt: resp_pkt 0xd4143000, resp_len 706
01-23 17:29:11.923  2386  2386 D qcrilNrd: SUB[0][xiaomi_qcril_hook.cpp:160] xiaomi_qcril_send_request_response: instance_id 0, t 654014896, request_id -1066013272, ril_err_no 0
01-23 17:29:11.923  9893 10124 D ScanController: onScanFilterParamsConfigured() - clientIf=1, status=0, action=0, availableSpace=0
01-23 17:29:11.923  9893 10124 D ScanManager: callback done for scannerId - 1 status - 0
01-23 17:29:11.923  9893 10183 D ScanManager: configureRegularScanParams() - queue=3
01-23 17:29:11.923  9893 10183 D ScanManager: configureRegularScanParams() - queue empty, scan stopped
01-23 17:29:11.923  3278  4927 D ActivityManager: Logging startService for com.miui.analytics, stopped=false, firstLaunch=false, intent=Intent { act=onetrack.action.TRACK_EVENT flg=0x2 xflg=0x4 pkg=com.miui.analytics (has extras) }, r.app=ProcessRecord{3f7fa36 8333:com.miui.analytics/u0a146}
01-23 17:29:11.923  9893 10183 D ScanManager: track LE scan event: callerPackage = [com.xiaomi.mi_connect_service], scanMode = [0], reportDelayMillis = [0], behavior = [771], scannerId = [2], duration = [201911]
01-23 17:29:11.923  9893 10183 D ScanManager: handling stopping scan  [ScanClient scanModeApp 0 scanModeUsed 0 scannerId 2 [appScanStats android.uid.system:1000]]
01-23 17:29:11.923  9893 10183 E BluetoothUtils: isDeepDozeMode? false
01-23 17:29:11.923  9893 10183 I bt_shim_scanner: system/main/shim/le_scanning_manager.cc:186 ScanFilterParamSetup: in shim layer, clientIf=2
01-23 17:29:11.923  9893 10124 D ScanController: onScanFilterParamsConfigured() - clientIf=2, status=0, action=0, availableSpace=0
01-23 17:29:11.923  9893 10124 D ScanManager: callback done for scannerId - 2 status - 0
01-23 17:29:11.923  5026 17700 I QtiOemHookAidl: oemHookRawResponse: serial no: 22790 error: 0length=706
01-23 17:29:11.923  9893 10021 D BT_OneTrack_I/F: region:CN
01-23 17:29:11.923  9893 10183 I bt_shim_scanner: system/main/shim/le_scanning_manager.cc:186 ScanFilterParamSetup: in shim layer, clientIf=2
01-23 17:29:11.923  8333  8434 D IdProviderImpl: getOAID from com.miui.analytics
01-23 17:29:11.923  9893 10124 D ScanController: onScanFilterParamsConfigured() - clientIf=2, status=0, action=0, availableSpace=0
01-23 17:29:11.923  9893 10124 D ScanManager: callback done for scannerId - 2 status - 0
01-23 17:29:11.923  9893 10183 I bt_shim_scanner: system/main/shim/le_scanning_manager.cc:186 ScanFilterParamSetup: in shim layer, clientIf=2
01-23 17:29:11.923  9893 10124 D ScanController: onScanFilterParamsConfigured() - clientIf=2, status=0, action=0, availableSpace=0
01-23 17:29:11.923  9893 10124 D ScanManager: callback done for scannerId - 2 status - 0
01-23 17:29:11.923  5026  5026 D QcrilMsgTunnelIfaceManager: handleMessage what = 2
01-23 17:29:11.923  9893 10183 D ScanManager: configureRegularScanParams() - queue=2
01-23 17:29:11.923  9893 10183 D ScanManager: configureRegularScanParams() - queue empty, scan stopped
01-23 17:29:11.923  9893 10183 D ScanManager: track LE scan event: callerPackage = [com.xiaomi.bluetooth], scanMode = [0], reportDelayMillis = [0], behavior = [771], scannerId = [4], duration = [31827]
01-23 17:29:11.923  9893 10183 D ScanManager: handling stopping scan  [ScanClient scanModeApp 0 scanModeUsed 0 scannerId 4 [appScanStats android.uid.bluetooth:1002]]
01-23 17:29:11.924  5271  6064 D MiRilHookAidlQcom(com.android.phone): sendOemRilRequestRaw returns value = 706
01-23 17:29:11.924  5271  6064 D MiRilHookAidlQcom(com.android.phone): sendQcRilHookMsgSync, requestId = 524970, phoneId = 0, ar = org.codeaurora.telephony.utils.AsyncResult@574ca7f
01-23 17:29:11.924  5271  6064 D HydraDataManager(com.android.phone): parseData, com.xiaomi.mirilhook.HydraDataManager$StatsParaBase, wont parse data, sub = 0, mIndSub = 2, mId = 177
01-23 17:29:11.924  5271  6064 D MI_RIL_OEM_HOOK(com.android.phone): onPkHookCommonMsg, msg_id = 62, bytes = [B@5a71a4c
01-23 17:29:11.924  5271  6064 D MI_RIL_OEM_HOOK(com.android.phone): bytes.length = 412
01-23 17:29:11.924  5271  6064 D MI_RIL_OEM_HOOK(com.android.phone): onGetHookMsgBytes, HOOK_HEAD_SIZE = 16, msg_len = 416
01-23 17:29:11.924  5271  6064 D MiRilHookAidlQcom(com.android.phone): onHookSendSync, phoneId = 0
01-23 17:29:11.924  5271  6064 D MiRilHookAidlQcom(com.android.phone): sendQcRilHookMsgSync, requestId = 524970, phoneId = 0, request = [B@4f18a95
01-23 17:29:11.924  5271  6064 D MiRilHookAidlQcom(com.android.phone): sendRilOemHookMsg: Outgoing Data is 514f454d484f4f4baa020800b00100003e0000000000000001000000b40000000000000000000000000000000000000000000000000000000000000000000000000000000000000000000000000000000000000000000000000000000000000000000000000000000000000000000000000000000000000000000000000000000000000000000000000000000000000000000000000000000000000000000000000000000000000000000000000000000000000000000000000000000000000000000000000000000000000000000000000000000000000000000000000000000000000000000000000000000000000000000000000000000000000000000000000000000000000000000000000000000000000000000000000000000000000000000000000000000000000000000000000000000000000000000000000000000000000000000000000000000000000000000000000000000000000000000000000000000000000000000000000000000000000000000000000000000000000000000000000000000000000000000000000000000000000000000000000000000000000000000000000000000000000000000000000000000000000000000000
01-23 17:29:11.924  5271  6064 D MiRilHookAidlQcom(com.android.phone): sendRilOemHookMsg, mService: com.qualcomm.qcrilmsgtunnel.IQcrilMsgTunnel$Stub$Proxy@d5088e0
01-23 17:29:11.924  3278  4927 D ActivityManager: Logging startService for com.miui.analytics, stopped=false, firstLaunch=false, intent=Intent { act=onetrack.action.TRACK_EVENT flg=0x2 xflg=0x4 pkg=com.miui.analytics (has extras) }, r.app=ProcessRecord{3f7fa36 8333:com.miui.analytics/u0a146}
01-23 17:29:11.924  9893 10183 E BluetoothUtils: isDeepDozeMode? false
01-23 17:29:11.924  9893 10183 I bt_shim_scanner: system/main/shim/le_scanning_manager.cc:186 ScanFilterParamSetup: in shim layer, clientIf=4
01-23 17:29:11.924  3278  3405 I MiuiWallpaperSurfaceAnimation: wallpaperOffsets:xOffset=0.0,yOffset=0.0
01-23 17:29:11.924  3278  3405 D MiuiWallpaperSurfaceAnimation: updateScaleIfNeeded mPivotX: 0.5, mPivotY: 0.5, x: 0.0, y: 0.0, zoom: 1.0774893
01-23 17:29:11.924  9893 10124 D ScanController: onScanFilterParamsConfigured() - clientIf=4, status=0, action=0, availableSpace=0
01-23 17:29:11.924  9893 10124 D ScanManager: callback done for scannerId - 4 status - 0
01-23 17:29:11.925  9893 10183 D ScanManager: configureRegularScanParams() - queue=1
01-23 17:29:11.925  9893 10183 D ScanManager: configureRegularScanParams() - queue empty, scan stopped
01-23 17:29:11.925  9893 10183 D ScanManager: track LE scan event: callerPackage = [com.xiaomi.bluetooth], scanMode = [0], reportDelayMillis = [0], behavior = [771], scannerId = [5], duration = [201911]
01-23 17:29:11.925  9893 10183 D ScanManager: handling stopping scan  [ScanClient scanModeApp 0 scanModeUsed 0 scannerId 5 [appScanStats android.uid.bluetooth:1002]]
01-23 17:29:11.925  9893 10183 E BluetoothUtils: isDeepDozeMode? false
01-23 17:29:11.925  9893 10183 D ScanManager: stop gattClientScanNative
01-23 17:29:11.925  9893 10183 I bt_shim_scanner: system/main/shim/le_scanning_manager.cc:153 Scan: in shim layer stopped
01-23 17:29:11.925  9893 10021 D BT_OneTrack_I/F: region:CN
01-23 17:29:11.925  4686  4686 D PassBlur: textureState not update, view com.miui.home.launcher.BlurView{5420920 V.ED..... ........ 0,0-1440,3200 #7f0a026a app:id/launcher_blur_view} visible is true
01-23 17:29:11.925  9893 10183 W ScanManager: trackLeScan() - mLastNativeScanParams = 0
01-23 17:29:11.925  9893 10183 I bt_shim_scanner: system/main/shim/le_scanning_manager.cc:186 ScanFilterParamSetup: in shim layer, clientIf=5
01-23 17:29:11.925  4686  5632 D com.miui.home: backgroundBlur makeBackgroundImage (ShortcutMenuLayer-6-0xb400007838efed10), blurRadius(183), blurType(-1), blurScaleRatio(0.000000)
01-23 17:29:11.925  1793 10090 I vendor.qti.bluetooth@1.0-ibs_handler: ProcessIbsCmd: Received IBS_WAKE_ACK: 0xFC
01-23 17:29:11.925  1793 10090 I vendor.qti.bluetooth@1.0-ibs_handler: ProcessIbsCmd: Signal wack_cond_
01-23 17:29:11.925  1793  1965 D vendor.qti.bluetooth@1.0-ibs_handler: DeviceWakeUp: Unblocked from waiting for FC, pthread_cond_timedwait ret = 0
01-23 17:29:11.925  4686  5632 D com.miui.home: backgroundBlur makeBackgroundImage (BlurView-6-0xb400007838f44d30), blurRadius(104), blurType(-1), blurScaleRatio(0.000000)
01-23 17:29:11.926  9893 10058 I bluetooth: system/gd/hci/le_address_manager.cc:278 unregister_client: Client unregistered
01-23 17:29:11.926  3278  6367 D ActivityManager: Logging startService for com.miui.analytics, stopped=false, firstLaunch=false, intent=Intent { act=onetrack.action.TRACK_EVENT flg=0x2 xflg=0x4 pkg=com.miui.analytics (has extras) }, r.app=ProcessRecord{3f7fa36 8333:com.miui.analytics/u0a146}
01-23 17:29:11.926  9893 10021 D BT_OneTrack_I/F: region:CN
01-23 17:29:11.926  9893 10124 D ScanController: onScanFilterParamsConfigured() - clientIf=5, status=0, action=0, availableSpace=0
01-23 17:29:11.926  9893 10124 D ScanManager: callback done for scannerId - 5 status - 0
01-23 17:29:11.926  9893 10183 I bt_shim_scanner: system/main/shim/le_scanning_manager.cc:186 ScanFilterParamSetup: in shim layer, clientIf=5
01-23 17:29:11.926  3278  4927 D ActivityManager: Logging startService for com.miui.analytics, stopped=false, firstLaunch=false, intent=Intent { act=onetrack.action.TRACK_EVENT flg=0x2 xflg=0x4 pkg=com.miui.analytics (has extras) }, r.app=ProcessRecord{3f7fa36 8333:com.miui.analytics/u0a146}
01-23 17:29:11.926  9893 10124 D ScanController: onScanFilterParamsConfigured() - clientIf=5, status=0, action=0, availableSpace=0
01-23 17:29:11.926  9893 10124 D ScanManager: callback done for scannerId - 5 status - 0
01-23 17:29:11.926  9893 10183 D ScanManager: configureRegularScanParams() - queue=0
01-23 17:29:11.926  9893 10183 D ScanManager: configureRegularScanParams() - queue empty, scan stopped
01-23 17:29:11.926  9893 10183 I ScanManager: msg.what = MSG_STOP_BLE_SCAN, msg.arg1 = None
01-23 17:29:11.926  9893 10183 D ScanManager: Don't track stop when scan is suspended
01-23 17:29:11.926  9893 10183 D ScanManager: handling stopping scan  [ScanClient scanModeApp 0 scanModeUsed 0 scannerId 4 [appScanStats android.uid.bluetooth:1002]]
01-23 17:29:11.927  9893 10183 E BluetoothUtils: isDeepDozeMode? false
01-23 17:29:11.927  5321  5840 I BoostHelper: restore Mainthread priority to 0,RenderThread to-4
01-23 17:29:11.927  1793 10090 I vendor.qti.bluetooth@1.0-ibs_handler: ProcessIbsCmd: Received IBS_WAKE_IND: 0xFD
01-23 17:29:11.927  1793 10090 I vendor.qti.bluetooth@1.0-ibs_handler: ProcessIbsCmd: Writing IBS_WAKE_ACK
01-23 17:29:11.927  5026  5026 D QcrilMsgTunnelIfaceManager: handleMessage what = 1
01-23 17:29:11.927  5026  5026 I QcrilOemhookMsgTunnel: [0]invokeOemRilRequestRaw: serial=22791 length=448
01-23 17:29:11.927  8333  8434 D IdProviderImpl: getOAID from com.miui.analytics
01-23 17:29:11.927  5321  5840 D BoostHelper: thread tid=5321, priority is set to 0
01-23 17:29:11.927  5321  5840 D BoostHelper: thread tid=5896, priority is set to -4
01-23 17:29:11.927  2386  2386 D qcrilNrd: SUB[0][xiaomi_qcril_hook.cpp:4131] xiaomi_qcril_hook_common_evt: ===================the type of hook msg is 62===================
01-23 17:29:11.927  2386  2386 D qcrilNrd: SUB[0][modem_hydra_mgr.c:978] modem_hydra_api_is_inited: g_hydra_client_id = 0
01-23 17:29:11.927  2386  2386 D qcrilNrd: SUB[0][modem_hydra_api.c:1084] modem_api_get_stats_parameter: client_id = 0, sub = 0, slot = 7915
01-23 17:29:11.927  2386  2386 D qcrilNrd: SUB[0][modem_hydra_api.c:1116] modem_api_get_stats_parameter: req: ids[0] = 180, value_len = 0, type = 0, value:  00 00 00 00 00 00 00 00 00
01-23 17:29:11.928  2386  2386 D qcrilNrd: SUB[0][modem_hydra_api.c:1146] modem_api_get_stats_parameter: rsp: ids[0] = 180, value_len = 690, value:  02 04 0B 00 00 00 00 00 00
01-23 17:29:11.928  2386  2386 D qcrilNrd: SUB[0][xiaomi_qcril_hook.cpp:121] xiaomi_qcril_default_request_resp_params: instance_id 0, t 654014896, request_id -1066013272, ril_err_no 0
01-23 17:29:11.928  2386  2386 D qcrilNrd: SUB[0][xiaomi_qcril_hook.cpp:4946] xiaomi_qcril_hook_common_evt: resp_pkt 0xd4143000, resp_len 706
01-23 17:29:11.928  2386  2386 D qcrilNrd: SUB[0][xiaomi_qcril_hook.cpp:160] xiaomi_qcril_send_request_response: instance_id 0, t 654014896, request_id -1066013272, ril_err_no 0
01-23 17:29:11.928  8333  8434 D IdProviderImpl: getOAID from com.miui.analytics
01-23 17:29:11.928  5026 17700 I QtiOemHookAidl: oemHookRawResponse: serial no: 22791 error: 0length=706
01-23 17:29:11.928  5026  5026 D QcrilMsgTunnelIfaceManager: handleMessage what = 2
01-23 17:29:11.929  5271  6064 D MiRilHookAidlQcom(com.android.phone): sendOemRilRequestRaw returns value = 706
01-23 17:29:11.929  5271  6064 D MiRilHookAidlQcom(com.android.phone): sendQcRilHookMsgSync, requestId = 524970, phoneId = 0, ar = org.codeaurora.telephony.utils.AsyncResult@74f97aa
01-23 17:29:11.929  5271  6064 D HydraDataManager(com.android.phone): parseData, com.xiaomi.mirilhook.HydraDataManager$StatsParaBase, wont parse data, sub = 0, mIndSub = 2, mId = 180
01-23 17:29:11.929  5271  6064 D MI_RIL_OEM_HOOK(com.android.phone): onPkHookCommonMsg, msg_id = 62, bytes = [B@4958f9b
01-23 17:29:11.929  5271  6064 D MI_RIL_OEM_HOOK(com.android.phone): bytes.length = 412
01-23 17:29:11.929  5271  6064 D MI_RIL_OEM_HOOK(com.android.phone): onGetHookMsgBytes, HOOK_HEAD_SIZE = 16, msg_len = 416
01-23 17:29:11.929  5271  6064 D MiRilHookAidlQcom(com.android.phone): onHookSendSync, phoneId = 0
01-23 17:29:11.929  5271  6064 D MiRilHookAidlQcom(com.android.phone): sendQcRilHookMsgSync, requestId = 524970, phoneId = 0, request = [B@2518f38
01-23 17:29:11.929  5271  6064 D MiRilHookAidlQcom(com.android.phone): sendRilOemHookMsg: Outgoing Data is 514f454d484f4f4baa020800b00100003e0000000000000001000000af0000000000000000000000000000000000000000000000000000000000000000000000000000000000000000000000000000000000000000000000000000000000000000000000000000000000000000000000000000000000000000000000000000000000000000000000000000000000000000000000000000000000000000000000000000000000000000000000000000000000000000000000000000000000000000000000000000000000000000000000000000000000000000000000000000000000000000000000000000000000000000000000000000000000000000000000000000000000000000000000000000000000000000000000000000000000000000000000000000000000000000000000000000000000000000000000000000000000000000000000000000000000000000000000000000000000000000000000000000000000000000000000000000000000000000000000000000000000000000000000000000000000000000000000000000000000000000000000000000000000000000000000000000000000000000000000000000000000000000000000
01-23 17:29:11.929  5271  6064 D MiRilHookAidlQcom(com.android.phone): sendRilOemHookMsg, mService: com.qualcomm.qcrilmsgtunnel.IQcrilMsgTunnel$Stub$Proxy@d5088e0
01-23 17:29:11.929  8333  8434 D IdProviderImpl: getOAID from com.miui.analytics
01-23 17:29:11.929  5026  5026 D QcrilMsgTunnelIfaceManager: handleMessage what = 1
01-23 17:29:11.929  5026  5026 I QcrilOemhookMsgTunnel: [0]invokeOemRilRequestRaw: serial=22792 length=448
01-23 17:29:11.929  2386  2386 D qcrilNrd: SUB[0][xiaomi_qcril_hook.cpp:4131] xiaomi_qcril_hook_common_evt: ===================the type of hook msg is 62===================
01-23 17:29:11.929  2386  2386 D qcrilNrd: SUB[0][modem_hydra_mgr.c:978] modem_hydra_api_is_inited: g_hydra_client_id = 0
01-23 17:29:11.929  2386  2386 D qcrilNrd: SUB[0][modem_hydra_api.c:1084] modem_api_get_stats_parameter: client_id = 0, sub = 0, slot = 7916
01-23 17:29:11.929  2386  2386 D qcrilNrd: SUB[0][modem_hydra_api.c:1116] modem_api_get_stats_parameter: req: ids[0] = 175, value_len = 0, type = 0, value:  00 00 00 00 00 00 00 00 00
01-23 17:29:11.930 14839 16455 I soundtherapyapp: AssetManager2(0xb400007828ed1818) locale list changing from [] to [zh-CN]
01-23 17:29:11.930  2386  2386 D qcrilNrd: SUB[0][modem_hydra_api.c:1146] modem_api_get_stats_parameter: rsp: ids[0] = 175, value_len = 690, value:  02 00 00 00 00 00 00 00 00
01-23 17:29:11.930  2386  2386 D qcrilNrd: SUB[0][xiaomi_qcril_hook.cpp:121] xiaomi_qcril_default_request_resp_params: instance_id 0, t 654014896, request_id -1066013272, ril_err_no 0
01-23 17:29:11.930  2386  2386 D qcrilNrd: SUB[0][xiaomi_qcril_hook.cpp:4946] xiaomi_qcril_hook_common_evt: resp_pkt 0xd4143000, resp_len 706
01-23 17:29:11.930  2386  2386 D qcrilNrd: SUB[0][xiaomi_qcril_hook.cpp:160] xiaomi_qcril_send_request_response: instance_id 0, t 654014896, request_id -1066013272, ril_err_no 0
01-23 17:29:11.930  5026  5057 I QtiOemHookAidl: oemHookRawResponse: serial no: 22792 error: 0length=706
01-23 17:29:11.930  5026  5026 D QcrilMsgTunnelIfaceManager: handleMessage what = 2
01-23 17:29:11.930  5271  6064 D MiRilHookAidlQcom(com.android.phone): sendOemRilRequestRaw returns value = 706
01-23 17:29:11.930  5271  6064 D MiRilHookAidlQcom(com.android.phone): sendQcRilHookMsgSync, requestId = 524970, phoneId = 0, ar = org.codeaurora.telephony.utils.AsyncResult@3ad3b11
01-23 17:29:11.931  5271  6064 D HydraDataManager(com.android.phone): parseData, com.xiaomi.mirilhook.HydraDataManager$StatsParaBase, wont parse data, sub = 0, mIndSub = 2, mId = 175
01-23 17:29:11.931  5271  6064 D MI_RIL_OEM_HOOK(com.android.phone): onPkHookCommonMsg, msg_id = 62, bytes = [B@8e78476
01-23 17:29:11.931  2033  2033 D MI-SF   : isTpIdleScene ,mAverageFrameRate is 44, 0 
01-23 17:29:11.931  5271  6064 D MI_RIL_OEM_HOOK(com.android.phone): bytes.length = 412
01-23 17:29:11.931  5271  6064 D MI_RIL_OEM_HOOK(com.android.phone): onGetHookMsgBytes, HOOK_HEAD_SIZE = 16, msg_len = 416
01-23 17:29:11.931  5271  6064 D MiRilHookAidlQcom(com.android.phone): onHookSendSync, phoneId = 0
01-23 17:29:11.931  2033  2033 D MI-SF   : modeGroup0 mIsSupportAutomodeForMaxFpsSetting is 0(0), getCurrentBrightness() = 632(388), mIsKeepAutoMode 0 isAutoModeAllowed() 1
01-23 17:29:11.931  2033  2033 D RefreshRateSelector: fixedMode_group: 0, isFindModeGroup 0
01-23 17:29:11.931  5271  6064 D MiRilHookAidlQcom(com.android.phone): sendQcRilHookMsgSync, requestId = 524970, phoneId = 0, request = [B@e338a77
01-23 17:29:11.931  2033  2033 D RefreshRateSelector: find max refresh rate:120, mode Group:0
01-23 17:29:11.931  5271  6064 D MiRilHookAidlQcom(com.android.phone): sendRilOemHookMsg: Outgoing Data is 514f454d484f4f4baa020800b00100003e0000000100000001000000af0000000000000000000000000000000000000000000000000000000000000000000000000000000000000000000000000000000000000000000000000000000000000000000000000000000000000000000000000000000000000000000000000000000000000000000000000000000000000000000000000000000000000000000000000000000000000000000000000000000000000000000000000000000000000000000000000000000000000000000000000000000000000000000000000000000000000000000000000000000000000000000000000000000000000000000000000000000000000000000000000000000000000000000000000000000000000000000000000000000000000000000000000000000000000000000000000000000000000000000000000000000000000000000000000000000000000000000000000000000000000000000000000000000000000000000000000000000000000000000000000000000000000000000000000000000000000000000000000000000000000000000000000000000000000000000000000000000000000000000000
01-23 17:29:11.931  5271  6064 D MiRilHookAidlQcom(com.android.phone): sendRilOemHookMsg, mService: com.qualcomm.qcrilmsgtunnel.IQcrilMsgTunnel$Stub$Proxy@d5088e0
01-23 17:29:11.931  5026  5026 D QcrilMsgTunnelIfaceManager: handleMessage what = 1
01-23 17:29:11.931  5026  5026 I QcrilOemhookMsgTunnel: [0]invokeOemRilRequestRaw: serial=22793 length=448
01-23 17:29:11.931 14839 16455 D nativeloader: Configuring clns-11 for other apk /system_ext/app/miuisystem/miuisystem.apk. target_sdk_version=35, uses_libraries=ALL, library_path=/product/app/ContentCatcherOS3/lib/arm64:/product/app/ContentCatcherOS3/ContentCatcherOS3.apk!/lib/arm64-v8a:/system_ext/priv-app/RtMiCloudSDK/RtMiCloudSDK.apk!/lib/arm64-v8a:/system_ext/app/miuisystem/miuisystem.apk!/lib/arm64-v8a, permitted_path=/data:/mnt/expand
01-23 17:29:11.931 14839 16455 D nativeloader: Extending system_exposed_libraries: libbinauralrenderer_wrapper.qti.so:libhoaeffects.qti.so:libmisys_jni.xiaomi.so:libpag.hyperos.so:libffavc.hyperos.so:libxiaomi_modemdumpsdx55_jni.modem.so:libxiaomi_modemdump_jni.modem.so:libmodemsmartengine_jni.modem.so:libupdateprof.qti.so:libthermalclient.qti.so:libdiag_system.qti.so:libqape.qti.so:libqesdk_ndk_platform.qti.so:liblistenjni.qti.so
01-23 17:29:11.931  2033  2109 D RenderEngine: makePassBlurBetterDownShader layername:Wallpaper BBQ wrapper#64
01-23 17:29:11.932  2386  2386 D qcrilNrd: SUB[0][xiaomi_qcril_hook.cpp:4131] xiaomi_qcril_hook_common_evt: ===================the type of hook msg is 62===================
01-23 17:29:11.932  2386  2386 D qcrilNrd: SUB[0][modem_hydra_mgr.c:978] modem_hydra_api_is_inited: g_hydra_client_id = 0
01-23 17:29:11.932  2386  2386 D qcrilNrd: SUB[0][modem_hydra_api.c:1084] modem_api_get_stats_parameter: client_id = 0, sub = 1, slot = 7917
01-23 17:29:11.932  2386  2386 D qcrilNrd: SUB[0][modem_hydra_api.c:1116] modem_api_get_stats_parameter: req: ids[0] = 175, value_len = 0, type = 0, value:  00 00 00 00 00 00 00 00 00
01-23 17:29:11.932  1828  2639 I SDM     : HWDeviceDRM::SetupConcurrentWriteback: Tear down the Concurrent Writeback topology
01-23 17:29:11.932 14839 16455 D nativeloader: Configuring clns-12 for other apk /system_ext/priv-app/RtMiCloudSDK/RtMiCloudSDK.apk. target_sdk_version=35, uses_libraries=ALL, library_path=/product/app/ContentCatcherOS3/lib/arm64:/product/app/ContentCatcherOS3/ContentCatcherOS3.apk!/lib/arm64-v8a:/system_ext/priv-app/RtMiCloudSDK/RtMiCloudSDK.apk!/lib/arm64-v8a:/system_ext/app/miuisystem/miuisystem.apk!/lib/arm64-v8a, permitted_path=/data:/mnt/expand
01-23 17:29:11.932 14839 16455 D nativeloader: Extending system_exposed_libraries: libbinauralrenderer_wrapper.qti.so:libhoaeffects.qti.so:libmisys_jni.xiaomi.so:libpag.hyperos.so:libffavc.hyperos.so:libxiaomi_modemdumpsdx55_jni.modem.so:libxiaomi_modemdump_jni.modem.so:libmodemsmartengine_jni.modem.so:libupdateprof.qti.so:libthermalclient.qti.so:libdiag_system.qti.so:libqape.qti.so:libqesdk_ndk_platform.qti.so:liblistenjni.qti.so
01-23 17:29:11.932 14839 16455 D ApplicationLoaders: Returning zygote-cached class loader: /system/framework/org.apache.http.legacy.jar
01-23 17:29:11.932 14839 16455 D ApplicationLoaders: Returning zygote-cached class loader: /system_ext/framework/androidx.window.extensions.jar
01-23 17:29:11.932 14839 16455 D ApplicationLoaders: Returning zygote-cached class loader: /system_ext/framework/androidx.window.sidecar.jar
01-23 17:29:11.932  2386  2386 D qcrilNrd: SUB[0][modem_hydra_api.c:1146] modem_api_get_stats_parameter: rsp: ids[0] = 175, value_len = 690, value:  02 00 00 00 00 00 00 00 00
01-23 17:29:11.932  2386  2386 D qcrilNrd: SUB[0][xiaomi_qcril_hook.cpp:121] xiaomi_qcril_default_request_resp_params: instance_id 0, t 654014896, request_id -1066013272, ril_err_no 0
01-23 17:29:11.932  2386  2386 D qcrilNrd: SUB[0][xiaomi_qcril_hook.cpp:4946] xiaomi_qcril_hook_common_evt: resp_pkt 0xd4143000, resp_len 706
01-23 17:29:11.932  2386  2386 D qcrilNrd: SUB[0][xiaomi_qcril_hook.cpp:160] xiaomi_qcril_send_request_response: instance_id 0, t 654014896, request_id -1066013272, ril_err_no 0
01-23 17:29:11.932  5026 17700 I QtiOemHookAidl: oemHookRawResponse: serial no: 22793 error: 0length=706
01-23 17:29:11.933 14839 16455 D nativeloader: InitLlndkLibrariesProduct: libEGL.so:libGLESv1_CM.so:libGLESv2.so:libGLESv3.so:libRS.so:libandroid_net.so:libapexsupport.so:libavf.so:libbinder_ndk.so:libc.so:libcgrouprc.so:libclang_rt.asan-aarch64-android.so:libclang_rt.asan-arm-android.so:libclang_rt.hwasan-aarch64-android.so:libcom.android.tethering.connectivity_native.so:libdl.so:libft2.so:liblog.so:libm.so:libmediandk.so:libnativewindow.so:libneuralnetworks.so:libselinux.so:libsync.so:libvendorsupport.so:libvndksupport.so:libvulkan.so
01-23 17:29:11.933 14839 16455 D nativeloader: Configuring product-clns-13 for unbundled product apk /product/app/ContentCatcherOS3/ContentCatcherOS3.apk. target_sdk_version=35, uses_libraries=, library_path=/product/app/ContentCatcherOS3/lib/arm64:/product/app/ContentCatcherOS3/ContentCatcherOS3.apk!/lib/arm64-v8a:/system_ext/priv-app/RtMiCloudSDK/RtMiCloudSDK.apk!/lib/arm64-v8a:/system_ext/app/miuisystem/miuisystem.apk!/lib/arm64-v8a:/product/lib64:/system/product/lib64, permitted_path=/data:/mnt/expand:/product/lib64:/system/product/lib64
01-23 17:29:11.933 14839 16455 D nativeloader: InitVndkspLibrariesProduct: VNDK is deprecated with product
01-23 17:29:11.933  5026  5026 D QcrilMsgTunnelIfaceManager: handleMessage what = 2
01-23 17:29:11.933  4686  4686 D PassBlur: textureState not update, view com.miui.home.launcher.BlurView{5420920 V.ED..... ........ 0,0-1440,3200 #7f0a026a app:id/launcher_blur_view} visible is true
01-23 17:29:11.933  5271  6064 D MiRilHookAidlQcom(com.android.phone): sendOemRilRequestRaw returns value = 706
01-23 17:29:11.933  5271  6064 D MiRilHookAidlQcom(com.android.phone): sendQcRilHookMsgSync, requestId = 524970, phoneId = 0, ar = org.codeaurora.telephony.utils.AsyncResult@f2c66e4
01-23 17:29:11.933  3278  3405 I MiuiWallpaperSurfaceAnimation: wallpaperOffsets:xOffset=0.0,yOffset=0.0
01-23 17:29:11.933  3278  3405 D MiuiWallpaperSurfaceAnimation: updateScaleIfNeeded mPivotX: 0.5, mPivotY: 0.5, x: 0.0, y: 0.0, zoom: 1.0807592
01-23 17:29:11.933  5271  6064 D HydraDataManager(com.android.phone): parseData, com.xiaomi.mirilhook.HydraDataManager$StatsParaBase, wont parse data, sub = 1, mIndSub = 2, mId = 175
01-23 17:29:11.933  5271  6064 D MI_RIL_OEM_HOOK(com.android.phone): onPkHookCommonMsg, msg_id = 62, bytes = [B@599774d
01-23 17:29:11.933  5271  6064 D MI_RIL_OEM_HOOK(com.android.phone): bytes.length = 412
01-23 17:29:11.933  5271  6064 D MI_RIL_OEM_HOOK(com.android.phone): onGetHookMsgBytes, HOOK_HEAD_SIZE = 16, msg_len = 416
01-23 17:29:11.933  5271  6064 D MiRilHookAidlQcom(com.android.phone): onHookSendSync, phoneId = 0
01-23 17:29:11.933  5271  6064 D MiRilHookAidlQcom(com.android.phone): sendQcRilHookMsgSync, requestId = 524970, phoneId = 0, request = [B@73f7202
01-23 17:29:11.934  5271  6064 D MiRilHookAidlQcom(com.android.phone): sendRilOemHookMsg: Outgoing Data is 514f454d484f4f4baa020800b00100003e0000000000000001000000b00000000000000000000000000000000000000000000000000000000000000000000000000000000000000000000000000000000000000000000000000000000000000000000000000000000000000000000000000000000000000000000000000000000000000000000000000000000000000000000000000000000000000000000000000000000000000000000000000000000000000000000000000000000000000000000000000000000000000000000000000000000000000000000000000000000000000000000000000000000000000000000000000000000000000000000000000000000000000000000000000000000000000000000000000000000000000000000000000000000000000000000000000000000000000000000000000000000000000000000000000000000000000000000000000000000000000000000000000000000000000000000000000000000000000000000000000000000000000000000000000000000000000000000000000000000000000000000000000000000000000000000000000000000000000000000000000000000000000000000000
01-23 17:29:11.934  5271  6064 D MiRilHookAidlQcom(com.android.phone): sendRilOemHookMsg, mService: com.qualcomm.qcrilmsgtunnel.IQcrilMsgTunnel$Stub$Proxy@d5088e0
01-23 17:29:11.934  5026  5026 D QcrilMsgTunnelIfaceManager: handleMessage what = 1
01-23 17:29:11.934  5026  5026 I QcrilOemhookMsgTunnel: [0]invokeOemRilRequestRaw: serial=22794 length=448
01-23 17:29:11.934  4686  5632 D com.miui.home: backgroundBlur makeBackgroundImage (ShortcutMenuLayer-6-0xb400007838efed10), blurRadius(183), blurType(-1), blurScaleRatio(0.000000)
01-23 17:29:11.934 14839 16455 D ViewContentFactory: initViewContentFetcherClass
01-23 17:29:11.934 14839 16455 D ViewContentFactory: getInterceptorPackageInfo
01-23 17:29:11.934 14839 16455 D ViewContentFactory: getInitialApplication took 0ms
01-23 17:29:11.934 14839 16455 D ViewContentFactory: packageInfo.packageName: com.miui.contentcatcher
01-23 17:29:11.934 14839 16455 D ViewContentFactory: initViewContentFetcherClass took 0ms
01-23 17:29:11.934  2386  2386 D qcrilNrd: SUB[0][xiaomi_qcril_hook.cpp:4131] xiaomi_qcril_hook_common_evt: ===================the type of hook msg is 62===================
01-23 17:29:11.934 14839 16455 I ContentCatcher: ViewContentFetcher : ViewContentFetcher
01-23 17:29:11.934 14839 16455 D ViewContentFactory: createInterceptor took 0ms
01-23 17:29:11.934  2386  2386 D qcrilNrd: SUB[0][modem_hydra_mgr.c:978] modem_hydra_api_is_inited: g_hydra_client_id = 0
01-23 17:29:11.934  2386  2386 D qcrilNrd: SUB[0][modem_hydra_api.c:1084] modem_api_get_stats_parameter: client_id = 0, sub = 0, slot = 7918
01-23 17:29:11.934  2386  2386 D qcrilNrd: SUB[0][modem_hydra_api.c:1116] modem_api_get_stats_parameter: req: ids[0] = 176, value_len = 0, type = 0, value:  00 00 00 00 00 00 00 00 00
01-23 17:29:11.934  4686  5632 D com.miui.home: backgroundBlur makeBackgroundImage (BlurView-6-0xb400007838f44d30), blurRadius(106), blurType(-1), blurScaleRatio(0.000000)
01-23 17:29:11.935  2386  2386 D qcrilNrd: SUB[0][modem_hydra_api.c:1146] modem_api_get_stats_parameter: rsp: ids[0] = 176, value_len = 690, value:  02 00 00 00 00 00 00 00 00
01-23 17:29:11.935  2386  2386 D qcrilNrd: SUB[0][xiaomi_qcril_hook.cpp:121] xiaomi_qcril_default_request_resp_params: instance_id 0, t 654014896, request_id -1066013272, ril_err_no 0
01-23 17:29:11.935  2386  2386 D qcrilNrd: SUB[0][xiaomi_qcril_hook.cpp:4946] xiaomi_qcril_hook_common_evt: resp_pkt 0xd4143000, resp_len 706
01-23 17:29:11.935  2386  2386 D qcrilNrd: SUB[0][xiaomi_qcril_hook.cpp:160] xiaomi_qcril_send_request_response: instance_id 0, t 654014896, request_id -1066013272, ril_err_no 0
01-23 17:29:11.935  5026  5057 I QtiOemHookAidl: oemHookRawResponse: serial no: 22794 error: 0length=706
01-23 17:29:11.935  5026  5026 D QcrilMsgTunnelIfaceManager: handleMessage what = 2
01-23 17:29:11.935  5271  6064 D MiRilHookAidlQcom(com.android.phone): sendOemRilRequestRaw returns value = 706
01-23 17:29:11.935  5271  6064 D MiRilHookAidlQcom(com.android.phone): sendQcRilHookMsgSync, requestId = 524970, phoneId = 0, ar = org.codeaurora.telephony.utils.AsyncResult@a4c5713
01-23 17:29:11.935  5271  6064 D HydraDataManager(com.android.phone): parseData, com.xiaomi.mirilhook.HydraDataManager$StatsParaBase, wont parse data, sub = 0, mIndSub = 2, mId = 176
01-23 17:29:11.935  5271  6064 D MI_RIL_OEM_HOOK(com.android.phone): onPkHookCommonMsg, msg_id = 62, bytes = [B@bb0d50
01-23 17:29:11.935  5271  6064 D MI_RIL_OEM_HOOK(com.android.phone): bytes.length = 412
01-23 17:29:11.935  5271  6064 D MI_RIL_OEM_HOOK(com.android.phone): onGetHookMsgBytes, HOOK_HEAD_SIZE = 16, msg_len = 416
01-23 17:29:11.935  5271  6064 D MiRilHookAidlQcom(com.android.phone): onHookSendSync, phoneId = 0
01-23 17:29:11.935  5271  6064 D MiRilHookAidlQcom(com.android.phone): sendQcRilHookMsgSync, requestId = 524970, phoneId = 0, request = [B@9933b49
01-23 17:29:11.935  5271  6064 D MiRilHookAidlQcom(com.android.phone): sendRilOemHookMsg: Outgoing Data is 514f454d484f4f4baa020800b00100003e0000000100000001000000b00000000000000000000000000000000000000000000000000000000000000000000000000000000000000000000000000000000000000000000000000000000000000000000000000000000000000000000000000000000000000000000000000000000000000000000000000000000000000000000000000000000000000000000000000000000000000000000000000000000000000000000000000000000000000000000000000000000000000000000000000000000000000000000000000000000000000000000000000000000000000000000000000000000000000000000000000000000000000000000000000000000000000000000000000000000000000000000000000000000000000000000000000000000000000000000000000000000000000000000000000000000000000000000000000000000000000000000000000000000000000000000000000000000000000000000000000000000000000000000000000000000000000000000000000000000000000000000000000000000000000000000000000000000000000000000000000000000000000000000000
01-23 17:29:11.935  5271  6064 D MiRilHookAidlQcom(com.android.phone): sendRilOemHookMsg, mService: com.qualcomm.qcrilmsgtunnel.IQcrilMsgTunnel$Stub$Proxy@d5088e0
01-23 17:29:11.936  5026  5026 D QcrilMsgTunnelIfaceManager: handleMessage what = 1
01-23 17:29:11.936  5026  5026 I QcrilOemhookMsgTunnel: [0]invokeOemRilRequestRaw: serial=22795 length=448
01-23 17:29:11.936 10301 12313 E b       : insert result = 71779
01-23 17:29:11.936  2386  2386 D qcrilNrd: SUB[0][xiaomi_qcril_hook.cpp:4131] xiaomi_qcril_hook_common_evt: ===================the type of hook msg is 62===================
01-23 17:29:11.936  2386  2386 D qcrilNrd: SUB[0][modem_hydra_mgr.c:978] modem_hydra_api_is_inited: g_hydra_client_id = 0
01-23 17:29:11.936  2386  2386 D qcrilNrd: SUB[0][modem_hydra_api.c:1084] modem_api_get_stats_parameter: client_id = 0, sub = 1, slot = 7919
01-23 17:29:11.936  2386  2386 D qcrilNrd: SUB[0][modem_hydra_api.c:1116] modem_api_get_stats_parameter: req: ids[0] = 176, value_len = 0, type = 0, value:  00 00 00 00 00 00 00 00 00
01-23 17:29:11.937  1811  1811 I sensors-hal: batch:141, android.sensor.accelerometer/11, period=66667000, max_latency=0
01-23 17:29:11.937  1811  1811 I sensors-hal: set_config:56, sample_period_ns is adjusted to 66667000 based on min/max delay_ns
01-23 17:29:11.937  1811  1811 I sensors-hal: batch:150, android.sensor.accelerometer/11, period=66667000, max_latency=0 request completed
01-23 17:29:11.937  3278  6260 I SensorService: 	>>> actuating h/w activate handle=0xb enabled=1
01-23 17:29:11.937  1811  1811 I sensors-hal: activate:108, android.sensor.accelerometer/11 en=1
01-23 17:29:11.937  1811  1811 I sensors-hal: acquire_qsh_interface:123, acquire_qsh_interface with sensor_id 90 , conn_type 2 
01-23 17:29:11.937  2386  2386 D qcrilNrd: SUB[0][modem_hydra_api.c:1146] modem_api_get_stats_parameter: rsp: ids[0] = 176, value_len = 690, value:  02 00 00 00 00 00 00 00 00
01-23 17:29:11.937  2386  2386 D qcrilNrd: SUB[0][xiaomi_qcril_hook.cpp:121] xiaomi_qcril_default_request_resp_params: instance_id 0, t 654014896, request_id -1066013272, ril_err_no 0
01-23 17:29:11.937  2386  2386 D qcrilNrd: SUB[0][xiaomi_qcril_hook.cpp:4946] xiaomi_qcril_hook_common_evt: resp_pkt 0xd4143000, resp_len 706
01-23 17:29:11.937  2386  2386 D qcrilNrd: SUB[0][xiaomi_qcril_hook.cpp:160] xiaomi_qcril_send_request_response: instance_id 0, t 654014896, request_id -1066013272, ril_err_no 0
01-23 17:29:11.937  5026 17700 I QtiOemHookAidl: oemHookRawResponse: serial no: 22795 error: 0length=706
01-23 17:29:11.938  5026  5026 D QcrilMsgTunnelIfaceManager: handleMessage what = 2
01-23 17:29:11.939  5271  6064 D MiRilHookAidlQcom(com.android.phone): sendOemRilRequestRaw returns value = 706
01-23 17:29:11.939  5271  6064 D MiRilHookAidlQcom(com.android.phone): sendQcRilHookMsgSync, requestId = 524970, phoneId = 0, ar = org.codeaurora.telephony.utils.AsyncResult@336ac4e
