01-13 14:40:32.987  9464 21481 D travelService_ActivityObserverUtils: activityStopped ComponentInfo{com.xiaomi.bluetooth/com.android.bluetooth.ble.app.fastconnect.MiuiFastConnectActivity}
01-13 14:40:32.987  7406  7456 D SmartAppAssistant: RuleMatch parseCloudTraceMatchers version = 10
01-13 14:40:32.987  2033  6014 I BpBinder: onLastStrongRef automatically unlinking death recipients: 
01-13 14:40:32.987 22881 23009 D IdProviderImpl: getOAID from com.miui.analytics
01-13 14:40:32.989  7406  7456 D SmartAppAssistant: RegexMatcher Regex match suc: JE_ISE
01-13 14:40:32.989  7406  7456 I SmartAppAssistant: TraceMatcher match je problem packageName=com.soundtherapyapp problemName=JE_ISE
01-13 14:40:32.989  7406  7456 D SmartAppAssistant: TraceMatcher matchExceptionType RegexStr： java\.lang\.IllegalStateException
01-13 14:40:32.989  7406  7456 I SmartAppAssistant: MatcherManager match exception type: 2
01-13 14:40:32.990  8889  8909 I htmlviewercloudcontrol: isStagingEnv:false param =  taa_SwitchStatus  uriMatch = 2, cluster: cn, version: 649476, traceId: 3207d9982ba3ad88be5aad14ba11fab1, regId: 3y/5YAKKsG4DaTUEqYP8xrCGGdYjHRJxuJepRV34cHdbfLdNYsnawrrMuDZmuv5e
01-13 14:40:32.990 22881 23009 D IdProviderImpl: getOAID from com.miui.analytics
01-13 14:40:32.990  8889  8909 I htmlviewercloudcontrol: isStagingEnv:false param =  taa_atest  uriMatch = 2, cluster: cn, version: 649476, traceId: 3207d9982ba3ad88be5aad14ba11fab1, regId: 3y/5YAKKsG4DaTUEqYP8xrCGGdYjHRJxuJepRV34cHdbfLdNYsnawrrMuDZmuv5e
01-13 14:40:32.991 22881 23009 D IdProviderImpl: getOAID from com.miui.analytics
01-13 14:40:32.991  8889  8909 I htmlviewercloudcontrol: isStagingEnv:false param =  taa_btest  uriMatch = 2, cluster: cn, version: 649476, traceId: 3207d9982ba3ad88be5aad14ba11fab1, regId: 3y/5YAKKsG4DaTUEqYP8xrCGGdYjHRJxuJepRV34cHdbfLdNYsnawrrMuDZmuv5e
01-13 14:40:32.992  8889  8909 I htmlviewercloudcontrol: isStagingEnv:false param =  taa_ctest  uriMatch = 2, cluster: cn, version: 649476, traceId: 3207d9982ba3ad88be5aad14ba11fab1, regId: 3y/5YAKKsG4DaTUEqYP8xrCGGdYjHRJxuJepRV34cHdbfLdNYsnawrrMuDZmuv5e
01-13 14:40:32.992  5321  5321 D DynamicIslandTopActivityController: fullscreen: com.xiaomi.bluetooth
01-13 14:40:32.992  5321  5321 D DynamicIslandController: onTopActivityChanged: ComponentInfo{com.xiaomi.bluetooth/com.android.bluetooth.ble.app.fastconnect.MiuiFastConnectActivity}
01-13 14:40:32.992  5321  5321 D DynamicIslandWindowViewController: handleDynamicIsland: action_top_activity_changed
01-13 14:40:32.992  5321  5321 D DynamicIslandWindowViewController: onTopActivityChange: topActivity ComponentInfo{com.xiaomi.bluetooth/com.android.bluetooth.ble.app.fastconnect.MiuiFastConnectActivity}, inSmallWindow false, isSupportPip false, isFocus true fullScreenPkg com.xiaomi.bluetooth
01-13 14:40:32.992  5321  5321 D DynamicIslandWindowViewController: openAppFromIsland: null, null, null false
01-13 14:40:32.992  5321  5321 D DynamicIslandSafeguardsController: cancelDelayEnterApp com.xiaomi.bluetooth com.xiaomi.aicr
01-13 14:40:32.992  5321  5321 D DynamicIslandSafeguardsController: cancelDelayEnterMiniWindow com.xiaomi.bluetooth com.xiaomi.bluetooth null
01-13 14:40:32.992  5321  5321 D DynamicIslandSafeguardsController: cancelDelayExitApp com.xiaomi.bluetooth com.soundtherapyapp
01-13 14:40:32.992  5321  5321 D DynamicIslandSafeguardsController: cancelDelayExitMiniWindow com.xiaomi.bluetooth null
01-13 14:40:32.992  5321  5321 D DynamicIslandWindowViewController: lastTopActivityIsSmallWindow false
01-13 14:40:32.992  5321  5321 D DynamicIslandSafeguardsController: delayExitApp com.xiaomi.bluetooth
01-13 14:40:32.992  5321  5321 D DynamicIslandSafeguardsController: cancelDelayExitApp com.xiaomi.bluetooth com.xiaomi.bluetooth
01-13 14:40:32.992  7406  7456 D SmartAppAssistant: HistoryExceptionDatabaseHelper The same dgt already exists in the database.
01-13 14:40:32.992  7406  7456 I SmartAppAssistant: ExceptionRiskPolicy risk hit com.soundtherapyapp exception because of reason1
01-13 14:40:32.992  8889  8909 I htmlviewercloudcontrol: isStagingEnv:false param =  taa_atest  uriMatch = 2, cluster: cn, version: 649476, traceId: 3207d9982ba3ad88be5aad14ba11fab1, regId: 3y/5YAKKsG4DaTUEqYP8xrCGGdYjHRJxuJepRV34cHdbfLdNYsnawrrMuDZmuv5e
01-13 14:40:32.993  8889  8909 I htmlviewercloudcontrol: isStagingEnv:false param =  taa_btest  uriMatch = 2, cluster: cn, version: 649476, traceId: 3207d9982ba3ad88be5aad14ba11fab1, regId: 3y/5YAKKsG4DaTUEqYP8xrCGGdYjHRJxuJepRV34cHdbfLdNYsnawrrMuDZmuv5e
01-13 14:40:32.993  8889  8910 I htmlviewercloudcontrol: isStagingEnv:false param =  taa_ctest  uriMatch = 2, cluster: cn, version: 649476, traceId: 3207d9982ba3ad88be5aad14ba11fab1, regId: 3y/5YAKKsG4DaTUEqYP8xrCGGdYjHRJxuJepRV34cHdbfLdNYsnawrrMuDZmuv5e
01-13 14:40:32.994  7406  7456 I SmartAppAssistant: ExceptionManager com.soundtherapyapp(versionName:1.0, versionCode:1) exception has been ignored
01-13 14:40:32.994 22881 23009 D IdProviderImpl: getOAID from com.miui.analytics
01-13 14:40:32.996  1828  1828 W SDM     : execute: No command found
01-13 14:40:32.998  3999  8072 W mi.bluetooth:ui: Binder 0xb400007908ed8180 destroyed after setInheritRt before being parceled.
01-13 14:40:33.000  3278  6008 D BarFollowAnimation: isAppBarAndVisibleCheck.....
01-13 14:40:33.000  3278  6008 D BarFollowAnimation: isAppTaskBarOnTop win:Window{fe5ca0e u0 NotificationShade} (mCurrentTopTask:Task{c15f925 #782 type=standard A=1002:com.xiaomi.bluetooth} : true); (mAssociatedTask:null : false); (mHomeTask:Task{68ecabd #1 type=home} : true); mReparentToOriginParent:true mLastAppBarVisible:true mLastHomeBarVisible:false
01-13 14:40:33.000  3278  6008 D MiuiRefreshRatePolicy: reset
01-13 14:40:33.002  2272  2272 I CNSS    : /sys/wifi/dump_in_progress doesn't exist
01-13 14:40:33.002  2272  2272 I CNSS    : /sys/wifi/max_chipset_log_size doesn't exist
01-13 14:40:33.004  1828  1828 W SDM     : execute: No command found
01-13 14:40:33.045  1963  7984 D AudioFlingerImpl: setGameParameters keyvalue: gamebooster=false
01-13 14:40:33.045  1963  7984 D DeviceHalAidl: [default] setParameters: parameters: "gamebooster=false"
01-13 14:40:33.046  1816 21305 I AHAL_ModulePrimary_MI: setVendorParameters: parameter count 1, async: 0
01-13 14:40:33.046  1816 21305 D AHAL_ModulePrimary_MI: setVendorParameters parameters id = gamebooster val false
01-13 14:40:33.046  1816 21305 D AHAL_ModulePrimary_MI: setVendorParameters: enter miam_setParameters_v2 ret = -2
01-13 14:40:33.046  1816 21305 D AHAL_ModulePrimary_QTI: setVendorParameters: parameter count 1, async: 0
01-13 14:40:33.046  1816 21305 D AHAL_HFP_QTI: hfp_set_parameters enter
01-13 14:40:33.046  1816 21305 D AHAL_HFP_QTI: hfp_set_parameters Exit
01-13 14:40:33.046  1963  7984 D DeviceHalAidl: [usb] setParameters: parameters: "gamebooster=false"
01-13 14:40:33.047  1963  7984 E ConversionHelperAidl: Function: parseAndSetVendorParameters Line: 94 Failed 
01-13 14:40:33.047  1963  7984 D DeviceHalAidl: [r_submix] setParameters: parameters: "gamebooster=false"
01-13 14:40:33.047  1816  1832 D AHAL_ModuleRemoteSubmix: setVendorParameters: parameter count 1, async: 0
01-13 14:40:33.047  1816  1832 D AHAL_ModuleRemoteSubmix: setVendorParameters parameters id = gamebooster val false
01-13 14:40:33.047  1963  7984 E ConversionHelperAidl: Function: parseAndSetVendorParameters Line: 94 Failed 
01-13 14:40:33.047  1963  7984 D DeviceHalAidl: [bluetooth] setParameters: parameters: "gamebooster=false"
01-13 14:40:33.048  1963  7984 E ConversionHelperAidl: Function: parseAndSetVendorParameters Line: 94 Failed 
01-13 14:40:33.067 29090 11746 D RelayAppLocalHelper: onTaskStackChanged:
01-13 14:40:33.069 10211 19911 I MultiScreenObserver: onTaskStackChanged, splitScreenMode: false isSmallScreen: false
01-13 14:40:33.070 10301 10787 I SCTaskStackListener: onTaskStackChanged! inSplit = false
01-13 14:40:33.070 10301 10787 D TheatreModeUtils: Turn off the 3D LUT Global Switch
01-13 14:40:33.070 10301 10787 I DisplayEffectUtils: setCinemaVisionGlobalSwitch: 0
01-13 14:40:33.072  4686  4686 D RecentsImpl: mTaskStackChangeListener, onTaskStackChanged
01-13 14:40:33.073 10301 10787 D TheatreModeUtils: isSupportCinemaVisionWith3d: false, sSupport3DLUTV1:0
01-13 14:40:33.073 10301 10787 E TheatreModeUtils: supportTheatreModeFeature = false, pkg: 
01-13 14:40:33.073 10301 10787 I DisplayEffectUtils: isSupportVDS: true
01-13 14:40:33.073 10301 10787 I DisplayEffectUtils: setScreenEffect: 0
01-13 14:40:33.074  3278  3341 D DisplayFeatureManagerService: setScreenEffect displayId=0 mode=27 value=0 cookie=255 from pid=10301
01-13 14:40:33.074 29090 11746 D RelayAppLocalHelper: notifyTaskStackChanged:
01-13 14:40:33.074  1857  1857 D DisplayFeatureHal: setFeatureEnable displayId = 0, FeatureId=VIDEO_STATE modeId=0 cookie=255
01-13 14:40:33.075  1857  1857 D DisplayFeatureHal: setWCGState current wcg state 0, setting to 0
01-13 14:40:33.075  1857  1857 D DisplayFeatureHal: notifySFWcgState enable = 0
01-13 14:40:33.075  4686  7958 D EventBus: No subscribers registered for event class com.miui.home.recents.messages.RecentTasksChangedEvent
01-13 14:40:33.075  4686  7958 D EventBus: No subscribers registered for event class org.greenrobot.eventbus.NoSubscriberEvent
01-13 14:40:33.076  4686  6972 E ActivityManagerWrapper: get all recent tasks force including -1 userId =0
01-13 14:40:33.076  3278  4436 W ActivityManager: pid 3278 system sent binder code 31100 with flags 0 to frozen apps and got error -74
01-13 14:40:33.077 10211 19912 I MultiScreenObserver: onTaskStackChanged, splitScreenMode: false isSmallScreen: false
01-13 14:40:33.077 10301 10783 I SCTaskStackListener: onTaskStackChanged! inSplit = false
01-13 14:40:33.077 10301 10783 D TheatreModeUtils: Turn off the 3D LUT Global Switch
01-13 14:40:33.077 10301 10783 I DisplayEffectUtils: setCinemaVisionGlobalSwitch: 0
01-13 14:40:33.078  1857  2442 D DisplayFeatureHal: HandleVideoMode enter 0
01-13 14:40:33.079 10301 10783 D TheatreModeUtils: isSupportCinemaVisionWith3d: false, sSupport3DLUTV1:0
01-13 14:40:33.079 10301 10783 E TheatreModeUtils: supportTheatreModeFeature = false, pkg: 
01-13 14:40:33.079 10301 10783 I DisplayEffectUtils: isSupportVDS: true
01-13 14:40:33.079 10301 10783 I DisplayEffectUtils: setScreenEffect: 0
01-13 14:40:33.079  3278  3823 D DisplayFeatureManagerService: setScreenEffect displayId=0 mode=27 value=0 cookie=255 from pid=10301
01-13 14:40:33.080  1857  1970 D DisplayFeatureHal: setFeatureEnable displayId = 0, FeatureId=VIDEO_STATE modeId=0 cookie=255
01-13 14:40:33.080  1857  1970 D DisplayFeatureHal: setWCGState current wcg state 0, setting to 0
01-13 14:40:33.080  1857  1970 D DisplayFeatureHal: notifySFWcgState enable = 0
01-13 14:40:33.080  1828  3099 I MiStcImpl: Dispatching command: 3 PCC
01-13 14:40:33.081 29090 11746 E SystemUtils: appIsTopAndXSpace: package com.xiaomi.bluetooth, result false
01-13 14:40:33.081  3278  4436 W ActivityManager: pid 3278 system sent binder code 31100 with flags 0 to frozen apps and got error -74
01-13 14:40:33.082  1857  2442 D DisplayFeatureHal: HandleCabcModeCustom HandleCabcModeCustom enter 0 0
01-13 14:40:33.082  1857  2442 D DisplayFeatureHal: HandleCabcModeCustom HandleCabcModeCustom no cabc state changed
01-13 14:40:33.082  1857  2442 D DisplayFeatureHal: HandleVideoMode enter 0
01-13 14:40:33.082  3278  4436 W ActivityManager: pid 3278 system sent binder code 31101 with flags 0 to frozen apps and got error -74
01-13 14:40:33.083  1828  3099 I MiStcImpl: Dispatching command: 3 PCC
01-13 14:40:33.083  1857  2442 D DisplayFeatureHal: HandleCabcModeCustom HandleCabcModeCustom enter 0 0
01-13 14:40:33.084  1857  2442 D DisplayFeatureHal: HandleCabcModeCustom HandleCabcModeCustom no cabc state changed
01-13 14:40:33.084  3278  4436 W ActivityManager: pid 3278 system sent binder code 31101 with flags 0 to frozen apps and got error -74
01-13 14:40:33.090 12372 12624 I HeavyPackageIdentify: splitMode: false, splitPackages: null, foregroundPkg: com.soundtherapyapp
01-13 14:40:33.121 10369 21620 I AiCrEngine_PERCEPTION_.ScreenPerception.updateDataForArguments$aicr_AI_foundation_release: updateDataForArguments atomic name = top_activity
01-13 14:40:33.122 10369 11243 I AiCrEngine_PERCEPTION_.ScreenContentRecognition.activityNameRecognition: ScreenPerception_debug 未识别特定activity！
01-13 14:40:33.123 10369 11243 I AiCrEngine_PERCEPTION_.ScreenContentRecognition.packageNameRecognition: ScreenPerception_debug 未识别特定包名！
01-13 14:40:33.123 10369 11316 I AiCrEngine_PERCEPTION_.ScreenPerception$updateDataForArguments$1$1.invokeSuspend: screenTypeValue null mining false
01-13 14:40:33.142  5321  5321 D DynamicIslandSafeguardsController: delayExitApp: com.xiaomi.bluetooth com.xiaomi.bluetooth count = 0
01-13 14:40:33.146 12372 12624 I HeavyPackageIdentify: splitMode: false, splitPackages: null, foregroundPkg: com.xiaomi.bluetooth
01-13 14:40:33.165  2517  2627 E MiuiBooster: "Unkwnow sched policy:-1073741825!!!"
01-13 14:40:33.251  1834  2081 E ANDR-PERF: ExtendedPerfBoost: trigger_rearm_timer() 179: setthermalbreak req empty boostparam=boost:1 cpu0:3532800 cpu6:4204800 cpumask:ff
01-13 14:40:33.332  1834  2081 E ANDR-PERF: ExtendedPerfBoost: trigger_rearm_timer() 179: setthermalbreak req empty boostparam=boost:0
01-13 14:40:33.370  3278  3403 W ActivityTaskManager: Activity top resumed state loss timeout for ActivityRecord{156561779 u0 com.soundtherapyapp/.MainActivity t-1 f}}
01-13 14:40:33.393  5271  6090 D SelfStudyController: handleMessage msg.what is 1010
01-13 14:40:33.415  3278  3419 D BroadcastQueue: Logging broadcast for com.xiaomi.xmsf, stopped=false, firstLaunch=false
01-13 14:40:33.417  3278  3419 D BroadcastQueue: Logging broadcast for com.xiaomi.xmsf, stopped=false, firstLaunch=false
01-13 14:40:33.419  3278  3419 D BroadcastQueue: Logging broadcast for com.xiaomi.xmsf, stopped=false, firstLaunch=false
01-13 14:40:33.420  3278  3419 D BroadcastQueue: Logging broadcast for com.xiaomi.xmsf, stopped=false, firstLaunch=false
01-13 14:40:33.422  3278  3419 D BroadcastQueue: Logging broadcast for com.xiaomi.xmsf, stopped=false, firstLaunch=false
01-13 14:40:33.424  3278  3419 D BroadcastQueue: Logging broadcast for com.xiaomi.xmsf, stopped=false, firstLaunch=false
01-13 14:40:33.448  5271  6090 D SelfStudyController: handleMessage msg.what is 1010
01-13 14:40:33.586  3278  4130 I MiuiNetworkPolicy: bandwidth: 0 KB/s, Max bandwidth: 970 KB/s
01-13 14:40:33.628  3278  6273 D PowerManagerService: [xiaomi_power]acquireWakeLockInternal: lock=89973638, flags=0x1, tag="NetworkStats", ws=null, uid=1000, pid=3278
01-13 14:40:33.643  3278  6273 D PowerManagerService: [xiaomi_power]releaseWakeLockInternal: lock=89973638 [NetworkStats], flags=0x0
01-13 14:40:33.894  5271  6061 D HighSpeedTrainModeController: msg.what = 10
01-13 14:40:33.945  3278  4150 D NetworkMetricsTracker: handleMessage:4
01-13 14:40:33.948  5271  6061 D HighSpeedTrainModeController: msg.what = 10
01-13 14:40:33.960  7247  7272 D QLM-Service: check_headroom_zone: Timer EVT, Temp: 32128
01-13 14:40:34.178  3278  4248 D GreezeManager: freezeBinder pid=20001 block=true state=-11
01-13 14:40:34.185  3278  4248 D GreezeManager: freezeBinder pid=8560 block=true state=-11
01-13 14:40:34.197  3278  4248 D GreezeManager: FZ uid = 10145 reason =check binder success !
01-13 14:40:34.198  3278  4248 I PowerManagerServiceImpl: Partial wakeLock:[PARTIAL_WAKE_LOCK                 'VFS:Maintenance' ACQ=-5s26ms (uid=10145 pid=20001 pkg=com.tencent.mm)], disabled: true, procState: 10, reason: greeze
01-13 14:40:34.199  3278  4248 D ActionExecute: frozen uid = 10145 reason=check binder
01-13 14:40:34.199  3278  4248 D ActionExecute: setPkgData uid = 10145 time=0
01-13 14:40:34.199  3278  4248 D ExternalInterface: setUidState, uid = 10145 allow = false
01-13 14:40:34.212  3278  3341 D GreezeManager: THAW uid = 10145 pid = [ 8560 20001 ]  reason : Check Binder caller : 1
01-13 14:40:34.213  3278  4246 D GreezeManager: iso uid:10145 p:{7886} :true
01-13 14:40:34.213  3278  3341 I PowerManagerServiceImpl: Partial wakeLock:[PARTIAL_WAKE_LOCK                 'VFS:Maintenance' DISABLED (uid=10145 pid=20001 pkg=com.tencent.mm)], disabled: false, procState: 10, reason: greeze
01-13 14:40:34.214  3278  3341 D ExternalInterface: setUidState, uid = 10145 allow = true
01-13 14:40:34.214  3278  4248 D ActionExecute: setPkgData uid = 10145 time=3000
01-13 14:40:34.215  3278  4246 D GreezeManager: iso uid:10145 p:{7886} :false
01-13 14:40:34.372  5213 19648 D JavaheapMonitor: Java heap used=25M max=256M, proc: vendor.qti.frameworks.utils
01-13 14:40:34.372  5213 19648 V JavaheapMonitor: Check java heap usage finished! Next check delay: 300000
01-13 14:40:34.442 24571 26268 D JavaheapMonitor: Java heap used=6M max=256M, proc: com.xiaomi.misettings
01-13 14:40:34.443 24571 26268 V JavaheapMonitor: Check java heap usage finished! Next check delay: 300000
01-13 14:40:34.444 10211 10670 D JavaheapMonitor: Java heap used=12M max=256M, proc: com.miui.powerkeeper
01-13 14:40:34.445 10211 10670 V JavaheapMonitor: Check java heap usage finished! Next check delay: 300000
01-13 14:40:34.699  1834  2080 E PERFHAL-UTIL: PERFHAL-UTIL: change_node_val() 204: Failed to update node /proc/sys/walt/sched_per_task_boost with value 8264 0
01-13 14:40:34.700  1834  2080 E PERFHAL-OPTSHANDLER: PERFHAL-OPTSHANDLER: sched_reset_task_boost() 4076: can't reset task 8264
01-13 14:40:34.700  1834  2080 E PERFHAL-RESOURCEQS: PERFHAL-RESOURCEQS: RemoveAndApply() 392: Failed to reset optimization [3, 32]
01-13 14:40:34.866  9689 21608 D JavaheapMonitor: Java heap used=7M max=256M, proc: com.xiaomi.metoknlp
01-13 14:40:34.866  9689 21608 V JavaheapMonitor: Check java heap usage finished! Next check delay: 300000
01-13 14:40:35.583  3278  4130 D MiuiNetworkPolicy: updateLimit mLimitEnabled=true,enabled=false,mNetworkPriorityMode=1,mThermalForceMode=0
01-13 14:40:35.589  3278  4130 I MiuiNetworkPolicy: getDisableLimitTimeout when thermal mode is:0
01-13 14:40:35.665  1692  1692 I zygote  : Delayed USAP Pool refill. New USAPs: 1
01-13 14:40:35.676  3278  4439 I SmartPower: com.milink.crossdeviceservice/10177(32154): background->idle(3005ms) R(content provider start ContentProviderRecord{16203da u0 com.milink.service/com.xiaomi.dist.handoff.AppMetaContentProvider}) adj=0.
01-13 14:40:35.706  1692  1692 D Zygote  : Forked child process 9637
01-13 14:40:35.870  5321  5321 D ControlCenterHeaderExpandController: onExpansionChanged: progress =  0.0
01-13 14:40:35.870  5321  5321 D ControlCenterHeaderExpandController: onExpansionChanged: progress =  0.0
01-13 14:40:35.871  5321  5321 D ControlCenterHeaderExpandController: onExpansionChanged: progress =  0.0
01-13 14:40:35.872  5321  5321 E VRI[NotificationShade]: performDraw: Not drawing due to screen off
01-13 14:40:35.873  5321  5321 E VRI[StatusBar]: performDraw: Not drawing due to screen off
01-13 14:40:35.874  5321  5321 E VRI[StatusBar1]: performDraw: Not drawing due to screen off
01-13 14:40:35.883  5321  5321 D ControlCenterHeaderExpandController: onExpansionChanged: progress =  0.0
01-13 14:40:35.883  5321  5321 E VRI[NotificationShade]: performDraw: Not drawing due to screen off
01-13 14:40:35.897 10211 12124 I AudioEffect: getParameter: param: 5, param2: -1
01-13 14:40:35.898  1963  7984 V EffectHandle: command(), cmdCode: 8, mHasControl: 1, mEffect: 0xb40000787d0dc2d0
01-13 14:40:35.898  1963  7984 V EffectModule: command, DAP_offload cmdCode: 8, mEffectInterface: 0xb4000077cd1867d0
01-13 14:40:35.900 10211 12124 D android.media.audiofx.presenter.QcomEffectPresenter: isSpatialAudioActive: false, from: com.miui.powerkeeper
01-13 14:40:35.901 10211 12124 D MiEffectUtils: support google spatializer, getSpatialStatus: false
01-13 14:40:35.903 10211 12124 I AudioEffect: getParameter: param: 5, param2: -1
01-13 14:40:35.903  1963  7984 V EffectHandle: command(), cmdCode: 8, mHasControl: 1, mEffect: 0xb40000787d0dc2d0
01-13 14:40:35.904  1963  7984 V EffectModule: command, DAP_offload cmdCode: 8, mEffectInterface: 0xb4000077cd1867d0
01-13 14:40:35.905 10211 12124 D android.media.audiofx.presenter.QcomEffectPresenter: isSpatialAudioActive: false, from: com.miui.powerkeeper
01-13 14:40:35.905 10211 12124 D MiEffectUtils: support google spatializer, getSpatialStatus: false
01-13 14:40:35.910 16169 16342 I AdapterProperties: getBondedDevices: length=3
01-13 14:40:35.910 16169 16342 D BtGatt.GattService: getDeviceType() - device=XX:XX:XX:XX:58:35, type=1
01-13 14:40:35.910 16169 16342 D BtGatt.GattService: getDeviceType() - device=XX:XX:XX:XX:10:F0, type=3
01-13 14:40:35.910 16169 16342 D BtGatt.GattService: getDeviceType() - device=XX:XX:XX:XX:F8:4B, type=2
01-13 14:40:35.911 16169 16342 I AdapterProperties: getBondedDevices: length=3
01-13 14:40:35.911 16169 16342 D BtGatt.GattService: getDeviceType() - device=XX:XX:XX:XX:58:35, type=1
01-13 14:40:35.911 16169 16342 D BtGatt.GattService: getDeviceType() - device=XX:XX:XX:XX:10:F0, type=3
01-13 14:40:35.911 16169 16342 D BtGatt.GattService: getDeviceType() - device=XX:XX:XX:XX:F8:4B, type=2
01-13 14:40:35.912 16169 16342 I AdapterProperties: getBondedDevices: length=3
01-13 14:40:35.912 16169 16342 D BtGatt.GattService: getDeviceType() - device=XX:XX:XX:XX:58:35, type=1
01-13 14:40:35.912 16169 16342 D BtGatt.GattService: getDeviceType() - device=XX:XX:XX:XX:10:F0, type=3
01-13 14:40:35.912 16169 16342 D BtGatt.GattService: getDeviceType() - device=XX:XX:XX:XX:F8:4B, type=2
01-13 14:40:35.926  3278  4439 I SmartPower: com.xiaomi.market/10168(21761): background->idle(3000ms) R(content provider start ContentProviderRecord{ac1a67a u0 com.xiaomi.market/.provider.MarketProvider}) adj=0.
01-13 14:40:35.976  9643  9643 W dumpsys : Thread Pool max thread count is 0. Cannot cache binder as linkToDeath cannot be implemented. serviceName: cpuinfo
01-13 14:40:35.979 10211 12124 I libc    : kill: send 15 to pid 9643
01-13 14:40:35.979 10211 12124 I libc    : debug pid reuse, real pid 9643
01-13 14:40:35.981 10211 12124 I AudioEffect: getParameter: param: 5, param2: -1
01-13 14:40:35.981  1963  7984 V EffectHandle: command(), cmdCode: 8, mHasControl: 1, mEffect: 0xb40000787d0dc2d0
01-13 14:40:35.981  1963  7984 V EffectModule: command, DAP_offload cmdCode: 8, mEffectInterface: 0xb4000077cd1867d0
01-13 14:40:35.981 10211 12124 D android.media.audiofx.presenter.QcomEffectPresenter: isSpatialAudioActive: false, from: com.miui.powerkeeper
01-13 14:40:35.981 10211 12124 D MiEffectUtils: support google spatializer, getSpatialStatus: false
01-13 14:40:35.982 10211 12124 I AudioEffect: getParameter: param: 5, param2: -1
01-13 14:40:35.982  1963  7984 V EffectHandle: command(), cmdCode: 8, mHasControl: 1, mEffect: 0xb40000787d0dc2d0
01-13 14:40:35.982  1963  7984 V EffectModule: command, DAP_offload cmdCode: 8, mEffectInterface: 0xb4000077cd1867d0
01-13 14:40:35.982 10211 12124 D android.media.audiofx.presenter.QcomEffectPresenter: isSpatialAudioActive: false, from: com.miui.powerkeeper
01-13 14:40:35.982 10211 12124 D MiEffectUtils: support google spatializer, getSpatialStatus: false
01-13 14:40:35.983 16169 16342 I AdapterProperties: getBondedDevices: length=3
01-13 14:40:35.983 16169 16342 D BtGatt.GattService: getDeviceType() - device=XX:XX:XX:XX:58:35, type=1
01-13 14:40:35.983 16169 16342 D BtGatt.GattService: getDeviceType() - device=XX:XX:XX:XX:10:F0, type=3
01-13 14:40:35.983 16169 16342 D BtGatt.GattService: getDeviceType() - device=XX:XX:XX:XX:F8:4B, type=2
01-13 14:40:35.983 16169 16692 I AdapterProperties: getBondedDevices: length=3
01-13 14:40:35.983 16169 16692 D BtGatt.GattService: getDeviceType() - device=XX:XX:XX:XX:58:35, type=1
01-13 14:40:35.983 16169 16692 D BtGatt.GattService: getDeviceType() - device=XX:XX:XX:XX:10:F0, type=3
01-13 14:40:35.983 16169 16692 D BtGatt.GattService: getDeviceType() - device=XX:XX:XX:XX:F8:4B, type=2
01-13 14:40:35.983 16169 16692 I AdapterProperties: getBondedDevices: length=3
01-13 14:40:35.983 16169 16692 D BtGatt.GattService: getDeviceType() - device=XX:XX:XX:XX:58:35, type=1
01-13 14:40:35.983 16169 16692 D BtGatt.GattService: getDeviceType() - device=XX:XX:XX:XX:10:F0, type=3
01-13 14:40:35.983 16169 16692 D BtGatt.GattService: getDeviceType() - device=XX:XX:XX:XX:F8:4B, type=2
01-13 14:40:36.009  9646  9646 W dumpsys : Thread Pool max thread count is 0. Cannot cache binder as linkToDeath cannot be implemented. serviceName: cpuinfo
01-13 14:40:36.013 10211 12124 I libc    : kill: send 15 to pid 9646
01-13 14:40:36.013 10211 12124 I libc    : debug pid reuse, real pid 9646
01-13 14:40:36.097 26118 26425 D JavaheapMonitor: Java heap used=8M max=256M, proc: com.xiaomi.xmsf
01-13 14:40:36.098 26118 26425 V JavaheapMonitor: Check java heap usage finished! Next check delay: 300000
01-13 14:40:36.156  3278  9124 E TaskPersister: File error accessing recents directory (directory doesn't exist?).
01-13 14:40:36.480 28888 29471 D JavaheapMonitor: Java heap used=6M max=256M, proc: com.miui.hybrid
01-13 14:40:36.480 28888 29471 V JavaheapMonitor: Check java heap usage finished! Next check delay: 300000
01-13 14:40:36.587  3278  4130 I MiuiNetworkPolicy: bandwidth: 0 KB/s, Max bandwidth: 970 KB/s
01-13 14:40:36.743 32154   952 D JavaheapMonitor: Java heap used=8M max=256M, proc: com.milink.crossdeviceservice
01-13 14:40:36.744 32154   952 V JavaheapMonitor: Check java heap usage finished! Next check delay: 300000
01-13 14:40:36.815 10301 11710 D JavaheapMonitor: Java heap used=20M max=256M, proc: com.miui.securitycenter.remote
01-13 14:40:36.815 10301 11710 V JavaheapMonitor: Check java heap usage finished! Next check delay: 300000
01-13 14:40:37.027 23209 23925 D JavaheapMonitor: Java heap used=5M max=512M, proc: com.android.camera
01-13 14:40:37.027 23209 23925 V JavaheapMonitor: Check java heap usage finished! Next check delay: 300000
01-13 14:40:37.713 21673 21673 I adbd    : in ShellService: export ANDROID_LOG_TAGS=''; exec logcat '-d' '-t' '4000'
01-13 14:40:37.717 11745 12349 I lyra-mpt: MiplayTransportSession::CreateKcpSession:198 session=13716 rtt=107 srtt=107 rto=535 cwnd=204 incr=281049 srh=196 nsend=365 nresend=5 nfastresend=0 nsent=365 maxxmit=2
