01-13 14:26:09.149  9162  9459 D DigestGenerator: at com.facebook.soloader.nativeloader.NativeLoader.loadLibrary(NativeLoader.java:XX)
01-13 14:26:09.149  9162  9459 D DigestGenerator: at com.facebook.soloader.nativeloader.NativeLoader.loadLibrary(NativeLoader.java:XX)
01-13 14:26:09.149  9162  9459 D DigestGenerator: at com.facebook.soloader.SoLoader.loadLibrary(SoLoader.java:XX)
01-13 14:26:09.149  9162  9459 D DigestGenerator: at com.facebook.react.internal.featureflags.ReactNativeFeatureFlagsCxxInterop.<clinit>(ReactNativeFeatureFlagsCxxInterop.kt:XX)
01-13 14:26:09.149  9162  9459 D DigestGenerator: at com.facebook.react.internal.featureflags.ReactNativeFeatureFlagsCxxAccessor.enableBridgelessArchitecture(ReactNativeFeatureFlagsCxxAccessor.kt:XX)
01-13 14:26:09.149  9162  9459 D DigestGenerator: at com.facebook.react.internal.featureflags.ReactNativeFeatureFlags.enableBridgelessArchitecture(ReactNativeFeatureFlags.kt:XX)
01-13 14:26:09.149  9162  9459 D DigestGenerator: at com.facebook.react.internal.featureflags.ReactNativeNewArchitectureFeatureFlags.enableBridgelessArchitecture(ReactNativeNewArchitectureFeatureFlags.kt:XX)
01-13 14:26:09.149  9162  9459 D DigestGenerator: at com.facebook.react.ReactActivityDelegate.lambda$onCreate$(ReactActivityDelegate.java:XX)
01-13 14:26:09.149  9162  9459 D DigestGenerator: at com.facebook.react.ReactActivityDelegate.$r$lambda$HPdXfLmAUyWcXbwAHziPPWA(Unknown Source:)
01-13 14:26:09.149  9162  9459 D DigestGenerator: at com.facebook.react.ReactActivityDelegate$$ExternalSyntheticLambda.run(XX$$SyntheticClass:)
01-13 14:26:09.149  9162  9459 D DigestGenerator: at com.facebook.systrace.Systrace.traceSection(Systrace.kt:XX)
01-13 14:26:09.149  9162  9459 D DigestGenerator: at com.facebook.react.ReactActivityDelegate.onCreate(ReactActivityDelegate.java:XX)
01-13 14:26:09.149  9162  9459 D DigestGenerator: at com.facebook.react.ReactActivity.onCreate(ReactActivity.java:XX)
01-13 14:26:09.149  9162  9459 D DigestGenerator: at android.app.Activity.performCreate(Activity.java:XX)
01-13 14:26:09.149  9162  9459 D DigestGenerator: at android.app.Activity.performCreate(Activity.java:XX)
01-13 14:26:09.149  9162  9459 D DigestGenerator: at android.app.Instrumentation.callActivityOnCreate(Instrumentation.java:XX)
01-13 14:26:09.149  9162  9459 D DigestGenerator: at android.app.ActivityThread.performLaunchActivity(ActivityThread.java:XX)
01-13 14:26:09.149  9162  9459 D DigestGenerator: at android.app.ActivityThread.handleLaunchActivity(ActivityThread.java:XX)
01-13 14:26:09.149  9162  9459 D DigestGenerator: at android.app.servertransaction.LaunchActivityItem.execute(LaunchActivityItem.java:XX)
01-13 14:26:09.149  9162  9459 D DigestGenerator: at android.app.servertransaction.TransactionExecutor.executeNonLifecycleItem(TransactionExecutor.java:XX)
01-13 14:26:09.149  9162  9459 D DigestGenerator: at android.app.servertransaction.TransactionExecutor.executeTransactionItems(TransactionExecutor.java:XX)
01-13 14:26:09.149  9162  9459 D DigestGenerator: at android.app.servertransaction.TransactionExecutor.execute(TransactionExecutor.java:XX)
01-13 14:26:09.149  9162  9459 D DigestGenerator: at android.app.ActivityThread$H.handleMessage(ActivityThread.java:XX)
01-13 14:26:09.149  9162  9459 D DigestGenerator: at android.os.Handler.dispatchMessage(Handler.java:XX)
01-13 14:26:09.149  9162  9459 D DigestGenerator: at android.os.Looper.loopOnce(Looper.java:XX)
01-13 14:26:09.149  9162  9459 D DigestGenerator: at android.os.Looper.loop(Looper.java:XX)
01-13 14:26:09.149  9162  9459 D DigestGenerator: at android.app.ActivityThread.main(ActivityThread.java:XX)
01-13 14:26:09.149  9162  9459 D DigestGenerator: at java.lang.reflect.Method.invoke(Native Method)
01-13 14:26:09.149  9162  9459 D DigestGenerator: at com.android.internal.os.RuntimeInit$MethodAndArgsCaller.run(RuntimeInit.java:XX)
01-13 14:26:09.149  9162  9459 D DigestGenerator: at com.android.internal.os.ZygoteInit.main(ZygoteInit.java:XX)
01-13 14:26:09.149  4984  5145 I DynamicDDSService: Aidl sendRequest has success response 
01-13 14:26:09.149  4686  6972 D RecentsTaskLoader: reloadTasksData [TaskKey{id=774, stackId=0, baseIntent=Intent { flg=0x10000000 cmp=com.soundtherapyapp/.MainActivity }, userId=0, lastActiveTime=348018384, windowingMode=1, isThumbnailBlur=false, isAccessLocked=false, isScreening=false, topActivity=null, mHashCode=23981786}, title=SoundTherapyApp, titleDescription=SoundTherapyApp, bounds=null, isLaunchTarget=false, isStackTask=true, isSystemApp=false, isDockable=true, baseActivity=null, isLocked=false, mNeedHide=false, hasMultipleTasks=false, cti1Key=, cti2Key=] 
01-13 14:26:09.149  9162  9459 W JavaExceptionHandler: Too noisy! skip duplicate java exception report:com.soundtherapyapp now=1768285569149 mLastReportTime=1768285531909 interval=60000
01-13 14:26:09.150  5321  5321 D ShadeDarkIconDispatcher: receiver delegate onDarkChangedWithContrast
01-13 14:26:09.150  5321  5321 D ShadeDarkIconDispatcher: receiver delegate onLightDarkTintChanged
01-13 14:26:09.150  9162  9459 W MQSEventManager: begin to storeEvent
01-13 14:26:09.150  4686  6972 W IconCustomizer: Density abnormal: context density=586 systemDensity=600
01-13 14:26:09.150  4686  6972 W IconCustomizer: Density abnormal: context density=586 systemDensity=600
01-13 14:26:09.150  4686  6972 D TaskSnapshotCompatVV: getIsInvalidateFromTaskSnapshot, return, mTaskSnapshot=null, mTaskSnapshotClazz=null
01-13 14:26:09.150  5321  5321 D DynamicIslandWindowViewController: handleDynamicIsland: action_update_light
01-13 14:26:09.150  5321  5321 D DynamicIslandWindowViewController: handleDynamicIsland: isLight false
01-13 14:26:09.151  3278  3404 I TransitionImpl: home mode = 2
01-13 14:26:09.151  3278  3404 I TransitionImpl: home mode = 2
01-13 14:26:09.151  3278  3404 I TransitionImpl: home mode = 3
01-13 14:26:09.151  3278  3404 I WindowManager: wms.showSurfaceRobustly mWin:Window{9d06dfe u0 com.miui.miwallpaper.wallpaperservice.MiuiKeyguardPictorialWallpaper} in Surface(name=com.miui.miwallpaper.wallpaperservice.MiuiKeyguardPictorialWallpaper#66)/@0x8cb7262
01-13 14:26:09.151  3278  3404 I TransitionImpl: home mode = 2
01-13 14:26:09.151  3278  3404 I TransitionImpl: home mode = 2
01-13 14:26:09.151  3278  3404 I TransitionImpl: home mode = 3
01-13 14:26:09.151  3278  3404 I TransitionImpl: home mode = 2
01-13 14:26:09.151  3278  3404 I TransitionImpl: home mode = 2
01-13 14:26:09.151  3278  3404 I TransitionImpl: home mode = 3
01-13 14:26:09.151  3278  3404 I TransitionImpl: home mode = 2
01-13 14:26:09.151  3278  3404 I TransitionImpl: home mode = 2
01-13 14:26:09.151  3278  3404 I TransitionImpl: home mode = 3
01-13 14:26:09.151  2033  2033 D MI-SF   : isTpIdleScene ,mAverageFrameRate is 0, 0 
01-13 14:26:09.151  2033  2033 D MI-SF   : modeGroup0 mIsSupportAutomodeForMaxFpsSetting is 0(0), getCurrentBrightness() = 737(388), mIsKeepAutoMode 0 isAutoModeAllowed() 1
01-13 14:26:09.151  2033  2033 D RefreshRateSelector: fixedMode_group: 0, isFindModeGroup 0
01-13 14:26:09.151  2033  2033 D RefreshRateSelector: find max refresh rate:120, mode Group:0
01-13 14:26:09.152  9162  9459 D MQSEventManager: send MSG_JUDGE_TRANSMISSION packageName com.soundtherapyapp
01-13 14:26:09.152  9162  9459 W JavaExceptionHandler: Too noisy! skip duplicate java exception report:com.soundtherapyapp now=1768285569152 mLastReportTime=1768285531909 interval=60000
01-13 14:26:09.152  9162  9459 W MQSEventManager: Too noisy! Bail the event:com.soundtherapyapp type:1
01-13 14:26:09.152  9162  9460 D MQSEventManager: begin call thirdappassistant
01-13 14:26:09.154  3278  3405 I MiuiWallpaperSurfaceAnimation: wallpaperOffsets:xOffset=0.0,yOffset=0.0
01-13 14:26:09.154  3278  3405 D MiuiWallpaperSurfaceAnimation: updateScaleIfNeeded mPivotX: 0.5, mPivotY: 0.5, x: 0.0, y: 0.0, zoom: 1.0897495
01-13 14:26:09.154  5321  5716 D VRI[Miui Bottom Caption of Task=774]: getMiuiFreeformStackInfo mTmpFrames.miuiFreeFormStackInfo: null
01-13 14:26:09.154  4686  4686 D PassBlur: textureState not update, view com.miui.home.launcher.BlurView{5420920 V.ED..... ........ 0,0-1440,3200 #7f0a026a app:id/launcher_blur_view} visible is true
01-13 14:26:09.155  4686  5632 D com.miui.home: backgroundBlur makeBackgroundImage (ShortcutMenuLayer-6-0xb400007838efed10), blurRadius(183), blurType(-1), blurScaleRatio(0.000000)
01-13 14:26:09.155  4686  5632 D com.miui.home: backgroundBlur makeBackgroundImage (BlurView-6-0xb400007838f44d30), blurRadius(113), blurType(-1), blurScaleRatio(0.000000)
01-13 14:26:09.156  7406 32163 I SmartAppAssistant: ThirdAppAssistantProvider ThirdAppAssistant is queried
01-13 14:26:09.157  3278 11065 D MiuiEmbeddingWindow: blacklistedAppRunningOnPhone: package=com.android.htmlviewerisNotProjeciton=true isHavingJeppackDisabledConfig=false isRunningOnPhone=true isAppleConnection=false
01-13 14:26:09.157  3278 11065 D MiuiEmbeddingWindow: MiuiEmbeddingWindowService: updateApplicationInfo for com.android.htmlviewer, blacklistedAppRunningOnPhone updated: clear
01-13 14:26:09.157  3278 11065 V GrammaticalInflectionUtils: AttributionSource: android.content.AttributionSource@cf6b0bb3 does not have READ_SYSTEM_GRAMMATICAL_GENDER permission.
01-13 14:26:09.157  3278 11065 I ActivityManager: Posting procStart msg for 0:com.android.htmlviewer:remote/u0a92
01-13 14:26:09.157  3278 11065 D ContentProviderHelper: Logging provider access for com.android.htmlviewer, stopped=false, firstLaunch=false
01-13 14:26:09.159  2033  2033 D MI-SF   : isTpIdleScene ,mAverageFrameRate is 92, 0 
01-13 14:26:09.159  2033  2033 D MI-SF   : modeGroup0 mIsSupportAutomodeForMaxFpsSetting is 0(0), getCurrentBrightness() = 737(388), mIsKeepAutoMode 0 isAutoModeAllowed() 1
01-13 14:26:09.159  2033  2033 D RefreshRateSelector: fixedMode_group: 0, isFindModeGroup 0
01-13 14:26:09.159  2033  2033 D RefreshRateSelector: find max refresh rate:120, mode Group:0
01-13 14:26:09.159  3278  3404 I DPSImpl : com.android.server.wm.WindowState hide ime, enable touchboost
01-13 14:26:09.160  3278  3404 I DPSImpl : com.android.server.wm.WindowState hide ime, enable touchboost
01-13 14:26:09.160  2033  2109 D RenderEngine: makePassBlurBetterDownShader layername:Wallpaper BBQ wrapper#64
01-13 14:26:09.162  3278  3405 I MiuiWallpaperSurfaceAnimation: wallpaperOffsets:xOffset=0.0,yOffset=0.0
01-13 14:26:09.162  3278  3405 D MiuiWallpaperSurfaceAnimation: updateScaleIfNeeded mPivotX: 0.5, mPivotY: 0.5, x: 0.0, y: 0.0, zoom: 1.0924858
01-13 14:26:09.163  4686  4686 D PassBlur: textureState not update, view com.miui.home.launcher.BlurView{5420920 V.ED..... ........ 0,0-1440,3200 #7f0a026a app:id/launcher_blur_view} visible is true
01-13 14:26:09.163  4686  5632 D com.miui.home: backgroundBlur makeBackgroundImage (ShortcutMenuLayer-6-0xb400007838efed10), blurRadius(183), blurType(-1), blurScaleRatio(0.000000)
01-13 14:26:09.163  4686  4686 D Launcher.Lifecycle: onWindowFocusChanged:true,UserHandle{0},bfe571,false
01-13 14:26:09.163  4686  4686 D Launcher_UnlockAnimationStateMachine: onWindowFocus:PAUSE_WAIT
01-13 14:26:09.163  4686  4686 D Launcher_UnlockAnimationStateMachine: showAnimation = PAUSE_WAIT
01-13 14:26:09.163  4686  5632 D com.miui.home: backgroundBlur makeBackgroundImage (BlurView-6-0xb400007838f44d30), blurRadius(114), blurType(-1), blurScaleRatio(0.000000)
01-13 14:26:09.163  4686  4686 I HandWritingStubImpl: refreshLastKeyboardType: 1
01-13 14:26:09.163  4686  4686 I HandWritingStubImpl: getCurrentKeyboardType: 1
01-13 14:26:09.164  3278  3961 W InputMethodManagerService: Clear show forced flag.
01-13 14:26:09.164  3278  3961 I ImeTracker: com.miui.home:9f69fce8: onRequestHide at ORIGIN_SERVER reason HIDE_SAME_WINDOW_FOCUSED_WITHOUT_EDITOR fromUser false
01-13 14:26:09.164  3278  3961 W SecurityInputMethodSwitcher: first check switch to security ime: false
01-13 14:26:09.164  3278  3961 W SecurityInputMethodSwitcher: double check switch to security ime: false
01-13 14:26:09.164  3278  3961 W SecurityInputMethodSwitcher: switch to other input method from security ime:false mayChangeToMiuiSecurityInputMethod: false current focus window: android.os.BinderProxy@f3787dd
01-13 14:26:09.164  3278  3961 D InputMethodManagerService: startInputUncheckedLocked:set client state as:ClientState{8bcd507 mUid=10142 mPid=4686 mSelfReportedDisplayId=0}
01-13 14:26:09.164  4686  4686 D InsetsController: hide(ime(), fromIme=false)
01-13 14:26:09.164  4686  4686 I ImeTracker: com.miui.home:9f69fce8: onCancelled at PHASE_CLIENT_ALREADY_HIDDEN
01-13 14:26:09.164  3278  3961 D InputMethodManagerServiceImpl: ime switch to security: false , switch to normal ime: false , switch from security: false
01-13 14:26:09.164 21673 21673 I adbd    : Remote process closed the socket (on MSG_PEEK)
01-13 14:26:09.165  9955  9955 D SogouIME: onFinishInput: attribute:com.miui.home 169311085
01-13 14:26:09.165  9955  9955 D MainImeServiceDel: doOnFinishInput: 
01-13 14:26:09.165  9955  9955 D InputLogic: resetChinese: 
01-13 14:26:09.165  9955  9955 D SogouIME: onStartInput: attribute:com.miui.home 209418224 restarting:false
01-13 14:26:09.165  3278  3421 I libc    : kill: send 9 to pid -32122
01-13 14:26:09.165  3278 11065 I ActivityManager: Process com.soundtherapyapp (pid 32122) has died: fg  TOP 
01-13 14:26:09.165  3278  3421 I libc    : debug pid reuse, real pid -32122
01-13 14:26:09.165  3278  3421 I libprocessgroup: Removed cgroup /sys/fs/cgroup/apps/uid_10405/pid_32122
01-13 14:26:09.165  3278 11065 D MiuiDamonService: report App died, packageName = com.soundtherapyapp, pid = 32122
01-13 14:26:09.165  3278  4257 E ProcessManager: error write exception log
01-13 14:26:09.165  9955  9955 D SogouIME: checkFractionChange: 
01-13 14:26:09.166  1841  1841 I vendor.qti.hardware.servicetrackeraidl-service: killProcess is called for pid : 32122
01-13 14:26:09.166  3278 11065 I ActivityManager: note: ProcessRecord{884f200 32122:com.soundtherapyapp/u0a405} died, saving the exit info
01-13 14:26:09.166 26170 26310 D MyLog   : -->log(1): [Tid:3350] [KeepAliveManager] -->onProcessDied(), pid=32122, uid=10405
01-13 14:26:09.166 26170 26170 D AppLifecycleObserver: onReceive: com.soundtherapyapp DESTROY
01-13 14:26:09.166  3278 11065 D WindowManager: Collecting in transition 2501: Task{8b2b4d0 #774 type=standard A=10405:com.soundtherapyapp} init visibleRequested:false
01-13 14:26:09.166 26170 26170 D PkgUtils: getApplicationInfo packageName:com.soundtherapyapp, flags:128 applicationInfo:ApplicationInfo{691c857 com.soundtherapyapp} needSecondSpace:false
01-13 14:26:09.166  3278 11065 D WindowManager: Collecting in transition 2501: ActivityRecord{111799682 u0 com.soundtherapyapp/.MainActivity t774 f}} init visibleRequested:false
01-13 14:26:09.166  3278 11065 I WindowManager: Not remove startingWindow because this = com.android.server.wm.ActivityRecordImpl@e98b7e4 activityState = DESTROYED mOnFirstWindowDrawn = false mStartingData = SplashScreenStartingData{9ea2c85 removeAfterTransaction= 1} mSyncState = 2 inPlaying = true isCollecting = true collecting = TransitionRecord{2c0e687 id=2501 type=CLOSE flags=0x10 c=[
01-13 14:26:09.166  3278 11065 I WindowManager:    ChangeInfo{5c979b4 container=Task{44844cf #2 type=home I=com.miui.home/.launcher.Launcher} flags=0x0}
01-13 14:26:09.166  3278 11065 I WindowManager:    ChangeInfo{f15d9dd container=Display{#0 state=ON size=1440x3200 ROTATION_0} flags=0x0}
01-13 14:26:09.166  3278 11065 I WindowManager:    ChangeInfo{29d4952 container=Task{68ecabd #1 type=home} flags=0x0}
01-13 14:26:09.166  3278 11065 I WindowManager:    ChangeInfo{bb6423 container=ActivityRecord{111799682 u0 com.soundtherapyapp/.MainActivity t774 f}} flags=0x0}
01-13 14:26:09.166  3278 11065 I WindowManager:    ChangeInfo{e5e7d20 container=Task{8b2b4d0 #774 type=standard A=10405:com.soundtherapyapp} flags=0x0}
01-13 14:26:09.166  3278 11065 I WindowManager:    ChangeInfo{f1b36d9 container=DefaultTaskDisplayArea@148137897 flags=0x0}
01-13 14:26:09.166  3278 11065 I WindowManager:    ChangeInfo{e22a89e container=ActivityRecord{163041850 u0 com.miui.home/.launcher.Launcher t2} flags=0x0}
01-13 14:26:09.166  3278 11065 I WindowManager:    ChangeInfo{c561f7f container=WallpaperWindowToken{ff64f09 showWhenLocked=false} flags=0x0}
01-13 14:26:09.166  3278 11065 I WindowManager: ]
01-13 14:26:09.166  3278 11065 I WindowManager: }
01-13 14:26:09.166  3278 11065 D WindowManager: The activity has been destroyed, and the startingWindow should be removed at this time.
01-13 14:26:09.166  3278 11065 D BarFollowAnimation: onTaskInfoChanedForCaptionBar Task{8b2b4d0 #774 type=standard A=10405:com.soundtherapyapp} shouldbeVisible:false isVisible:true isOnTop:false windowMode:1 preDisplayId:-1 displayId:0 mCaptionAssociatedTask:null mIsTouchedInCaption:false
01-13 14:26:09.167  3278 11065 D BarFollowAnimation: isAppTaskBarOnTop win:Window{7f85f52 u0 com.miui.home/com.miui.home.launcher.Launcher} (mCurrentTopTask:Task{8b2b4d0 #774 type=standard A=10405:com.soundtherapyapp} : false); (mAssociatedTask:Task{8b2b4d0 #774 type=standard A=10405:com.soundtherapyapp} : false); (mHomeTask:Task{68ecabd #1 type=home} : false); mReparentToOriginParent:false mLastAppBarVisible:true mLastHomeBarVisible:false
01-13 14:26:09.167  3278  3424 I ActivityManager: Update process exit info for com.soundtherapyapp(32122/u10405)
01-13 14:26:09.167  3278 11065 D WindowManager: wms.Input focus has changed to Window{7f85f52 u0 com.miui.home/com.miui.home.launcher.Launcher} display=0 updateInputWindows = true
01-13 14:26:09.167  3278 11065 I MultiSenceManagerInternalStub: getInstance
01-13 14:26:09.167  3278  4451 I MultiSenceManagerInternalStubImpl: packageName = com.miui.home
01-13 14:26:09.167 16169 16169 D HidDeviceService: handleMessage(): msg.what=8
01-13 14:26:09.167 16169 16169 D HidDeviceService: unregisterAppUid(): uid=10405
01-13 14:26:09.167 16169 16169 D HidDeviceService: unregisterAppUid(): caller UID doesn't match user UID
01-13 14:26:09.167  3278  4451 W ContextImpl: Calling a method in the system process without a qualified user: android.app.ContextImpl.sendBroadcast:1280 com.android.server.wm.MultiSenceManagerInternalStubImpl.sendFocusWindowsBroadcast:151 com.android.server.wm.MultiSenceManagerInternalStubImpl$UpdateScreenStatus.run:96 android.os.Handler.handleCallback:995 android.os.Handler.dispatchMessage:103 
01-13 14:26:09.167  3278  4130 I MiuiNetworkPolicy: removeUidState uid = 10405
01-13 14:26:09.167  3278 11065 D PerfMTKStubImpl: perfLockAcquire
01-13 14:26:09.167  3278 11065 D PerfStubImpl: perfWarmLaunchBoost: com.miui.home, -1, 1
01-13 14:26:09.167  3278  4147 D InetDiagMessage: Destroyed 0 sockets, proto=IPPROTO_TCP, family=AF_INET, states=14
01-13 14:26:09.167  3278 11065 D BarFollowAnimation: onTaskInfoChanedForCaptionBar Task{68ecabd #1 type=home} shouldbeVisible:true isVisible:true isOnTop:true windowMode:1 preDisplayId:-1 displayId:0 mCaptionAssociatedTask:null mIsTouchedInCaption:false
01-13 14:26:09.167  1834  2080 E PERFHAL-UTIL: PERFHAL-UTIL: save_node_val() 266: Failed to read /sys/class/mmc_host/mmc0/clk_scaling/enable
01-13 14:26:09.167  1834  2080 E PERFHAL-OPTSHANDLER: PERFHAL-OPTSHANDLER: modify_sysfsnode() 1409: Failed to read /sys/class/mmc_host/mmc0/clk_scaling/enable
01-13 14:26:09.167  1834  2080 E PERFHAL-RESOURCEQS: PERFHAL-RESOURCEQS: AddAndApply() 159: Failed to apply optimization [11, 4]
01-13 14:26:09.168  9171 19075 D ForegroundUtils: UID: 10405 deleted.
01-13 14:26:09.168  3278 11065 I ATMSImpl: cacheTasksForDefaultDisplay size=1 topId=2
01-13 14:26:09.168  3278 11065 D Transition: setReady 2501 wc=Display{#0 state=ON size=1440x3200 ROTATION_0} ready=true
01-13 14:26:09.168  3278 11065 D WindowManager: Set transition=TransitionRecord{2c0e687 id=2501 type=CLOSE flags=0x10 c=[
01-13 14:26:09.168  3278 11065 D WindowManager:    ChangeInfo{5c979b4 container=Task{44844cf #2 type=home I=com.miui.home/.launcher.Launcher} flags=0x0}
01-13 14:26:09.168  3278 11065 D WindowManager:    ChangeInfo{f15d9dd container=Display{#0 state=ON size=1440x3200 ROTATION_0} flags=0x0}
01-13 14:26:09.168  3278 11065 D WindowManager:    ChangeInfo{29d4952 container=Task{68ecabd #1 type=home} flags=0x0}
01-13 14:26:09.168  3278 11065 D WindowManager:    ChangeInfo{bb6423 container=ActivityRecord{111799682 u0 com.soundtherapyapp/.MainActivity t774 f} isExiting} flags=0x0}
01-13 14:26:09.168  3278 11065 D WindowManager:    ChangeInfo{e5e7d20 container=Task{8b2b4d0 #774 type=standard A=10405:com.soundtherapyapp} flags=0x0}
01-13 14:26:09.168  3278 11065 D WindowManager:    ChangeInfo{f1b36d9 container=DefaultTaskDisplayArea@148137897 flags=0x0}
01-13 14:26:09.168  3278 11065 D WindowManager:    ChangeInfo{e22a89e container=ActivityRecord{163041850 u0 com.miui.home/.launcher.Launcher t2} flags=0x0}
01-13 14:26:09.168  3278 11065 D WindowManager:    ChangeInfo{c561f7f container=WallpaperWindowToken{ff64f09 showWhenLocked=false} flags=0x0}
01-13 14:26:09.168  3278 11065 D WindowManager: ]
01-13 14:26:09.168  3278 11065 D WindowManager: }, ready=true, SyncId=2501 info=used=true, override=false, defer=0, states=Display{#0 state=ON size=1440x3200 ROTATION_0}:true reason=com.android.server.wm.Transition.applyReady:1263 com.android.server.wm.Transition.setReady:1245 com.android.server.wm.TransitionController.setReady:1157 com.android.server.wm.TransitionController.setReady:1162 com.android.server.wm.DisplayContent.executeAppTransition:6208 com.android.server.wm.RootWindowContainer.executeAppTransitionForAllDisplay:2613 com.android.server.wm.ActivityRecord.completeResumeLocked:7196 com.android.server.wm.TaskFragment.resumeTopActivity:2013 
01-13 14:26:09.168  3278 11065 W AppCompatLetterboxPolicy: start not layout letterbox Window{580216e u0 LauncherOverlayWindow:com.miui.personalassistant}
01-13 14:26:09.168  3278 11065 W AppCompatLetterboxPolicy: start not layout letterbox Window{41595f6 u0 LauncherOverlayWindow:com.android.quicksearchbox}
01-13 14:26:09.168  3278 11065 D BarFollowAnimation: pairAppearanceRegionAndWin win=Window{7f85f52 u0 com.miui.home/com.miui.home.launcher.Launcher} 0
01-13 14:26:09.168  3278 11065 D BarFollowAnimation: isAppTaskBarOnTop win:Window{7f85f52 u0 com.miui.home/com.miui.home.launcher.Launcher} (mCurrentTopTask:Task{8b2b4d0 #774 type=standard A=10405:com.soundtherapyapp} : false); (mAssociatedTask:Task{8b2b4d0 #774 type=standard A=10405:com.soundtherapyapp} : false); (mHomeTask:Task{68ecabd #1 type=home} : true); mReparentToOriginParent:false mLastAppBarVisible:true mLastHomeBarVisible:false
01-13 14:26:09.168  3278 11065 D MiuiRefreshRatePolicy: reset
01-13 14:26:09.168  2033  2033 D MI-SF   : isTpIdleScene ,mAverageFrameRate is 92, 0 
01-13 14:26:09.168  2033  2033 D MI-SF   : modeGroup0 mIsSupportAutomodeForMaxFpsSetting is 0(0), getCurrentBrightness() = 737(388), mIsKeepAutoMode 0 isAutoModeAllowed() 1
01-13 14:26:09.168  2033  2033 D RefreshRateSelector: fixedMode_group: 0, isFindModeGroup 0
01-13 14:26:09.168  2033  2033 D RefreshRateSelector: find max refresh rate:120, mode Group:0
01-13 14:26:09.168  3278  4147 D InetDiagMessage: Destroyed 0 sockets, proto=IPPROTO_TCP, family=AF_INET6, states=14
01-13 14:26:09.168  3278  4147 D InetDiagMessage: Destroyed live tcp sockets for uids={10405} in 2ms
01-13 14:26:09.169  3278  4130 I MiuiNetworkPolicyTrafficLimit: updateWhiteListUidForMobileTraffic uid=10405,add=false
01-13 14:26:09.169  3278 11065 I TransitionImpl: home mode = 2
01-13 14:26:09.169  3278 11065 I TransitionImpl: home mode = 2
01-13 14:26:09.169  3278 11065 I TransitionImpl: home mode = 3
01-13 14:26:09.169  3278 11065 I TransitionImpl: home mode = 2
01-13 14:26:09.169  3278 11065 I TransitionImpl: home mode = 2
01-13 14:26:09.169  3278 11065 I TransitionImpl: home mode = 3
01-13 14:26:09.169  3278 11065 I TransitionImpl: home mode = 2
01-13 14:26:09.169  3278 11065 I TransitionImpl: home mode = 2
01-13 14:26:09.169  3278 11065 I TransitionImpl: home mode = 3
01-13 14:26:09.169  3278 11065 I TransitionImpl: home mode = 2
01-13 14:26:09.169  3278 11065 I TransitionImpl: home mode = 2
01-13 14:26:09.169  3278 11065 I TransitionImpl: home mode = 3
01-13 14:26:09.169  1692  1692 D Zygote  : Forked child process 971
01-13 14:26:09.169  1819  1927 I ANDR-PWR-OPT: GAMEPOWEROPT: sendEvents() 231: Start hint for app com.miui.home/com.miui.home.launcher.Launcher/601031904, hintID : 4099, hintID hex : 1003 value: -1
01-13 14:26:09.169  1692  1692 I Zygote  : Process 32122 exited due to signal 9 (Killed)
01-13 14:26:09.170  1819  1927 I ANDR-PWR-OPT: PowerAppClassifier: getAppType() 59: checking app [com.miui.home] is type 1
01-13 14:26:09.170  1819  1927 I ANDR-PWR-OPT: GAMEPOWEROPT: isGame() 348: com.miui.home is Game = 1
01-13 14:26:09.170  3278  3421 I ActivityManager: Got SIGCHLD from zygote: pid=32122, uid=10405, status=9
01-13 14:26:09.170  3278 11065 I AnimInterruptController: FIS reset Foresee interrupt status
01-13 14:26:09.170  3278 11065 D PreStartingManager: showPreStarting, colorSurfaceControl: Surface(name=PreColorStarting#49327)/@0x9da5b0b  preSurfaceControl: null
01-13 14:26:09.170  3278 11065 D miuiBarFollowAnimation:  BarFollowAnimation core services Flag is effective！
01-13 14:26:09.170  3278 11065 D miuiElementAnimation:  ElementAnimation core services Flag is effective！
01-13 14:26:09.170  3278  4147 D InetDiagMessage: Destroyed 0 sockets, proto=IPPROTO_TCP, family=AF_INET, states=14
01-13 14:26:09.170  3278 11065 I TransitionImpl: home mode = 3
01-13 14:26:09.170  3278 11065 I Transition: calculateTargets isHomeOpen = true, isHomeLaunchApp = false
01-13 14:26:09.170  3278 11065 D TransitionImpl: forceAddToTransition ActivityRecord{163041850 u0 com.miui.home/.launcher.Launcher t2}
01-13 14:26:09.170  3278 11065 D TransitionImpl: forceAddToTransition Task{8b2b4d0 #774 type=standard A=10405:com.soundtherapyapp}
01-13 14:26:09.170  3278 11065 D TransitionImpl: forceAddToTransition Task{68ecabd #1 type=home}
01-13 14:26:09.170  3278 11065 D TransitionImpl: forceAddToTransition Task{44844cf #2 type=home I=com.miui.home/.launcher.Launcher}
01-13 14:26:09.170  3278 11065 D TransitionImpl: forceAddToTransition Task{44844cf #2 type=home I=com.miui.home/.launcher.Launcher}
01-13 14:26:09.170  3278 11065 D TransitionImpl: forceAddToTransition Task{68ecabd #1 type=home}
01-13 14:26:09.170  3278 11065 D TransitionImpl: forceAddToTransition Task{8b2b4d0 #774 type=standard A=10405:com.soundtherapyapp}
01-13 14:26:09.170  3278 11065 D WindowManager: Final targets: [ChangeInfo{29d4952 container=Task{68ecabd #1 type=home} flags=0x30}, ChangeInfo{e5e7d20 container=Task{8b2b4d0 #774 type=standard A=10405:com.soundtherapyapp} flags=0x10}, ChangeInfo{c561f7f container=WallpaperWindowToken{ff64f09 showWhenLocked=false} flags=0x0}]
01-13 14:26:09.170  4686  4686 D Activity: Activity = ActivityInfo{521ca3a com.miui.home.launcher.Launcher}, Resume onConfigurationChanged = {0.97734624 460mcc11mnc [zh_CN] ldltr sw384dp w384dp h853dp 586dpi nrml long hdr widecg port finger -keyb/v/h -nav/h winConfig={ mBounds=Rect(0, 0 - 1440, 3200) mAppBounds=Rect(0, 0 - 1440, 3200) mMaxBounds=Rect(0, 0 - 1440, 3200) mDisplayRotation=ROTATION_0 mWindowingMode=fullscreen mActivityType=home mAlwaysOnTop=undefined mRotation=ROTATION_0 mInSplitScreen=false letterBoxed=false foScaled=false isSpecificEmbedded=false embeddingScale=1.0} s.4 fontWeightAdjustment=0/d/o themeChanged=0 themeChangedFlags=0 display=0 extraData = Bundle[{}] screenType=0/o}
01-13 14:26:09.170  3278  3823 D AppLock_AccessControlImpl: activityResume packageName: com.miui.home userId: 0 enabled: true
01-13 14:26:09.170  3278  3823 D AppLock_AccessControlImpl: activityResume lockMode: 1
01-13 14:26:09.170  4686  4686 D SecurityManager: checkAccessControl flag1
01-13 14:26:09.170  3278  4147 D InetDiagMessage: Destroyed 0 sockets, proto=IPPROTO_TCP, family=AF_INET6, states=14
01-13 14:26:09.170  3278  4147 D InetDiagMessage: Destroyed live tcp sockets for uids={20405} in 2ms
01-13 14:26:09.170  4686  4686 D Launcher: Launcher.DeviceConfig onResume bounds = Rect(0, 0 - 1440, 3200)
01-13 14:26:09.170  4686  4686 D Launcher.DropTargetBar: update uninstall active when NO drag, active=false (edit=7, isUninstallDialogShowing=false, isWidgetPreviewShowing=false, isDefaultScreenPreviewShowing=false, isMenuVisible=false)
01-13 14:26:09.170  3278 11065 I DynamicIslandService: elementSurfaceTransition is null for:com.soundtherapyapp
01-13 14:26:09.170  4686  4686 D Launcher.Lifecycle: onResume:UserHandle{0},bfe571,true
01-13 14:26:09.170  4686  4686 W Settings: Setting device_provisioned has moved from android.provider.Settings.Secure to android.provider.Settings.Global.
01-13 14:26:09.170  3278 11065 D TransitionControllerImpl: Running TransitionRecord{97ab0cd id=2500 type=OPEN flags=0x0 c=[
01-13 14:26:09.170  3278 11065 D TransitionControllerImpl:    ChangeInfo{9b654e2 container=Task{44844cf #2 type=home I=com.miui.home/.launcher.Launcher} flags=0x10}
01-13 14:26:09.170  3278 11065 D TransitionControllerImpl:    ChangeInfo{b386094 container=Display{#0 state=ON size=1440x3200 ROTATION_0} flags=0x0}
01-13 14:26:09.170  3278 11065 D TransitionControllerImpl:    ChangeInfo{f0f0118 container=Task{68ecabd #1 type=home} flags=0x10}
01-13 14:26:09.170  3278 11065 D TransitionControllerImpl:    ChangeInfo{ae6673d container=ActivityRecord{111799682 u0 com.soundtherapyapp/.MainActivity t774 f} isExiting} flags=0x0}
01-13 14:26:09.170  3278 11065 D TransitionControllerImpl:    ChangeInfo{dbcbb32 container=Task{8b2b4d0 #774 type=standard A=10405:com.soundtherapyapp} flags=0x10}
01-13 14:26:09.170  3278 11065 D TransitionControllerImpl:    ChangeInfo{5112083 container=DefaultTaskDisplayArea@148137897 flags=0x0}
01-13 14:26:09.170  3278 11065 D TransitionControllerImpl:    ChangeInfo{94b3073 container=ActivityRecord{163041850 u0 com.miui.home/.launcher.Launcher t2} flags=0x0}
01-13 14:26:09.170  3278 11065 D TransitionControllerImpl:    ChangeInfo{9b8db30 container=WallpaperWindowToken{a04a540 showWhenLocked=true} flags=0x0}
01-13 14:26:09.170  3278 11065 D TransitionControllerImpl:    ChangeInfo{c48f771 container=WallpaperWindowToken{ff64f09 showWhenLocked=false} flags=0x0}
01-13 14:26:09.170  3278 11065 D TransitionControllerImpl: ]
01-13 14:26:09.170  3278 11065 D TransitionControllerImpl: } may be interrupted by incoming TransitionRecord{2c0e687 id=2501 type=CLOSE flags=0x10 c=[
01-13 14:26:09.170  3278 11065 D TransitionControllerImpl:    ChangeInfo{5c979b4 container=Task{44844cf #2 type=home I=com.miui.home/.launcher.Launcher} flags=0x30}
01-13 14:26:09.170  3278 11065 D TransitionControllerImpl:    ChangeInfo{f15d9dd container=Display{#0 state=ON size=1440x3200 ROTATION_0} flags=0x0}
01-13 14:26:09.170  3278 11065 D TransitionControllerImpl:    ChangeInfo{29d4952 container=Task{68ecabd #1 type=home} flags=0x30}
01-13 14:26:09.170  3278 11065 D TransitionControllerImpl:    ChangeInfo{bb6423 container=ActivityRecord{111799682 u0 com.soundtherapyapp/.MainActivity t774 f} isExiting} flags=0x0}
01-13 14:26:09.170  3278 11065 D TransitionControllerImpl:    ChangeInfo{e5e7d20 container=Task{8b2b4d0 #774 type=standard A=10405:com.soundtherapyapp} flags=0x10}
01-13 14:26:09.170  3278 11065 D TransitionControllerImpl:    ChangeInfo{f1b36d9 container=DefaultTaskDisplayArea@148137897 flags=0x0}
01-13 14:26:09.170  3278 11065 D TransitionControllerImpl:    ChangeInfo{e22a89e container=ActivityRecord{163041850 u0 com.miui.home/.launcher.Launcher t2} flags=0x0}
01-13 14:26:09.170  3278 11065 D TransitionControllerImpl:    ChangeInfo{c561f7f container=WallpaperWindowToken{ff64f09 showWhenLocked=false} flags=0x0}
01-13 14:26:09.170  3278 11065 D TransitionControllerImpl: ]
01-13 14:26:09.170  3278 11065 D TransitionControllerImpl: }
01-13 14:26:09.171  3278 11065 I TransitionImpl: home mode = 3
01-13 14:26:09.171  3278  3405 I MiuiWallpaperSurfaceAnimation: wallpaperOffsets:xOffset=0.0,yOffset=0.0
01-13 14:26:09.171  3278  3405 D MiuiWallpaperSurfaceAnimation: updateScaleIfNeeded mPivotX: 0.5, mPivotY: 0.5, x: 0.0, y: 0.0, zoom: 1.0950943
01-13 14:26:09.171  4686  4686 D Launcher.FullbackHome: FallbackHomeCompat::needKillSelf::needKillSelf = false
01-13 14:26:09.171  3278 11065 D WindowManager: Calling onTransitionReady info={id=2501 t=CLOSE f=0x10 trk=0 r=[0@Point(0, 0)] c=[{WCT{RemoteToken{c439a9d Task{68ecabd #1 type=home}}} m=TO_FRONT f=SHOW_WALLPAPER|MOVE_TO_TOP leash=Surface(name=Task=1#51)/@0x8622026 sb=Rect(0, 0 - 1440, 3200) eb=Rect(0, 0 - 1440, 3200) epz=Point(1440, 3200) d=0 taskParent=-1 v=trueMiuiChangeImpl {miuiEmbedding:false, scale:1.0}},{WCT{RemoteToken{e7f16c4 Task{8b2b4d0 #774 type=standard A=10405:com.soundtherapyapp}}} m=CLOSE f=NONE leash=Surface(name=Task=774#49323)/@0x143ec93 sb=Rect(0, 0 - 1440, 3200) eb=Rect(0, 0 - 1440, 3200) epz=Point(1440, 3200) d=0 taskParent=-1 v=falseMiuiChangeImpl {miuiEmbedding:false, scale:1.0}},{m=TO_FRONT f=IS_WALLPAPER leash=Surface(name=WallpaperWindowToken{ff64f09 showWhenLocked=false}#59)/@0x1ea950e sb=Rect(0, 0 - 1440, 3200) eb=Rect(0, 0 - 1440, 3200) epz=Point(1440, 3200) d=0 v=trueMiuiChangeImpl {miuiEmbedding:false, scale:1.0}}] mk=[false] noAni=[false] df=[false] rsa=[false] oa=[false] nc=[0] ho=[true] hla=[false] iSync=[2500]}, mToken=Token{566ab02 TransitionRecord{2c0e687 id=2501 type=CLOSE flags=0x10 c=[
01-13 14:26:09.171  3278 11065 D WindowManager:    ChangeInfo{5c979b4 container=Task{44844cf #2 type=home I=com.miui.home/.launcher.Launcher} flags=0x30}
01-13 14:26:09.171  3278 11065 D WindowManager:    ChangeInfo{f15d9dd container=Display{#0 state=ON size=1440x3200 ROTATION_0} flags=0x0}
01-13 14:26:09.171  3278 11065 D WindowManager:    ChangeInfo{29d4952 container=Task{68ecabd #1 type=home} flags=0x30}
01-13 14:26:09.171  3278 11065 D WindowManager:    ChangeInfo{bb6423 container=ActivityRecord{111799682 u0 com.soundtherapyapp/.MainActivity t774 f} isExiting} flags=0x0}
01-13 14:26:09.171  3278 11065 D WindowManager:    ChangeInfo{e5e7d20 container=Task{8b2b4d0 #774 type=standard A=10405:com.soundtherapyapp} flags=0x10}
01-13 14:26:09.171  3278 11065 D WindowManager:    ChangeInfo{f1b36d9 container=DefaultTaskDisplayArea@148137897 flags=0x0}
01-13 14:26:09.171  3278 11065 D WindowManager:    ChangeInfo{e22a89e container=ActivityRecord{163041850 u0 com.miui.home/.launcher.Launcher t2} flags=0x0}
01-13 14:26:09.171  3278 11065 D WindowManager:    ChangeInfo{c561f7f container=WallpaperWindowToken{ff64f09 showWhenLocked=false} flags=0x0}
01-13 14:26:09.171  3278 11065 D WindowManager: ]
01-13 14:26:09.171  3278 11065 D WindowManager: }}
01-13 14:26:09.171  3278  4605 D BarFollowAnimation: disableBarAnimation change={WCT{RemoteToken{c439a9d Task{68ecabd #1 type=home}}} m=TO_FRONT f=SHOW_WALLPAPER|MOVE_TO_TOP leash=Surface(name=Task=1#51)/@0x8622026 sb=Rect(0, 0 - 1440, 3200) eb=Rect(0, 0 - 1440, 3200) epz=Point(1440, 3200) d=0 taskParent=-1 v=trueMiuiChangeImpl {miuiEmbedding:false, scale:1.0}} 1 1
01-13 14:26:09.171  3278  4605 D BarFollowAnimation: disableBarAnimation change={WCT{RemoteToken{e7f16c4 Task{8b2b4d0 #774 type=standard A=10405:com.soundtherapyapp}}} m=CLOSE f=NONE leash=Surface(name=Task=774#49323)/@0x143ec93 sb=Rect(0, 0 - 1440, 3200) eb=Rect(0, 0 - 1440, 3200) epz=Point(1440, 3200) d=0 taskParent=-1 v=falseMiuiChangeImpl {miuiEmbedding:false, scale:1.0}} 1 1
01-13 14:26:09.171  3278  4605 D BarFollowAnimation: disableBarAnimation change={m=TO_FRONT f=IS_WALLPAPER leash=Surface(name=WallpaperWindowToken{ff64f09 showWhenLocked=false}#59)/@0x1ea950e sb=Rect(0, 0 - 1440, 3200) eb=Rect(0, 0 - 1440, 3200) epz=Point(1440, 3200) d=0 v=trueMiuiChangeImpl {miuiEmbedding:false, scale:1.0}} 1 1
01-13 14:26:09.171  3278  4605 D BarFollowAnimation: startStatusBarAnimation change= {WCT{RemoteToken{c439a9d Task{68ecabd #1 type=home}}} m=TO_FRONT f=SHOW_WALLPAPER|MOVE_TO_TOP leash=Surface(name=Task=1#51)/@0x8622026 sb=Rect(0, 0 - 1440, 3200) eb=Rect(0, 0 - 1440, 3200) epz=Point(1440, 3200) d=0 taskParent=-1 v=trueMiuiChangeImpl {miuiEmbedding:false, scale:1.0}} isRecent=false startWindowMode=1 endWindowMode=1 statusState=-1 isRotationAnimation=false
01-13 14:26:09.171  3278  4605 D BarFollowAnimation: startStatusBarAnimation hometask=Task{68ecabd #1 type=home}
01-13 14:26:09.171  3278  4605 D BarFollowAnimation: startStatusBarAnimation mHomeSurface=Surface(name=StatusBar Container of Task = 1#53)/@0xf7e2214
01-13 14:26:09.171  3278  4246 D ExternalInterface: setUidState, uid = 10405 allow = true
01-13 14:26:09.171  5321  5646 I MultiTaskingTaskRepository: needSkip::taskInfo.baseActivity = null
01-13 14:26:09.171  3278  4605 D BarFollowAnimation: startStatusBarAnimation change= {WCT{RemoteToken{e7f16c4 Task{8b2b4d0 #774 type=standard A=10405:com.soundtherapyapp}}} m=CLOSE f=NONE leash=Surface(name=Task=774#49323)/@0x143ec93 sb=Rect(0, 0 - 1440, 3200) eb=Rect(0, 0 - 1440, 3200) epz=Point(1440, 3200) d=0 taskParent=-1 v=falseMiuiChangeImpl {miuiEmbedding:false, scale:1.0}} isRecent=false startWindowMode=1 endWindowMode=1 statusState=-1 isRotationAnimation=false
01-13 14:26:09.171  5321  5646 D MiuiDecorationController: relayout:: taskId=774 mRunningTaskInfo.mStatusBarParent=Surface(name=StatusBar Container of Task = 774#49325)/@0x567cc1f taskInfo.mStatusBarParent=Surface(name=StatusBar Container of Task = 774#49325)/@0xe713dca
01-13 14:26:09.171  5321  5646 D MiuiDecorationController: relayout:: taskId=774 mRunningTaskInfo.mNavBarParent=Surface(name=NavigationBar Container of Task = 774#49324)/@0xc5d8b6c taskInfo.mNavBarParent=Surface(name=NavigationBar Container of Task = 774#49324)/@0xb470b3b
01-13 14:26:09.171  5321  5646 D MiuiDecorationController: relayout::taskId=774, visible=true, bounds=Rect(0, 0 - 1440, 3200), focused=false, oldImmersive=false, newImmersive=false, windowMode=1, activityType=1, displayId=0, baseActivity=null, topActivity=null, callers=com.android.wm.shell.multitasking.miuimultiwinswitch.miuiwindowdecor.decoration.MiuiDecorationController.relayout:4 com.android.wm.shell.multitasking.miuimultiwinswitch.miuiwindowdecor.MulWinSwitchDecorViewModel.onTaskInfoChanged:18 com.android.wm.shell.multitasking.common.taskmanager.MultiTaskingTaskListener.onTaskInfoChanged:47 com.android.wm.shell.ShellTaskOrganizer.onTaskInfoChanged:129 android.window.TaskOrganizer$1.lambda$onTaskInfoChanged$6:300 
01-13 14:26:09.171  5321  5646 D MiuiDecorationDot: needTopCaption: baseActivity and topActivity is null, taskId=774
01-13 14:26:09.171  5321  5646 D MiuiDecorationDot: releaseViews_TopCaption: taskId=774
01-13 14:26:09.171  5321  5646 D MiuiDecorationDot: releaseViews_TopCaption: taskId=774
01-13 14:26:09.171  5321  5646 D MiuiDecorationBottom: needTopCaption: baseActivity and topActivity is null, taskId=774
01-13 14:26:09.171  4686  4686 D SoscSplitStateController: updateDividerFixedState: isFixed = true
01-13 14:26:09.171  4686  4686 E Launcher.application: setClickAppWaitForCallback = false
01-13 14:26:09.171  4686  4686 D Launcher.FullbackHome: FallbackHomeCompat::needKillSelf::needKillSelf = false
01-13 14:26:09.171  3278 11065 E WindowManager:  source = Task{8b2b4d0 #774 type=standard A=10405:com.soundtherapyapp} excludeMiuiNavBar = true excludeMiuiStatusBar = true excludeIme = false excludeNavBar = true miuiNavSurfaceControl = Surface(name=NavigationBar Container of Task = 774#49324)/@0xe8cc9 miuiStatusSurfaceControl = Surface(name=StatusBar Container of Task = 774#49325)/@0x18d5fce
01-13 14:26:09.171  4686  4686 D MamlView: onResume
01-13 14:26:09.171  3278 11065 D ScreenCapture: SF-MICapture: captureLayers sourceCrop: Rect(0, 0 - 1440, 3200)
01-13 14:26:09.171  5321  5646 D MiuiDecorationBottom: releaseViews_BottomCaption: taskId=774
01-13 14:26:09.171  5321  5646 D MiuiDecorationBottom: releaseViews_BottomCaption: taskId=774
01-13 14:26:09.171  4686  5683 D MiBridge: requestCpuHighFreq---- uid: 10142 level: 1 timeoutms:500
01-13 14:26:09.171  5321  5646 I MultiTaskingTaskRepository: needSkip::is home task
01-13 14:26:09.171  2033  2033 I SurfaceFlinger: SF-MICapture: mode:0, layerNames:(no_layer_names), blurRadius:0, scale:(1.000000,1.000000), blends:(no_color_mode)
01-13 14:26:09.171  4686  5683 D MiBridge: requestCpuHighFreq handle: 1
01-13 14:26:09.171  5321  5646 D MiuiDecorationHomeController: relayout::taskId=1, userId=0, visible=true, bounds=Rect(0, 0 - 1440, 3200), focused=true, activityType=2, displayId=0, baseActivity=ComponentInfo{com.miui.home/com.miui.home.launcher.Launcher}, topActivity=ComponentInfo{com.miui.home/com.miui.home.launcher.Launcher}, callers=com.android.wm.shell.multitasking.miuimultiwinswitch.miuiwindowdecor.decoration.MiuiDecorationController.relayout:4 com.android.wm.shell.multitasking.miuimultiwinswitch.miuiwindowdecor.MulWinSwitchDecorViewModel.onTaskInfoChanged:18 com.android.wm.shell.multitasking.common.taskmanager.MultiTaskingTaskListener.onTaskInfoChanged:47 com.android.wm.shell.ShellTaskOrganizer.onTaskInfoChanged:129 android.window.TaskOrganizer$1.lambda$onTaskInfoChanged$6:300 
01-13 14:26:09.171  4686  5683 D Launcher_CPUBooster: boostCpuToMax:0
01-13 14:26:09.171  3278  4246 D MiSensorServiceImpl: PowerKeeperSensor resume iUid:10405 but app has not in Controlled
01-13 14:26:09.171  5321  5646 D MiuiDecorationHomeBottom: needHomeBottomCaption: needShow = true isSoScLeftRightSplit = false isSoScMinimized = false isPortrait = true needHomeBottomCaption = true
01-13 14:26:09.171  5321  5646 D MiuiDecorationBottom: updateRootView_HomeBottomCaption: taskId = 1 needBottomCaption = true bottomCaptionView = java.lang.Object@9ee9b1d
01-13 14:26:09.172  2517  2625 W MiuiBooster: "MiuiBoosterService requestCpuHighFreq: 10142, 1, 500"
01-13 14:26:09.172  4686  4686 D Launcher.Search: isOldVersionSupportOverlay result:true isSupportOverlay:true isOverlayCloudOpen:true
01-13 14:26:09.172  4686  4686 D Launcher.Search: isSupportKeepSearchAlive:true isNewEffect:true isOldVersionOverlay:true isAdvanceDevice:true
01-13 14:26:09.172  4686  4686 D Launcher_UnlockAnimationStateMachine: onResume = PAUSE_WAIT
01-13 14:26:09.172  4686  4686 D Launcher_UnlockAnimationStateMachine: setState:IDLE
01-13 14:26:09.172  4686  4686 I Launcher: changeMIUIWidgetEditMode false
01-13 14:26:09.172  4686  4686 D NavStubView: setAssistantInEditMode: false
01-13 14:26:09.172  9510 18609 D LauncherOverlay: setActivityState:3
01-13 14:26:09.172  4686  4686 D ServiceDeliveryReplaceHelper: onResume: widget to serviceDeliver isReplace true
01-13 14:26:09.172  9464 21481 D LauncherOverlay: setActivityState:3
01-13 14:26:09.172  2517  2625 W MiuiBooster: "requestCpuHighFreq, final level:1, final timeoutms:500"
01-13 14:26:09.172  2517  2625 W MiuiBooster: "perf_hint_hc_QCOM start"
01-13 14:26:09.172  2517  2625 W MiuiBooster: "big_core_value[level-1]:4095"
01-13 14:26:09.172  2517  2625 W MiuiBooster: "little_core_value[level-1]:4095"
01-13 14:26:09.172  2517  2625 W MiuiBooster: "prime_core_value[level - 1]:4095"
01-13 14:26:09.172  5321  5646 D MiuiDecorationHomeBottom: updateViews_HomeBottomCaption: taskId=1 soscHomeCenterX=0.0 soscHomeShowingWidth=0 outResult=RelayoutResult{mRoot=java.lang.Object@9ee9b1d, mCaptionX=468, mCaptionY=3162, mCaptionWidth=504.0, mCaptionHeight=60.0}
01-13 14:26:09.172  2517  2625 E PERFHAL-CLIENT: PERFHAL-CLIENT: perf_lock_acq() 164: opcode=1082130432 isMvOpcode=0
01-13 14:26:09.172  2517  2625 E PERFHAL-CLIENT: PERFHAL-CLIENT: perf_lock_acq() 164: opcode=1082130688 isMvOpcode=0
01-13 14:26:09.172  2517  2625 E PERFHAL-CLIENT: PERFHAL-CLIENT: perf_lock_acq() 164: opcode=1082130944 isMvOpcode=0
01-13 14:26:09.172  9510  9510 I SearchOverlayWindow: onResume
01-13 14:26:09.172  5321  5646 D MiuiDecorationBase: updateFocus: update targetAlpha = 166, taskId = 1
01-13 14:26:09.172  5321  5646 D MiuiDecorationBase: updateSampling_HomeBottomCaption: taskId = 1 scale = 1.0 mTaskBounds = Rect(0, 0 - 1440, 3200) mCaptionVisibility = true mIsFsgestureEntered = false isRunningAnim = false isDraggingRecent = false isFreeformElude = false isDecorationShowing = true shouldEnableSampling = true
01-13 14:26:09.172  5321  5646 D MiuiDecorationBase: updateSampling_HomeBottomCaption: samplingRect = Rect(468, 3162 - 972, 3177)
01-13 14:26:09.172  5321  5646 D MiuiDecorationBase: updateVisibility_HomeBottomCaption: taskId=1, isRotationAnimationRunning=false, mCaptionVisible=true, isCaptionVisible=true
01-13 14:26:09.172  5321  5646 D MiuiDecorationMoveHelper: periodicallyMoveUpFirst mTaskId=1, windowingMode=1, caller=relayout
01-13 14:26:09.172  3278  3424 I ActivityManager: zygote: proc died: pid=32122 uid=10405, status=9
01-13 14:26:09.172  5321  5646 D MiuiFreeformModeController: onFocusTaskChanged taskInfo: TaskInfo{userId=0 taskId=1 effectiveUid=0 displayId=0 isRunning=true baseIntent=Intent { act=android.intent.action.MAIN cat=[android.intent.category.HOME] flg=0x10000100 cmp=com.miui.home/.launcher.Launcher } baseActivity=ComponentInfo{com.miui.home/com.miui.home.launcher.Launcher} topActivity=ComponentInfo{com.miui.home/com.miui.home.launcher.Launcher} origActivity=null realActivity=null numActivities=1 lastActiveTime=21353 supportsSplitScreenMultiWindow=true mSoScDisplayMode=-1 supportsMultiWindow=true resizeMode=2 isResizeable=true minWidth=-1 minHeight=-1 defaultMinSize=200 token=WCT{android.window.IWindowContainerToken$Stub$Proxy@921fb0f} topActivityType=2 pictureInPictureParams=null shouldDockBigOverlays=false launchIntoPipHostTaskId=-1 lastParentTaskIdBeforePip=-1 displayCutoutSafeInsets=Rect(0, 0 - 0, 0) topActivityInfo=ActivityInfo{a90a79c com.miui.home.launcher.Launcher} launchCookies=[] positionInParent=Point(0, 0) parentTaskId=-1 isFocused=true isVisible=true isVisibleRequested=true isTopActivityNoDisplay=false isSleeping=false locusId=null displayAreaFeatureId=1 isTopActivityTransparent=false isActivityStackTransparent=false lastNonFullscreenBounds=Rect(372, 930 - 1068, 2370) capturedLink=null capturedLinkTimestamp=0 requestedVisibleTypes=-9 topActivityRequestOpenInBrowserEducationTimestamp=0 appCompatTaskInfo=AppCompatTaskInfo { topActivityInSizeCompat=false eligibleForLetterboxEducation= false topActivityInMiuiSizeCompat=false isLetterboxEducationEnabled= false isLetterboxDoubleTapEnabled= false eligibleForUserAspectRatioButton= false topActivityBoundsLetterboxed= false isFromLetterboxDoubleTap= false topActivityLetterboxVerticalPosition= -1 topActivityLetterboxHorizontalPosition= -1 topActivityLetterboxWidth=-1 topActivityLetterboxHeight=-1 topActivityAppBounds=Rect(0, 0 - 1440, 3200) isUserFullscreenOverrideEnabled=false isSystemFullscreenOverrideEnabled=false hasMinAspectRatioOverride=false topActivityLetterboxBounds=null cameraCompatTaskInfo=CameraCompatTaskInfo { freeformCameraCompatMode=inactive}} isImmersive=false mTopActivityRequestOrientation=-2 mStatusBarParent=Surface(name=StatusBar Container of Task = 1#53)/@0xd4df258 mNavBarParent=Surface(name=NavigationBar Container of Task = 1#52)/@0x2172fb1 mBehindAppLockPkg=null mOriginatingUid=0 isEmbedded=false shouldBeVisible=true isCreatedByOrganizer=false mIsCastMode=false mTopActivityMediaSize=null mTopActivityRecordName=ActivityRecord{163041850 u0 com.miui.home/.launcher.Launcher t2} mTopActivityOrientation=1 topActivityMainWindowFrame=null}
01-13 14:26:09.172  5321  5646 D SoScSplitScreenController: updateDividerFixedState isFixed:true
01-13 14:26:09.172 22881 23009 D IdProviderImpl: getOAID from com.miui.analytics
01-13 14:26:09.172  9510  9510 D LauncherOverlay.Window: onResume
01-13 14:26:09.172  1834  2080 E PERFHAL-REQUEST: PERFHAL-REQUEST: Process() 398: Translate to physical failed
01-13 14:26:09.172  9464  9464 I LauncherOverlayCallback: handleMessage WHAT_ACTIVITY_STATE_CHANGED what：3
01-13 14:26:09.172  9464  9464 D LauncherOverlay.Window: onResume
01-13 14:26:09.172  9464  9464 I LauncherOverlayCallback: handleMessage WHAT_LAUNCHER_STATE what：3
01-13 14:26:09.172  9464  9464 D LauncherOverlay.Window: launcherState 3
01-13 14:26:09.172  4686  4686 D PassBlur: textureState not update, view com.miui.home.launcher.BlurView{5420920 V.ED..... ........ 0,0-1440,3200 #7f0a026a app:id/launcher_blur_view} visible is true
01-13 14:26:09.172  9464  9464 D LauncherOverlay.Window: resumedStateNow 0,resumedStateNew = 1
01-13 14:26:09.172  2517  2625 W MiuiBooster: "requestCpuHighFreq, perf_handle:148099"
01-13 14:26:09.172  2033  2033 I SurfaceFlinger: SF-MICapture: mode:0, layerName:PreColorStarting#49327
01-13 14:26:09.172  2033  2033 I SurfaceFlinger: SF-MICapture: mode:0, layerName:Splash Screen com.soundtherapyapp#49329
01-13 14:26:09.172  3278  4605 D BarFollowAnimation: startNavBarAnimation show homeSurface!
01-13 14:26:09.172  3278  4605 D BarFollowAnimation: startNavBarAnimation show  homeTypeCount = 1 standardTypeCount = 1 mAppSurface = Surface(name=NavigationBar Container of Task = 774#49324)/@0xe8cc9
01-13 14:26:09.172  3278  4605 D BarFollowAnimation: startNavBarAnimation  mIsFromApp = true mLastTransitionFinished = false mIsFromRecents = false isAppCrash = true isLandscapeActivity = false mHasHideAppSurface = false mIsSwitchToFreeform = false mNavBarState = -1
01-13 14:26:09.172  1827  2045 I SnapAlloc: Using graphics libs for alignment calculations
01-13 14:26:09.172  4686  4686 I Launcher.widget: onInvisible 
01-13 14:26:09.172  4686  5632 D com.miui.home: backgroundBlur makeBackgroundImage (ShortcutMenuLayer-6-0xb400007838efed10), blurRadius(183), blurType(-1), blurScaleRatio(0.000000)
01-13 14:26:09.172  3278  3379 I NetworkBoostStatusManager: onUidGone uid: 10405
01-13 14:26:09.173  4686  4686 I Launcher.widget: onInvisible 
01-13 14:26:09.173  4686  4686 I Launcher.widget: onInvisible 
01-13 14:26:09.173  4686  4686 I Launcher.widget: onVisible 
01-13 14:26:09.173  5321  5646 D MulWinSwitchEventHandler: onForceStop taskId = 774, type = TASK_CLOSE, mTouchedTaskId = -1
01-13 14:26:09.173  4686  4686 W LanguageHelper: setPluralsVariables: 0
