--------- beginning of main
01-13 14:52:38.269  3278  4431 E HyperSentinel: ->pid:21673,processName:"/apex/com.android.adbd/bin/adbd",Rss Memory Size Change 15328kb -> 10636kb
01-13 14:52:38.367 21673 21673 I adbd    : in ShellService: am start -n com.soundtherapyapp/.MainActivity
--------- beginning of system
01-13 14:52:38.404  3278 11072 I SecurityManagerService: isVirtualDisplayActive caller=com.android.shell~2000, target=com.soundtherapyapp~10405~0
01-13 14:52:38.404  3278 11072 I SecurityManagerService: find uiagent virtual display id=0
01-13 14:52:38.404  3278 11072 I SecurityManagerService: no uiagent display, return
01-13 14:52:38.404  3278 11072 I SecurityManagerService: isVirtualDisplayActive, should not intercept
01-13 14:52:38.404  3278 11072 W ActivityTaskManager: callingPackage for (uid=2000, pid=11919) has no WPC
01-13 14:52:38.405  3278 11072 V GrammaticalInflectionUtils: AttributionSource: android.content.AttributionSource@e587e61a does not have READ_SYSTEM_GRAMMATICAL_GENDER permission.
01-13 14:52:38.405  3278 11072 W OptProp : Cannot read opt property android.window.PROPERTY_COMPAT_ALLOW_RESIZEABLE_ACTIVITY_OVERRIDES
01-13 14:52:38.405 10434 10756 I PermissionManagerProvider: call method : 14 Binder.getCallingUid() 10208 Binder.getCallingUid() 10434
01-13 14:52:38.405  3278 11072 W OptProp : Cannot read opt property android.window.PROPERTY_COMPAT_ALLOW_MIN_ASPECT_RATIO_OVERRIDE
01-13 14:52:38.405  3278 11072 I AnimInterruptController: FIS notify Foresee interrupt start:2531
01-13 14:52:38.405  3278 11072 I AnimInterruptController: remove FO timeout
01-13 14:52:38.406  3278 11072 D GreezeManager: triggerL ignore uid = 10405
01-13 14:52:38.406  3278 11072 I ActivityStarterImpl: isKeyguardEditor: false, newTransition: TransitionRecord{d794a67 id=2532 type=OPEN flags=0x0}
01-13 14:52:38.406  3278 11072 D WindowManager: Collecting in transition 2532: ActivityRecord{66732052 u0 com.soundtherapyapp/.MainActivity init visibleRequested:false
01-13 14:52:38.406  3278 11072 I ActivityStarterImpl: boost cold start activity for com.soundtherapyapp
01-13 14:52:38.406  3278 11072 D MiuiFreeformServiceImpl: addLaunchFreeformActivityOptionIfNeed skip due to not find sourceTask: null sourceFfas: null sourceFreeFormActivity: null
01-13 14:52:38.406  3278 11072 D ActivityTaskManager: Temporarily retain top process state for launching app
01-13 14:52:38.406  3278 11072 D PerfMTKStubImpl: initBoostParamByDevice
01-13 14:52:38.407  3278 11072 I ATMSImpl: cacheTasksForDefaultDisplay size=2 topId=782
01-13 14:52:38.407  5321  5646 D OneHandedController: stopOneHanded state is 0
01-13 14:52:38.408  3278 11072 D BarFollowAnimation: onTaskAppearedForCaptionBar Task{4b466b2 #798 type=standard}
01-13 14:52:38.408  3278 11072 D WindowManager: Collecting in transition 2532: Task{4b466b2 #798 type=standard A=10405:com.soundtherapyapp} init visibleRequested:false
01-13 14:52:38.408  3278  4605 D BarFollowAnimation:  CreateBarRunnable  mTask = Task{4b466b2 #798 type=standard A=10405:com.soundtherapyapp} mSurfaceControl = Surface(name=Task=798#49642)/@0x48b90bd currentPid = 3278 currentThread name = BarFollowAnimation Thread currentThread id = 435
01-13 14:52:38.408  5161 21446 D JavaheapMonitor: Java heap used=4M max=256M, proc: com.xiaomi.hypercomm
01-13 14:52:38.408  5161 21446 V JavaheapMonitor: Check java heap usage finished! Next check delay: 300000
01-13 14:52:38.408  3278 11072 D BarFollowAnimation: onTaskInfoChanedForCaptionBar Task{4b466b2 #798 type=standard A=10405:com.soundtherapyapp} shouldbeVisible:true isVisible:false isOnTop:true windowMode:1 preDisplayId:-1 displayId:0 mCaptionAssociatedTask:null mIsTouchedInCaption:false
01-13 14:52:38.408  3278 11072 D BarFollowAnimation: onTaskInfoChanedForCaptionBar Task{4b466b2 #798 type=standard A=10405:com.soundtherapyapp} shouldbeVisible:true isVisible:false isOnTop:true windowMode:1 preDisplayId:-1 displayId:0 mCaptionAssociatedTask:null mIsTouchedInCaption:false
01-13 14:52:38.408  1834  2080 E PERFHAL-RESOURCEQS: PERFHAL-RESOURCEQS: AddAndApply() 136: Resource value ffffffff is not supported
01-13 14:52:38.408  3278 11072 W OptProp : Cannot read opt property android.window.PROPERTY_COMPAT_ALLOW_ORIENTATION_OVERRIDE
01-13 14:52:38.409  3278 11072 D BarFollowAnimation: onTaskInfoChanedForCaptionBar Task{4b466b2 #798 type=standard A=10405:com.soundtherapyapp} shouldbeVisible:true isVisible:false isOnTop:true windowMode:1 preDisplayId:-1 displayId:0 mCaptionAssociatedTask:null mIsTouchedInCaption:false
01-13 14:52:38.409  3278 11072 D MiuiFreeFormManagerService: onStartActivityInner as = Task{4b466b2 #798 type=standard A=10405:com.soundtherapyapp} op = null
01-13 14:52:38.409  3278 11072 D TaskStubImpl: setToBackByHome false for Task#798
01-13 14:52:38.409  3278 11072 I ActivityTaskManager: moveTaskToFront: Task{4b466b2 #798 type=standard A=10405:com.soundtherapyapp} caller trace:com.android.server.wm.TaskDisplayArea.onTaskMoved:461 com.android.server.wm.Task.updateTaskMovement:1758 com.android.server.wm.TaskDisplayArea.positionChildTaskAt:425 com.android.server.wm.TaskDisplayArea.positionChildAt:386 com.android.server.wm.Task.moveToFront:6230 com.android.server.wm.Task.moveToFront:6200 com.android.server.wm.ActivityStarter.startActivityInner:2432 com.android.server.wm.ActivityStarter.startActivityUnchecked:1935 com.android.server.wm.ActivityStarter.executeRequest:1747 com.android.server.wm.ActivityStarter.execute:979 
01-13 14:52:38.409  3278 11072 D As.ActivityMmReduceLoadHelper: onTaskMovedToFront: mTopActivityPackageName: com.soundtherapyapp mTopActivityClassName: com.soundtherapyapp.MainActivity
01-13 14:52:38.409  3278 11072 D As.ActivityMmReduceLoadHelper: onTaskMovedToFront End
01-13 14:52:38.409  3278  3381 D AS.ReduceMmLoadingHelper: ReduceMmLoadingListener, onActivityMmReduceLoad isReduceLoad = false
01-13 14:52:38.409  3278  3381 D As.ActivityMmReduceLoadHelper: onCheckIfActivtyReduceLoad topAppName is not in foreground. Done
01-13 14:52:38.409  3278 11072 D ActivityTaskManager: Task#startActivityLocked isThisOrHasChildTask=true newTask=true
01-13 14:52:38.409  3278 11072 I WindowManager: Disable startingWindow, because the display is not ready. this = com.android.server.wm.ActivityRecordImpl@57b1f5f
01-13 14:52:38.409  3278 11072 I WindowManager: Disable startingWindow, because the display is not ready. this = ActivityRecord{66732052 u0 com.soundtherapyapp/.MainActivity t798}
01-13 14:52:38.410  1819  1927 I ANDR-PWR-OPT: GAMEPOWEROPT: sendEvents() 231: Start hint for app com.soundtherapyapp/com.soundtherapyapp.MainActivity/1, hintID : 4099, hintID hex : 1003 value: -1
01-13 14:52:38.410  4984  5145 I DynamicDDSService: handleMessage(ACTIVITY_INVOKE{appInfo=com.soundtherapyapp isFullScreen=}true)
01-13 14:52:38.410  1819  1927 I ANDR-PWR-OPT: PowerAppClassifier: getAppType() 59: checking app [com.soundtherapyapp] is type 1
01-13 14:52:38.410  4984  5145 W DynamicDDSService: send appNames via QMI[com.soundtherapyapp]
01-13 14:52:38.410  1819  1927 I ANDR-PWR-OPT: GAMEPOWEROPT: isGame() 348: com.soundtherapyapp is Game = 1
01-13 14:52:38.410  3278 11072 I ActivityTaskManager: removedForAddTask notifyTaskRemoved Task{5ea3646 #797 type=standard A=10405:com.soundtherapyapp}, call from com.android.server.wm.ActivityStarter.startActivityUnchecked:1935 com.android.server.wm.ActivityStarter.executeRequest:1747 com.android.server.wm.ActivityStarter.execute:979 com.android.server.wm.ActivityTaskManagerService.startActivityAsUser:1538 com.android.server.wm.ActivityTaskManagerService.startActivityAsUser:1462 com.android.server.am.ActivityManagerService.startActivityAsUserWithFeature:3685 com.android.server.am.ActivityManagerShellCommand.runStartActivity:980 com.android.server.am.ActivityManagerShellCommand.onCommand:278 
01-13 14:52:38.411  2520  2827 W cnd     : AIBinder_linkToDeath is being called with a non-null cookie and no onUnlink callback set. This might not be intended. AIBinder_DeathRecipient_setOnUnlinked should be called first.
01-13 14:52:38.411  3278 11072 D WindowManager: Collecting in transition 2532: ActivityRecord{66732052 u0 com.soundtherapyapp/.MainActivity t798} init visibleRequested:false
01-13 14:52:38.411  3278 11072 I AnimInterruptController: mark Foresee interrupt start 2531
01-13 14:52:38.411  3278 11072 I AnimInterruptController: remove FO timeout
01-13 14:52:38.411  3278 11072 I ActivityTaskManager: START u0 {flg=0x10000000 xflg=0x5 cmp=com.soundtherapyapp/.MainActivity} with LAUNCH_SINGLE_TASK from uid 2000 from pid 11919 callingPackage com.android.shell (BAL_ALLOW_PERMISSION) result code=0
01-13 14:52:38.411  3278 11072 I Perf[AppStartScene]: onSceneChangeNotify:Bundle[{uid=10405, name=com.soundtherapyapp.MainActivity, type=1, preStartProc=false, begin=true, state=0, processName=com.soundtherapyapp, packageName=com.soundtherapyapp, appSwitch=true}]
01-13 14:52:38.412 29090 32381 D RelayAppLocalHelper: onTaskDisplayChanged taskId:798,newDisplayId:0
01-13 14:52:38.413  5321  5646 D ShellSplitScreen: logExit: no-op, mLoggerSessionId is null
01-13 14:52:38.413  5321  5646 I SoScStageCoordinator: Transition requested:TransitionRequestInfo { type = OPEN, triggerTask = TaskInfo{userId=0 taskId=798 effectiveUid=10405 displayId=0 isRunning=true baseIntent=Intent { flg=0x10000000 cmp=com.soundtherapyapp/.MainActivity } baseActivity=ComponentInfo{com.soundtherapyapp/com.soundtherapyapp.MainActivity} topActivity=ComponentInfo{com.soundtherapyapp/com.soundtherapyapp.MainActivity} origActivity=null realActivity=ComponentInfo{com.soundtherapyapp/com.soundtherapyapp.MainActivity} numActivities=1 lastActiveTime=349607650 supportsSplitScreenMultiWindow=true mSoScDisplayMode=-1 supportsMultiWindow=true resizeMode=1 isResizeable=true minWidth=-1 minHeight=-1 defaultMinSize=200 token=WCT{android.window.IWindowContainerToken$Stub$Proxy@9b1e0c} topActivityType=1 pictureInPictureParams=null shouldDockBigOverlays=false launchIntoPipHostTaskId=-1 lastParentTaskIdBeforePip=-1 displayCutoutSafeInsets=Rect(0, 161 - 0, 0) topActivityInfo=ActivityInfo{e7ba355 com.soundtherapyapp.MainActivity} launchCookies=[] positionInParent=Point(0, 0) parentTaskId=-1 isFocused=false isVisible=false isVisibleRequested=false isTopActivityNoDisplay=false isSleeping=true locusId=null displayAreaFeatureId=1 isTopActivityTransparent=false isActivityStackTransparent=false lastNonFullscreenBounds=Rect(372, 930 - 1068, 2370) capturedLink=null capturedLinkTimestamp=0 requestedVisibleTypes=-9 topActivityRequestOpenInBrowserEducationTimestamp=0 appCompatTaskInfo=AppCompatTaskInfo { topActivityInSizeCompat=false eligibleForLetterboxEducation= false topActivityInMiuiSizeCompat=false isLetterboxEducationEnabled= false isLetterboxDoubleTapEnabled= false eligibleForUserAspectRatioButton= false topActivityBoundsLetterboxed= false isFromLetterboxDoubleTap= false topActivityLetterboxVerticalPosition= -1 topActivityLetterboxHorizontalPosition= -1 topActivityLetterboxWidth=-1 topActivityLetterboxHeight=-1 topActivityAppBounds=Rect(0, 0 - 1440, 3200) isUserFullscreenOverrideEnabled=false isSystemFullscreenOverrideEnabled=false hasMinAspectRatioOverride=false topActivityLetterboxBounds=null cameraCompatTaskInfo=CameraCompatTaskInfo { freeformCameraCompatMode=inactive}} isImmersive=false mTopActivityRequestOrientation=-2 mStatusBarParent=null mNavBarParent=null mBehindAppLockPkg=null mOriginatingUid=0 isEmbedded=false shouldBeVisible=true isCreatedByOrganizer=false mIsCastMode=false mTopActivityMediaSize=null mTopActivityRecordName=ActivityRecord{66732052 u0 com.soundtherapyapp/.MainActivity t798} mTopActivityOrientation=-2 topActivityMainWindowFrame=null}, pipChange = null, remoteTransition = null, displayChange = null, flags = 0, debugId = 2532 } isSoScActive:false triggerTask:TaskInfo{userId=0 taskId=798 effectiveUid=10405 displayId=0 isRunning=true baseIntent=Intent { flg=0x10000000 cmp=com.soundtherapyapp/.MainActivity } baseActivity=ComponentInfo{com.soundtherapyapp/com.soundtherapyapp.MainActivity} topActivity=ComponentInfo{com.soundtherapyapp/com.soundtherapyapp.MainActivity} origActivity=null realActivity=ComponentInfo{com.soundtherapyapp/com.soundtherapyapp.MainActivity} numActivities=1 lastActiveTime=349607650 supportsSplitScreenMultiWindow=true mSoScDisplayMode=-1 supportsMultiWindow=true resizeMode=1 isResizeable=true minWidth=-1 minHeight=-1 defaultMinSize=200 token=WCT{android.window.IWindowContainerToken$Stub$Proxy@9b1e0c} topActivityType=1 pictureInPictureParams=null shouldDockBigOverlays=false launchIntoPipHostTaskId=-1 lastParentTaskIdBeforePip=-1 displayCutoutSafeInsets=Rect(0, 161 - 0, 0) topActivityInfo=ActivityInfo{e7ba355 com.soundtherapyapp.MainActivity} launchCookies=[] positionInParent=Point(0, 0) parentTaskId=-1 isFocused=false isVisible=false isVisibleRequested=false isTopActivityNoDisplay=false isSleeping=true locusId=null displayAreaFeatureId=1 isTopActivityTransparent=false isActivityStackTransparent=false lastNonFullscreenBounds=Rect(372, 930 - 1068, 2370) capturedLink=null capturedLinkTimestamp=0 requestedVisibleTypes=-9 topActivityRequestOpenInBrowserEducationTimestamp=0 appCompatTaskInfo=App
01-13 14:52:38.413  3278 11072 D WindowManager: Set transition=TransitionRecord{d794a67 id=2532 type=OPEN flags=0x0 c=[
01-13 14:52:38.413  3278 11072 D WindowManager:    ChangeInfo{c591a75 container=ActivityRecord{66732052 u0 com.soundtherapyapp/.MainActivity t798} flags=0x0}
01-13 14:52:38.413  3278 11072 D WindowManager:    ChangeInfo{37e1a0a container=Task{4b466b2 #798 type=standard A=10405:com.soundtherapyapp} flags=0x0}
01-13 14:52:38.413  3278 11072 D WindowManager:    ChangeInfo{65c527b container=Display{#0 state=OFF size=1440x3200 ROTATION_0} flags=0x0}
01-13 14:52:38.413  3278 11072 D WindowManager:    ChangeInfo{c92c898 container=DefaultTaskDisplayArea@148137897 flags=0x0}
01-13 14:52:38.413  3278 11072 D WindowManager: ]
01-13 14:52:38.413  3278 11072 D WindowManager: }, ready=false, SyncId=2532 info=used=false, override=false, defer=0, states=Display{#0 state=OFF size=1440x3200 ROTATION_0}:false reason=com.android.server.wm.Transition.applyReady:1263 com.android.server.wm.Transition.start:889 com.android.server.wm.WindowOrganizerController.startTransition:525 com.android.server.wm.WindowOrganizerController.startTransition:408 android.window.IWindowOrganizerController$Stub.onTransact:294 com.android.server.wm.WindowOrganizerController.onTransact:265 android.os.Binder.execTransactInternal:1433 android.os.Binder.execTransact:1372 
01-13 14:52:38.413  3278 11072 D SystemPerformanceHinter: startSession#HighPerfSession-d0-Transition
01-13 14:52:38.413  2520  2520 I BpBinder: onLastStrongRef automatically unlinking death recipients: vendor.qti.hardware.data.qmiaidlservice.ISendRequestCallback
01-13 14:52:38.413  4984 26573 I QmiHwInterface/SendRequestAidlCallback: <- RCV:OnResponseEvent{status=0, error message = }
01-13 14:52:38.413  5321  5646 D OneHandedController: stopOneHanded state is 0
01-13 14:52:38.414  3278  4441 I DisplayModeDirectorImpl: setSmartDisplayUpRefreshRatePolicy [0.0,120.0]
01-13 14:52:38.414  2033  6014 D MI-SF   : updateScene: module = 268 (Animation), value = 1, pkg = perf_interaction, Vrr = 1, mSetTpIdleFlag = 0
01-13 14:52:38.414  2033  6014 D MI-SF   : isIdleTimerSkip is 1,mSetIdleForceFlag = 1
01-13 14:52:38.414  2033  6014 D MI-SF   : updateScene mSetAnimationFlag status 1, vsync 120
01-13 14:52:38.414  4984  5145 I DynamicDDSService: Aidl sendRequest has success response 
01-13 14:52:38.414  3278  4445 I AnimationScenario: Big data animation scenario state changed to: true, type is 524
01-13 14:52:38.414  4686  4686 D RecentsModel: onTaskDescriptionChanged =  taskId = 798
01-13 14:52:38.414  3278  3403 D MiuiEmbeddingWindow: blacklistedAppRunningOnPhone: package=com.soundtherapyappisNotProjeciton=true isHavingJeppackDisabledConfig=false isRunningOnPhone=true isAppleConnection=false
01-13 14:52:38.414  5321  5646 D OneHandedController: stopOneHanded state is 0
01-13 14:52:38.414  3278  3403 D MiuiEmbeddingWindow: MiuiEmbeddingWindowService: updateApplicationInfo for com.soundtherapyapp, blacklistedAppRunningOnPhone updated: clear
01-13 14:52:38.415  3278  3403 V GrammaticalInflectionUtils: AttributionSource: android.content.AttributionSource@e587e61a does not have READ_SYSTEM_GRAMMATICAL_GENDER permission.
01-13 14:52:38.415  4686  4686 D RecentsModel: onTaskDescriptionChanged =  taskId = 798
01-13 14:52:38.415 29090 32381 D RelayAppLocalHelper: notifyTaskStackChanged:
01-13 14:52:38.415  3278  3403 I Perf[AppStartScene]: onSceneChangeNotify:Bundle[{hostingRecordName={com.soundtherapyapp/com.soundtherapyapp.MainActivity}, hostingRecordType=top-activity, uid=10405, type=0, state=1, processName=com.soundtherapyapp, packageName=com.soundtherapyapp}]
01-13 14:52:38.415  3278  3403 D IorapForwardingService: onIntentStarted!! packageName com.soundtherapyapp; uid:10405
01-13 14:52:38.415  3278  3403 I ActivityManager: Posting procStart msg for 0:com.soundtherapyapp/u0a405
01-13 14:52:38.417  3278  3403 D DisplayModeDirectorImpl: use smart display refresh rate policy
01-13 14:52:38.417  3278  3403 I DisplayModeDirectorImpl: updateRefreshRateResultIfNeeded after:baseModeId=1 allowGroupSwitching=false primary=physical: (0.0 Infinity) render:  (0.0 120.0) appRequest=physical: (0.0 Infinity) render:  (0.0 120.0) idleScreenRefreshRateConfig=null mNormalModeSkipOveride: false
01-13 14:52:38.417  4686  5661 D EventBus: No subscribers registered for event class com.miui.home.recents.messages.RecentTasksChangedEvent
01-13 14:52:38.418  4686  5661 D EventBus: No subscribers registered for event class org.greenrobot.eventbus.NoSubscriberEvent
01-13 14:52:38.411  2337  2337 W iorapd  : type=1400 audit(0.0:799981): avc:  denied  { read } for  name="vulkan.adreno.so" dev="dm-14" ino=21469960 scontext=u:r:artd:s0 tcontext=u:object_r:same_process_hal_file:s0 tclass=file permissive=0
01-13 14:52:38.418 29090 32381 E SystemUtils: appIsTopAndXSpace: package com.soundtherapyapp, result false
01-13 14:52:38.418  4686  5661 D EventBus: No subscribers registered for event class com.miui.home.recents.messages.RecentTasksChangedEvent
01-13 14:52:38.418  4686  5661 D EventBus: No subscribers registered for event class org.greenrobot.eventbus.NoSubscriberEvent
01-13 14:52:38.418  5321  5321 D KeyguardEditorHelper: onTopActivityMayChanged, topActivity=ComponentInfo{com.soundtherapyapp/com.soundtherapyapp.MainActivity}; mState=IDEL
01-13 14:52:38.418  4686  6972 I MiBridge: requestThreadLevelPro ret: 816972
01-13 14:52:38.418  4686  6972 D Launcher.Boost: setDynamicVIPTaskIfNeeded::tid = 118 duration = 500
01-13 14:52:38.418  2517  2625 W MiuiBooster: "MiuiBoosterService requestThreadPriority: 10142, 2, 500, 816972"
01-13 14:52:38.418  4686  6972 E ActivityManagerWrapper: get all recent tasks force including -1 userId =0
01-13 14:52:38.419 29090  5419 D ExecutorUtils: Task[RALH-notifyTaskStackChanged,81645856] running ON mirror-thread-1
01-13 14:52:38.419  4686  6972 E ActivityManagerWrapper: getRecentTasksForceIncludingTaskIdIfValid: getRecentTasks: size=1
01-13 14:52:38.419  4686  6972 E ActivityManagerWrapper:  mainTaskId=798   userId=0   windowMode=1   isExcludedFromRecents=false   baseIntent=Intent { act=null flag=268435456 cmp=ComponentInfo{com.soundtherapyapp/com.soundtherapyapp.MainActivity} }
01-13 14:52:38.419 29090  5419 D RelayAppLocalHelper: both hide, no need notify devices. check com.soundtherapyapp
01-13 14:52:38.419  4686  6972 E ActivityManagerWrapper: get all recent tasks force including -1 userId =0
01-13 14:52:38.420  3278  3420 I Perf[AppStartScene]: onSceneChangeNotify:Bundle[{hostingRecordName={com.soundtherapyapp/com.soundtherapyapp.MainActivity}, hostingRecordType=top-activity, pid=11439, uid=10405, type=0, state=2, processName=com.soundtherapyapp, packageName=com.soundtherapyapp}]
01-13 14:52:38.420  2033  2033 I BpBinder: onLastStrongRef automatically unlinking death recipients: 
01-13 14:52:38.420  3278  3420 D IorapForwardingService: onProcessStart!! pid:11439 processname:com.soundtherapyapp
01-13 14:52:38.420  4686  6972 E ActivityManagerWrapper: getRecentTasksForceIncludingTaskIdIfValid: getRecentTasks: size=1
01-13 14:52:38.420  4686  6972 E ActivityManagerWrapper:  mainTaskId=798   userId=0   windowMode=1   isExcludedFromRecents=false   baseIntent=Intent { act=null flag=268435456 cmp=ComponentInfo{com.soundtherapyapp/com.soundtherapyapp.MainActivity} }
01-13 14:52:38.420  3278  3420 I ActivityManager: Start proc 11439:com.soundtherapyapp/u0a405 for top-activity {com.soundtherapyapp/com.soundtherapyapp.MainActivity} caller=com.android.shell
01-13 14:52:38.420  3278  3420 I ActivityManager: ProcessObserver broadcast disabled
01-13 14:52:38.421  4686  6972 D RecentsTaskLoader: reloadTasksData [TaskKey{id=798, stackId=0, baseIntent=Intent { flg=0x10000000 cmp=com.soundtherapyapp/.MainActivity }, userId=0, lastActiveTime=349607650, windowingMode=1, isThumbnailBlur=false, isAccessLocked=false, isScreening=false, topActivity=ComponentInfo{com.soundtherapyapp/com.soundtherapyapp.MainActivity}, mHashCode=24696770}, title=SoundTherapyApp, titleDescription=SoundTherapyApp, bounds=null, isLaunchTarget=false, isStackTask=true, isSystemApp=false, isDockable=true, baseActivity=ComponentInfo{com.soundtherapyapp/com.soundtherapyapp.MainActivity}, isLocked=false, mNeedHide=false, hasMultipleTasks=false, cti1Key=, cti2Key=] 
01-13 14:52:38.421  4686  6972 W IconCustomizer: Density abnormal: context density=586 systemDensity=600
01-13 14:52:38.421  4686  6972 W IconCustomizer: Density abnormal: context density=586 systemDensity=600
01-13 14:52:38.422  4686  6972 D TaskSnapshotCompatVV: getIsInvalidateFromTaskSnapshot, return, mTaskSnapshot=null, mTaskSnapshotClazz=null
01-13 14:52:38.422  4686  6972 D RecentsTaskLoader: reloadTasksData [TaskKey{id=798, stackId=0, baseIntent=Intent { flg=0x10000000 cmp=com.soundtherapyapp/.MainActivity }, userId=0, lastActiveTime=349607650, windowingMode=1, isThumbnailBlur=false, isAccessLocked=false, isScreening=false, topActivity=ComponentInfo{com.soundtherapyapp/com.soundtherapyapp.MainActivity}, mHashCode=24696770}, title=SoundTherapyApp, titleDescription=SoundTherapyApp, bounds=null, isLaunchTarget=false, isStackTask=true, isSystemApp=false, isDockable=true, baseActivity=ComponentInfo{com.soundtherapyapp/com.soundtherapyapp.MainActivity}, isLocked=false, mNeedHide=false, hasMultipleTasks=false, cti1Key=, cti2Key=] 
01-13 14:52:38.423  4686  6972 D TaskSnapshotCompatVV: getIsInvalidateFromTaskSnapshot, return, mTaskSnapshot=null, mTaskSnapshotClazz=null
01-13 14:52:38.423 11439 11439 E Zygote  : process_name_ptr:11439 com.soundtherapyapp
01-13 14:52:38.423 11439 11439 E Zygote  : SetMemoryProtected process_name_ptr:11439 com.soundtherapyapp
01-13 14:52:38.428 11439 11439 I soundtherapyapp: Late-enabling -Xcheck:jni
01-13 14:52:38.441 11439 11439 I soundtherapyapp: Using CollectorTypeCC GC.
01-13 14:52:38.443 21673 21684 I adbd    : jdwp connection from 11439
01-13 14:52:38.445 11439 11439 D nativeloader: Load libframework-connectivity-tiramisu-jni.so using APEX ns com_android_tethering for caller /apex/com.android.tethering/javalib/framework-connectivity-t.jar: ok
01-13 14:52:38.446 24571 26268 D JavaheapMonitor: Java heap used=6M max=256M, proc: com.xiaomi.misettings
01-13 14:52:38.447 24571 26268 V JavaheapMonitor: Check java heap usage finished! Next check delay: 300000
01-13 14:52:38.447  3278  6367 D MiuiForceVkService: shouldUseVk, pkg=com.soundtherapyapp useVk 0
01-13 14:52:38.448 11439 11439 I ActivityThread: Current dynamic renderEngine type=0
01-13 14:52:38.450  3278  6367 I Perf[AppStartScene]: onSceneChangeNotify:Bundle[{applicationThread=android.os.BinderProxy@137d644, hostingRecordName={com.soundtherapyapp/com.soundtherapyapp.MainActivity}, hostingRecordType=top-activity, pid=11439, uid=10405, type=0, state=3, processName=com.soundtherapyapp, packageName=com.soundtherapyapp, applicationThreadExt=android.os.BinderProxy@4a7232d}]
01-13 14:52:38.450  3278  6367 W Perf[AndroidRuntimePolicy]: App is not launched from home.
01-13 14:52:38.451  3278  6367 I SmartPower: com.soundtherapyapp/10405(11439): died->background(6840ms) R(process start ) adj=-10000.
01-13 14:52:38.452  3278  6367 D CompatibilityInfo: mCompatibilityFlags - 0
01-13 14:52:38.452  3278  6367 D CompatibilityInfo: applicationDensity - 600
01-13 14:52:38.452  3278  6367 D CompatibilityInfo: applicationScale - 1.0
01-13 14:52:38.454  3278  3401 D Aurogon :  uid = 10405 switch to FG
01-13 14:52:38.454  3278  3455 W ProcessCpuTracker: Failed to stat(/proc/11917): android.system.ErrnoException: stat failed: ENOENT (No such file or directory)
01-13 14:52:38.454  3278  3455 W ProcessCpuTracker: Skipping unknown process pid 11917
01-13 14:52:38.455   399   487 D VA_ActivityUtils: getTopActivity packageName:ComponentInfo{com.soundtherapyapp/com.soundtherapyapp.MainActivity}
01-13 14:52:38.455 26170 26170 D AppLifecycleObserver: onReceive: com.soundtherapyapp FOREGROUND
01-13 14:52:38.455   399   487 D VA_AppStateWatcher: currentPkgName:com.soundtherapyapp, lastPkgName:com.xiaomi.bluetooth
01-13 14:52:38.455   399   399 D VA_TopAppChangedObserver: onAppChanged...com.soundtherapyapp
01-13 14:52:38.455 26170 26170 D PkgUtils: getApplicationInfo packageName:com.soundtherapyapp, flags:128 applicationInfo:ApplicationInfo{97b54a6 com.soundtherapyapp} needSecondSpace:false
01-13 14:52:38.456   399   399 D VA_TopAppChangedObserver: onAppChanged notify listener:
01-13 14:52:38.456   399   399 I VA_ConversationManager: lastQueryOrigin====null;fromCar=false
01-13 14:52:38.456   399   399 D VA_QueryRecorder: getQueryInfo: requestId is empty
01-13 14:52:38.456   399   399 D VA_OperationManager: getQueryInfo: QueryInfo(dialogId=null, queryText=null, queryExtraInfo=null, isFromAiInputPage=false, isRenewSession=null, skillId=null)
01-13 14:52:38.456   399   399 I VA_ConversationManager: lastQueryOrigin====null;fromDevice=false
01-13 14:52:38.456   399   399 D VA_TopAppChangedObserver: onAppChanged notify listener:j
01-13 14:52:38.456   399   399 I VA_HybridLifecycleListener: onTopAppChanged: newApp=com.soundtherapyapp from=com.xiaomi.bluetooth fromPkg=com.soundtherapyapp
01-13 14:52:38.456   399   399 D VA_TopAppChangedObserver: onAppChanged notify listener:a
01-13 14:52:38.456   399   399 I VA__LAS_LocalAppSearch: onTopAppChanged: com.soundtherapyapp
01-13 14:52:38.456 16169 16169 D HidDeviceService: handleMessage(): msg.what=8
01-13 14:52:38.456 16169 16169 D HidDeviceService: unregisterAppUid(): uid=10405
01-13 14:52:38.456 16169 16169 D HidDeviceService: unregisterAppUid(): caller UID doesn't match user UID
01-13 14:52:38.456  9171 11547 D ForegroundUtils: Foreground UID status:
01-13 14:52:38.456  9171 11547 D ForegroundUtils: UID: 1002 is in foreground: true
01-13 14:52:38.456  9171 11547 D ForegroundUtils: UID: 6102 is in foreground: false
01-13 14:52:38.457  9171 11547 D ForegroundUtils: UID: 10128 is in foreground: false
01-13 14:52:38.457  9171 11547 D ForegroundUtils: UID: 10135 is in foreground: false
01-13 14:52:38.457  9171 11547 D ForegroundUtils: UID: 10136 is in foreground: true
01-13 14:52:38.457  9372  9748 V OsAgent : broadcastSystemEvent - 7
01-13 14:52:38.457  9171 11547 D ForegroundUtils: UID: 10140 is in foreground: false
01-13 14:52:38.457  9171 11547 D ForegroundUtils: UID: 10142 is in foreground: false
01-13 14:52:38.457  9171 11547 D ForegroundUtils: UID: 10145 is in foreground: false
01-13 14:52:38.457  9171 11547 D ForegroundUtils: UID: 10193 is in foreground: false
01-13 14:52:38.457  9171 11547 D ForegroundUtils: UID: 10224 is in foreground: true
01-13 14:52:38.457  3278  4130 I MiuiNetworkPolicy: updateUidState uid = 10405, uidState = 19
01-13 14:52:38.457 11439 11944 D MiuiDownscaleImpl: set override inverted scale : 1.0
01-13 14:52:38.458 11439 11439 I RENDER_TURBO: onActivityThreadCreate not in white list, pkg=com.soundtherapyapp, type=miro
01-13 14:52:38.464  3278  3455 W ActivityManager: Unable to open /sys/fs/cgroup/apps/uid_10134/pid_30277/cgroup.procs
01-13 14:52:38.464  3278  3455 W ActivityManager: java.io.FileNotFoundException: /sys/fs/cgroup/apps/uid_10134/pid_30277/cgroup.procs: open failed: ENOENT (No such file or directory)
01-13 14:52:38.464  3278  3455 W ActivityManager: 	at libcore.io.IoBridge.open(IoBridge.java:574)
01-13 14:52:38.464  3278  3455 W ActivityManager: 	at java.io.FileInputStream.<init>(FileInputStream.java:179)
01-13 14:52:38.464  3278  3455 W ActivityManager: 	at java.io.FileInputStream.<init>(FileInputStream.java:133)
01-13 14:52:38.464  3278  3455 W ActivityManager: 	at com.android.server.am.PhantomProcessList$Injector.openCgroupProcs(PhantomProcessList.java:616)
01-13 14:52:38.464  3278  3455 W ActivityManager: 	at com.android.server.am.PhantomProcessList.lookForPhantomProcessesLocked(PhantomProcessList.java:150)
01-13 14:52:38.464  3278  3455 W ActivityManager: 	at com.android.server.am.PhantomProcessList.lookForPhantomProcessesLocked(PhantomProcessList.java:130)
01-13 14:52:38.464  3278  3455 W ActivityManager: 	at com.android.server.am.PhantomProcessList.updateProcessCpuStatesLocked(PhantomProcessList.java:564)
01-13 14:52:38.464  3278  3455 W ActivityManager: 	at com.android.server.am.AppProfiler.updateCpuStatsNow(AppProfiler.java:2252)
01-13 14:52:38.464  3278  3455 W ActivityManager: 	at com.android.server.am.AppProfiler$ProcessCpuThread.run(AppProfiler.java:2376)
01-13 14:52:38.464  3278  3455 W ActivityManager: Caused by: android.system.ErrnoException: open failed: ENOENT (No such file or directory)
01-13 14:52:38.464  3278  3455 W ActivityManager: 	at libcore.io.Linux.open(Native Method)
01-13 14:52:38.464  3278  3455 W ActivityManager: 	at libcore.io.ForwardingOs.open(ForwardingOs.java:568)
01-13 14:52:38.464  3278  3455 W ActivityManager: 	at libcore.io.BlockGuardOs.open(BlockGuardOs.java:274)
01-13 14:52:38.464  3278  3455 W ActivityManager: 	at libcore.io.IoBridge.open(IoBridge.java:560)
01-13 14:52:38.464  3278  3455 W ActivityManager: 	... 8 more
01-13 14:52:38.464  3278  4431 E HyperSentinel: ->pid:11439,processName:"usap64",Rss Memory Size Change 94332kb -> 154600kb
01-13 14:52:38.465  3278  3455 W ActivityManager: Unable to open /sys/fs/cgroup/apps/uid_10145/pid_7886/cgroup.procs
01-13 14:52:38.465  3278  3455 W ActivityManager: java.io.FileNotFoundException: /sys/fs/cgroup/apps/uid_10145/pid_7886/cgroup.procs: open failed: ENOENT (No such file or directory)
01-13 14:52:38.465  3278  3455 W ActivityManager: 	at libcore.io.IoBridge.open(IoBridge.java:574)
01-13 14:52:38.465  3278  3455 W ActivityManager: 	at java.io.FileInputStream.<init>(FileInputStream.java:179)
01-13 14:52:38.465  3278  3455 W ActivityManager: 	at java.io.FileInputStream.<init>(FileInputStream.java:133)
01-13 14:52:38.465  3278  3455 W ActivityManager: 	at com.android.server.am.PhantomProcessList$Injector.openCgroupProcs(PhantomProcessList.java:616)
01-13 14:52:38.465  3278  3455 W ActivityManager: 	at com.android.server.am.PhantomProcessList.lookForPhantomProcessesLocked(PhantomProcessList.java:150)
01-13 14:52:38.465  3278  3455 W ActivityManager: 	at com.android.server.am.PhantomProcessList.lookForPhantomProcessesLocked(PhantomProcessList.java:130)
01-13 14:52:38.465  3278  3455 W ActivityManager: 	at com.android.server.am.PhantomProcessList.updateProcessCpuStatesLocked(PhantomProcessList.java:564)
01-13 14:52:38.465  3278  3455 W ActivityManager: 	at com.android.server.am.AppProfiler.updateCpuStatsNow(AppProfiler.java:2252)
01-13 14:52:38.465  3278  3455 W ActivityManager: 	at com.android.server.am.AppProfiler$ProcessCpuThread.run(AppProfiler.java:2376)
01-13 14:52:38.465  3278  3455 W ActivityManager: Caused by: android.system.ErrnoException: open failed: ENOENT (No such file or directory)
01-13 14:52:38.465  3278  3455 W ActivityManager: 	at libcore.io.Linux.open(Native Method)
01-13 14:52:38.465  3278  3455 W ActivityManager: 	at libcore.io.ForwardingOs.open(ForwardingOs.java:568)
01-13 14:52:38.465  3278  3455 W ActivityManager: 	at libcore.io.BlockGuardOs.open(BlockGuardOs.java:274)
01-13 14:52:38.465  3278  3455 W ActivityManager: 	at libcore.io.IoBridge.open(IoBridge.java:560)
01-13 14:52:38.465  3278  3455 W ActivityManager: 	... 8 more
01-13 14:52:38.465 11439 11439 D ActivityThread: setEmbeddedParam packageName=com.soundtherapyapp processName=com.soundtherapyapp isEmbedded=false isIsolated=false
01-13 14:52:38.468  5321  5321 D DynamicIslandTopActivityController: fullscreen: com.soundtherapyapp
01-13 14:52:38.468  5321  5321 D DynamicIslandController: onTopActivityChanged: ComponentInfo{com.soundtherapyapp/com.soundtherapyapp.MainActivity}
01-13 14:52:38.468  5321  5321 D DynamicIslandWindowViewController: handleDynamicIsland: action_top_activity_changed
01-13 14:52:38.468  5321  5321 D DynamicIslandWindowViewController: onTopActivityChange: topActivity ComponentInfo{com.soundtherapyapp/com.soundtherapyapp.MainActivity}, inSmallWindow false, isSupportPip false, isFocus false fullScreenPkg com.soundtherapyapp
01-13 14:52:38.468  5321  5321 D DynamicIslandWindowViewController: openAppFromIsland: null, null, null false
01-13 14:52:38.468  5321  5321 D DynamicIslandSafeguardsController: cancelDelayEnterApp com.soundtherapyapp com.xiaomi.aicr
01-13 14:52:38.468  5321  5321 D DynamicIslandSafeguardsController: cancelDelayEnterMiniWindow com.soundtherapyapp com.soundtherapyapp null
01-13 14:52:38.468  5321  5321 D DynamicIslandSafeguardsController: cancelDelayExitApp com.soundtherapyapp com.xiaomi.bluetooth
01-13 14:52:38.468  5321  5321 D DynamicIslandSafeguardsController: cancelDelayExitMiniWindow com.soundtherapyapp null
01-13 14:52:38.468  5321  5321 D DynamicIslandWindowViewController: lastTopActivityIsSmallWindow false
01-13 14:52:38.468  5321  5321 D DynamicIslandSafeguardsController: delayExitApp com.soundtherapyapp
01-13 14:52:38.468  5321  5321 D DynamicIslandSafeguardsController: cancelDelayExitApp com.soundtherapyapp com.soundtherapyapp
01-13 14:52:38.522  4984 21441 D JavaheapMonitor: Java heap used=7M max=256M, proc: .dataservices
01-13 14:52:38.523  4984 21441 V JavaheapMonitor: Check java heap usage finished! Next check delay: 300000
01-13 14:52:38.558 11439 11439 D nativeloader: Configuring clns-10 for other apk /data/app/~~2E-Rp-t4hG9zo67q53--4A==/com.soundtherapyapp-NYEYUDYmwOcc2wfO1vPU2g==/base.apk. target_sdk_version=36, uses_libraries=, library_path=/data/app/~~2E-Rp-t4hG9zo67q53--4A==/com.soundtherapyapp-NYEYUDYmwOcc2wfO1vPU2g==/lib/arm64:/data/app/~~2E-Rp-t4hG9zo67q53--4A==/com.soundtherapyapp-NYEYUDYmwOcc2wfO1vPU2g==/base.apk!/lib/arm64-v8a, permitted_path=/data:/mnt/expand:/data/user/0/com.soundtherapyapp
01-13 14:52:38.560 11439 11439 I soundtherapyapp: AssetManager2(0xb400007828ebc9b8) locale list changing from [] to [zh-CN]
01-13 14:52:38.561 11439 11951 D MiuiMonitorThread: Shared singleton Thread for stability monitor start
01-13 14:52:38.561 11439 11439 D HWUI    : [HWUI] Flag vulkan_enhance_pipeline_cache enabled
01-13 14:52:38.561 11439 11439 D HWUI    : [HWUI] EnhanceVkPipelineCache is enabled
01-13 14:52:38.561 11439 11439 V GraphicsEnvironment: Currently set values for:
01-13 14:52:38.561 11439 11439 V GraphicsEnvironment:   angle_gl_driver_selection_pkgs=[]
01-13 14:52:38.561 11439 11439 V GraphicsEnvironment:   angle_gl_driver_selection_values=[]
01-13 14:52:38.561 11439 11439 V GraphicsEnvironment: com.soundtherapyapp is not listed in per-application setting
01-13 14:52:38.561 11439 11439 V GraphicsEnvironment: ANGLE allowlist from config: 
01-13 14:52:38.561 11439 11439 V GraphicsEnvironment: com.soundtherapyapp is not listed in ANGLE allowlist or settings, returning default
01-13 14:52:38.561 11439 11439 V GraphicsEnvironment: Updatable production driver is not supported on the device.
01-13 14:52:38.563 11439 11954 E ashmem  : Pinning is deprecated since Android Q. Please use trim or other methods.
01-13 14:52:38.563 11439 11951 I Perf    : Connecting to perf service.
01-13 14:52:38.563 11439 11439 D ResMonitorStub: The current process type is: third_party_app, process name is: com.soundtherapyapp
01-13 14:52:38.563 11439 11439 I MiuiAppAdaptationStubsControl: Feature Flag of ThirdAppOpt is turned off
01-13 14:52:38.567 11439 11951 I ActivityThread: TrafficStats init done
01-13 14:52:38.569 11439 11951 I ForceDarkHelperStubImpl: initialize for com.soundtherapyapp , ForceDarkOrigin
01-13 14:52:38.570 11439 11951 D nativeloader: Load libforcedarkimpl.so using system ns (caller=/system_ext/framework/miui-framework.jar): ok
01-13 14:52:38.570 11439 11951 D HWUI    : JNI_OnLoad success
01-13 14:52:38.570 11439 11951 I MiuiForceDarkConfig: setConfig density:3.750000, mainRule:0, secondaryRule:0, tertiaryRule:0
01-13 14:52:38.575 11439 11951 I ActivityThread: Miui Feature Init done
01-13 14:52:38.576 11439 11439 W SoLoader: Initializing SoLoader: 0
01-13 14:52:38.576 11439 11439 W SoLoader: Recording new base apk path: /data/app/~~2E-Rp-t4hG9zo67q53--4A==/com.soundtherapyapp-NYEYUDYmwOcc2wfO1vPU2g==/base.apk
01-13 14:52:38.576 11439 11439 W SoLoader: Previously recorded 0 base apk paths.
01-13 14:52:38.577 11439 11439 I SoLoader: Preparing SO source: DirectorySoSource[root = /vendor/lib64 flags = 2]
01-13 14:52:38.577 11439 11439 I SoLoader: Preparing SO source: DirectorySoSource[root = /system/lib64 flags = 2]
01-13 14:52:38.577 11439 11439 I SoLoader: Preparing SO source: DirectApkSoSource[root = [/data/app/~~2E-Rp-t4hG9zo67q53--4A==/com.soundtherapyapp-NYEYUDYmwOcc2wfO1vPU2g==/base.apk!/lib/arm64-v8a]]
01-13 14:52:38.583  3278  4431 E HyperSentinel: ->pid:11439,processName:"com.soundtherapyapp",Rss Memory Size Change 154600kb -> 204260kb
01-13 14:52:38.589 11439 11439 I SoLoader: Preparing SO source: ApplicationSoSource[DirectorySoSource[root = /data/app/~~2E-Rp-t4hG9zo67q53--4A==/com.soundtherapyapp-NYEYUDYmwOcc2wfO1vPU2g==/lib/arm64 flags = 0]]
01-13 14:52:38.589 11439 11439 I SoLoader: init finish: 4 SO sources prepared
01-13 14:52:38.589 11439 11439 W SoLoader: SoLoader initialized: 8
01-13 14:52:38.605 11439 11439 D nativeloader: Load /data/app/~~2E-Rp-t4hG9zo67q53--4A==/com.soundtherapyapp-NYEYUDYmwOcc2wfO1vPU2g==/base.apk!/lib/arm64-v8a/libc++_shared.so using class loader ns clns-10 (caller=/data/app/~~2E-Rp-t4hG9zo67q53--4A==/com.soundtherapyapp-NYEYUDYmwOcc2wfO1vPU2g==/base.apk): ok
01-13 14:52:38.613 11439 11439 D nativeloader: Load /data/app/~~2E-Rp-t4hG9zo67q53--4A==/com.soundtherapyapp-NYEYUDYmwOcc2wfO1vPU2g==/base.apk!/lib/arm64-v8a/libjsi.so using class loader ns clns-10 (caller=/data/app/~~2E-Rp-t4hG9zo67q53--4A==/com.soundtherapyapp-NYEYUDYmwOcc2wfO1vPU2g==/base.apk): ok
01-13 14:52:38.615 11439 11439 D nativeloader: Load /data/app/~~2E-Rp-t4hG9zo67q53--4A==/com.soundtherapyapp-NYEYUDYmwOcc2wfO1vPU2g==/base.apk!/lib/arm64-v8a/libfbjni.so using class loader ns clns-10 (caller=/data/app/~~2E-Rp-t4hG9zo67q53--4A==/com.soundtherapyapp-NYEYUDYmwOcc2wfO1vPU2g==/base.apk): ok
01-13 14:52:38.617 11439 11439 D nativeloader: Load /data/app/~~2E-Rp-t4hG9zo67q53--4A==/com.soundtherapyapp-NYEYUDYmwOcc2wfO1vPU2g==/base.apk!/lib/arm64-v8a/libreactnative.so using class loader ns clns-10 (caller=/data/app/~~2E-Rp-t4hG9zo67q53--4A==/com.soundtherapyapp-NYEYUDYmwOcc2wfO1vPU2g==/base.apk): ok
01-13 14:52:38.617 11439 11439 D jni_lib_merge: Entering merged library JNI_OnLoad.
01-13 14:52:38.617 11439 11439 D jni_lib_merge: Preparing 12 pre-merged libs (including stub)
01-13 14:52:38.617 11439 11439 D jni_lib_merge: Preparing to register libfabricjni_so.  onload_func: 0x76ec5c2f38
01-13 14:52:38.617 11439 11439 D jni_lib_merge: Preparing to register libreact_devsupportjni_so.  onload_func: 0x76ec7cb81c
01-13 14:52:38.617 11439 11439 D jni_lib_merge: Preparing to register libreact_featureflagsjni_so.  onload_func: 0x76ec7ddb7c
01-13 14:52:38.617 11439 11439 D jni_lib_merge: Preparing to register libreact_newarchdefaults_so.  onload_func: 0x76ec882f24
01-13 14:52:38.617 11439 11439 D jni_lib_merge: Preparing to register libreactnativeblob_so.  onload_func: 0x76eca95088
01-13 14:52:38.617 11439 11439 D jni_lib_merge: Preparing to register libreactnativejni_so.  onload_func: 0x76ecad7ffc
01-13 14:52:38.617 11439 11439 D jni_lib_merge: Preparing to register libreactnativejni_common_so.  onload_func: 0x76ecae89f0
01-13 14:52:38.617 11439 11439 D jni_lib_merge: Preparing to register librninstance_so.  onload_func: 0x76ecb2762c
01-13 14:52:38.617 11439 11439 D jni_lib_merge: Preparing to register libturbomodulejsijni_so.  onload_func: 0x76ecc84734
01-13 14:52:38.617 11439 11439 D jni_lib_merge: Preparing to register libuimanagerjni_so.  onload_func: 0x76ecc9d6e8
01-13 14:52:38.617 11439 11439 D jni_lib_merge: Preparing to register libyoga_so.  onload_func: 0x76eccad16c
01-13 14:52:38.617 11439 11439 D jni_lib_merge: About to register 11 actual methods.
01-13 14:52:38.618  3278 11072 W MiuiBoosterUtils: enable_miuibooster_launch : false
01-13 14:52:38.618  3278 11072 I WindowManager: Intercept rotation change because interrupt Animation
01-13 14:52:38.618  3278 11072 I WindowManager: Intercept rotation change because interrupt Animation
01-13 14:52:38.618  3278 11072 D BarFollowAnimation: onTaskInfoChanedForCaptionBar Task{4b466b2 #798 type=standard A=10405:com.soundtherapyapp} shouldbeVisible:true isVisible:false isOnTop:true windowMode:1 preDisplayId:-1 displayId:0 mCaptionAssociatedTask:null mIsTouchedInCaption:false
01-13 14:52:38.618  3278 11072 I SmartPower: com.soundtherapyapp/10405(11439): background->invisible(168ms) R(become foreground) adj=0.
01-13 14:52:38.618  3278 11072 D GreezeManager: triggerL ignore uid = 10405
01-13 14:52:38.618  3278 11072 I ATMSImpl: cacheTasksForDefaultDisplay size=3 topId=798
01-13 14:52:38.618  5321  5321 D DynamicIslandSafeguardsController: delayExitApp: com.soundtherapyapp com.soundtherapyapp count = 0
01-13 14:52:38.618  3278 11072 D BarFollowAnimation: onTaskInfoChanedForCaptionBar Task{c15f925 #782 type=standard A=1002:com.xiaomi.bluetooth} shouldbeVisible:false isVisible:false isOnTop:false windowMode:1 preDisplayId:-1 displayId:0 mCaptionAssociatedTask:null mIsTouchedInCaption:false
01-13 14:52:38.619  3278 11072 D BarFollowAnimation: onTaskInfoChanedForCaptionBar Task{4b466b2 #798 type=standard A=10405:com.soundtherapyapp} shouldbeVisible:true isVisible:false isOnTop:true windowMode:1 preDisplayId:-1 displayId:0 mCaptionAssociatedTask:null mIsTouchedInCaption:false
01-13 14:52:38.619  3278 11072 D Transition: setReady 2532 wc=Display{#0 state=OFF size=1440x3200 ROTATION_0} ready=true
01-13 14:52:38.619  3278 11072 D WindowManager: Set transition=TransitionRecord{d794a67 id=2532 type=OPEN flags=0x0 c=[
01-13 14:52:38.619  3278 11072 D WindowManager:    ChangeInfo{c591a75 container=ActivityRecord{66732052 u0 com.soundtherapyapp/.MainActivity t798} flags=0x0}
01-13 14:52:38.619  3278 11072 D WindowManager:    ChangeInfo{37e1a0a container=Task{4b466b2 #798 type=standard A=10405:com.soundtherapyapp} flags=0x0}
01-13 14:52:38.619  3278 11072 D WindowManager:    ChangeInfo{65c527b container=Display{#0 state=OFF size=1440x3200 ROTATION_0} flags=0x0}
01-13 14:52:38.619  3278 11072 D WindowManager:    ChangeInfo{c92c898 container=DefaultTaskDisplayArea@148137897 flags=0x0}
01-13 14:52:38.619  3278 11072 D WindowManager: ]
01-13 14:52:38.619  3278 11072 D WindowManager: }, ready=true, SyncId=2532 info=used=true, override=false, defer=0, states=Display{#0 state=OFF size=1440x3200 ROTATION_0}:true reason=com.android.server.wm.Transition.applyReady:1263 com.android.server.wm.Transition.setReady:1245 com.android.server.wm.TransitionController.setReady:1157 com.android.server.wm.TransitionController.setReady:1162 com.android.server.wm.DisplayContent.executeAppTransition:6208 com.android.server.wm.RootWindowContainer.executeAppTransitionForAllDisplay:2613 com.android.server.wm.ActivityRecord.completeResumeLocked:7196 com.android.server.wm.ActivityTaskSupervisor.realStartActivityLocked:977 
01-13 14:52:38.619  3278 11072 D ActivityTrigger: ActivityTrigger activityPauseTrigger 
01-13 14:52:38.619 11439 11439 I ActivityThread: currentPkg not in xmlPackages
01-13 14:52:38.619  1819  1927 I ANDR-PWR-OPT: GAMEPOWEROPT: sendEvents() 231: Start hint for app com.soundtherapyapp/com.soundtherapyapp.MainActivity/1, hintID : 4100, hintID hex : 1004 value: -1
01-13 14:52:38.619 11439 11439 W libc    : Access denied finding property "vendor.boostfwk.frameprefetcher"
01-13 14:52:38.620  1819  1927 I ANDR-PWR-OPT: PowerAppClassifier: getAppType() 59: checking app [com.soundtherapyapp] is type 1
01-13 14:52:38.620  3278  3404 D BarFollowAnimation: isAppBarAndVisibleCheck.....
01-13 14:52:38.620  3278  3404 D BarFollowAnimation: isAppTaskBarOnTop win:Window{fe5ca0e u0 NotificationShade} (mCurrentTopTask:Task{4b466b2 #798 type=standard A=10405:com.soundtherapyapp} : true); (mAssociatedTask:null : false); (mHomeTask:Task{68ecabd #1 type=home} : true); mReparentToOriginParent:true mLastAppBarVisible:true mLastHomeBarVisible:false
01-13 14:52:38.620  1819  1927 I ANDR-PWR-OPT: GAMEPOWEROPT: isGame() 348: com.soundtherapyapp is Game = 1
01-13 14:52:38.620  3278  3404 D MiuiRefreshRatePolicy: reset
01-13 14:52:38.620 11439 11439 D FramePredict: FramePredict init: true
01-13 14:52:38.620  3278  4257 D EventReceiver: foregroundChange uid  uid=10405 pkg=com.soundtherapyapp
01-13 14:52:38.620  3278  3404 I BLASTSyncEngine: SyncGroup 2532:  Unfinished container:ActivityRecord{66732052 u0 com.soundtherapyapp/.MainActivity t798}
01-13 14:52:38.620  3278  3404 I BLASTSyncEngine: isActivitySyncFinished isSyncFinished false ActivityRecord{66732052 u0 com.soundtherapyapp/.MainActivity t798}
01-13 14:52:38.620  3278  4257 D BluetoothAdapter: getActiveDevices(A2DP)
01-13 14:52:38.620 10211 19907 D PowerKeeper.Audio: onForegroundInfoChanged mSubScreenUid=-1
01-13 14:52:38.620 11439 11439 D HWUI    : [HWUI] Flag vulkan_enhance_pipeline_cache enabled
01-13 14:52:38.620 11439 11439 D HWUI    : [HWUI] EnhanceVkPipelineCache is enabled
01-13 14:52:38.621 11439 11439 D soundtherapyapp: blurUtils, initBackgroundBlurMinInterval processName(com.soundtherapyapp), inWhiteLists(0)
01-13 14:52:38.621 11439 11951 I ActivityThread: HardwareRenderer preload  done
01-13 14:52:38.621 18289 18331 I AICall_MemoryTrim: binder:18289_2 onAppBackground()
01-13 14:52:38.621 11439 11439 I soundtherapyapp: AssetManager2(0xb400007828eb9df8) locale list changing from [] to [zh-CN]
01-13 14:52:38.622 10211 12562 D PerfEngineController: ForegroundInfo{mForegroundPackageName='com.soundtherapyapp', mForegroundUid=10405, mForegroundPid=11439, mForegroundDisplayId=0, mLastForegroundPackageName='com.xiaomi.bluetooth', mLastForegroundUid=1002, mLastForegroundPid=3999, mLastForegroundDisplayId=0, mMultiWindowForegroundPackageName='com.soundtherapyapp', mMultiWindowForegroundUid=10405, mFlags=1}
01-13 14:52:38.622 16169 16339 I BluetoothAdapterService: getActiveDevices: A2dp device: null
01-13 14:52:38.622  3278  4257 D BluetoothAdapter: getActiveDevices(HEADSET)
01-13 14:52:38.622  5321  5646 I MultiTaskingTaskInfo: MultiTaskingBaseTaskInfo::update::mTaskBounds = Rect(0, 0 - 1440, 3200), mTaskId = 782
01-13 14:52:38.622 16169 16336 I BluetoothAdapterService: getActiveDevices: CallAudio device: null
01-13 14:52:38.622  5321  5704 I MultiTaskingTaskInfo: getCoverLayerController:: null, com.android.wm.shell.multitasking.common.taskmanager.MultiTaskingTaskInfo.lambda$updateCoverLayerController$2:1 com.android.wm.shell.multitasking.common.taskmanager.MultiTaskingTaskInfo.$r8$lambda$-YpCdQQtg0ANF5ZGkXQR8pi1iBs:1 
01-13 14:52:38.622  3278  4257 D BluetoothAdapter: getActiveDevices(LE_AUDIO)
01-13 14:52:38.622 16169 16342 I BluetoothAdapterService: getActiveDevices: LeAudio devices: Lead[null] - member_1[null]
01-13 14:52:38.622 11439 11969 I DisplayManager: Choreographer implicitly registered for the refresh rate.
01-13 14:52:38.622 16169 16169 D HidDeviceService: handleMessage(): msg.what=8
01-13 14:52:38.622  1963  4322 D AudioFlingerImpl: setGameParameters keyvalue: bluetoothlowlatencystatus=false;foregroundUid=10405
01-13 14:52:38.622 11439 11950 D AppScoutStateMachine: 11439-ScoutStateMachinecreated
01-13 14:52:38.622  5321  5646 D MultiTaskingTransitionsHelper: skip updateBaseAnimParam taskId: 782 pendingTransitions: [android.os.BinderProxy@ceb853f] readyDuringSync: [] tracks: [Track #0 readyTransitions: []Track #1 readyTransitions: []Track #2 readyTransitions: []]
01-13 14:52:38.622  5321  5646 I MultiTaskingTaskRepository: onTaskInfoChanged::taskId = 782, windowingMode = 1, mMultiWindowTaskIdsInZOrder = [5, 4], mFullscreenTaskIdsInZOrder = [782], mFreeformTaskIdsInZOrder = [], mTasks: 782, 8, 7, 6, 5, 4, 3, 1, 
01-13 14:52:38.622  1963  4322 D DeviceHalAidl: [default] setParameters: parameters: "bluetoothlowlatencystatus=false;foregroundUid=10405"
01-13 14:52:38.623  1816 21305 I AHAL_ModulePrimary_MI: setVendorParameters: parameter count 2, async: 0
01-13 14:52:38.623  1816 21305 D AHAL_ModulePrimary_MI: setVendorParameters parameters id = bluetoothlowlatencystatus val false
01-13 14:52:38.623  1816 21305 D AHAL_ModulePrimary_MI: setVendorParameters parameters id = foregroundUid val 10405
01-13 14:52:38.623  1816 21305 D AHAL_ModulePrimary_MI: setVendorParameters: enter miam_setParameters_v2 ret = -2
01-13 14:52:38.623  1816 21305 D AHAL_ModulePrimary_QTI: setVendorParameters: parameter count 2, async: 0
01-13 14:52:38.623  1816 21305 D AHAL_HFP_QTI: hfp_set_parameters enter
01-13 14:52:38.623  1816 21305 D AHAL_HFP_QTI: hfp_set_parameters Exit
01-13 14:52:38.623  1816 21305 D AHAL_HFP_QTI: hfp_set_parameters enter
01-13 14:52:38.623  1816 21305 D AHAL_HFP_QTI: hfp_set_parameters Exit
01-13 14:52:38.623  1963  4322 D DeviceHalAidl: [usb] setParameters: parameters: "bluetoothlowlatencystatus=false;foregroundUid=10405"
