01-13 14:52:39.505  3278  6367 I TransitionImpl: home mode = 6
01-13 14:52:39.505  3278  6367 I TransitionImpl: finishTransition: updateLastSurfacePosition tf=Task{4b466b2 #798 type=standard A=10405:com.soundtherapyapp}
01-13 14:52:39.505  3278  6367 I TransitionImpl: finishTransition: updateLastSurfacePosition tf=Task{c15f925 #782 type=standard A=1002:com.xiaomi.bluetooth}
01-13 14:52:39.505  3278  6367 D SystemPerformanceHinter: endSession#HighPerfSession-d0-Transition
01-13 14:52:39.505  2033  3158 W VsyncModulator: setTransactionSchedule: Unexpected EarlyEnd
01-13 14:52:39.505  3278  6367 I TransitionImpl: finishTransitionEnd, default display onTransitionFinished
01-13 14:52:39.505  5321  5646 I RemoteTransitionHandlerStubImpl: invokeAndRemoveWctCB transition is null, curWctCB: null
01-13 14:52:39.505  1816  1832 I AHAL_ModulePrimary_MI: setVendorParameters: parameter count 2, async: 0
01-13 14:52:39.505  1816  1832 D AHAL_ModulePrimary_MI: setVendorParameters parameters id = bluetoothlowlatencystatus val false
01-13 14:52:39.505  1816  1832 D AHAL_ModulePrimary_MI: setVendorParameters parameters id = foregroundUid val 1002
01-13 14:52:39.505  1816  1832 D AHAL_ModulePrimary_MI: setVendorParameters: enter miam_setParameters_v2 ret = -2
01-13 14:52:39.505  1816  1832 D AHAL_ModulePrimary_QTI: setVendorParameters: parameter count 2, async: 0
01-13 14:52:39.505  1816  1832 D AHAL_HFP_QTI: hfp_set_parameters enter
01-13 14:52:39.505  1816  1832 D AHAL_HFP_QTI: hfp_set_parameters Exit
01-13 14:52:39.505  1816  1832 D AHAL_HFP_QTI: hfp_set_parameters enter
01-13 14:52:39.505  1816  1832 D AHAL_HFP_QTI: hfp_set_parameters Exit
01-13 14:52:39.505  1963  3075 D DeviceHalAidl: [usb] setParameters: parameters: "bluetoothlowlatencystatus=false;foregroundUid=1002"
01-13 14:52:39.506  1963  3075 E ConversionHelperAidl: Function: parseAndSetVendorParameters Line: 94 Failed 
01-13 14:52:39.506  1963  3075 D DeviceHalAidl: [r_submix] setParameters: parameters: "bluetoothlowlatencystatus=false;foregroundUid=1002"
01-13 14:52:39.506  1816  3195 D AHAL_ModuleRemoteSubmix: setVendorParameters: parameter count 2, async: 0
01-13 14:52:39.506  1816  3195 D AHAL_ModuleRemoteSubmix: setVendorParameters parameters id = bluetoothlowlatencystatus val false
01-13 14:52:39.506  1816  3195 D AHAL_ModuleRemoteSubmix: setVendorParameters parameters id = foregroundUid val 1002
01-13 14:52:39.506  1963  3075 E ConversionHelperAidl: Function: parseAndSetVendorParameters Line: 94 Failed 
01-13 14:52:39.506  1963  3075 D DeviceHalAidl: [bluetooth] setParameters: parameters: "bluetoothlowlatencystatus=false;foregroundUid=1002"
01-13 14:52:39.506  1963  3075 E ConversionHelperAidl: Function: parseAndSetVendorParameters Line: 94 Failed 
01-13 14:52:39.506  3278  4257 I AudioGameEffect: foreground change to com.xiaomi.bluetooth, last foreground is com.soundtherapyapp
01-13 14:52:39.507  2033  3158 D MI-SF   : updateScene: module = 268 (Animation), value = 0, pkg = perf_interaction, Vrr = 1, mSetTpIdleFlag = 0
01-13 14:52:39.507  2033  3158 D MI-SF   : updateScene mSetAnimationFlag status 0, vsync 60
01-13 14:52:39.507  3278  4130 I MiuiNetworkPolicy: updateUidState uid = 10203, uidState = 5
01-13 14:52:39.507  3278  4257 I AudioGameEffect: get enable packages from setting: null
01-13 14:52:39.507  3278  4257 I AudioGameEffect: get enable packages from setting: null
01-13 14:52:39.507 10301 10790 D L0      : myUserId = 0	currentUserId0
01-13 14:52:39.508 29090  5248 D RelayAppLocalHelper: onForegroundInfoChanged: ForegroundInfo{mForegroundPackageName='com.xiaomi.bluetooth', mForegroundUid=1002, mForegroundPid=3999, mForegroundDisplayId=0, mLastForegroundPackageName='com.soundtherapyapp', mLastForegroundUid=10405, mLastForegroundPid=11439, mLastForegroundDisplayId=0, mMultiWindowForegroundPackageName='com.xiaomi.bluetooth', mMultiWindowForegroundUid=1002, mFlags=0}
01-13 14:52:39.508  9162  9459 D DigestGenerator: digest=============com.soundtherapyappAbort message: 'terminating due to uncaught exception of type facebook::jni::JniException: com.facebook.react.common.JavascriptException: [runtime not ready]: TypeError: Cannot read property 'CAPABILITY_PLAY' of null, stack:
01-13 14:52:39.508  9162  9459 D DigestGenerator: anonymous@:
01-13 14:52:39.508  9162  9459 D DigestGenerator: anonymous@:
01-13 14:52:39.508  9162  9459 D DigestGenerator: loadModuleImplementation@:
01-13 14:52:39.508  9162  9459 D DigestGenerator: guardedLoadModule@:
01-13 14:52:39.508  9162  9459 D DigestGenerator: metroRequire@:
01-13 14:52:39.508  9162  9459 D DigestGenerator: anonymous@:
01-13 14:52:39.508  9162  9459 D DigestGenerator: loadModuleImplementation@:
01-13 14:52:39.508  9162  9459 D DigestGenerator: guardedLoadModule@:
01-13 14:52:39.508  9162  9459 D DigestGenerator: metroRequire@:
01-13 14:52:39.508  9162  9459 D DigestGenerator: anonymous@:
01-13 14:52:39.508  9162  9459 D DigestGenerator: loadModuleImplementation@:
01-13 14:52:39.508  9162  9459 D DigestGenerator: guardedLoadModule@:
01-13 14:52:39.508  9162  9459 D DigestGenerator: metroRequire@:
01-13 14:52:39.508  9162  9459 D DigestGenerator: anonymous@:
01-13 14:52:39.508  9162  9459 D DigestGenerator: loadModuleImplementation@:
01-13 14:52:39.508  9162  9459 D DigestGenerator: guardedLoadModule@:
01-13 14:52:39.508  9162  9459 D DigestGenerator: metroRequire@:
01-13 14:52:39.508  9162  9459 D DigestGenerator: global@:
01-13 14:52:39.508  9162  9459 D DigestGenerator:  /apex/com.android.runtime/lib/bionic/libc.so (abort+) ()
01-13 14:52:39.508  9162  9459 D DigestGenerator:  XXbase.apk!libc++_shared.so (offset XX) ()
01-13 14:52:39.508  9162  9459 D DigestGenerator:  XXbase.apk!libc++_shared.so (offset XX) ()
01-13 14:52:39.508  9162  9459 D DigestGenerator:  XXbase.apk!libc++_shared.so (offset XX) ()
01-13 14:52:39.508  9162  9459 D DigestGenerator:  XXbase.apk!libc++_shared.so (offset XX) (std::terminate()+) ()
01-13 14:52:39.508  9162  9459 D DigestGenerator:  XXbase.apk!libreactnative.so (offset XX) ()
01-13 14:52:39.508  9162  9459 D DigestGenerator:  XXbase.apk!libreactnative.so (offset XX) ()
01-13 14:52:39.508  9162  9459 D DigestGenerator:  XXbase.apk!libreactnative.so (offset XX) ()
01-13 14:52:39.508  9162  9459 D DigestGenerator:  XXbase.apk!libreactnative.so (offset XX) ()
01-13 14:52:39.508  9162  9459 D DigestGenerator:  XXbase.apk!libreactnative.so (offset XX) ()
01-13 14:52:39.508  9162  9459 D DigestGenerator:  XXbase.apk!libreactnative.so (offset XX) ()
01-13 14:52:39.508  9162  9459 D DigestGenerator:  XXbase.apk!libreactnative.so (offset XX) ()
01-13 14:52:39.508  9162  9459 D DigestGenerator:  XXbase.apk!libreactnative.so (offset XX) ()
01-13 14:52:39.508  9162  9459 D DigestGenerator:  XXbase.apk!libreactnative.so (offset XX) (facebook::react::JsErrorHandler::handleErrorWithCppPipeline(facebook::jsi::Runtime&, facebook::jsi::JSError&, bool, bool)+) ()
01-13 14:52:39.508  9162  9459 D DigestGenerator:  XXbase.apk!libreactnative.so (offset XX) (facebook::react::JsErrorHandler::handleError(facebook::jsi::Runtime&, facebook::jsi::JSError&, bool, bool)+) ()
01-13 14:52:39.508  9162  9459 D DigestGenerator:  XXbase.apk!libreactnative.so (offset XX) ()
01-13 14:52:39.508  9162  9459 D DigestGenerator:  XXbase.apk!libreactnative.so (offset XX) ()
01-13 14:52:39.508  9162  9459 D DigestGenerator:  XXbase.apk!libreactnative.so (offset XX) ()
01-13 14:52:39.508  9162  9459 D DigestGenerator:  XXbase.apk!libreactnative.so (offset XX) ()
01-13 14:52:39.508  9162  9459 D DigestGenerator:  XXbase.apk!libreactnative.so (offset XX) ()
01-13 14:52:39.508  9162  9459 D DigestGenerator:  XXbase.apk!libhermesvm.so (offset XX) ()
01-13 14:52:39.508  9162  9459 D DigestGenerator:  XXbase.apk!libhermesvm.so (offset XX) ()
01-13 14:52:39.508  9162  9459 D DigestGenerator:  XXbase.apk!libhermesvm.so (offset XX) ()
01-13 14:52:39.508  9162  9459 D DigestGenerator:  XXbase.apk!libhermesvm.so (offset XX) ()
01-13 14:52:39.508  9162  9459 D DigestGenerator:  XXbase.apk!libhermesvm.so (offset XX) ()
01-13 14:52:39.508  9162  9459 D DigestGenerator:  XXbase.apk!libhermesvm.so (offset XX) ()
01-13 14:52:39.508  9162  9459 D DigestGenerator:  XXbase.apk!libhermesvm.so (offset XX) ()
01-13 14:52:39.508  9162  9459 D DigestGenerator:  XXbase.apk!libhermesvm.so (offset XX) ()
01-13 14:52:39.508  9162  9459 D DigestGenerator:  XXbase.apk!libreactnative.so (offset XX) ()
01-13 14:52:39.508  9162  9459 D DigestGenerator:  XXbase.apk!libreactnative.so (offset XX) ()
01-13 14:52:39.508  9162  9459 D DigestGenerator:  XXbase.apk!libreactnative.so (offset XX) ()
01-13 14:52:39.508  9162  9459 D DigestGenerator:  XXbase.apk!libreactnative.so (offset XX) ()
01-13 14:52:39.508  9162  9459 D DigestGenerator:  XXbase.apk!libreactnative.so (offset XX) ()
01-13 14:52:39.508  9162  9459 D DigestGenerator:  XXbase.apk!libreactnative.so (offset XX) ()
01-13 14:52:39.508  9162  9459 D DigestGenerator:  XXbase.apk!libreactnative.so (offset XX) ()
01-13 14:52:39.508  9162  9459 D DigestGenerator:  XXbase.apk!libreactnative.so (offset XX) (facebook::react::Task::execute(facebook::jsi::Runtime&, bool)+) ()
01-13 14:52:39.508  9162  9459 D DigestGenerator:  XXbase.apk!libreactnative.so (offset XX) (facebook::react::RuntimeScheduler_Modern::executeTask(facebook::jsi::Runtime&, facebook::react::Task&, bool) const+) ()
01-13 14:52:39.508  9162  9459 D DigestGenerator:  XXbase.apk!libreactnative.so (offset XX) (facebook::react::RuntimeScheduler_Modern::runEventLoopTick(facebook::jsi::Runtime&, facebook::react::Task&)+) ()
01-13 14:52:39.508  9162  9459 D DigestGenerator:  XXbase.apk!libreactnative.so (offset XX) (facebook::react::RuntimeScheduler_Modern::runEventLoop(facebook::jsi::Runtime&)+) ()
01-13 14:52:39.508  9162  9459 D DigestGenerator:  XXbase.apk!libreactnative.so (offset XX) ()
01-13 14:52:39.508  9162  9459 D DigestGenerator:  XXbase.apk!libreactnative.so (offset XX) ()
01-13 14:52:39.508  9162  9459 D DigestGenerator:  XXbase.apk!libreactnative.so (offset XX) ()
01-13 14:52:39.508  9162  9459 D DigestGenerator:  XXbase.apk!libreactnative.so (offset XX) ()
01-13 14:52:39.508  9162  9459 D DigestGenerator:  XXbase.apk!libreactnative.so (offset XX) ()
01-13 14:52:39.508  9162  9459 D DigestGenerator:  XXbase.apk!libreactnative.so (offset XX) ()
01-13 14:52:39.508  9162  9459 D DigestGenerator:  XXbase.apk!libreactnative.so (offset XX) ()
01-13 14:52:39.508  9162  9459 D DigestGenerator:  XXbase.apk!libreactnative.so (offset XX) ()
01-13 14:52:39.508  9162  9459 D DigestGenerator:  XXbase.apk!libreactnative.so (offset XX) ()
01-13 14:52:39.508  9162  9459 D DigestGenerator:  XXbase.apk!libreactnative.so (offset XX) ()
01-13 14:52:39.508  9162  9459 D DigestGenerator:  XXbase.apk!libreactnative.so (offset XX) ()
01-13 14:52:39.508  9162  9459 D DigestGenerator:  XXbase.apk!libreactnative.so (offset XX) ()
01-13 14:52:39.508  9162  9459 D DigestGenerator:  XXbase.apk!libreactnative.so (offset XX) ()
01-13 14:52:39.508  9162  9459 D DigestGenerator:  XXbase.apk!libreactnative.so (offset XX) ()
01-13 14:52:39.508  9162  9459 D DigestGenerator:  XXbase.apk!libreactnative.so (offset XX) ()
01-13 14:52:39.508  9162  9459 D DigestGenerator:  XXbase.apk!libreactnative.so (offset XX) ()
01-13 14:52:39.508  9162  9459 D DigestGenerator:  XXbase.apk!libreactnative.so (offset XX) ()
01-13 14:52:39.508  9162  9459 D DigestGenerator:  XXbase.apk!libreactnative.so (offset XX) ()
01-13 14:52:39.508  9162  9459 D DigestGenerator:  XXbase.apk!libreactnative.so (offset XX) ()
01-13 14:52:39.508  9162  9459 D DigestGenerator:  XXbase.apk!libfbjni.so (offset XX) (facebook::jni::detail::MethodWrapper<void (facebook::jni::JNativeRunnable::*)(), &facebook::jni::JNativeRunnable::run(), facebook::jni::JNativeRunnable, void>::dispatch(facebook::jni::alias_ref<facebook::jni::detail::JTypeFor<facebook::jni::HybridClass<facebook::jni::JNativeRunnable, facebook::jni::JRunnable>::JavaPart, facebook::jni::JRunnable, void>::_javaobject*>)+) ()
01-13 14:52:39.508  9162  9459 D DigestGenerator:  XXbase.apk!libfbjni.so (offset XX) (facebook::jni::detail::FunctionWrapper<void (*)(facebook::jni::alias_ref<facebook::jni::detail::JTypeFor<facebook::jni::HybridClass<facebook::jni::JNativeRunnable, facebook::jni::JRunnable>::JavaPart, facebook::jni::JRunnable, void>::_javaobject*>), facebook::jni::detail::JTypeFor<facebook::jni::HybridClass<facebook::jni::JNativeRunnable, facebook::jni::JRunnable>::JavaPart, facebook::jni::JRunnable, void>::_javaobject*, void>::call(_JNIEnv*, _jobject*, void (*)(facebook::jni::alias_ref<facebook::jni::detail::JTypeFor<facebook::jni::HybridClass<facebook::jni::JNativeRunnable, facebook::jni::JRunnable>::JavaPart, facebook::jni::JRunnable, void>::_javaobject*>))+) ()
01-13 14:52:39.508  9162  9459 D DigestGenerator:  /apex/com.android.art/lib/libart.so (art_quick_generic_jni_trampoline+) ()
01-13 14:52:39.508  9162  9459 D DigestGenerator:  [anon_shmem:dalvik-jit-code-cache] (offset XX) (android.os.Handler.handleCallback+)
01-13 14:52:39.508  9162  9459 D DigestGenerator:  [anon_shmem:dalvik-jit-code-cache] (offset XX) (android.os.Handler.dispatchMessage+)
01-13 14:52:39.508  9162  9459 D DigestGenerator:  /apex/com.android.art/lib/libart.so (art_quick_invoke_stub+) ()
01-13 14:52:39.508  9162  9459 D DigestGenerator:  /apex/com.android.art/lib/libart.so (bool art::interpreter::DoCall<false>(art::ArtMethod*, art::Thread*, art::ShadowFrame&, art::Instruction const*, unsigned short, bool, art::JValue*)+) ()
01-13 14:52:39.508  9162  9459 D DigestGenerator:  /apex/com.android.art/lib/libart.so (void art::interpreter::ExecuteSwitchImplCpp<false>(art::interpreter::SwitchImplContext*)+) ()
01-13 14:52:39.508  9162  9459 D DigestGenerator:  /apex/com.android.art/lib/libart.so (ExecuteSwitchImplAsm+) ()
01-13 14:52:39.508  9162  9459 D DigestGenerator:  <anonymous:> (com.facebook.react.bridge.queue.MessageQueueThreadHandler.dispatchMessage+)
01-13 14:52:39.508  9162  9459 D DigestGenerator:  /apex/com.android.art/lib/libart.so (art::interpreter::Execute(art::Thread*, art::CodeItemDataAccessor const&, art::ShadowFrame&, art::JValue, bool, bool) (.__uniq..llvm.)+) ()
01-13 14:52:39.508  9162  9459 D DigestGenerator:  /apex/com.android.art/lib/libart.so (artQuickToInterpreterBridge+) ()
01-13 14:52:39.508  9162  9459 D DigestGenerator:  /apex/com.android.art/lib/libart.so (art_quick_to_interpreter_bridge+) ()
01-13 14:52:39.508  9162  9459 D DigestGenerator:  [anon_shmem:dalvik-jit-code-cache] (offset XX) (android.os.Looper.loopOnce+)
01-13 14:52:39.508  9162  9459 D DigestGenerator:  [anon_shmem:dalvik-jit-code-cache] (offset XX) (android.os.Looper.loop+)
01-13 14:52:39.508  9162  9459 D DigestGenerator:  /apex/com.android.art/lib/libart.so (art_quick_invoke_static_stub+) ()
01-13 14:52:39.508  9162  9459 D DigestGenerator:  /apex/com.android.art/lib/libart.so (bool art::interpreter::DoCall<false>(art::ArtMethod*, art::Thread*, art::ShadowFrame&, art::Instruction const*, unsigned short, bool, art::JValue*)+) ()
01-13 14:52:39.508  9162  9459 D DigestGenerator:  /apex/com.android.art/lib/libart.so (void art::interpreter::ExecuteSwitchImplCpp<false>(art::interpreter::SwitchImplContext*)+) ()
01-13 14:52:39.508  9162  9459 D DigestGenerator:  /apex/com.android.art/lib/libart.so (ExecuteSwitchImplAsm+) ()
01-13 14:52:39.508  9162  9459 D DigestGenerator:  <anonymous:> (com.facebook.react.bridge.queue.MessageQueueThreadImpl$Companion.startNewBackgroundThread$lambda$+)
01-13 14:52:39.508  9162  9459 D DigestGenerator:  /apex/com.android.art/lib/libart.so (art::interpreter::ArtInterpreterToInterpreterBridge(art::Thread*, art::CodeItemDataAccessor const&, art::ShadowFrame*, art::JValue*)+) ()
01-13 14:52:39.508  9162  9459 D DigestGenerator:  /apex/com.android.art/lib/libart.so (bool art::interpreter::DoCall<false>(art::ArtMethod*, art::Thread*, art::ShadowFrame&, art::Instruction const*, unsigned short, bool, art::JValue*)+) ()
01-13 14:52:39.508  9162  9459 D DigestGenerator:  /apex/com.android.art/lib/libart.so (void art::interpreter::ExecuteSwitchImplCpp<false>(art::interpreter::SwitchImplContext*)+) ()
01-13 14:52:39.508  9162  9459 D DigestGenerator:  /apex/com.android.art/lib/libart.so (ExecuteSwitchImplAsm+) ()
01-13 14:52:39.508  9162  9459 D DigestGenerator:  <anonymous:> (com.facebook.react.bridge.queue.MessageQueueThreadImpl$Companion.$r$lambda$YYXYCFexeoKtAeDpeNYkxZZlpbA+)
01-13 14:52:39.508  9162  9459 D DigestGenerator:  /apex/com.android.art/lib/libart.so (art::interpreter::ArtInterpreterToInterpreterBridge(art::Thread*, art::CodeItemDataAccessor const&, art::ShadowFrame*, art::JValue*)+) ()
01-13 14:52:39.508  9162  9459 D DigestGenerator:  /apex/com.android.art/lib/libart.so (bool art::interpreter::DoCall<false>(art::ArtMethod*, art::Thread*, art::ShadowFrame&, art::Instruction const*, unsigned short, bool, art::JValue*)+) ()
01-13 14:52:39.508  9162  9459 D DigestGenerator:  /apex/com.android.art/lib/libart.so (void art::interpreter::ExecuteSwitchImplCpp<false>(art::interpreter::SwitchImplContext*)+) ()
01-13 14:52:39.508  9162  9459 D DigestGenerator:  /apex/com.android.art/lib/libart.so (ExecuteSwitchImplAsm+) ()
01-13 14:52:39.508  9162  9459 D DigestGenerator:  <anonymous:> (com.facebook.react.bridge.queue.MessageQueueThreadImpl$Companion$$ExternalSyntheticLambda.run+)
01-13 14:52:39.508  9162  9459 D DigestGenerator:  /apex/com.android.art/lib/libart.so (art::interpreter::Execute(art::Thread*, art::CodeItemDataAccessor const&, art::ShadowFrame&, art::JValue, bool, bool) (.__uniq..llvm.)+) ()
01-13 14:52:39.508  9162  9459 D DigestGenerator:  /apex/com.android.art/lib/libart.so (artQuickToInterpreterBridge+) ()
01-13 14:52:39.508  9162  9459 D DigestGenerator:  /apex/com.android.art/lib/libart.so (art_quick_to_interpreter_bridge+) ()
01-13 14:52:39.508  9162  9459 D DigestGenerator:  [anon_shmem:dalvik-jit-code-cache] (offset XX) (java.lang.Thread.run+)
01-13 14:52:39.508  9162  9459 D DigestGenerator:  /apex/com.android.art/lib/libart.so (art_quick_invoke_stub+) ()
01-13 14:52:39.508  9162  9459 D DigestGenerator:  /apex/com.android.art/lib/libart.so (art::ArtMethod::Invoke(art::Thread*, unsigned int*, unsigned int, art::JValue*, char const*)+) ()
01-13 14:52:39.508  9162  9459 D DigestGenerator:  /apex/com.android.art/lib/libart.so (art::Thread::CreateCallback(void*)+) ()
01-13 14:52:39.508  9162  9459 D DigestGenerator:  /apex/com.android.runtime/lib/bionic/libc.so (__pthread_start(void*)+) ()
01-13 14:52:39.508  9162  9459 D DigestGenerator:  /apex/com.android.runtime/lib/bionic/libc.so (__start_thread+) ()
01-13 14:52:39.508 16169 16336 D BluetoothLatencyMode: ForegroundInfo{mForegroundPackageName='com.xiaomi.bluetooth', mForegroundUid=1002, mForegroundPid=3999, mForegroundDisplayId=0, mLastForegroundPackageName='com.soundtherapyapp', mLastForegroundUid=10405, mLastForegroundPid=11439, mLastForegroundDisplayId=0, mMultiWindowForegroundPackageName='com.xiaomi.bluetooth', mMultiWindowForegroundUid=1002, mFlags=0}
01-13 14:52:39.508  3278  4257 I NetworkBoostStatusManager: onForegroundInfoChanged uid:1002, onLastForegroundInfoChanged uid:10405, isColdStart:false, mIgnoreUid:-1
01-13 14:52:39.508 30162   837 I Browser : -------=-=-===onForegroundInfoChanged from com.soundtherapyapp to com.xiaomi.bluetooth
01-13 14:52:39.508 30162   837 D FloatingDialogManager: onForegroundInfoChanged:  foregroundPackageName:com.xiaomi.bluetooth mLastForegroundPackageName:com.soundtherapyapp
01-13 14:52:39.508  4686  6972 E ActivityManagerWrapper: getRecentTasksForceIncludingTaskIdIfValid: getRecentTasks: size=1
01-13 14:52:39.508  4686  6972 E ActivityManagerWrapper:  mainTaskId=798   userId=0   windowMode=1   isExcludedFromRecents=false   baseIntent=Intent { act=null flag=268435456 cmp=ComponentInfo{com.soundtherapyapp/com.soundtherapyapp.MainActivity} }
01-13 14:52:39.509  9162  9459 D MiSight::  sendEvent id=901001003
01-13 14:52:39.509  9162  9459 D MiSightJni: MiSight: Java_com_miui_misight_MiSight_nativeSendEvent enter called. '{"Stacktrace":"#84 pc 0000000000683874  \/apex\/com.android.art\/lib64\/libart.so (bool art::interpreter::DoCall<false>(art::ArtMethod*, art::Thread*, art::ShadowFrame&, art::Instruction const*, unsigned short, bool, art::JValue*)+2040) (BuildId: 19202f1d78b67ebc4cd66e407b9fdbc8)\n      #85 pc 000000000068d488  \/apex\/com.android.art\/lib64\/libart.so (void art::interpreter::ExecuteSwitchImplCpp<false>(art::interpreter::SwitchImplContext*)+1412) (BuildId: 19202f1d78b67ebc4cd66e407b9fdbc8)\n      #86 pc 000000000028a418  \/apex\/com.android.art\/lib64\/libart.so (ExecuteSwitchImplAsm+8) (BuildId: 19202f1d78b67ebc4cd66e407b9fdbc8)\n      #87 pc 000000000034c2fc  <anonymous:76fc37a000> (com.facebook.react.bridge.queue.MessageQueueThreadImpl$Companion$$ExternalSyntheticLambda0.run+0)\n      #88 pc 000000000028b8e0  \/apex\/com.android.art\/lib64\/libart.so (art::interpreter::Execute(art::Thread*, art::CodeItemDataAccessor const&, art::ShadowF
01-13 14:52:39.509  9162  9459 D MiEvent : MiEvent: this 0x777c61fc50, paylod=0xb400007818ff9ca0
01-13 14:52:39.509 29090  5248 E RecentAppsManager: com.xiaomi.bluetooth can't be added to recent list!!
01-13 14:52:39.509  9162  9459 D MiEvent : flatten EventId 901001003 -t 1768287159 -paraList {"CrashType":"100000000","CurrentTime":1768287159000,"Digest":"dc910c44483c8df6c43bb94c4f76107a","Keyword":"{\"vn\":\"1.0\",\"vc\":\"1\",\"isRoot\":false,\"count\":1,\"preInstalled\":false,\"unfold\":false,\"ram\":11,\"rom\":528}","PackageName":"com.soundtherapyapp","Stacktrace":"#84 pc 0000000000683874  /apex/com.android.art/lib64/libart.so (bool art::interpreter::DoCall<false>(art::ArtMethod*, art::Thread*, art::ShadowFrame&, art::Instruction const*, unsigned short, bool, art::JValue*)+2040) (BuildId: 19202f1d78b67ebc4cd66e407b9fdbc8)\n      #85 pc 000000000068d488  /apex/com.android.art/lib64/libart.so (void art::interpreter::ExecuteSwitchImplCpp<false>(art::interpreter::SwitchImplContext*)+1412) (BuildId: 19202f1d78b67ebc4cd66e407b9fdbc8)\n      #86 pc 000000000028a418  /apex/com.android.art/lib64/libart.so (ExecuteSwitchImplAsm+8) (BuildId: 19202f1d78b67ebc4cd66e407b9fdbc8)\n      #87 pc 000000000034c2fc  <anonymous:76fc37a000> (com.facebook.react.bridge
01-13 14:52:39.509 12372  4091 I GID     : PKG: com.xiaomi.bluetooth IG ? false
01-13 14:52:39.509 12372  4091 I GST     : forePkg: com.xiaomi.bluetooth, preForePkg: com.soundtherapyapp
01-13 14:52:39.509 10211 19863 D DFS-AppUsageTracker: Fg changed, new=com.xiaomi.bluetooth, but charging.
01-13 14:52:39.509 12372  4091 D VENUS_GAMEAI_START_GameAiStartManager: venusGameAiSupportApps is not monitor packageName=com.xiaomi.bluetooth
01-13 14:52:39.509  9162  9459 D MiEvent : report:EventId 901001003 -t 1768287159 -paraList {"CrashType":"100000000","CurrentTime":1768287159000,"Digest":"dc910c44483c8df6c43bb94c4f76107a","Keyword":"{\"vn\":\"1.0\",\"vc\":\"1\",\"isRoot\":false,\"count\":1,\"preInstalled\":false,\"unfold\":false,\"ram\":11,\"rom\":528}","PackageName":"com.soundtherapyapp","Stacktrace":"#84 pc 0000000000683874  /apex/com.android.art/lib64/libart.so (bool art::interpreter::DoCall<false>(art::ArtMethod*, art::Thread*, art::ShadowFrame&, art::Instruction const*, unsigned short, bool, art::JValue*)+2040) (BuildId: 19202f1d78b67ebc4cd66e407b9fdbc8)\n      #85 pc 000000000068d488  /apex/com.android.art/lib64/libart.so (void art::interpreter::ExecuteSwitchImplCpp<false>(art::interpreter::SwitchImplContext*)+1412) (BuildId: 19202f1d78b67ebc4cd66e407b9fdbc8)\n      #86 pc 000000000028a418  /apex/com.android.art/lib64/libart.so (ExecuteSwitchImplAsm+8) (BuildId: 19202f1d78b67ebc4cd66e407b9fdbc8)\n      #87 pc 000000000034c2fc  <anonymous:76fc37a000> (com.facebook.react.bridge.
01-13 14:52:39.509  9162  9459 D MiEvent : ~MiEvent: this 0x777c61fc50, paylod=0xb400007818ff9ca0
01-13 14:52:39.509  2499  2714 I misight : OnEvent EventPrivacyCompliance event=901001003
01-13 14:52:39.509  9162  9459 W MQSEventManager: begin to storeEvent
01-13 14:52:39.509  2499  2714 I misight : OnEvent EventStorageManager event=901001003,2
01-13 14:52:39.509  4686  6972 D RecentsTaskLoader: reloadTasksData [TaskKey{id=798, stackId=0, baseIntent=Intent { flg=0x10000000 cmp=com.soundtherapyapp/.MainActivity }, userId=0, lastActiveTime=349607859, windowingMode=1, isThumbnailBlur=false, isAccessLocked=false, isScreening=false, topActivity=null, mHashCode=24696770}, title=SoundTherapyApp, titleDescription=SoundTherapyApp, bounds=null, isLaunchTarget=false, isStackTask=true, isSystemApp=false, isDockable=true, baseActivity=null, isLocked=false, mNeedHide=false, hasMultipleTasks=false, cti1Key=, cti2Key=] 
01-13 14:52:39.509  2499  2714 I misight : CheckAndGetLogTime event =901001003 3
01-13 14:52:39.510  4686  6972 D TaskSnapshotCompatVV: getIsInvalidateFromTaskSnapshot, return, mTaskSnapshot=null, mTaskSnapshotClazz=null
01-13 14:52:39.510 29090  5248 D RelayAppLocalHelper: notifyTaskStackChanged:
01-13 14:52:39.510 10301 10790 I ProcessMonitor: onForegroundInfoChanged: ForegroundInfo{mForegroundPackageName='com.xiaomi.bluetooth', mForegroundUid=1002, mForegroundPid=3999, mForegroundDisplayId=0, mLastForegroundPackageName='com.soundtherapyapp', mLastForegroundUid=10405, mLastForegroundPid=11439, mLastForegroundDisplayId=0, mMultiWindowForegroundPackageName='com.xiaomi.bluetooth', mMultiWindowForegroundUid=1002, mFlags=0}
01-13 14:52:39.510 10301 10790 I GameBoosterService: screen locked!
01-13 14:52:39.510 10301 10790 I VideoBoxUtils: isSupportVideoBox: true
01-13 14:52:39.510 10211 10602 D PowerKeeper.Audio: pids 0
01-13 14:52:39.511 12372  4091 I GID     : PKG: com.soundtherapyapp IG ? false
01-13 14:52:39.511  9162  9459 D MQSEventManager: send MSG_JUDGE_TRANSMISSION packageName com.soundtherapyapp
01-13 14:52:39.511 12372  4091 I GID     : PKG: com.soundtherapyapp IG ? false
01-13 14:52:39.511  9162  9459 D MQSRuleManager: Begin to match mqsas rules
01-13 14:52:39.511 12372  4091 I GID     : PKG: com.xiaomi.bluetooth IG ? false
01-13 14:52:39.511 12372  4091 I GID     : PKG: com.xiaomi.bluetooth IG ? false
01-13 14:52:39.511  3278  4257 I SLM-SRV-SLAToast: foreground uid:1002, isColdStart:false, isLinkTurboEnable:false
01-13 14:52:39.512  3278  4257 D NetworkSDKService: handleMultiAppsDualWifi isSet = false isEverOpened = false
01-13 14:52:39.512 10301 10790 I VideoToolBoxService: vtb is closed!!!
01-13 14:52:39.512 10301 10790 D AppPredictManager: ForegroundAppChange: com.xiaomi.bluetooth, ignore !
01-13 14:52:39.512 10301 10790 I AppPredictService: difTIme = 885
01-13 14:52:39.512 10301 12168 E SuggestManager: openApp name = com.xiaomi.bluetooth
01-13 14:52:39.512 10301 12168 I NewAutoTaskManager: app use - delay = 9223372036854775807, doRemove = false, doPost = false
01-13 14:52:39.512  9162  9459 D NativeDebugRuleConfig: Begin to match NativeDebug rules
01-13 14:52:39.512  3278  4605 D BarFollowAnimation: checkBarStatus mReparentToOriginParent:true hasTopFullAppTask:true mHomeTask:Task{68ecabd #1 type=home} mCurrentTopTask: Task{c15f925 #782 type=standard A=1002:com.xiaomi.bluetooth} mAssociatedTask: null homeTaskonTop:false mLastAppBarVisible:true mLastHomeBarVisible:false isInSplitScreen:false
01-13 14:52:39.512  9162  9459 W MQSEventManager: Method in addExceptionCommetAction, actionCommand is null!
01-13 14:52:39.512  9162  9459 W MQSActionExecutor: action is null!
01-13 14:52:39.512  9162  9459 W MQSEventManager: executeResult is 2
01-13 14:52:39.512  3278  4445 I AnimationScenario: Big data animation scenario state changed to: false, type is 524
01-13 14:52:39.512  3278  4130 I MiuiNetworkPolicy: updateUidState uid = 10161, uidState = 5
01-13 14:52:39.512  3278  4130 I MiuiNetworkPolicy: updateUidState uid = 10142, uidState = 5
01-13 14:52:39.512  3278  4130 I MiuiNetworkPolicy: updateUidState uid = 10136, uidState = 5
01-13 14:52:39.512  3278  4130 I MiuiNetworkPolicy: updateUidState uid = 10135, uidState = 5
01-13 14:52:39.512  4686  4728 D RecentsImpl: onForegroundChanged, foregroundPackageName=com.xiaomi.bluetooth
01-13 14:52:39.512  3278 11072 D BarFollowAnimation: isAppBarAndVisibleCheck.....
01-13 14:52:39.513  3278 11072 D BarFollowAnimation: isAppTaskBarOnTop win:Window{fe5ca0e u0 NotificationShade} (mCurrentTopTask:Task{c15f925 #782 type=standard A=1002:com.xiaomi.bluetooth} : true); (mAssociatedTask:null : false); (mHomeTask:Task{68ecabd #1 type=home} : true); mReparentToOriginParent:true mLastAppBarVisible:true mLastHomeBarVisible:false
01-13 14:52:39.513  3278 11072 D MiuiRefreshRatePolicy: reset
01-13 14:52:39.513 29090  5248 E SystemUtils: appIsTopAndXSpace: package com.xiaomi.bluetooth, result false
01-13 14:52:39.513  3278  5562 D AS.AudioService: mSupportFakeHfpApp{com.ss.android.ugc.aweme=0, com.microsoft.teams=0, com.baidu.BaiduMap=0, com.systec.umeeting=0, com.cisco.webex.meetings=0, com.tencent.mobileqq=0, com.skype.raider=0, com.instagram.android=0, com.ss.android.lark.kami=0, com.zhiliaoapp.musically=0, com.skype.rover=0, com.smile.gifmaker=0, com.ss.android.lark.saxmsa667=0, com.tencent.wemeet.app=0, com.mediatek.engineermode=0, com.ss.android.ugc.aweme.lite=0, com.alibaba.android.rimet=0, com.autonavi.minimap=0, com.whatsapp=0, com.immomo.momo=0, com.facebook.katana=0, com.taobao.idlefish=0, com.tencent.lolm=0, com.tencent.mf.uam=0, com.xingin.xhs=0, com.cisco.wx2.android=0, com.tencent.tmgp.sgame=0, com.tencent.tmgp.pubgmhd=0, com.ss.android.lark=0, im.yixin=0} packageName com.android.bluetooth appVersion 36 mSupportFakeHfpApp.get(packageName) null
01-13 14:52:39.513 29090  5436 D ExecutorUtils: Task[RALH-notifyTaskStackChanged,115997401] running ON mirror-thread-2
01-13 14:52:39.513 29090  5436 D RelayAppLocalHelper: both hide, no need notify devices. check com.xiaomi.bluetooth
01-13 14:52:39.514 16169 16336 D BluetoothLatencyMode: isWiredAudioHeadset.type: 1
01-13 14:52:39.514 16169 16336 D BluetoothLatencyMode: isWiredAudioHeadset.type: 2
01-13 14:52:39.514 16169 16336 D BluetoothLatencyMode: isWiredAudioHeadset.type: 18
01-13 14:52:39.514 16169 16336 D BluetoothLatencyMode: isWiredAudioHeadset.type: 14
01-13 14:52:39.514  5271  6063 E CountableHandler: Pending message count is over 200, drop message.msg.what = 10007 handler = Handler (com.android.phone.statistics.utils.ModemHydraStat$ModemHydraHandler) {eb04c79}
01-13 14:52:39.514  3278  3869 I BootReceiver: Copying /data/tombstones/tombstone_19 to DropBox (SYSTEM_TOMBSTONE)
01-13 14:52:39.514  3278  4441 I DisplayModeDirectorImpl: SmartDisplayPolicyEnd
01-13 14:52:39.514  3278  3869 I DropBoxManagerService: add tag=SYSTEM_TOMBSTONE isTagEnabled=true flags=0x6
01-13 14:52:39.514  3999  3999 W libc    : Access denied finding property "vendor.gpp.create_frc_extension"
01-13 14:52:39.514  3278  3416 I QuickScannerController: onForegroundInfoChanged. packageName:com.xiaomi.bluetooth
01-13 14:52:39.514  3278  4605 D BarFollowAnimation:  showAppNavBar  packageName = com.android.systemui mHasHideAppSurface = false mIsKeyguardGoingAway = false mNavBarState = -1
01-13 14:52:39.514  3278  4605 D BarFollowAnimation:  navBarVisible source = InsetsSource: {b6cd0001 mType=navigationBars mFrame=[0,3140][1440,3200] mVisible=false mFlags=SUPPRESS_SCRIM mSideHint=BOTTOM mBoundingRects=null}
01-13 14:52:39.514  3278  3403 I DisplayModeDirectorImpl: updateRefreshRateResultIfNeeded after:baseModeId=1 allowGroupSwitching=false primary=physical: (0.0 Infinity) render:  (0.0 120.0) appRequest=physical: (0.0 Infinity) render:  (0.0 120.0) idleScreenRefreshRateConfig=null mNormalModeSkipOveride: false
01-13 14:52:39.514  5271  6055 D NetworkMetricsController: processUidChangeEvent :activity is:ComponentInfo{com.xiaomi.bluetooth/com.android.bluetooth.ble.app.fastconnect.MiuiFastConnectActivity}
01-13 14:52:39.514  5271  6055 D NetworkMetricsController: processUidChangeEvent :mCurApptype is NONE tempAppType is NONE
01-13 14:52:39.514  3999  3999 W libc    : Access denied finding property "vendor.gpp.create_frc_extension"
01-13 14:52:39.507  3999  3999 W mi.bluetooth:ui: type=1400 audit(0.0:799986): avc:  denied  { read } for  name="u:object_r:vendor_frc_prop:s0" dev="tmpfs" ino=529 scontext=u:r:bluetooth:s0 tcontext=u:object_r:vendor_frc_prop:s0 tclass=file permissive=0
01-13 14:52:39.511  3999  3999 W mi.bluetooth:ui: type=1400 audit(0.0:799987): avc:  denied  { read } for  name="u:object_r:vendor_frc_prop:s0" dev="tmpfs" ino=529 scontext=u:r:bluetooth:s0 tcontext=u:object_r:vendor_frc_prop:s0 tclass=file permissive=0
01-13 14:52:39.515  3999  3999 D VRI[MiuiFastConnectActivity]: vri.reportNextDraw 0 Rect(0, 0 - 1440, 3200) android.view.ViewRootImpl.performTraversals:5540 android.view.ViewRootImpl.doTraversal:4096 android.view.ViewRootImpl$TraversalRunnable.run:12456 android.view.Choreographer$CallbackRecord.run:2024 android.view.Choreographer$CallbackRecord.run:2033 
01-13 14:52:39.515  3999  3999 D VRI[MiuiFastConnectActivity]: vri.Setup new sync=wmsSync-VRI[MiuiFastConnectActivity]#64
01-13 14:52:39.519  2033  2033 I BpBinder: onLastStrongRef automatically unlinking death recipients: 
01-13 14:52:39.520  9162  9460 D MQSEventManager: begin call thirdappassistant
01-13 14:52:39.515  2033  2033 W binder:2033_5: type=1400 audit(0.0:799988): avc:  denied  { search } for  name="mcd" dev="dm-56" ino=1126 scontext=u:r:surfaceflinger:s0 tcontext=u:object_r:mcd_data_file:s0 tclass=dir permissive=0
01-13 14:52:39.521  7406 25801 I SmartAppAssistant: ThirdAppAssistantProvider ThirdAppAssistant is queried
01-13 14:52:39.524  3278  4130 I MiuiNetworkPolicy: updateUidState uid = 10092, uidState = 5
01-13 14:52:39.524  9162  9198 I com.miui.daemon: This is non sticky GC, maxfree is 33554432 minfree is 8388608
01-13 14:52:39.524  9162  9198 W com.miui.daemon: Reducing the number of considered missed Gc histogram windows from 130 to 100
01-13 14:52:39.524  8889  8910 I htmlviewercloudcontrol: isStagingEnv:false param =  taa_SwitchStatus  uriMatch = 2, cluster: cn, version: 649476, traceId: 3207d9982ba3ad88be5aad14ba11fab1, regId: 3y/5YAKKsG4DaTUEqYP8xrCGGdYjHRJxuJepRV34cHdbfLdNYsnawrrMuDZmuv5e
01-13 14:52:39.525 16169 16169 D HidDeviceService: handleMessage(): msg.what=8
01-13 14:52:39.525  8889  9633 I htmlviewercloudcontrol: isStagingEnv:false param =  taa_SwitchStatus  uriMatch = 2, cluster: cn, version: 649476, traceId: 3207d9982ba3ad88be5aad14ba11fab1, regId: 3y/5YAKKsG4DaTUEqYP8xrCGGdYjHRJxuJepRV34cHdbfLdNYsnawrrMuDZmuv5e
01-13 14:52:39.525  2499  2714 I misight : OnEvent HighProbFaultDetect 901001003
01-13 14:52:39.525  2499  2714 I misight : CanProcessHplEvent CanProcessHplEvent openTime=1766995028 period=30 1768287159
01-13 14:52:39.525  2499  2714 I misight : OnEvent EventLogProcessor event=901001003,2
01-13 14:52:39.525  2499  2714 I misight : OnEvent EventInfoPack event 901001003
01-13 14:52:39.525  8889  9633 I htmlviewercloudcontrol: isStagingEnv:false param =  taa_SwitchStatus  uriMatch = 2, cluster: cn, version: 649476, traceId: 3207d9982ba3ad88be5aad14ba11fab1, regId: 3y/5YAKKsG4DaTUEqYP8xrCGGdYjHRJxuJepRV34cHdbfLdNYsnawrrMuDZmuv5e
01-13 14:52:39.526 16169 16169 D HidDeviceService: handleMessage(): msg.what=8
01-13 14:52:39.527  3278 11072 I SmartPower: com.xiaomi.market/10168(21761): idle->background(6068ms) R(content provider start ContentProviderRecord{ac1a67a u0 com.xiaomi.market/.provider.MarketProvider}) adj=0.
01-13 14:52:39.527  3999  3999 D VRI[MiuiFastConnectActivity]: vri.reportDrawFinished 0 0 Rect(0, 0 - 1440, 3200)
01-13 14:52:39.528 22881 23009 D IdProviderImpl: getOAID from com.miui.analytics
01-13 14:52:39.528  3278 11072 D WindowManager: wms.finishDrawingLocked: mDrawState=COMMIT_DRAW_PENDING Window{446360e u0 com.xiaomi.bluetooth/com.android.bluetooth.ble.app.fastconnect.MiuiFastConnectActivity} in Surface(name=com.xiaomi.bluetooth/com.android.bluetooth.ble.app.fastconnect.MiuiFastConnectActivity#49652)/@0x46db583
01-13 14:52:39.528  3278  3404 D BarFollowAnimation: isAppBarAndVisibleCheck.....
01-13 14:52:39.528  3278  3404 D BarFollowAnimation: isAppTaskBarOnTop win:Window{fe5ca0e u0 NotificationShade} (mCurrentTopTask:Task{c15f925 #782 type=standard A=1002:com.xiaomi.bluetooth} : true); (mAssociatedTask:null : false); (mHomeTask:Task{68ecabd #1 type=home} : true); mReparentToOriginParent:true mLastAppBarVisible:true mLastHomeBarVisible:false
01-13 14:52:39.528  3278  3404 D MiuiRefreshRatePolicy: reset
01-13 14:52:39.528  3278  3404 D WindowManager: wms.commitFinishDrawingLocked: mDrawState=READY_TO_SHOW Window{446360e u0 com.xiaomi.bluetooth/com.android.bluetooth.ble.app.fastconnect.MiuiFastConnectActivity} in Surface(name=com.xiaomi.bluetooth/com.android.bluetooth.ble.app.fastconnect.MiuiFastConnectActivity#49652)/@0x46db583
01-13 14:52:39.529  3278  4130 I MiuiNetworkPolicy: updateUidState uid = 10168, uidState = 5
01-13 14:52:39.529 21761 12092 I Market-LocalAppManager: checkUpdateFromServer : start
01-13 14:52:39.529 21761 12092 I Market-LocalAppManager: getUpdateInfoFromServer : start,isBackground=true
01-13 14:52:39.529  3999  3999 D MiuiFastConnectActivity_Plugin: onStart
01-13 14:52:39.529  3999  3999 D Activity: Activity = ActivityInfo{220d5be com.android.bluetooth.ble.app.fastconnect.MiuiFastConnectActivity}, Resume onConfigurationChanged = {0.97734624 460mcc11mnc [zh_CN] ldltr sw384dp w384dp h853dp 586dpi nrml long hdr widecg port finger -keyb/v/h -nav/h winConfig={ mBounds=Rect(0, 0 - 1440, 3200) mAppBounds=Rect(0, 0 - 1440, 3200) mMaxBounds=Rect(0, 0 - 1440, 3200) mDisplayRotation=ROTATION_0 mWindowingMode=fullscreen mActivityType=standard mAlwaysOnTop=undefined mRotation=ROTATION_0 mInSplitScreen=false letterBoxed=false foScaled=false isSpecificEmbedded=false embeddingScale=1.0} s.2 fontWeightAdjustment=0/d/o themeChanged=0 themeChangedFlags=0 display=0 extraData = Bundle[{}] screenType=0/o}
01-13 14:52:39.530  3278  4130 I MiuiNetworkPolicy: updateUidState uid = 10159, uidState = 5
01-13 14:52:39.530  3278  4130 I MiuiNetworkPolicy: updateUidState uid = 10089, uidState = 5
01-13 14:52:39.530  3278 11072 D AppLock_AccessControlImpl: activityResume packageName: com.xiaomi.bluetooth userId: 0 enabled: true
01-13 14:52:39.530  3278 11072 D AppLock_AccessControlImpl: activityResume lockMode: 1
01-13 14:52:39.530  3999  3999 D SecurityManager: checkAccessControl flag1
01-13 14:52:39.530  3999  3999 D MiuiFastConnectActivity_Plugin: onResume
01-13 14:52:39.530  3999  3999 E MiuiFastConnectController_Plugin: initBroadcastReceiver
01-13 14:52:39.530  3999  3999 D MiuiFastConnectController_Plugin: mFastConnectReceive not unregister
01-13 14:52:39.530 16169 16169 D HidDeviceService: handleMessage(): msg.what=8
01-13 14:52:39.530 16169 16169 D HidDeviceService: handleMessage(): msg.what=8
01-13 14:52:39.530  4686  4686 D BackGestureBreakController: mAppLaunchingButNotResume= false
01-13 14:52:39.530  4686  4686 D RecentsImpl: mActivityStateObserver com.android.bluetooth.ble.app.fastconnect.MiuiFastConnectActivity
01-13 14:52:39.530  4686  4686 D BackGestureBreakController: mAppLaunchingButNotResume= false
01-13 14:52:39.530  4686  4686 W RecentsImpl: updateGestureWindowVisibleImpl, className=com.android.bluetooth.ble.app.fastconnect.MiuiFastConnectActivity
01-13 14:52:39.530  4686  4686 D RecentsImpl: useSysUiFlagsUpdateGestureWindowVisible, keyguard showing
01-13 14:52:39.530  4686  4686 D GestureStubView_Left: hideGestureStub
01-13 14:52:39.530  4686  4686 D GestureStubView_Right: hideGestureStub
01-13 14:52:39.530  4686  4686 D RecentsImpl: updateGestureWindowVisibleImpl, use SysUIFlags update gesture, return
01-13 14:52:39.530  4686  4686 D RecentsImpl: hideNavStubView
01-13 14:52:39.530  4686  4686 D NavStubView_Touch: setKeepHidden    old=true   new=true
01-13 14:52:39.530  4686  5504 W RecentsImpl: disableTouchBySwipeStatusBar    disable=false
01-13 14:52:39.530  4686  5504 D GestureStubView_Left: disableTouchBySwipeStatusBar    old=false   new=false
01-13 14:52:39.530  4686  5504 D GestureStubView_Right: disableTouchBySwipeStatusBar    old=false   new=false
01-13 14:52:39.530   399 11600 I VA_ActivityStateHelper: activityResumed componentName ComponentInfo{com.xiaomi.bluetooth/com.android.bluetooth.ble.app.fastconnect.MiuiFastConnectActivity}
01-13 14:52:39.530   399 11600 I VA_ActivityStateHelper: activityResumed mAiSkillPush is false
01-13 14:52:39.530 26170 18133 D AppUpdateXmsfLauncher: activityResumed intent : Intent { cmp=com.xiaomi.bluetooth/com.android.bluetooth.ble.app.fastconnect.MiuiFastConnectActivity (has extras) }
01-13 14:52:39.530  3278 11072 I ActivityTaskManager:  ar:ActivityRecord{208687759 u0 com.xiaomi.bluetooth/com.android.bluetooth.ble.app.fastconnect.MiuiFastConnectActivity t782} prev:ActivityRecord{208687759 u0 com.xiaomi.bluetooth/com.android.bluetooth.ble.app.fastconnect.MiuiFastConnectActivity t782}, ar.launchFromActivity=null, canShowWhenLocked:false, state:PAUSED, prev.packageName=com.xiaomi.bluetooth, ar.launchedFromPackage=com.xiaomi.bluetooth, isCanstartOnKeyguard=false, isCanResumeActivity=false
01-13 14:52:39.531  3278 11072 I ATMSImpl: cacheTasksForDefaultDisplay size=2 topId=782
01-13 14:52:39.531  3278 11072 D As.ActivityMmReduceLoadHelper: onMultiScreenChanged is not change, Done, isMultiScreen: false
01-13 14:52:39.531  3278 11072 I As.ActivityMmReduceLoadHelper: updateMultiScreenState, splitScreenMode: false isSmallScreen: false
01-13 14:52:39.532  3278 11072 D BarFollowAnimation: isAppBarAndVisibleCheck.....
01-13 14:52:39.532  3278 11072 D BarFollowAnimation: isAppTaskBarOnTop win:Window{fe5ca0e u0 NotificationShade} (mCurrentTopTask:Task{c15f925 #782 type=standard A=1002:com.xiaomi.bluetooth} : true); (mAssociatedTask:null : false); (mHomeTask:Task{68ecabd #1 type=home} : true); mReparentToOriginParent:true mLastAppBarVisible:true mLastHomeBarVisible:false
01-13 14:52:39.532  3278 11072 D MiuiRefreshRatePolicy: reset
01-13 14:52:39.532  3278 11072 D WindowManager: wms.commitFinishDrawingLocked: mDrawState=READY_TO_SHOW Window{446360e u0 com.xiaomi.bluetooth/com.android.bluetooth.ble.app.fastconnect.MiuiFastConnectActivity} in Surface(name=com.xiaomi.bluetooth/com.android.bluetooth.ble.app.fastconnect.MiuiFastConnectActivity#49652)/@0x46db583
01-13 14:52:39.532 21761 12092 I Market-LocalAppManager: getUpdateInfoFromServer : middle
01-13 14:52:39.532  3999  3999 W libc    : Access denied finding property "vendor.gpp.create_frc_extension"
01-13 14:52:39.532  3999  3999 W libc    : Access denied finding property "vendor.gpp.create_frc_extension"
01-13 14:52:39.527  3999  3999 W mi.bluetooth:ui: type=1400 audit(0.0:799989): avc:  denied  { read } for  name="u:object_r:vendor_frc_prop:s0" dev="tmpfs" ino=529 scontext=u:r:bluetooth:s0 tcontext=u:object_r:vendor_frc_prop:s0 tclass=file permissive=0
01-13 14:52:39.527  3999  3999 W mi.bluetooth:ui: type=1400 audit(0.0:799990): avc:  denied  { read } for  name="u:object_r:vendor_frc_prop:s0" dev="tmpfs" ino=529 scontext=u:r:bluetooth:s0 tcontext=u:object_r:vendor_frc_prop:s0 tclass=file permissive=0
01-13 14:52:39.533  3278  3379 D GnssSsruImpl: onLocationPermissionsChanged provider:network packageName:com.miui.hybrid
01-13 14:52:39.533  3278  3379 D GnssSsruImpl: onLocationPermissionsChanged provider:passive packageName:com.miui.hybrid
01-13 14:52:39.533 26763 26800 D auth    : [XMS][Auth] ActivityObserver activityResumed packageName: com.xiaomi.bluetooth
01-13 14:52:39.533  9464  4223 I travelService_ActivityObserverUtils: activityResumed ComponentInfo{com.xiaomi.bluetooth/com.android.bluetooth.ble.app.fastconnect.MiuiFastConnectActivity}
01-13 14:52:39.533  9464  4223 I travelService_TopActivityMonitor: user change app but last app use time not enough
01-13 14:52:39.533  3999  3999 D VRI[MiuiFastConnectActivity]: vri.reportNextDraw 0 Rect(0, 0 - 1440, 3200) android.view.ViewRootImpl.performTraversals:5540 android.view.ViewRootImpl.doTraversal:4096 android.view.ViewRootImpl$TraversalRunnable.run:12456 android.view.Choreographer$CallbackRecord.run:2024 android.view.Choreographer$CallbackRecord.run:2033 
01-13 14:52:39.533  3999  3999 D VRI[MiuiFastConnectActivity]: vri.Setup new sync=wmsSync-VRI[MiuiFastConnectActivity]#66
01-13 14:52:39.533 26170 18133 D services: [XMS][observer] ActivityObserver activityResumed packageName: com.xiaomi.bluetooth
01-13 14:52:39.533  9464  4223 I ActivityObserverUtil: activityResumed ComponentInfo{com.xiaomi.bluetooth/com.android.bluetooth.ble.app.fastconnect.MiuiFastConnectActivity}
01-13 14:52:39.533  9464  4223 I TopActivityMonitor: send TopActivityChangeEvent=TopActivityChangeEvent(prev=null, current=ComponentInfo{com.xiaomi.bluetooth/com.android.bluetooth.ble.app.fastconnect.MiuiFastConnectActivity},appChanged=true)
01-13 14:52:39.534 10369 11243 I AIRC_CounterTrack: collect: signal-TopActivityPerception
01-13 14:52:39.534 10369 11243 I MMKV    : <MMKV.cpp:1170::sync> MMKV::sync, SyncFlag = 1
01-13 14:52:39.534  3999  8080 I ContentCatcher: SettingTrigger : register screen QA status observer com.android.bluetooth.ble.app.fastconnect.MiuiFastConnectActivity
01-13 14:52:39.534  3999  8080 I ContentCatcher: SettingTrigger : register global collect status observer com.android.bluetooth.ble.app.fastconnect.MiuiFastConnectActivity
01-13 14:52:39.534  3999  8080 I ContentCatcher: SettingTrigger : registerUIAgentListener com.android.bluetooth.ble.app.fastconnect.MiuiFastConnectActivity, uid:1002
01-13 14:52:39.535  3278  5559 I DataHub : registerUIAgentListener packageName: com.xiaomi.bluetooth~1002, client:miui.security.IUIAgentInteractionClient$Stub$Proxy@f8ab471
01-13 14:52:39.535  3278  5559 I RemoteCallbackList: register success, put callback for com.xiaomi.bluetooth~1002
01-13 14:52:39.535  3999  8080 I ContentCatcher: SettingTrigger : unregister status observer com.android.bluetooth.ble.app.fastconnect.MiuiFastConnectActivity
01-13 14:52:39.535 10211 10271 I iui.powerkeeper: This is non sticky GC, maxfree is 33554432 minfree is 8388608
01-13 14:52:39.536  1692  1692 I Zygote  : Process 11439 exited due to signal 6 (Aborted)
01-13 14:52:39.536 21673 21673 I adbd    : Remote process closed the socket (on MSG_PEEK)
01-13 14:52:39.537  3278  5552 I ActivityManager: Process com.soundtherapyapp (pid 11439) has died: hvy CRE 
01-13 14:52:39.537  3278  5552 D MiuiDamonService: report App died, packageName = com.soundtherapyapp, pid = 11439
01-13 14:52:39.537  1841  1841 I vendor.qti.hardware.servicetrackeraidl-service: killProcess is called for pid : 11439
01-13 14:52:39.537  3278  6006 I WindowManager: WIN DEATH: Window{4ee6eb1 u0 com.soundtherapyapp/com.soundtherapyapp.MainActivity}
01-13 14:52:39.537 26170 26310 D MyLog   : -->log(1): [Tid:3350] [KeepAliveManager] -->onProcessDied(), pid=11439, uid=10405
01-13 14:52:39.537  3278  4257 E ProcessManager: error write exception log
01-13 14:52:39.537  3278  6006 D BarFollowAnimation: isAppBarAndVisibleCheck.....
01-13 14:52:39.537  3278  6006 D BarFollowAnimation: isAppTaskBarOnTop win:Window{fe5ca0e u0 NotificationShade} (mCurrentTopTask:Task{c15f925 #782 type=standard A=1002:com.xiaomi.bluetooth} : true); (mAssociatedTask:null : false); (mHomeTask:Task{68ecabd #1 type=home} : true); mReparentToOriginParent:true mLastAppBarVisible:true mLastHomeBarVisible:false
01-13 14:52:39.537  3278  6006 D MiuiRefreshRatePolicy: reset
01-13 14:52:39.537 26170 26170 D AppLifecycleObserver: onReceive: com.soundtherapyapp DESTROY
01-13 14:52:39.538  3278  3421 I ActivityManager: Got SIGCHLD from zygote: pid=11439, uid=10405, status=6
01-13 14:52:39.538  3278  6006 D WindowManager: wms.commitFinishDrawingLocked: mDrawState=READY_TO_SHOW Window{446360e u0 com.xiaomi.bluetooth/com.android.bluetooth.ble.app.fastconnect.MiuiFastConnectActivity} in Surface(name=com.xiaomi.bluetooth/com.android.bluetooth.ble.app.fastconnect.MiuiFastConnectActivity#49652)/@0x46db583
01-13 14:52:39.538  3278  3421 I libc    : kill: send 9 to pid -11439
01-13 14:52:39.538  3278  3421 I libc    : debug pid reuse, real pid -11439
01-13 14:52:39.538  3999  8080 I ContentCatcher: SettingTrigger : unregisterUIAgentListener com.android.bluetooth.ble.app.fastconnect.MiuiFastConnectActivity, uid:1002
01-13 14:52:39.538  3278  3421 I libprocessgroup: Removed cgroup /sys/fs/cgroup/apps/uid_10405/pid_11439
01-13 14:52:39.538  3278  5552 I ActivityManager: note: ProcessRecord{12de8f1 11439:com.soundtherapyapp/u0a405} died, saving the exit info
01-13 14:52:39.538  3278  5552 D BarFollowAnimation: onTaskInfoChanedForCaptionBar Task{4b466b2 #798 type=standard A=10405:com.soundtherapyapp} shouldbeVisible:false isVisible:false isOnTop:false windowMode:1 preDisplayId:-1 displayId:0 mCaptionAssociatedTask:null mIsTouchedInCaption:false
01-13 14:52:39.538 16169 16169 D HidDeviceService: handleMessage(): msg.what=8
01-13 14:52:39.538 16169 16169 D HidDeviceService: unregisterAppUid(): uid=10405
01-13 14:52:39.538 16169 16169 D HidDeviceService: unregisterAppUid(): caller UID doesn't match user UID
01-13 14:52:39.539  3999  3999 D VRI[MiuiFastConnectActivity]: vri.reportDrawFinished 0 0 Rect(0, 0 - 1440, 3200)
01-13 14:52:39.539  3278  5552 D BarFollowAnimation: onTaskValishedForCaptionBar Task{4b466b2 #798 type=standard A=10405:com.soundtherapyapp}
01-13 14:52:39.539  3278  3403 W ActivityManager: setHasOverlayUi called on unknown pid: 11439
01-13 14:52:39.539  3278  3865 W UsageStatsService: Unexpected activity event reported! (com.soundtherapyapp/com.soundtherapyapp.MainActivity event : 23 instanceId : 182811577)
01-13 14:52:39.539  3278  6006 D WindowManager: wms.finishDrawingLocked: mDrawState=COMMIT_DRAW_PENDING Window{1dc45b4 u0 com.xiaomi.bluetooth/com.android.bluetooth.ble.app.fastconnect.MiuiFastConnectActivity} in Surface(name=com.xiaomi.bluetooth/com.android.bluetooth.ble.app.fastconnect.MiuiFastConnectActivity#49653)/@0xf3eaf2c
01-13 14:52:39.539  3278  3404 D BarFollowAnimation: isAppBarAndVisibleCheck.....
