01-23 17:29:11.734  2033  2033 D MI-SF   : isSupportLowBrightnessFpsSwitch current_setting_fps: 120
01-23 17:29:11.734  2033  2033 D MI-SF   : isTpIdleScene ,mAverageFrameRate is 0, 0 
01-23 17:29:11.734  2033  2033 D MI-SF   : modeGroup0 mIsSupportAutomodeForMaxFpsSetting is 0(0), getCurrentBrightness() = 632(388), mIsKeepAutoMode 0 isAutoModeAllowed() 1
01-23 17:29:11.734  2033  2033 D RefreshRateSelector: fixedMode_group: 0, isFindModeGroup 0
01-23 17:29:11.734  2033  2033 D RefreshRateSelector: find max refresh rate:120, mode Group:0
01-23 17:29:11.734  2033  2033 D DisplayModeController: setDesiredMode 4630946338122044307 {mode={fps=120.00 Hz, modePtr={id=0, vsyncRate=120.00 Hz, peakRefreshRate=120.00 Hz}}, emitEvent=true, force=false}
01-23 17:29:11.733  2033  2033 W binder:2033_3: type=1400 audit(0.0:4871529): avc:  denied  { search } for  name="mcd" dev="dm-56" ino=1126 scontext=u:r:surfaceflinger:s0 tcontext=u:object_r:mcd_data_file:s0 tclass=dir permissive=0
01-23 17:29:11.734  4686  5684 I WindowTransitionCompat: onAnimationStart appsCompat size = 2, isWallpaperTransition=false, isReturnToHome=false
01-23 17:29:11.734  4686  5684 I WindowElementbfd7033: onOpeningWindowTransitionStart
01-23 17:29:11.734  4686  5684 I WindowElementbfd7033: onOpeningWindowTransitionStart dockDividers: null
01-23 17:29:11.734  4686  5684 D WindowTransitionCompat: startAnimation end
01-23 17:29:11.734  4686  4686 I WindowTransitionCompatListenerd8a7ff0: hasCancel mCancel=false
01-23 17:29:11.734  4686  4686 I WindowElementbfd7033: openingWindowTransitionStart windowElement taskId=-1
01-23 17:29:11.734  4686  4686 I WindowElementbfd7033: MAIN_THREAD:onOpeningWindowTransitionStart
01-23 17:29:11.734  1828  3123 I SDM     : SDMDisplay::SetActiveConfigWithConstraints: display = 0, config: 0, WxH 1440x3200, fps 120@normal@120:120
01-23 17:29:11.734  4686  4686 D BoostRtHelper: boostGesture main
01-23 17:29:11.734  4686  4686 D Launcher.Boost: setTurboSchedActionWithPriority::threadIds = [4686, 5632, 5684, 5623, 5622]
01-23 17:29:11.734  4686  4686 D AnimatorDurationScaleHelper: isCloseAnimator=false
01-23 17:29:11.734  4686  4686 E WindowAnimParamsProvider: getWindowTargetBounds    bounds=Rect(0, 0 - 1440, 3200)
01-23 17:29:11.734  4686  4686 E ClipAnimationHelper: updateSourceStack  mSourceInsets=Rect(0, 0 - 0, 0), mSourceStackBounds=Rect(0, 0 - 1440, 3200)
01-23 17:29:11.734  4686  4686 D ClipAnimationHelper: updateSourceStackBounds, mSourceStackBounds=Rect(0, 0 - 1440, 3200)
01-23 17:29:11.734  4686  4686 E ClipAnimationHelper: updateHomeStack  mSourceInsets=Rect(0, 0 - 0, 0), mHomeStackBounds=Rect(0, 0 - 1440, 3200)
01-23 17:29:11.734  4686  4686 E ClipAnimationHelper: updateTargetRect  mSourceRect=RectF(0.0, 0.0, 1440.0, 3200.0)   mTargetRect=RectF(0.0, 0.0, 1440.0, 3200.0)   mSourceWindowClipInsets=RectF(0.0, 0.0, 0.0, 0.0)   mHomeStackBounds=Rect(0, 0 - 1440, 3200)   targetRect=Rect(0, 0 - 1440, 3200)
01-23 17:29:11.734  4686  4686 I WindowAnimParamsProvider: getOpeningWindowsAnimParams startOpeningWindowAnimators, currentDisplayRotation=0, homeRotation=0, iconLoc=null, startRectF=RectF(360.0, 800.0, 1080.0, 2400.0), endRectF=RectF(0.0, 0.0, 1440.0, 3200.0), windowTargetBounds=Rect(0, 0 - 1440, 3200), startRadius = 20.0, endRadius = 120.0, launchPosition = 1, isUseTranslucentAnim = false, isMultiWindow = false
01-23 17:29:11.735  4686  4686 D HomeLayerElement: bindHomeLeash com.android.systemui.shared.recents.system.SurfaceControlCompat@3c15152
01-23 17:29:11.735  4686  4686 D HomeLayerElement: java.lang.Exception
01-23 17:29:11.735  4686  4686 D HomeLayerElement: 	at com.miui.home.recents.anim.HomeLayerElement.bindHomeLeash(HomeLayerElement.kt:85)
01-23 17:29:11.735  4686  4686 D HomeLayerElement: 	at com.miui.home.recents.anim.WindowElement.startRemoteAnimation(WindowElement.kt:560)
01-23 17:29:11.735  4686  4686 D HomeLayerElement: 	at com.miui.home.recents.anim.WindowElement.openingWindowTransitionStart$lambda$37(WindowElement.kt:1725)
01-23 17:29:11.735  4686  4686 D HomeLayerElement: 	at com.miui.home.recents.anim.WindowElement.$r8$lambda$of48bMmvrQhR3dAZhTc_TvzmyNY(WindowElement.kt:0)
01-23 17:29:11.735  4686  4686 D HomeLayerElement: 	at com.miui.home.recents.anim.WindowElement$$ExternalSyntheticLambda16.run(R8$$SyntheticClass:0)
01-23 17:29:11.735  4686  4686 D HomeLayerElement: 	at com.miui.launcher.utils.LooperExecutor.execute(LooperExecutor.java:43)
01-23 17:29:11.735  4686  4686 D HomeLayerElement: 	at com.miui.home.recents.anim.WindowElement.openingWindowTransitionStart(WindowElement.kt:1721)
01-23 17:29:11.735  4686  4686 D HomeLayerElement: 	at com.miui.home.recents.anim.WindowElement$init$1.processOnOpeningWindowTransitionStart$lambda$1(WindowElement.kt:1708)
01-23 17:29:11.735  4686  4686 D HomeLayerElement: 	at com.miui.home.recents.anim.WindowElement$init$1.$r8$lambda$levpa8Vc1fq96QXYS7DunF1kz30(WindowElement.kt:0)
01-23 17:29:11.735  4686  4686 D HomeLayerElement: 	at com.miui.home.recents.anim.WindowElement$init$1$$ExternalSyntheticLambda1.run(R8$$SyntheticClass:0)
01-23 17:29:11.735  4686  4686 D HomeLayerElement: 	at android.os.Handler.handleCallback(Handler.java:995)
01-23 17:29:11.735  4686  4686 D HomeLayerElement: 	at android.os.Handler.dispatchMessage(Handler.java:103)
01-23 17:29:11.735  4686  4686 D HomeLayerElement: 	at android.os.Looper.loopOnce(Looper.java:267)
01-23 17:29:11.735  4686  4686 D HomeLayerElement: 	at android.os.Looper.loop(Looper.java:360)
01-23 17:29:11.735  4686  4686 D HomeLayerElement: 	at android.app.ActivityThread.main(ActivityThread.java:10088)
01-23 17:29:11.735  4686  4686 D HomeLayerElement: 	at java.lang.reflect.Method.invoke(Native Method)
01-23 17:29:11.735  4686  4686 D HomeLayerElement: 	at com.android.internal.os.RuntimeInit$MethodAndArgsCaller.run(RuntimeInit.java:616)
01-23 17:29:11.735  4686  4686 D HomeLayerElement: 	at com.android.internal.os.ZygoteInit.main(ZygoteInit.java:1113)
01-23 17:29:11.735  4686  4686 I AnimStateManager: onAnimParamsReady windowElement = com.miui.home.recents.anim.WindowElement@bfd7033
01-23 17:29:11.735  4686  4686 D WindowElementbfd7033: animTo, params=RectFParams(targetApps=com.miui.home.recents.util.RemoteAnimationTargetSet@2f5c520, windowAnimParams=WindowAnimParams(startRect=RectF(360.0, 800.0, 1080.0, 2400.0), targetRect=RectF(0.0, 0.0, 1440.0, 3200.0), startRadii=[20.0,20.0,20.0,20.0], endRadii=[120.0,120.0,120.0,120.0], startAlpha=0.0, endAlpha=1.0, velocityParams=VelocityParams(leftVelocity=0.0, topVelocity=0.0, widthVelocity=0.0, heightVelocity=0.0, ratioVelocity=0.0, radiusRatioVelocity=0.0, alphaVelocity=0.0), extraSpringsBundles=null), animType=OPEN_FROM_HOME, ignoreIcon=false, showTask=false, isQuickSwitchMode=false, targetView=null, animListener=com.miui.home.recents.anim.WindowAnimParamsProvider$getOpeningWindowsAnimParams$animListener$1@b74ded9, clipAnimationHelper=com.miui.home.recents.util.ClipAnimationHelper@17f309e, clearLastListener=false, currentDisplayRotation=0, homeRotation=0, gestureHomeCalculator=null, needFinishOnAnimEnd=true, currentTaskIndex=0, isSplitModeBack=false, isUseTranslucentAnim=false, runningTaskId=0, touchRange=2, hasAnimTarget=true, isCloseAppToDefaultCenter=false, isHoldSmallWindowCropForCloseToDrag=false), isRunning()=false
01-23 17:29:11.735  4686  4686 D WindowElementbfd7033: updateFloatingIconView, animType=OPEN_FROM_HOME
01-23 17:29:11.735  4686  4686 D WindowElementbfd7033: updateFloatingIconView, oldTargetView=null, params.targetView=null
01-23 17:29:11.735  4686  4686 D WindowElementbfd7033: updateFloatingIconView, targetView is same
01-23 17:29:11.735  4686  4686 D WindowElementbfd7033: bindIconLayerLeashIfNeeded false  null  Surface(name=TL_Surface(name=Task=1#51)/@0x72bcdd8_transition-leash#185232)/@0xc61ce87 target = null
01-23 17:29:11.735  4686  4686 D WindowElementbfd7033: bindIconLayerLeashIfNeeded 0
01-23 17:29:11.735  4686  4686 I WindowElementbfd7033: FloatingIconLayer2 is empty,return!
01-23 17:29:11.735  4686  4686 D WindowAnimImplementorDispatcher: 201158707 animTo OPEN_FROM_HOME by com.miui.home.recents.anim.windowanim.LocalWindowAnimImplementor@c2c077f
01-23 17:29:11.735  4686  4686 D LocalWindowAnimImplementor: animTo, params=RectFParams(targetApps=com.miui.home.recents.util.RemoteAnimationTargetSet@2f5c520, windowAnimParams=WindowAnimParams(startRect=RectF(360.0, 800.0, 1080.0, 2400.0), targetRect=RectF(0.0, 0.0, 1440.0, 3200.0), startRadii=[20.0,20.0,20.0,20.0], endRadii=[120.0,120.0,120.0,120.0], startAlpha=0.0, endAlpha=1.0, velocityParams=VelocityParams(leftVelocity=0.0, topVelocity=0.0, widthVelocity=0.0, heightVelocity=0.0, ratioVelocity=0.0, radiusRatioVelocity=0.0, alphaVelocity=0.0), extraSpringsBundles=null), animType=OPEN_FROM_HOME, ignoreIcon=false, showTask=false, isQuickSwitchMode=false, targetView=null, animListener=com.miui.home.recents.anim.WindowAnimParamsProvider$getOpeningWindowsAnimParams$animListener$1@b74ded9, clipAnimationHelper=com.miui.home.recents.util.ClipAnimationHelper@17f309e, clearLastListener=false, currentDisplayRotation=0, homeRotation=0, gestureHomeCalculator=null, needFinishOnAnimEnd=true, currentTaskIndex=0, isSplitModeBack=false, isUseTranslucentAnim=false, runningTaskId=0, touchRange=2, hasAnimTarget=true, isCloseAppToDefaultCenter=false, isHoldSmallWindowCropForCloseToDrag=false), isRunningAndNotRequestEndOrCancel()=false
01-23 17:29:11.735  4686  4686 D LocalWindowAnimImplementor: animResetReady, lastAnimParam:null
01-23 17:29:11.735  4686  4686 I RectFSpringAnim_30892909: setAnimType = OPEN_FROM_HOME
01-23 17:29:11.735  4686  4686 D RectFSpringAnim_30892909: reset: startRect=RectF(360.0, 800.0, 1080.0, 2400.0), targetRect=RectF(0.0, 0.0, 1440.0, 3200.0), startRadius=[20.0, 20.0, 20.0, 20.0], endRadius=[120.0, 120.0, 120.0, 120.0], startAlpha=0.0, endAlpha=1.0
01-23 17:29:11.735  4686  4686 I RectFSpringAnim_30892909: setStartRect = RectF(360.0, 800.0, 1080.0, 2400.0)
01-23 17:29:11.735  4686  4686 D RectFSpringAnim_30892909: clearRectFSpringAnimListener
01-23 17:29:11.735  4686  4686 I RectFSpringAnim_30892909: changeAnimStart start=false
01-23 17:29:11.735  4686  4686 D LocalWindowAnimImplementor: animResetReady, reset mAnim=RectFSpringAnim{mStartRect=RectF(360.0, 800.0, 1080.0, 2400.0), mTargetRect=RectF(0.0, 0.0, 1440.0, 3200.0), mStartAlpha=0.0, mEndAlpha=1.0}
01-23 17:29:11.735  4686  4686 D NavStubView: setWindowAnimType  type=OPEN_FROM_HOME
01-23 17:29:11.735  4686  4686 D NavStubView: setIsAnimatingToLauncher  isAnimatingToLauncher=false
01-23 17:29:11.735  4686  4686 I RectFSpringAnim_30892909: setAnimParamByType = OPEN_FROM_HOME
01-23 17:29:11.735  4686  4686 E MultiSpringDynamicAnimationc4ebba2: ERROR Not Found Bundle Radius
01-23 17:29:11.735  4686  4686 E MultiSpringDynamicAnimationc4ebba2: ERROR Not Found Bundle SurfaceExtAlpha
01-23 17:29:11.735  4686  4686 E MultiSpringDynamicAnimationc4ebba2: ERROR Not Found Bundle appLeashBlurRadius
01-23 17:29:11.735  4686  4686 D RectFSpringAnim_30892909: addAnimatorListener
01-23 17:29:11.735  4686  4686 D WindowElementbfd7033: bindIconLayerLeashIfNeeded false  null  Surface(name=TL_Surface(name=Task=1#51)/@0x72bcdd8_transition-leash#185232)/@0xc61ce87 target = null
01-23 17:29:11.735  4686  4686 D WindowElementbfd7033: bindIconLayerLeashIfNeeded 0
01-23 17:29:11.735  4686  4686 I WindowElementbfd7033: FloatingIconLayer2 is empty,return!
01-23 17:29:11.735  4686  4686 I RectFSpringAnim_30892909: startInMainThread
01-23 17:29:11.735  4686  4686 E MultiSpringDynamicAnimationc4ebba2: ERROR Not Found Bundle SurfaceExtAlpha
01-23 17:29:11.735  4686  4686 E MultiSpringDynamicAnimationc4ebba2: ERROR Not Found Bundle SurfaceExtAlpha
01-23 17:29:11.735  5321  5321 D ShadeDarkIconDispatcher: receiver delegate onDarkChanged
01-23 17:29:11.735  4686  4686 E MultiSpringDynamicAnimationc4ebba2: ERROR Not Found Bundle appLeashBlurRadius
01-23 17:29:11.735  4686  4686 I RectFSpringAnim_30892909: changeAnimStart start=true
01-23 17:29:11.735  4686  4686 E ScenarioRecognitionUtil: setScenarioState, packageName is null
01-23 17:29:11.735  4686  4686 I ScenarioRecognitionUtil: setScenarioState, type: 321, isStart: true
01-23 17:29:11.735  4686  4686 D ShortcutMenuLayerElement: animTo, params=ShortcutMenuLayerParams(alpha=0.5, scaleX=0.85, scaleY=0.85, dampingRation=1.2, response=0.5, isSurfaceChange=true, shouldTryDisableByRecents=true, reason=, anim=true, animEndListener=null)
01-23 17:29:11.735  1828  3123 W SDM     : HWDeviceDRM::GetSupportedBitClkRate: Requested rate not supported: 1200000000
01-23 17:29:11.735  1828  3123 I SDM     : HWDeviceDRM::UpdateMixerAttributes: Mixer WxH 1440x3200-1 for Peripheral
01-23 17:29:11.735  4686  4686 D PassBlur: textureState not update, view com.miui.home.launcher.ShortcutMenuLayer{bb4b4a4 V.E...... ........ 0,0-1440,3200 #7f0a03f8 app:id/shortcut_menu_layer} visible is true
01-23 17:29:11.735  4686  4686 D ShortcutMenuLayerElement: animTo, start alpha = 1.0 scale = 1.0
01-23 17:29:11.735  4686  4686 D SystemWallpaperElement: animTo   zoomOut=1.14 useWallpaperAnim=true
01-23 17:29:11.735  5321  5321 D ShadeDarkIconDispatcher: receiver delegate onDarkChangedWithContrast
01-23 17:29:11.735  5321  5321 D ShadeDarkIconDispatcher: receiver delegate onLightDarkTintChanged
01-23 17:29:11.735  4686  4686 D RecentBlurViewElement: animTo: params = RecentBlurParams(blurRadius=120.0, dimming=1.0, dampingRatio=0.95, response=0.3) blurView = com.miui.home.launcher.BlurView{5420920 G.ED..... ......I. 0,0-1440,3200 #7f0a026a app:id/launcher_blur_view}
01-23 17:29:11.735  4686  4686 D RecentBlurViewElement: animTo, 0 -> 120.0
01-23 17:29:11.735  3278  5488 D MiuiWallpaperAnimationManager: startScaleAnimation  from: 1.0 to: 1.14 by window: Window{7f85f52 u0 com.miui.home/com.miui.home.launcher.Launcher}
01-23 17:29:11.735  3278  5488 D MiuiWallpaperSurfaceAnimation: setAnimationState curState: INITIALIZED
01-23 17:29:11.735  4686  4686 D HomeLayerElement: animTo, enable = false params=HomeLayerParams(startAlpha=1.0, startScale=1.0, endAlpha=0.0, endScale=0.95)
01-23 17:29:11.735  4686  4686 D HomeLayerElement: java.lang.Exception
01-23 17:29:11.735  4686  4686 D HomeLayerElement: 	at com.miui.home.recents.anim.HomeLayerElement.animTo(HomeLayerElement.kt:174)
01-23 17:29:11.735  4686  4686 D HomeLayerElement: 	at com.miui.home.recents.anim.StateManager.handleAllElementParams(StateManager.kt:241)
01-23 17:29:11.735  4686  4686 D HomeLayerElement: 	at com.miui.home.recents.anim.StateManager.onAnimParamsReady(StateManager.kt:169)
01-23 17:29:11.735  4686  4686 D HomeLayerElement: 	at com.miui.home.recents.anim.WindowElement.startRemoteAnimation(WindowElement.kt:566)
01-23 17:29:11.735  4686  4686 D HomeLayerElement: 	at com.miui.home.recents.anim.WindowElement.openingWindowTransitionStart$lambda$37(WindowElement.kt:1725)
01-23 17:29:11.735  4686  4686 D HomeLayerElement: 	at com.miui.home.recents.anim.WindowElement.$r8$lambda$of48bMmvrQhR3dAZhTc_TvzmyNY(WindowElement.kt:0)
01-23 17:29:11.735  4686  4686 D HomeLayerElement: 	at com.miui.home.recents.anim.WindowElement$$ExternalSyntheticLambda16.run(R8$$SyntheticClass:0)
01-23 17:29:11.735  4686  4686 D HomeLayerElement: 	at com.miui.launcher.utils.LooperExecutor.execute(LooperExecutor.java:43)
01-23 17:29:11.735  4686  4686 D HomeLayerElement: 	at com.miui.home.recents.anim.WindowElement.openingWindowTransitionStart(WindowElement.kt:1721)
01-23 17:29:11.735  4686  4686 D HomeLayerElement: 	at com.miui.home.recents.anim.WindowElement$init$1.processOnOpeningWindowTransitionStart$lambda$1(WindowElement.kt:1708)
01-23 17:29:11.735  4686  4686 D HomeLayerElement: 	at com.miui.home.recents.anim.WindowElement$init$1.$r8$lambda$levpa8Vc1fq96QXYS7DunF1kz30(WindowElement.kt:0)
01-23 17:29:11.735  4686  4686 D HomeLayerElement: 	at com.miui.home.recents.anim.WindowElement$init$1$$ExternalSyntheticLambda1.run(R8$$SyntheticClass:0)
01-23 17:29:11.735  4686  4686 D HomeLayerElement: 	at android.os.Handler.handleCallback(Handler.java:995)
01-23 17:29:11.735  4686  4686 D HomeLayerElement: 	at android.os.Handler.dispatchMessage(Handler.java:103)
01-23 17:29:11.735  4686  4686 D HomeLayerElement: 	at android.os.Looper.loopOnce(Looper.java:267)
01-23 17:29:11.735  4686  4686 D HomeLayerElement: 	at android.os.Looper.loop(Looper.java:360)
01-23 17:29:11.735  4686  4686 D HomeLayerElement: 	at android.app.ActivityThread.main(ActivityThread.java:10088)
01-23 17:29:11.735  4686  4686 D HomeLayerElement: 	at java.lang.reflect.Method.invoke(Native Method)
01-23 17:29:11.735  4686  4686 D HomeLayerElement: 	at com.android.internal.os.RuntimeInit$MethodAndArgsCaller.run(RuntimeInit.java:616)
01-23 17:29:11.735  4686  4686 D HomeLayerElement: 	at com.android.internal.os.ZygoteInit.main(ZygoteInit.java:1113)
01-23 17:29:11.735  4686  4686 I AnimStateManager: go to state com.miui.home.recents.anim.StateManager$AppState@ce59631
01-23 17:29:11.735  4686  4686 E Launcher.application: setClickAppWaitForCallback = false
01-23 17:29:11.737  5321  5716 I MiuiDecorationSamplingHelper: CompositionSamplingListener.unregister mAttached=true, mSamplingEnabled=false, mSamplingRect=Rect(0, 0 - 0, 0), mView=MiuiBottomBarView#205681278
01-23 17:29:11.737 11745 12349 I lyra-mpt: MiplayTransportSession::CreateKcpSession:198 session=59535 rtt=75 srtt=181 rto=481 cwnd=16 incr=22359 srh=16 nsend=866 nresend=28 nfastresend=0 nsent=865 maxxmit=4
01-23 17:29:11.738 21673 21684 I adbd    : jdwp connection from 14839
01-23 17:29:11.738  1857  2451 D FPSMonitor: threadFuncFpsMonitor display 0, fps 120
01-23 17:29:11.738  5321  5716 I MiuiDecorationSamplingHelper: CompositionSamplingListener.unregister mAttached=true, mSamplingEnabled=false, mSamplingRect=Rect(468, 3162 - 972, 3177), mView=MiuiBottomBarView#205681278
01-23 17:29:11.739  4686  4686 D Launcher.Lifecycle: onWindowFocusChanged:false,UserHandle{0},bfe571,true
01-23 17:29:11.740  3278  3405 D MiuiWallpaperSurfaceAnimation: setAnimationState curState: STARTED
01-23 17:29:11.740  5321  5716 I MiuiDecorationSamplingHelper: CompositionSamplingListener.register mSamplingRect=Rect(468, 3162 - 972, 3177), stopLayer=Surface(name=Miui Bottom Caption of Task=2599#185235)/@0x2a153df, mView=MiuiBottomBarView#205681278
01-23 17:29:11.740  5321  5896 D HWUI    : [HWUI] Flag vulkan_enhance_pipeline_cache enabled
01-23 17:29:11.740  5321  5896 D HWUI    : [HWUI] EnhanceVkPipelineCache is enabled
01-23 17:29:11.742 14839 14839 D nativeloader: Load libframework-connectivity-tiramisu-jni.so using APEX ns com_android_tethering for caller /apex/com.android.tethering/javalib/framework-connectivity-t.jar: ok
01-23 17:29:11.742  1692  1692 D Zygote  : Forked child process 16390
01-23 17:29:11.743  1841  1841 I vendor.qti.hardware.servicetrackeraidl-service: killProcess is called for pid : 16048
01-23 17:29:11.743  1841  1841 I vendor.qti.hardware.servicetrackeraidl-service: process with pid 16048 is client
01-23 17:29:11.743  1841  1841 I vendor.qti.hardware.servicetrackeraidl-service: size of service connections for service: com.miui.analytics/.onetrack.OneTrackServiceafter removal is 17
01-23 17:29:11.743  1841  1841 I vendor.qti.hardware.servicetrackeraidl-service: removing client with pid 16048process namecom.miui.contentextension
01-23 17:29:11.743  1692  1692 I Zygote  : Process 16048 exited due to signal 9 (Killed)
01-23 17:29:11.743  3278  5488 I ActivityManager: note: ProcessRecord{f420a66 16048:com.miui.contentextension/u0a131} died, saving the exit info
01-23 17:29:11.743  3278  3424 I ActivityManager: Update process exit info for com.miui.contentextension(16048/u10131)
01-23 17:29:11.744  1819  1927 I ANDR-PWR-OPT: GAMEPOWEROPT: sendEvents() 231: Start hint for app com.miui.contentextension, hintID : 4243, hintID hex : 1093 value: 0
01-23 17:29:11.744  1819  1927 I ANDR-PWR-OPT: PowerAppClassifier: getAppType() 59: checking app [com.miui.contentextension] is type 0
01-23 17:29:11.744  1819  1927 I ANDR-PWR-OPT: GAMEPOWEROPT: isGame() 348: com.miui.contentextension is Game = 0
01-23 17:29:11.744  3278  4257 E ProcessManager: error write exception log
01-23 17:29:11.744  3278  4257 E ProcessManager: error write exception log
01-23 17:29:11.744  1841  1841 I vendor.qti.hardware.servicetrackeraidl-service: killProcess is called for pid : 15150
01-23 17:29:11.744  1692  1692 I Zygote  : Process 15150 exited due to signal 9 (Killed)
01-23 17:29:11.744  1819  1927 I ANDR-PWR-OPT: GAMEPOWEROPT: sendEvents() 231: Start hint for app com.android.htmlviewer, hintID : 4243, hintID hex : 1093 value: 0
01-23 17:29:11.745  1819  1927 I ANDR-PWR-OPT: PowerAppClassifier: getAppType() 59: checking app [com.android.htmlviewer] is type 0
01-23 17:29:11.745  1819  1927 I ANDR-PWR-OPT: GAMEPOWEROPT: isGame() 348: com.android.htmlviewer is Game = 0
01-23 17:29:11.745  3278  5488 I ActivityManager: note: ProcessRecord{2da5e9e 15150:com.android.htmlviewer/u0a92} died, saving the exit info
01-23 17:29:11.745  3278  3424 I ActivityManager: Update process exit info for com.android.htmlviewer(15150/u10092)
01-23 17:29:11.746  9893  9893 D HidDeviceService: handleMessage(): msg.what=8
01-23 17:29:11.746  9893  9893 D HidDeviceService: unregisterAppUid(): uid=10131
01-23 17:29:11.746  9893  9893 D HidDeviceService: unregisterAppUid(): caller UID doesn't match user UID
01-23 17:29:11.746  9171 14598 D ForegroundUtils: UID: 10131 deleted.
01-23 17:29:11.746  3278  4130 I MiuiNetworkPolicy: removeUidState uid = 10131
01-23 17:29:11.746  9372  9748 V OsAgent : broadcastSystemEvent - 7
01-23 17:29:11.746 16390 16390 E Zygote  : process_name_ptr:16390 com.qualcomm.qti.workloadclassifier
01-23 17:29:11.746  3278  3379 I NetworkBoostStatusManager: onUidGone uid: 10131
01-23 17:29:11.746  3278  6352 I SLM-SRV-SLSAppLib: SLM_Ai_Mode EVENT_CHECK_GMAE_AI_MODE_STATUS
01-23 17:29:11.746  3278  6352 I SLM-SRV-SLSAppLib: SLM_Ai_Mode checkGameAiModeStatus mGameAiModeCloudControl:true mLinkTurboAiModeSwitch:false mGameAiModeInterfaceReady:true mGameStartBattle:false powerMgrGameUid:0
01-23 17:29:11.746 16390 16390 E Zygote  : SetMemoryProtected process_name_ptr:16390 com.qualcomm.qti.workloadclassifier
01-23 17:29:11.746  1692  1692 I Zygote  : Process 16055 exited due to signal 9 (Killed)
01-23 17:29:11.746 11745 12184 I lyra-channel-jni: Java_com_xiaomi_continuity_nativelib_ContinuityConnectionManagerNative_nativeUnregisterChannelListener:280 service_name=com.milink.service:UpgradeContinuityService, code=3001000, msg=unknown
01-23 17:29:11.746 11745 12184 I lyra-unified-api: UnifiedImpl::UnregisterChannelListener:1255 service_name=com.milink.service:UpgradeContinuityService, code=3001000, msg=unknown
01-23 17:29:11.746 11745 12184 I lyra-channel: ChannelImpl::UnregisterChannelListener:140 service_name=com.milink.service:UpgradeContinuityService, code=3001000, msg=unknown
01-23 17:29:11.746  1692  1692 I Zygote  : Process 16095 exited due to signal 9 (Killed)
01-23 17:29:11.746 11745 12117 I lyra-channel: ChannelServer::UnregisterChannelListener:214 existing proxy register, service_name=com.milink.service:UpgradeContinuityService, trust_level=32
01-23 17:29:11.746 11745 12117 I lyra-conn-mgr: ConnectionManager::RegisterConnectionListener:287 service_name=com.milink.service:UpgradeContinuityService, options={medium_types=40083(["bt","ble","wifi_lan","remote"]), confirm=1, trust_level=20(trust group)}, listener.valid=1
01-23 17:29:11.746 11745 12330 I lyra-conn-logi: LogiConnManager::RegisterConnectionListener:178 service_name=com.milink.service:UpgradeContinuityService, options={medium_types=[1(bt), 2(ble), 80(wifi_lan), 40000(remote)],trust_level=20(trust group),confirm=1,optional={}}
01-23 17:29:11.746 11745 12330 I lyra-conn-logi: LogiConnManager::RegisterConnectionListener:179 options.value={}
01-23 17:29:11.747 11745 12330 I lyra-conn-logi: LogiConnServer::RegisterLogiConnServerListener:130 service_name=com.milink.service:UpgradeContinuityService already exist, update trust_level=16->32, update options=0->0
01-23 17:29:11.747 11745 12330 I lyra-conn-mgr: ConnectionManager::RegisterConnectionListener:335 finish, service_name=com.milink.service:UpgradeContinuityService, code=0, msg=success
01-23 17:29:11.747 11745 12330 I lyra-channel: ChannelServer::RegisterNetbusListener:389 code=0, msg=success
01-23 17:29:11.747 12680 12719 I IDM-SdkProxyManagerJni: SdkClientManager destroySdkProxy enter: proxy_id=787
01-23 17:29:11.747  3278  4246 D ExternalInterface: setUidState, uid = 10131 allow = true
01-23 17:29:11.747  3278  4246 D MiSensorServiceImpl: PowerKeeperSensor resume iUid:10131 but app has not in Controlled
01-23 17:29:11.747 11745 12117 I lyra-channel-jni: JniChannelListener::OnServerRegisterStatus:366 context=0xb400007888f1de90, service_name=com.milink.service:UpgradeContinuityService, err_code=52016
01-23 17:29:11.747 11745 12117 I lyra-channel-jni: JniChannelListener::RemoveServerChannelListener:118 service_name=com.milink.service:UpgradeContinuityService
01-23 17:29:11.747 11745 12117 W lyra-channel-jni: JniChannelListener::RemoveServerChannelListener:123 service_name=com.milink.service:UpgradeContinuityService, delete ctx=0xb400007888f1de90
01-23 17:29:11.747 12680 12719 I IDM-SdkProxyManagerJni: SdkClientManager destroySdkProxy exit: proxy_id=787
01-23 17:29:11.747 11745 12184 I lyra-miwear-channel: MiwearChannel::UnregisterChannelListener:133 service_name=com.milink.service:UpgradeContinuityService, code=3001000, msg=unknown
01-23 17:29:11.747 12680 13160 I IDM-SdkClient: SdkProxy___________________deconstruct sdk_proxy_id_ = 787
01-23 17:29:11.747 12680 13160 I IDM-ClientProcV2: deconstruct, sdk_proxy=0xb4000078b8f31730
01-23 17:29:11.747 11745 12117 I lyra-miwear-channel: MiwearChannelServer::UnregisterChannelListener:137 service_name=com.milink.service:UpgradeContinuityService, code=3001000, msg=unknown
01-23 17:29:11.747 12680 13160 I SMGR_ServiceManagerV2: unRegisterIdmClient enter, id:EPntKeXF
01-23 17:29:11.747 12680 13160 I SMGR_IDMClientAgent: destroy
01-23 17:29:11.747 12680 13160 I IDM-ServerProcV2: ~IDMServerProcV2
01-23 17:29:11.747 12680 13160 I IDM-ServerProcV2: CallbackWrapper::SetInvalid
01-23 17:29:11.747 12680 13160 I SMGR_ServiceManagerV2: unRegisterIdmServerProc: serverId EPntKeXF
01-23 17:29:11.747 12680 13160 I SMGR_ServiceManagerV2: getServiceUuidListByServerId: server_id EPntKeXF
01-23 17:29:11.748  1692  1692 I Zygote  : Process 15461 exited due to signal 9 (Killed)
01-23 17:29:11.748 26170 26196 D MyLog   : -->log(1): [Tid:3302] [KeepAliveManager] -->onProcessDied(), pid=16048, uid=10131
01-23 17:29:11.749 26170 26196 D MyLog   : -->log(1): [Tid:3302] [KeepAliveManager] -->onProcessDied(), pid=15150, uid=10092
01-23 17:29:11.749  1819  1927 I ANDR-PWR-OPT: GAMEPOWEROPT: sendEvents() 231: Start hint for app com.milink.runtime, hintID : 4243, hintID hex : 1093 value: 0
01-23 17:29:11.749  1819  1927 I ANDR-PWR-OPT: PowerAppClassifier: getAppType() 59: checking app [com.milink.runtime] is type 0
01-23 17:29:11.749  1819  1927 I ANDR-PWR-OPT: GAMEPOWEROPT: isGame() 348: com.milink.runtime is Game = 0
01-23 17:29:11.749  1841  1841 I vendor.qti.hardware.servicetrackeraidl-service: killProcess is called for pid : 16055
01-23 17:29:11.749  1841  1841 I vendor.qti.hardware.servicetrackeraidl-service: process with pid 16055 is client
01-23 17:29:11.749  1841  1841 I vendor.qti.hardware.servicetrackeraidl-service: size of service connections for service: com.miui.analytics/.onetrack.OneTrackServiceafter removal is 16
01-23 17:29:11.749  1841  1841 I vendor.qti.hardware.servicetrackeraidl-service: size of service connections for service: com.xiaomi.mi_connect_service/com.xiaomi.continuity.networking.service.NetworkingServiceafter removal is 10
01-23 17:29:11.749  1841  1841 I vendor.qti.hardware.servicetrackeraidl-service: size of service connections for service: com.xiaomi.mi_connect_service/com.xiaomi.continuity.ContinuityServiceManagerServiceafter removal is 10
01-23 17:29:11.749  1841  1841 I vendor.qti.hardware.servicetrackeraidl-service: size of service connections for service: com.xiaomi.mi_connect_service/.MiConnectServiceafter removal is 2
01-23 17:29:11.749  1841  1841 I vendor.qti.hardware.servicetrackeraidl-service: removing client with pid 16055process namecom.milink.runtime
01-23 17:29:11.749 16390 16390 I kloadclassifier: Using CollectorTypeCC GC.
01-23 17:29:11.749  3278  3421 I libprocessgroup: Removed cgroup /sys/fs/cgroup/apps/uid_10092/pid_15461
01-23 17:29:11.749  3278  4257 E ProcessManager: error write exception log
01-23 17:29:11.749  3278  3421 I ActivityManager: Got SIGCHLD from zygote: pid=16048, uid=10131, status=9
01-23 17:29:11.749  3278  3424 I ActivityManager: zygote: proc died: pid=16048 uid=10131, status=9
01-23 17:29:11.750  3278  6261 D MiuiForceVkService: shouldUseVk, pkg=com.soundtherapyapp useVk 0
01-23 17:29:11.750  3278  3421 I libc    : kill: send 9 to pid -16095
01-23 17:29:11.750 14839 14839 I ActivityThread: Current dynamic renderEngine type=0
01-23 17:29:11.750  3278  3421 I libc    : debug pid reuse, real pid -16095
01-23 17:29:11.750  3278 11065 I ActivityManager: note: ProcessRecord{f79c143 16055:com.milink.runtime/u0a177} died, saving the exit info
01-23 17:29:11.750 26170 26196 D MyLog   : -->log(1): [Tid:3302] [KeepAliveManager] -->onProcessDied(), pid=16055, uid=10177
01-23 17:29:11.750  3278  3424 I ActivityManager: Update process exit info for com.milink.service(16055/u10177)
01-23 17:29:11.751  3278  3421 I libprocessgroup: Removed cgroup /sys/fs/cgroup/apps/uid_10177/pid_16095
01-23 17:29:11.751  3278  3421 I ActivityManager: Got SIGCHLD from zygote: pid=15150, uid=10092, status=9
01-23 17:29:11.751  3278  3420 I ActivityManager: Start proc 16390:com.qualcomm.qti.workloadclassifier/u0a231 for broadcast {com.qualcomm.qti.workloadclassifier/com.qualcomm.qti.workloadclassifier.WLCReceiver} caller=android
01-23 17:29:11.751  3278  3424 I ActivityManager: zygote: proc died: pid=15150 uid=10092, status=9
01-23 17:29:11.751  3278  3420 I ActivityManager: ProcessObserver broadcast disabled
01-23 17:29:11.751  3278  3421 I libc    : kill: send 9 to pid -16055
01-23 17:29:11.751  3278  4257 E ProcessManager: error write exception log
01-23 17:29:11.752  3278  5547 I ActivityManager: note: ProcessRecord{9091cdd 15461:com.android.htmlviewer:remote/u0a92} died, saving the exit info
01-23 17:29:11.752  3278  3424 I ActivityManager: Update process exit info for com.android.htmlviewer(15461/u10092)
01-23 17:29:11.752  1841  1841 I vendor.qti.hardware.servicetrackeraidl-service: killProcess is called for pid : 15461
01-23 17:29:11.752  1819  1927 I ANDR-PWR-OPT: GAMEPOWEROPT: sendEvents() 231: Start hint for app com.android.htmlviewer:remote, hintID : 4243, hintID hex : 1093 value: 0
01-23 17:29:11.752  1819  1927 I ANDR-PWR-OPT: PowerAppClassifier: getAppType() 59: checking app [com.android.htmlviewer:remote] is type 0
01-23 17:29:11.752  1819  1927 I ANDR-PWR-OPT: GAMEPOWEROPT: isGame() 348: com.android.htmlviewer:remote is Game = 0
01-23 17:29:11.752 16390 16390 E kloadclassifier: Not starting debugger since process cannot load the jdwp agent.
01-23 17:29:11.753 26170 26196 D MyLog   : -->log(1): [Tid:3302] [KeepAliveManager] -->onProcessDied(), pid=15461, uid=10092
01-23 17:29:11.753  3278  4257 E ProcessManager: error write exception log
01-23 17:29:11.753  1841  1841 I vendor.qti.hardware.servicetrackeraidl-service: killProcess is called for pid : 16095
01-23 17:29:11.753  1841  1841 I vendor.qti.hardware.servicetrackeraidl-service: process with pid 16095 is client
01-23 17:29:11.753  1841  1841 I vendor.qti.hardware.servicetrackeraidl-service: size of service connections for service: com.xiaomi.mi_connect_service/com.xiaomi.continuity.networking.service.NetworkingServiceafter removal is 9
01-23 17:29:11.753  1841  1841 I vendor.qti.hardware.servicetrackeraidl-service: removing client with pid 16095process namecom.milink.service:provider
01-23 17:29:11.753  3278  6007 I ActivityManager: note: ProcessRecord{82b7bec 16095:com.milink.service:provider/u0a177} died, saving the exit info
01-23 17:29:11.753  1819  1927 I ANDR-PWR-OPT: GAMEPOWEROPT: sendEvents() 231: Start hint for app com.milink.service:provider, hintID : 4243, hintID hex : 1093 value: 0
01-23 17:29:11.754 26170 26196 D MyLog   : -->log(1): [Tid:3302] [KeepAliveManager] -->onProcessDied(), pid=16095, uid=10177
01-23 17:29:11.754  1819  1927 I ANDR-PWR-OPT: PowerAppClassifier: getAppType() 59: checking app [com.milink.service:provider] is type 0
01-23 17:29:11.754  1819  1927 I ANDR-PWR-OPT: GAMEPOWEROPT: isGame() 348: com.milink.service:provider is Game = 0
01-23 17:29:11.754  3278  3421 I libc    : debug pid reuse, real pid -16055
01-23 17:29:11.754  3278  3424 I ActivityManager: Update process exit info for com.milink.service(16095/u10177)
01-23 17:29:11.754  1869 21475 D NxpTml  : NFCC - Read successful.....
01-23 17:29:11.754  1869 21475 I NxpNciR : len =  13 > 6F360A190200BC02000000000C
01-23 17:29:11.754  1869 21475 D NxpTml  : NFCC - Posting read message.....
01-23 17:29:11.754  1869 21478 D NxpHal  : read successful status = 0x0
01-23 17:29:11.754  9893  9893 D HidDeviceService: handleMessage(): msg.what=8
01-23 17:29:11.754  9893  9893 D HidDeviceService: unregisterAppUid(): uid=10092
01-23 17:29:11.754  9893  9893 D HidDeviceService: unregisterAppUid(): caller UID doesn't match user UID
01-23 17:29:11.754 16390 16390 D nativeloader: Load libframework-connectivity-tiramisu-jni.so using APEX ns com_android_tethering for caller /apex/com.android.tethering/javalib/framework-connectivity-t.jar: ok
01-23 17:29:11.754  9171 22253 V libnfc_nci: GKI_getbuf 0xb400007828ec8840 44:49
01-23 17:29:11.755  9171 21473 V libnfc_nci: NFC received ntf gid:15
01-23 17:29:11.755  9171 21473 D libnfc_nci: nfaVSCNtfCallback: event = 0xB6
01-23 17:29:11.755  9171 14598 D ForegroundUtils: UID: 10092 deleted.
01-23 17:29:11.755  3278  4130 I MiuiNetworkPolicy: removeUidState uid = 10092
01-23 17:29:11.755  9171 21473 D libnfc_nci: nfaVSCNtfCallback: Exit
01-23 17:29:11.755  3278  3403 I DisplayDeviceRepository: Display device changed render timings: "内置屏幕", renderFrameRate=120.00001, presentationDeadlineNanos=11333333, appVsyncOffsetNanos=1000000, frameRateOverrides=[]
01-23 17:29:11.755  3278  4246 D ExternalInterface: setUidState, uid = 10092 allow = true
01-23 17:29:11.755  3278  4246 D MiSensorServiceImpl: PowerKeeperSensor resume iUid:10092 but app has not in Controlled
01-23 17:29:11.755  3278  3401 D WindowManager: DeferredDisplayUpdater: partially applying DisplayInfo(1440 x 3200) immediately
01-23 17:29:11.755  3278  3401 W DisplayContentStubImpl:  displayMetricsChanged=false physicalDisplayChanged=false displayId=0 newUniqueId=local:4630946338122044307 currentUnique=local:4630946338122044307
01-23 17:29:11.755  3278  3401 D DisplayContentStubImpl: Display{#0 state=ON size=1440x3200 ROTATION_0} isActivityEmbeddingSplitEnable false
01-23 17:29:11.755  3278  3278 D NetworkMetricsTracker: onDisplayChanged mIsScreenOn=true
01-23 17:29:11.755  3278  4147 D NetworkMetricsTracker: onUpdateDeviceState mIsScreenOn=true,mIsMobileDataOn=false,mIsCallStateIdle=true,mIsFeatureEnable=true,mIsStaticStatus=true,mIsCallStateLingering=false,mIsSelfStudyEnabled=false
01-23 17:29:11.755  3278  3401 D BarFollowAnimation: pairAppearanceRegionAndWin win=Window{63c0152 u0 Splash Screen com.soundtherapyapp} 8
01-23 17:29:11.756  3278  3401 D BarFollowAnimation: isAppTaskBarOnTop win:Window{7f85f52 u0 com.miui.home/com.miui.home.launcher.Launcher} (mCurrentTopTask:Task{54a7d4a #2599 type=standard A=10428:com.soundtherapyapp} : true); (mAssociatedTask:Task{54a7d4a #2599 type=standard A=10428:com.soundtherapyapp} : true); (mHomeTask:Task{68ecabd #1 type=home} : true); mReparentToOriginParent:false mLastAppBarVisible:true mLastHomeBarVisible:false
01-23 17:29:11.756  3278  3401 D MiuiRefreshRatePolicy: reset
01-23 17:29:11.756  3278  3379 I NetworkBoostStatusManager: onUidGone uid: 10092
01-23 17:29:11.756  3278  6352 I SLM-SRV-SLSAppLib: SLM_Ai_Mode EVENT_CHECK_GMAE_AI_MODE_STATUS
01-23 17:29:11.756  3278  6352 I SLM-SRV-SLSAppLib: SLM_Ai_Mode checkGameAiModeStatus mGameAiModeCloudControl:true mLinkTurboAiModeSwitch:false mGameAiModeInterfaceReady:true mGameStartBattle:false powerMgrGameUid:0
01-23 17:29:11.756  1869 21475 D NxpTml  : NFCC - Read requested.....
01-23 17:29:11.756  1869 21475 D NxpTml  : NFCC - Invoking Read.....
01-23 17:29:11.756  1828  4133 I SDM     : NotifyCWBStatus: Notify the client about buffer (0x30846d40) status 0 for display-0.
01-23 17:29:11.756  2033  2033 I BpBinder: onLastStrongRef automatically unlinking death recipients: 
01-23 17:29:11.756  3278  3404 D WindowManager: wms.Focus not requested for window=Window{7f85f52 u0 com.miui.home/com.miui.home.launcher.Launcher} because it has no surface or is not focusable.
01-23 17:29:11.756  2033  2033 D MI-SF   : isSupportLowBrightnessFpsSwitch current_setting_fps: 120
01-23 17:29:11.756  2033  2033 D MI-SF   : isTpIdleScene ,mAverageFrameRate is 0, 0 
01-23 17:29:11.756  2033  2033 D MI-SF   : modeGroup0 mIsSupportAutomodeForMaxFpsSetting is 0(0), getCurrentBrightness() = 632(388), mIsKeepAutoMode 0 isAutoModeAllowed() 1
01-23 17:29:11.756  2033  2033 D RefreshRateSelector: fixedMode_group: 0, isFindModeGroup 0
01-23 17:29:11.756  2033  2033 D RefreshRateSelector: find max refresh rate:120, mode Group:0
01-23 17:29:11.756  5321  5321 D DynamicIslandTopActivityController: fullscreen: com.soundtherapyapp
01-23 17:29:11.756  5321  5321 D DynamicIslandController: onTopActivityChanged: ComponentInfo{com.soundtherapyapp/com.soundtherapyapp.MainActivity}
01-23 17:29:11.756  5321  5321 D DynamicIslandWindowViewController: handleDynamicIsland: action_top_activity_changed
01-23 17:29:11.757  5321  5321 D DynamicIslandWindowViewController: onTopActivityChange: topActivity ComponentInfo{com.soundtherapyapp/com.soundtherapyapp.MainActivity}, inSmallWindow false, isSupportPip false, isFocus false fullScreenPkg com.soundtherapyapp
01-23 17:29:11.757  5321  5321 D DynamicIslandWindowViewController: openAppFromIsland: null, null, null false
01-23 17:29:11.757  5321  5321 D DynamicIslandSafeguardsController: cancelDelayEnterApp com.soundtherapyapp com.soundtherapyapp
01-23 17:29:11.757  5321  5321 D DynamicIslandSafeguardsController: cancelDelayEnterMiniWindow com.soundtherapyapp com.soundtherapyapp null
01-23 17:29:11.757  5321  5321 D DynamicIslandSafeguardsController: cancelDelayExitApp com.soundtherapyapp com.miui.home
01-23 17:29:11.757  5321  5321 D DynamicIslandSafeguardsController: cancelDelayExitMiniWindow com.soundtherapyapp null
01-23 17:29:11.757  5321  5321 D DynamicIslandWindowViewController: lastTopActivityIsSmallWindow false
01-23 17:29:11.757  5321  5321 D DynamicIslandSafeguardsController: delayExitApp com.soundtherapyapp
01-23 17:29:11.757  5321  5321 D DynamicIslandSafeguardsController: cancelDelayExitApp com.soundtherapyapp com.soundtherapyapp
01-23 17:29:11.757  1828  4133 I SDM     : SDMConcurrentWriteBack::ProcessCWBStatus: CWB queue is empty. Display: 0
01-23 17:29:11.757  3278  5547 I Perf[AppStartScene]: onSceneChangeNotify:Bundle[{applicationThread=android.os.BinderProxy@41e57ac, hostingRecordName={com.soundtherapyapp/com.soundtherapyapp.MainActivity}, hostingRecordType=next-top-activity, pid=14839, uid=10428, type=0, state=3, processName=com.soundtherapyapp, packageName=com.soundtherapyapp, applicationThreadExt=android.os.BinderProxy@aa9ec75}]
01-23 17:29:11.757  1963  4317 D AudioFlingerImpl: setGameParameters keyvalue: screen_state=on
01-23 17:29:11.757  1963  4317 D DeviceHalAidl: [default] setParameters: parameters: "screen_state=on"
01-23 17:29:11.757  3278  3421 I libprocessgroup: Removed cgroup /sys/fs/cgroup/apps/uid_10177/pid_16055
01-23 17:29:11.757  3278  3421 I ActivityManager: Got SIGCHLD from zygote: pid=16055, uid=10177, status=9
01-23 17:29:11.757  3278  3421 I libc    : kill: send 9 to pid -13701
01-23 17:29:11.757  3278  3421 I libc    : debug pid reuse, real pid -13701
01-23 17:29:11.757  3278  3421 I libc    : kill: send 9 to pid -13701
01-23 17:29:11.757  3278  3421 I libc    : debug pid reuse, real pid -13701
01-23 17:29:11.757  4686  4686 W Launcher: onDisplayChanged: newRotation=0, mCurrentRotation=0
01-23 17:29:11.757  4686  5504 W GestureStubView_Left: onDisplayChanged
01-23 17:29:11.757  3278  4147 D ConnectivityService: releasing NetworkRequest [ REQUEST id=15770, [ Capabilities: INTERNET&NOT_RESTRICTED&TRUSTED&NOT_VCN_MANAGED&NOT_BANDWIDTH_CONSTRAINED Uid: 10271 RequestorUid: 10271 RequestorPkg: com.miui.gallery UnderlyingNetworks: Null] ] (release request)
01-23 17:29:11.757  4686  5504 W GestureStubView_Left: adaptRotation   currentRotation=0   mRotation=0
01-23 17:29:11.757  4686  5504 W GestureStubView_Right: onDisplayChanged
01-23 17:29:11.757  4686  5504 W GestureStubView_Right: adaptRotation   currentRotation=0   mRotation=0
01-23 17:29:11.757  3278  4147 D ConnectivityServiceImpl: teardown wifi type 1 state: CONNECTED primary: true
01-23 17:29:11.757  3278  4147 D ConnectivityServiceImpl: nai type 1 state: CONNECTED primary: true
01-23 17:29:11.757  3278  4147 D ConnectivityServiceImpl: teardown wifi type 1 state: CONNECTED primary: true
01-23 17:29:11.757  3278  4147 D ConnectivityServiceImpl: nai type 1 state: CONNECTED primary: true
01-23 17:29:11.757  1828  2639 I SDM     : HWDeviceDRM::SetupConcurrentWriteback: Tear down the Concurrent Writeback topology
01-23 17:29:11.758  3278  3421 I libprocessgroup: Removed cgroup /sys/fs/cgroup/apps/uid_10271/pid_13701
01-23 17:29:11.758  1816 21305 D PAL: API: pal_set_param: 1497: Enter: param id 8 (PAL_PARAM_ID_SCREEN_STATE)
01-23 17:29:11.758  1816 21305 D PAL: ResourceManager: setParameter: 11845: Enter param id: 8 (PAL_PARAM_ID_SCREEN_STATE)
01-23 17:29:11.758  1816 21305 I PAL: ResourceManager: setParameter: 11872: Screen State:1
01-23 17:29:11.758  1816 21305 D PAL: ResourceManager: setParameter: 13545: Exit status: 0
01-23 17:29:11.758  1816 21305 D PAL: API: pal_set_param: 1514: Exit, status 0
01-23 17:29:11.758  1963  4317 D DeviceHalAidl: [usb] setParameters: parameters: "screen_state=on"
01-23 17:29:11.758  1816 21303 D AHAL_Module: updateScreenState: usb: 1
01-23 17:29:11.758  1963  4317 D DeviceHalAidl: [r_submix] setParameters: parameters: "screen_state=on"
01-23 17:29:11.758  1816 21303 D AHAL_Module: updateScreenState: r_submix: 1
01-23 17:29:11.758  1963  4317 D DeviceHalAidl: [bluetooth] setParameters: parameters: "screen_state=on"
01-23 17:29:11.758  1816 21303 D AHAL_Module: updateScreenState: bluetooth: 1
01-23 17:29:11.758  5321  5716 I Choreographer: first vsync insert message into MessageQueue Head
01-23 17:29:11.759  3278  5547 D CompatibilityInfo: mCompatibilityFlags - 0
01-23 17:29:11.759  3278  5547 D CompatibilityInfo: applicationDensity - 600
01-23 17:29:11.759  3278  3405 I MiuiWallpaperSurfaceAnimation: wallpaperOffsets:xOffset=0.0,yOffset=0.0
01-23 17:29:11.759  3278  3421 I ActivityManager: Got SIGCHLD from zygote: pid=16095, uid=10177, status=9
01-23 17:29:11.759  3278  5547 D CompatibilityInfo: applicationScale - 1.0
01-23 17:29:11.759  3278  3405 D MiuiWallpaperSurfaceAnimation: updateScaleIfNeeded mPivotX: 0.5, mPivotY: 0.5, x: 0.0, y: 0.0, zoom: 1.0013895
01-23 17:29:11.759  3278  3421 I libc    : kill: send 9 to pid -15150
01-23 17:29:11.759  3278  3421 I libc    : debug pid reuse, real pid -15150
01-23 17:29:11.759  3278  3421 I libprocessgroup: Removed cgroup /sys/fs/cgroup/apps/uid_10092/pid_15150
01-23 17:29:11.759  3278  3421 I ActivityManager: Got SIGCHLD from zygote: pid=15461, uid=10092, status=9
01-23 17:29:11.759  1963  4317 D AudioFlingerImpl: setGameParameters keyvalue: musicCanStopFlag=false
01-23 17:29:11.759  1963  4317 D DeviceHalAidl: [default] setParameters: parameters: "musicCanStopFlag=false"
01-23 17:29:11.759  3278  3421 I libc    : kill: send 9 to pid -16048
01-23 17:29:11.759  3278  3421 I libc    : debug pid reuse, real pid -16048
01-23 17:29:11.759  1816 21303 I AHAL_ModulePrimary_MI: setVendorParameters: parameter count 1, async: 0
01-23 17:29:11.759  1816 21303 D AHAL_ModulePrimary_MI: setVendorParameters parameters id = musicCanStopFlag val false
01-23 17:29:11.759  1816 21303 D AHAL_ModulePrimary_MI: setVendorParameters: enter miam_setParameters_v2 ret = -2
01-23 17:29:11.759  1816 21303 D AHAL_ModulePrimary_QTI: setVendorParameters: parameter count 1, async: 0
01-23 17:29:11.759  3278  3421 I libprocessgroup: Removed cgroup /sys/fs/cgroup/apps/uid_10131/pid_16048
01-23 17:29:11.759  1816 21303 D AHAL_HFP_QTI: hfp_set_parameters enter
01-23 17:29:11.759  1816 21303 D AHAL_HFP_QTI: hfp_set_parameters Exit
01-23 17:29:11.759  1963  4317 D DeviceHalAidl: [usb] setParameters: parameters: "musicCanStopFlag=false"
01-23 17:29:11.759  1963  4317 E ConversionHelperAidl: Function: parseAndSetVendorParameters Line: 94 Failed 
01-23 17:29:11.759  1963  4317 D DeviceHalAidl: [r_submix] setParameters: parameters: "musicCanStopFlag=false"
01-23 17:29:11.759  9372  9748 V OsAgent : broadcastSystemEvent - 7
01-23 17:29:11.759  1816 21303 D AHAL_ModuleRemoteSubmix: setVendorParameters: parameter count 1, async: 0
01-23 17:29:11.759  1816 21303 D AHAL_ModuleRemoteSubmix: setVendorParameters parameters id = musicCanStopFlag val false
01-23 17:29:11.759  1963  4317 E ConversionHelperAidl: Function: parseAndSetVendorParameters Line: 94 Failed 
01-23 17:29:11.759  1963  4317 D DeviceHalAidl: [bluetooth] setParameters: parameters: "musicCanStopFlag=false"
01-23 17:29:11.759  1963  4317 E ConversionHelperAidl: Function: parseAndSetVendorParameters Line: 94 Failed 
01-23 17:29:11.760  5321  5321 D ShadeDarkIconDispatcher: receiver delegate onDarkChanged
01-23 17:29:11.760  5321  6389 D MiuiGxzwAnimView: onDisplayChanged: oldState = 2, newState = 2
01-23 17:29:11.760  5321  5321 D DynamicIslandWindowViewController: handleDynamicIsland: action_update_light
01-23 17:29:11.760  5321  5321 D DynamicIslandWindowViewController: handleDynamicIsland: isLight true
01-23 17:29:11.760  5321  5321 D ShadeDarkIconDispatcher: receiver delegate onDarkChangedWithContrast
01-23 17:29:11.760  5321  5321 D ShadeDarkIconDispatcher: receiver delegate onLightDarkTintChanged
01-23 17:29:11.760  3278  3424 I ActivityManager: zygote: proc died: pid=16055 uid=10177, status=9
01-23 17:29:11.760  5321  5716 D VRI[Miui Bottom Caption of Task=1]: getMiuiFreeformStackInfo mTmpFrames.miuiFreeFormStackInfo: null
01-23 17:29:11.757  2033  2033 W binder:2033_3: type=1400 audit(0.0:4871530): avc:  denied  { search } for  name="mcd" dev="dm-56" ino=1126 scontext=u:r:surfaceflinger:s0 tcontext=u:object_r:mcd_data_file:s0 tclass=dir permissive=0
01-23 17:29:11.760  3278  3401 D Aurogon :  uid = 10428 switch to FG
01-23 17:29:11.757  2033  2033 W binder:2033_3: type=1400 audit(0.0:4871531): avc:  denied  { search } for  name="mcd" dev="dm-56" ino=1126 scontext=u:r:surfaceflinger:s0 tcontext=u:object_r:mcd_data_file:s0 tclass=dir permissive=0
01-23 17:29:11.762  3278  6008 D MiuiForceVkService: shouldUseVk, pkg=com.qualcomm.qti.workloadclassifier useVk 0
01-23 17:29:11.762  5321  5321 V AutoDensityController: on display changed 0 context dpi:586 origin dpi:600 target dpi:586
01-23 17:29:11.762  5321  5321 D ControlCenterWindowViewController: on display changed 0
01-23 17:29:11.762  5321  5321 V AODAutoDensityController: on display changed 0 context dpi:586 origin dpi:600 target dpi:586
01-23 17:29:11.762 16390 16390 I ActivityThread: Current dynamic renderEngine type=0
01-23 17:29:11.762  3278  4130 I MiuiNetworkPolicy: updateUidState uid = 10428, uidState = 2
01-23 17:29:11.762  3278  4130 I MiuiNetworkPolicy: updateWmmForUidState uid: 10428 state: 2 wmm: 1
01-23 17:29:11.763  3278  4257 E ProcessManager: error write exception log
01-23 17:29:11.763  9893  9893 D HidDeviceService: handleMessage(): msg.what=8
01-23 17:29:11.763  9171 22253 D ForegroundUtils: Foreground UID status:
01-23 17:29:11.763  9171 22253 D ForegroundUtils: UID: 1002 is in foreground: true
01-23 17:29:11.763  9171 22253 D ForegroundUtils: UID: 6102 is in foreground: false
01-23 17:29:11.763  9171 22253 D ForegroundUtils: UID: 10128 is in foreground: false
01-23 17:29:11.763  9171 22253 D ForegroundUtils: UID: 10135 is in foreground: true
01-23 17:29:11.763  9171 22253 D ForegroundUtils: UID: 10136 is in foreground: true
01-23 17:29:11.763  9171 22253 D ForegroundUtils: UID: 10140 is in foreground: false
01-23 17:29:11.763  9171 22253 D ForegroundUtils: UID: 10142 is in foreground: true
01-23 17:29:11.763  9171 22253 D ForegroundUtils: UID: 10145 is in foreground: false
01-23 17:29:11.763  9171 22253 D ForegroundUtils: UID: 10193 is in foreground: false
01-23 17:29:11.763  9171 22253 D ForegroundUtils: UID: 10224 is in foreground: true
01-23 17:29:11.763  9171 22253 D ForegroundUtils: UID: 10242 is in foreground: false
01-23 17:29:11.763  9171 22253 D ForegroundUtils: UID: 10428 is in foreground: true
01-23 17:29:11.763  1841  1841 I vendor.qti.hardware.servicetrackeraidl-service: killProcess is called for pid : 13701
01-23 17:29:11.763  1841  1841 I vendor.qti.hardware.servicetrackeraidl-service: process with pid 13701 is client
01-23 17:29:11.763  1841  1841 I vendor.qti.hardware.servicetrackeraidl-service: size of service connections for service: com.miui.analytics/.onetrack.OneTrackServiceafter removal is 15
01-23 17:29:11.763  1841  1841 I vendor.qti.hardware.servicetrackeraidl-service: removing client with pid 13701process namecom.miui.gallery
01-23 17:29:11.763  9372  9748 V OsAgent : broadcastSystemEvent - 7
01-23 17:29:11.763 26170 26196 D MyLog   : -->log(1): [Tid:3302] [KeepAliveManager] -->onProcessDied(), pid=13701, uid=10271
01-23 17:29:11.763 15586 15651 D VA_ActivityUtils: getTopActivity packageName:ComponentInfo{com.soundtherapyapp/com.soundtherapyapp.MainActivity}
