01-13 14:52:38.623  1963  4322 E ConversionHelperAidl: Function: parseAndSetVendorParameters Line: 94 Failed 
01-13 14:52:38.623  1963  4322 D DeviceHalAidl: [r_submix] setParameters: parameters: "bluetoothlowlatencystatus=false;foregroundUid=10405"
01-13 14:52:38.623  1816  1832 D AHAL_ModuleRemoteSubmix: setVendorParameters: parameter count 2, async: 0
01-13 14:52:38.623  1816  1832 D AHAL_ModuleRemoteSubmix: setVendorParameters parameters id = bluetoothlowlatencystatus val false
01-13 14:52:38.623  1816  1832 D AHAL_ModuleRemoteSubmix: setVendorParameters parameters id = foregroundUid val 10405
01-13 14:52:38.623  1963  4322 E ConversionHelperAidl: Function: parseAndSetVendorParameters Line: 94 Failed 
01-13 14:52:38.623  1963  4322 D DeviceHalAidl: [bluetooth] setParameters: parameters: "bluetoothlowlatencystatus=false;foregroundUid=10405"
01-13 14:52:38.623  1963  4322 E ConversionHelperAidl: Function: parseAndSetVendorParameters Line: 94 Failed 
01-13 14:52:38.623  3278  4257 I AudioGameEffect: foreground change to com.soundtherapyapp, last foreground is com.xiaomi.bluetooth
01-13 14:52:38.623  3278  4257 I AudioGameEffect: get enable packages from setting: null
01-13 14:52:38.623  3278  4257 I AudioGameEffect: get enable packages from setting: null
01-13 14:52:38.623  3278  4257 D MiuiIntegratedMemorySwap: uid:10405, packageName: com.soundtherapyapp
01-13 14:52:38.624  9171 11547 D ForegroundUtils: Foreground UID status:
01-13 14:52:38.624  9171 11547 D ForegroundUtils: UID: 1002 is in foreground: true
01-13 14:52:38.624  9171 11547 D ForegroundUtils: UID: 6102 is in foreground: false
01-13 14:52:38.624  9171 11547 D ForegroundUtils: UID: 10128 is in foreground: false
01-13 14:52:38.624  9171 11547 D ForegroundUtils: UID: 10135 is in foreground: false
01-13 14:52:38.624  9171 11547 D ForegroundUtils: UID: 10136 is in foreground: true
01-13 14:52:38.624  9171 11547 D ForegroundUtils: UID: 10140 is in foreground: false
01-13 14:52:38.624  9171 11547 D ForegroundUtils: UID: 10142 is in foreground: false
01-13 14:52:38.624  9171 11547 D ForegroundUtils: UID: 10145 is in foreground: false
01-13 14:52:38.624  9171 11547 D ForegroundUtils: UID: 10193 is in foreground: false
01-13 14:52:38.624  9171 11547 D ForegroundUtils: UID: 10224 is in foreground: true
01-13 14:52:38.624  9171 11547 D ForegroundUtils: UID: 10405 is in foreground: true
01-13 14:52:38.624  3278  4257 I NetworkBoostStatusManager: onForegroundInfoChanged uid:10405, onLastForegroundInfoChanged uid:1002, isColdStart:true, mIgnoreUid:-1
01-13 14:52:38.624  3278  4257 I SLM-SRV-SLAToast: foreground uid:10405, isColdStart:true, isLinkTurboEnable:false
01-13 14:52:38.624  3278  4257 D NetworkSDKService: handleMultiAppsDualWifi isSet = false isEverOpened = false
01-13 14:52:38.624  3278  4130 I MiuiNetworkPolicy: updateUidState uid = 10405, uidState = 2
01-13 14:52:38.624  3278  4248 D ActionExecute: delayFreeze true reason= tobg uid=1002
01-13 14:52:38.624 12372  4091 I GID     : PKG: com.soundtherapyapp IG ? false
01-13 14:52:38.624 12372  4091 I GST     : forePkg: com.soundtherapyapp, preForePkg: com.xiaomi.bluetooth
01-13 14:52:38.624 10301 20440 I ProcessMonitor: onForegroundInfoChanged: ForegroundInfo{mForegroundPackageName='com.soundtherapyapp', mForegroundUid=10405, mForegroundPid=11439, mForegroundDisplayId=0, mLastForegroundPackageName='com.xiaomi.bluetooth', mLastForegroundUid=1002, mLastForegroundPid=3999, mLastForegroundDisplayId=0, mMultiWindowForegroundPackageName='com.soundtherapyapp', mMultiWindowForegroundUid=10405, mFlags=1}
01-13 14:52:38.624 12372  4091 D VENUS_GAMEAI_START_GameAiStartManager: venusGameAiSupportApps is not monitor packageName=com.soundtherapyapp
01-13 14:52:38.625 16169 16339 D BluetoothLatencyMode: ForegroundInfo{mForegroundPackageName='com.soundtherapyapp', mForegroundUid=10405, mForegroundPid=11439, mForegroundDisplayId=0, mLastForegroundPackageName='com.xiaomi.bluetooth', mLastForegroundUid=1002, mLastForegroundPid=3999, mLastForegroundDisplayId=0, mMultiWindowForegroundPackageName='com.soundtherapyapp', mMultiWindowForegroundUid=10405, mFlags=1}
01-13 14:52:38.625  3278 11072 D AS.AudioService: mSupportFakeHfpApp{com.ss.android.ugc.aweme=0, com.microsoft.teams=0, com.baidu.BaiduMap=0, com.systec.umeeting=0, com.cisco.webex.meetings=0, com.tencent.mobileqq=0, com.skype.raider=0, com.instagram.android=0, com.ss.android.lark.kami=0, com.zhiliaoapp.musically=0, com.skype.rover=0, com.smile.gifmaker=0, com.ss.android.lark.saxmsa667=0, com.tencent.wemeet.app=0, com.mediatek.engineermode=0, com.ss.android.ugc.aweme.lite=0, com.alibaba.android.rimet=0, com.autonavi.minimap=0, com.whatsapp=0, com.immomo.momo=0, com.facebook.katana=0, com.taobao.idlefish=0, com.tencent.lolm=0, com.tencent.mf.uam=0, com.xingin.xhs=0, com.cisco.wx2.android=0, com.tencent.tmgp.sgame=0, com.tencent.tmgp.pubgmhd=0, com.ss.android.lark=0, im.yixin=0} packageName com.android.bluetooth appVersion 36 mSupportFakeHfpApp.get(packageName) null
01-13 14:52:38.625 16169 16339 D BluetoothLatencyMode: isWiredAudioHeadset.type: 1
01-13 14:52:38.625 16169 16339 D BluetoothLatencyMode: isWiredAudioHeadset.type: 2
01-13 14:52:38.625 16169 16339 D BluetoothLatencyMode: isWiredAudioHeadset.type: 18
01-13 14:52:38.625 16169 16339 D BluetoothLatencyMode: isWiredAudioHeadset.type: 14
01-13 14:52:38.625  3278  4130 I MiuiNetworkPolicyTrafficLimit: updateWhiteListUidForMobileTraffic uid=10405,add=true
01-13 14:52:38.625  4686  4728 D RecentsImpl: onForegroundChanged, foregroundPackageName=com.soundtherapyapp
01-13 14:52:38.625 12372  4091 I GID     : PKG: com.xiaomi.bluetooth IG ? false
01-13 14:52:38.625  3278  4130 D MiuiNetworkPolicyTrafficLimit: updateWhiteListUidForMobileTraffic rst=true
01-13 14:52:38.626 10301 20440 I GameBoosterService: screen locked!
01-13 14:52:38.626 10301 20440 I VideoBoxUtils: isSupportVideoBox: true
01-13 14:52:38.626 10301 20440 I VideoToolBoxService: vtb is closed!!!
01-13 14:52:38.626 10301 20440 I AppPredictPrivacyLaunchManager: getLauncherHomeAppList size: 47
01-13 14:52:38.626 10301 12168 E SuggestManager: openApp name = com.soundtherapyapp
01-13 14:52:38.626 10301 12168 I NewAutoTaskManager: app use - delay = 9223372036854775807, doRemove = false, doPost = false
01-13 14:52:38.626 10301 23176 D L0      : myUserId = 0	currentUserId0
01-13 14:52:38.626 29090  5248 D RelayAppLocalHelper: onForegroundInfoChanged: ForegroundInfo{mForegroundPackageName='com.soundtherapyapp', mForegroundUid=10405, mForegroundPid=11439, mForegroundDisplayId=0, mLastForegroundPackageName='com.xiaomi.bluetooth', mLastForegroundUid=1002, mLastForegroundPid=3999, mLastForegroundDisplayId=0, mMultiWindowForegroundPackageName='com.soundtherapyapp', mMultiWindowForegroundUid=10405, mFlags=1}
01-13 14:52:38.626 10301 20440 I AppPredictService: difTIme = 8109
01-13 14:52:38.627 12372  4091 I GID     : PKG: com.xiaomi.bluetooth IG ? false
01-13 14:52:38.627  5271  6063 E CountableHandler: Pending message count is over 200, drop message.msg.what = 10007 handler = Handler (com.android.phone.statistics.utils.ModemHydraStat$ModemHydraHandler) {eb04c79}
01-13 14:52:38.627 29090  5248 E RecentAppsManager: com.soundtherapyapp can't be added to recent list!!
01-13 14:52:38.627 11439 11969 W libc    : Access denied finding property "vendor.mivk.log.debug"
01-13 14:52:38.627 29090  5248 D RelayAppLocalHelper: notifyTaskStackChanged:
01-13 14:52:38.627 11439 11969 D vulkan  : searching for layers in '/data/app/~~2E-Rp-t4hG9zo67q53--4A==/com.soundtherapyapp-NYEYUDYmwOcc2wfO1vPU2g==/lib/arm64'
01-13 14:52:38.627 12372  4091 I GID     : PKG: com.soundtherapyapp IG ? false
01-13 14:52:38.627 11439 11969 D vulkan  : searching for layers in '/data/app/~~2E-Rp-t4hG9zo67q53--4A==/com.soundtherapyapp-NYEYUDYmwOcc2wfO1vPU2g==/base.apk!/lib/arm64-v8a'
01-13 14:52:38.627 10211 19863 D DFS-AppUsageTracker: Fg changed, new=com.soundtherapyapp, but charging.
01-13 14:52:38.628 12372  4091 I GID     : PKG: com.soundtherapyapp IG ? false
01-13 14:52:38.628 11439 11439 D AppCompatDelegate: Checking for metadata for AppLocalesMetadataHolderService : Service not found
01-13 14:52:38.628 11439 11439 I soundtherapyapp: AssetManager2(0xb400007828eca798) locale list changing from [] to [zh-CN]
01-13 14:52:38.628  9372  9748 V OsAgent : broadcastSystemEvent - 7
01-13 14:52:38.628  3278  3416 I QuickScannerController: onForegroundInfoChanged. packageName:com.soundtherapyapp
01-13 14:52:38.628  5271  6055 D NetworkMetricsController: processUidChangeEvent :activity is:ComponentInfo{com.soundtherapyapp/com.soundtherapyapp.MainActivity}
01-13 14:52:38.629  5271  6055 D NetworkMetricsController: processUidChangeEvent :mCurApptype is NONE tempAppType is NONE
01-13 14:52:38.629 10301 20440 W ContextImpl: Calling a method in the system process without a qualified user: android.app.ContextImpl.startService:2013 android.content.ContextWrapper.startService:871 C1.b.f:40 C1.b$c.onForegroundInfoChanged:22 com.miui.gamebooster.mutiwindow.b$a.onForegroundInfoChanged:174 
01-13 14:52:38.629 30162   837 I Browser : -------=-=-===onForegroundInfoChanged from com.xiaomi.bluetooth to com.soundtherapyapp
01-13 14:52:38.629 10301 12313 E b       : insert result = 69896
01-13 14:52:38.629 30162   837 D FloatingDialogManager: onForegroundInfoChanged:  foregroundPackageName:com.soundtherapyapp mLastForegroundPackageName:com.xiaomi.bluetooth
01-13 14:52:38.629  3278  5562 D ActivityManager: Logging startService for com.miui.securitycenter, stopped=false, firstLaunch=false, intent=Intent { act=action_anti_fraud_auto_scan_single_app xflg=0x4 cmp=com.miui.securitycenter/com.miui.antivirus.service.GuardService (has extras) }, r.app=ProcessRecord{69c24c9 10301:com.miui.securitycenter.remote/1000}
01-13 14:52:38.629  3278  6367 D BarFollowAnimation: onTaskInfoChanedForCaptionBar Task{4b466b2 #798 type=standard A=10405:com.soundtherapyapp} shouldbeVisible:true isVisible:false isOnTop:true windowMode:1 preDisplayId:-1 displayId:0 mCaptionAssociatedTask:null mIsTouchedInCaption:false
01-13 14:52:38.630  4686  4686 D RecentsModel: onTaskDescriptionChanged =  taskId = 798
01-13 14:52:38.631 29090  5248 E SystemUtils: appIsTopAndXSpace: package com.soundtherapyapp, result false
01-13 14:52:38.632  1847  1847 I qspmHal : enter getGpuProf at: -1239367320
01-13 14:52:38.632  1847  1847 I qspmHal : PID 11439 from GFX matched.
01-13 14:52:38.632  1847  1847 I qspmHal : gpuProfName:com.soundtherapyapp-gpu - gpu prof_info.path:/data/vendor/gaming/com.soundtherapyapp-gpu
01-13 14:52:38.632  1847  1847 E qspmHal : GPU profile file NOT found !!
01-13 14:52:38.633 11439 11969 I AdrenoVK-0: ===== BEGIN DUMP OF OVERRIDDEN SETTINGS =====
01-13 14:52:38.633 11439 11969 I AdrenoVK-0: ===== END DUMP OF OVERRIDDEN SETTINGS =====
01-13 14:52:38.633 11439 11989 I soundtherapyapp: AssetManager2(0xb400007828ec5338) locale list changing from [] to [zh-CN]
01-13 14:52:38.634 11439 11969 D qdgralloc: Fetching IMapper5 from QtiMapper5
01-13 14:52:38.635 11439 11989 D nativeloader: Configuring clns-11 for other apk /system_ext/app/miuisystem/miuisystem.apk. target_sdk_version=35, uses_libraries=ALL, library_path=/product/app/ContentCatcherOS3/lib/arm64:/product/app/ContentCatcherOS3/ContentCatcherOS3.apk!/lib/arm64-v8a:/system_ext/priv-app/RtMiCloudSDK/RtMiCloudSDK.apk!/lib/arm64-v8a:/system_ext/app/miuisystem/miuisystem.apk!/lib/arm64-v8a, permitted_path=/data:/mnt/expand
01-13 14:52:38.635 11439 11989 D nativeloader: Extending system_exposed_libraries: libbinauralrenderer_wrapper.qti.so:libhoaeffects.qti.so:libmisys_jni.xiaomi.so:libpag.hyperos.so:libffavc.hyperos.so:libxiaomi_modemdumpsdx55_jni.modem.so:libxiaomi_modemdump_jni.modem.so:libmodemsmartengine_jni.modem.so:libupdateprof.qti.so:libthermalclient.qti.so:libdiag_system.qti.so:libqape.qti.so:libqesdk_ndk_platform.qti.so:liblistenjni.qti.so
01-13 14:52:38.636 11439 11989 D nativeloader: Configuring clns-12 for other apk /system_ext/priv-app/RtMiCloudSDK/RtMiCloudSDK.apk. target_sdk_version=35, uses_libraries=ALL, library_path=/product/app/ContentCatcherOS3/lib/arm64:/product/app/ContentCatcherOS3/ContentCatcherOS3.apk!/lib/arm64-v8a:/system_ext/priv-app/RtMiCloudSDK/RtMiCloudSDK.apk!/lib/arm64-v8a:/system_ext/app/miuisystem/miuisystem.apk!/lib/arm64-v8a, permitted_path=/data:/mnt/expand
01-13 14:52:38.636 11439 11989 D nativeloader: Extending system_exposed_libraries: libbinauralrenderer_wrapper.qti.so:libhoaeffects.qti.so:libmisys_jni.xiaomi.so:libpag.hyperos.so:libffavc.hyperos.so:libxiaomi_modemdumpsdx55_jni.modem.so:libxiaomi_modemdump_jni.modem.so:libmodemsmartengine_jni.modem.so:libupdateprof.qti.so:libthermalclient.qti.so:libdiag_system.qti.so:libqape.qti.so:libqesdk_ndk_platform.qti.so:liblistenjni.qti.so
01-13 14:52:38.636 11439 11989 D ApplicationLoaders: Returning zygote-cached class loader: /system/framework/org.apache.http.legacy.jar
01-13 14:52:38.636 11439 11989 D ApplicationLoaders: Returning zygote-cached class loader: /system_ext/framework/androidx.window.extensions.jar
01-13 14:52:38.636 11439 11989 D ApplicationLoaders: Returning zygote-cached class loader: /system_ext/framework/androidx.window.sidecar.jar
01-13 14:52:38.637 11439 11989 D nativeloader: InitLlndkLibrariesProduct: libEGL.so:libGLESv1_CM.so:libGLESv2.so:libGLESv3.so:libRS.so:libandroid_net.so:libapexsupport.so:libavf.so:libbinder_ndk.so:libc.so:libcgrouprc.so:libclang_rt.asan-aarch64-android.so:libclang_rt.asan-arm-android.so:libclang_rt.hwasan-aarch64-android.so:libcom.android.tethering.connectivity_native.so:libdl.so:libft2.so:liblog.so:libm.so:libmediandk.so:libnativewindow.so:libneuralnetworks.so:libselinux.so:libsync.so:libvendorsupport.so:libvndksupport.so:libvulkan.so
01-13 14:52:38.637 11439 11989 D nativeloader: Configuring product-clns-13 for unbundled product apk /product/app/ContentCatcherOS3/ContentCatcherOS3.apk. target_sdk_version=35, uses_libraries=, library_path=/product/app/ContentCatcherOS3/lib/arm64:/product/app/ContentCatcherOS3/ContentCatcherOS3.apk!/lib/arm64-v8a:/system_ext/priv-app/RtMiCloudSDK/RtMiCloudSDK.apk!/lib/arm64-v8a:/system_ext/app/miuisystem/miuisystem.apk!/lib/arm64-v8a:/product/lib64:/system/product/lib64, permitted_path=/data:/mnt/expand:/product/lib64:/system/product/lib64
01-13 14:52:38.637 11439 11989 D nativeloader: InitVndkspLibrariesProduct: VNDK is deprecated with product
01-13 14:52:38.638 11439 11439 D nativeloader: Load /data/app/~~2E-Rp-t4hG9zo67q53--4A==/com.soundtherapyapp-NYEYUDYmwOcc2wfO1vPU2g==/base.apk!/lib/arm64-v8a/libhermesvm.so using class loader ns clns-10 (caller=/data/app/~~2E-Rp-t4hG9zo67q53--4A==/com.soundtherapyapp-NYEYUDYmwOcc2wfO1vPU2g==/base.apk): ok
01-13 14:52:38.638 11439 11439 D nativeloader: Load /data/app/~~2E-Rp-t4hG9zo67q53--4A==/com.soundtherapyapp-NYEYUDYmwOcc2wfO1vPU2g==/base.apk!/lib/arm64-v8a/libhermestooling.so using class loader ns clns-10 (caller=/data/app/~~2E-Rp-t4hG9zo67q53--4A==/com.soundtherapyapp-NYEYUDYmwOcc2wfO1vPU2g==/base.apk): ok
01-13 14:52:38.638 11439 11439 D jni_lib_merge: Entering merged library JNI_OnLoad.
01-13 14:52:38.638 11439 11439 D jni_lib_merge: Preparing 4 pre-merged libs (including stub)
01-13 14:52:38.638 11439 11439 D jni_lib_merge: Preparing to register libhermes_executor_so.  onload_func: 0x76d93adfa4
01-13 14:52:38.638 11439 11439 D jni_lib_merge: Preparing to register libhermesinstancejni_so.  onload_func: 0x76d93e78b4
01-13 14:52:38.638 11439 11439 D jni_lib_merge: Preparing to register libjsijniprofiler_so.  onload_func: 0x76d93e98f8
01-13 14:52:38.638 11439 11439 D jni_lib_merge: About to register 3 actual methods.
01-13 14:52:38.638 11439 11989 D ViewContentFactory: initViewContentFetcherClass
01-13 14:52:38.638 11439 11989 D ViewContentFactory: getInterceptorPackageInfo
01-13 14:52:38.638 11439 11989 D ViewContentFactory: getInitialApplication took 0ms
01-13 14:52:38.638 11439 11989 D ViewContentFactory: packageInfo.packageName: com.miui.contentcatcher
01-13 14:52:38.639 11439 11989 D ViewContentFactory: initViewContentFetcherClass took 0ms
01-13 14:52:38.639 11439 11989 I ContentCatcher: ViewContentFetcher : ViewContentFetcher
01-13 14:52:38.639 11439 11989 D ViewContentFactory: createInterceptor took 0ms
01-13 14:52:38.639 11439 11969 I SnapAlloc: Graphics lib is available
01-13 14:52:38.642 11439 11969 I Adreno-UNKNOWN: Using previously loaded IMapper library.
01-13 14:52:38.642 11439 11439 D nativeloader: Load /data/app/~~2E-Rp-t4hG9zo67q53--4A==/com.soundtherapyapp-NYEYUDYmwOcc2wfO1vPU2g==/base.apk!/lib/arm64-v8a/libreact_codegen_safeareacontext.so using class loader ns clns-10 (caller=/data/app/~~2E-Rp-t4hG9zo67q53--4A==/com.soundtherapyapp-NYEYUDYmwOcc2wfO1vPU2g==/base.apk): ok
01-13 14:52:38.644 11439 11969 I AdrenoVK-0: QUALCOMM build          : 6cec7db601, Ie2229927e4
01-13 14:52:38.644 11439 11969 I AdrenoVK-0: Build Date              : 09/10/25
01-13 14:52:38.644 11439 11969 I AdrenoVK-0: Shader Compiler Version : E031.47.18.42
01-13 14:52:38.644 11439 11969 I AdrenoVK-0: Local Branch            : 
01-13 14:52:38.644 11439 11969 I AdrenoVK-0: Remote Branch           : refs/tags/AU_LINUX_ANDROID_LA.VENDOR.15.4.0.11.00.00.1088.743
01-13 14:52:38.644 11439 11969 I AdrenoVK-0: Remote Branch           : NONE
01-13 14:52:38.644 11439 11969 I AdrenoVK-0: Reconstruct Branch      : NOTHING
01-13 14:52:38.644 11439 11969 I AdrenoVK-0: Build Config            : S P 18.0.0 AArch64
01-13 14:52:38.644 11439 11439 D nativeloader: Load /data/app/~~2E-Rp-t4hG9zo67q53--4A==/com.soundtherapyapp-NYEYUDYmwOcc2wfO1vPU2g==/base.apk!/lib/arm64-v8a/libappmodules.so using class loader ns clns-10 (caller=/data/app/~~2E-Rp-t4hG9zo67q53--4A==/com.soundtherapyapp-NYEYUDYmwOcc2wfO1vPU2g==/base.apk): ok
01-13 14:52:38.644 11439 11969 I AdrenoVK-0: Driver Path             : /vendor/lib64/hw/vulkan.adreno.so
01-13 14:52:38.644 11439 11969 I AdrenoVK-0: Driver Version          : 0800.56.1
01-13 14:52:38.644 11439 11969 I AdrenoVK-0: PFP                     : 0x01500077
01-13 14:52:38.644 11439 11969 I AdrenoVK-0: ME                      : 0x01500014
01-13 14:52:38.644 11439 11969 I AdrenoVK-0: Application Name    : android framework
01-13 14:52:38.644 11439 11969 I AdrenoVK-0: Process Name        : com.soundtherapyapp
01-13 14:52:38.644 11439 11969 I AdrenoVK-0: Application Version : 0x00000000
01-13 14:52:38.644 11439 11969 I AdrenoVK-0: Engine Name         : android framework
01-13 14:52:38.644 11439 11969 I AdrenoVK-0: Engine Version      : 0x00000000
01-13 14:52:38.644 11439 11969 I AdrenoVK-0: Api Version         : 0x00401000
01-13 14:52:38.650 11439 11969 I libEGL  : shader cache num entries: 3
01-13 14:52:38.650 11439 11969 D HWUI    : [HWUI] Flag vulkan_enhance_pipeline_cache enabled
01-13 14:52:38.650 11439 11969 D HWUI    : [HWUI] EnhanceVkPipelineCache is enabled
01-13 14:52:38.650 11439 11969 D SKIA    : [Skia] Flag vulkan_enhance_pipeline_cache enabled
01-13 14:52:38.650 11439 11969 D SKIA    : [Skia] EnhanceVkPipelineCache is true
01-13 14:52:38.659  3278  3431 D SsruManagerImpl: MiSsru Sensor not init!!!!
01-13 14:52:38.659  1811  1811 I sensors-hal: batch:141, android.sensor.accelerometer/11, period=66667000, max_latency=0
01-13 14:52:38.659  1811  1811 I sensors-hal: set_config:56, sample_period_ns is adjusted to 66667000 based on min/max delay_ns
01-13 14:52:38.659  1811  1811 I sensors-hal: batch:150, android.sensor.accelerometer/11, period=66667000, max_latency=0 request completed
01-13 14:52:38.659  3278 11072 I SensorService: 	>>> actuating h/w activate handle=0xb enabled=1
01-13 14:52:38.659  1811  1811 I sensors-hal: activate:108, android.sensor.accelerometer/11 en=1
01-13 14:52:38.659  1811  1811 I sensors-hal: acquire_qsh_interface:123, acquire_qsh_interface with sensor_id 90 , conn_type 2 
01-13 14:52:38.660  1811  1811 I sensors-hal: qsh_qmi:41, qsh_qmi
01-13 14:52:38.660  1811  1811 I sensors-hal: send_sensor_config_request:566, resampler is used, set resampler config
01-13 14:52:38.660  1811  1811 I sensors-hal: send_sync_sensor_request:471, send sync request
01-13 14:52:38.660  1811  1811 I sensors-hal: send_sync_sensor_request:500, wait for notification of response
01-13 14:52:38.661  1811 11998 I sensors-hal: qsh_conn_resp_cb:825, resp_value = 0 for accel 
01-13 14:52:38.661  1811  1811 I sensors-hal: send_sync_sensor_request:506, takes 1 ms to receive the response with 0
01-13 14:52:38.661  1811  1811 I sensors-hal: activate:119, android.sensor.accelerometer/11 en=1 completed
01-13 14:52:38.663 11439 11439 I NativeTurboSchedManager: Load libmiui_runtime
01-13 14:52:38.663 11439 11439 E TurboSchedMonitor: failed to find setSchedAffinity method com.soundtherapyapp
01-13 14:52:38.663 11439 11439 E TurboSchedMonitor: failed to find setSchedAffinity method com.soundtherapyapp
01-13 14:52:38.670 11439 11439 W unknown:BridgelessReact: ReactHost{0}.startSurface(surfaceId = 0): Schedule
01-13 14:52:38.670 11439 11439 W unknown:BridgelessReact: ReactHost{0}.attachSurface(surfaceId = 0)
01-13 14:52:38.670 11439 12014 W unknown:BridgelessReact: ReactHost{0}.getOrCreateReactInstanceTask()
01-13 14:52:38.671 11439 11439 D CompatChangeReporter: Compat change id reported: 377864165; UID 10405; state: ENABLED
01-13 14:52:38.671 11439 12014 W unknown:BridgelessReact: ReactHost{0}.getOrCreateReactInstanceTask(): Start
01-13 14:52:38.671 11439 11439 D DesktopModeFlags: Toggle override initialized to: OVERRIDE_UNSET
01-13 14:52:38.671 11439 12014 W unknown:BridgelessReact: ReactHost{0}.getJSBundleLoader()
01-13 14:52:38.671 11439 12014 W unknown:BridgelessReact: ReactHost{0}.isMetroRunning()
01-13 14:52:38.673 11439 11439 D DecorView: updateFreeformOutlineFromActivity, inFreeform=false,inFreeformWindowMode=false
01-13 14:52:38.674 11439 11439 I soundtherapyapp: hiddenapi: Accessing hidden method Landroid/view/ViewGroup;->makeOptionalFitsSystemWindows()V (runtime_flags=0, domain=platform, api=unsupported) from Landroidx/appcompat/widget/ViewUtils; (domain=app) using reflection: allowed
01-13 14:52:38.676 11439 12002 I libc    : kill: send 15 to pid 12003
01-13 14:52:38.676 11439 12002 W libc    : Access denied finding property "ro.debuggable"
01-13 14:52:38.676 11439 12002 I libc    : debug pid reuse, real pid 12003
01-13 14:52:38.671 11439 11439 W com.soundtherapyapp: type=1400 audit(0.0:799982): avc:  denied  { read } for  comm=4173796E635461736B202331 name="u:object_r:userdebug_or_eng_prop:s0" dev="tmpfs" ino=446 scontext=u:r:untrusted_app:s0:c149,c257,c512,c768 tcontext=u:object_r:userdebug_or_eng_prop:s0 tclass=file permissive=0 app=com.soundtherapyapp
01-13 14:52:38.676 11439 11439 D Activity: Activity = ActivityInfo{7f4270a com.soundtherapyapp.MainActivity}, Resume onConfigurationChanged = {1.0 460mcc11mnc [zh_CN] ldltr sw384dp w384dp h853dp 600dpi nrml long hdr widecg port finger -keyb/v/h -nav/h winConfig={ mBounds=Rect(0, 0 - 1440, 3200) mAppBounds=Rect(0, 0 - 1440, 3200) mMaxBounds=Rect(0, 0 - 1440, 3200) mDisplayRotation=ROTATION_0 mWindowingMode=fullscreen mActivityType=standard mAlwaysOnTop=undefined mRotation=ROTATION_0 mInSplitScreen=false letterBoxed=false foScaled=false isSpecificEmbedded=false embeddingScale=1.0} s.2 fontWeightAdjustment=0/d/o themeChanged=0 themeChangedFlags=0 display=0 extraData = Bundle[{}] screenType=0/o}
01-13 14:52:38.677  3278  3379 D GnssSsruImpl: onLocationPermissionsChanged provider:network packageName:com.miui.hybrid
01-13 14:52:38.677  3278  3379 D GnssSsruImpl: onLocationPermissionsChanged provider:passive packageName:com.miui.hybrid
01-13 14:52:38.678  3278 11072 D AppLock_AccessControlImpl: activityResume packageName: com.soundtherapyapp userId: 0 enabled: true
01-13 14:52:38.678  3278 11072 D AppLock_AccessControlImpl: activityResume lockMode: 1
01-13 14:52:38.678 11439 11439 D SecurityManager: checkAccessControl flag1
01-13 14:52:38.679 11439 11439 W unknown:BridgelessReact: ReactHost{0}.onHostResume(activity)
01-13 14:52:38.679 11439 11989 I ContentCatcher: SettingTrigger : register screen QA status observer com.soundtherapyapp.MainActivity
01-13 14:52:38.680 11439 11989 I ContentCatcher: SettingTrigger : register global collect status observer com.soundtherapyapp.MainActivity
01-13 14:52:38.681 11439 11439 D RenderLite: trim renderNode enable: false
01-13 14:52:38.681 11439 11989 I ContentCatcher: SettingTrigger : registerUIAgentListener com.soundtherapyapp.MainActivity, uid:10405
01-13 14:52:38.681  3278  5562 I DataHub : registerUIAgentListener packageName: com.soundtherapyapp~10405, client:miui.security.IUIAgentInteractionClient$Stub$Proxy@88ec31f
01-13 14:52:38.681  3278  5562 I RemoteCallbackList: register success, put callback for com.soundtherapyapp~10405
01-13 14:52:38.682 11439 11439 D FramePredict: init success
01-13 14:52:38.682 11439 11439 E MI-PreRender: init cloud whiteList failed
01-13 14:52:38.683  3278  5562 W ActivityManager: Permission Denial: getCurrentUser() from pid=11439, uid=10405 requires android.permission.INTERACT_ACROSS_USERS
01-13 14:52:38.683 11439 11439 D soundtherapyapp: MiuiProcessManagerServiceStub setSchedFifo
01-13 14:52:38.683 11439 11439 I MiuiProcessManagerImpl: setSchedFifo pid:11439, mode:3
01-13 14:52:38.683 11439 12020 E FramePredict: registerContentObserver fail
01-13 14:52:38.683  3278  5562 D ProcessManager: beginSchedThreads is not Enabled
01-13 14:52:38.684  3278  5562 D IorapForwardingService: onRenderThread! tid:11969 uid:10405 pkn:com.soundtherapyapp
01-13 14:52:38.685 11439 11439 D FirstFrameSpeedUp: bls: [com.xcj.hm.kangfuyixue]
01-13 14:52:38.685 11439 11439 I ViewRootImpl: com.soundtherapyapp/com.soundtherapyapp.MainActivity use first frame acceleration
01-13 14:52:38.687 11439 11439 I ComputilityLevel: getComputilityLevel(): 6
01-13 14:52:38.687  3278  5562 D CoreBackPreview: Window{4ee6eb1 u0 com.soundtherapyapp/com.soundtherapyapp.MainActivity}: Setting back callback OnBackInvokedCallbackInfo{mCallback=android.window.IOnBackInvokedCallback$Stub$Proxy@94f6704, mPriority=-1, mIsAnimationCallback=false, mOverrideBehavior=0}
01-13 14:52:38.688  3278  5562 D CoreBackPreview: Window{4ee6eb1 u0 com.soundtherapyapp/com.soundtherapyapp.MainActivity}: Setting back callback OnBackInvokedCallbackInfo{mCallback=android.window.IOnBackInvokedCallback$Stub$Proxy@94a44ed, mPriority=0, mIsAnimationCallback=false, mOverrideBehavior=0}
01-13 14:52:38.688  4686  4686 D BackGestureBreakController: mAppLaunchingButNotResume= false
01-13 14:52:38.688  4686  4686 D RecentsImpl: mActivityStateObserver com.soundtherapyapp.MainActivity
01-13 14:52:38.688  4686  4686 D BackGestureBreakController: mAppLaunchingButNotResume= false
01-13 14:52:38.688  4686  4686 W RecentsImpl: updateGestureWindowVisibleImpl, className=com.soundtherapyapp.MainActivity
01-13 14:52:38.688  4686  4686 D RecentsImpl: useSysUiFlagsUpdateGestureWindowVisible, keyguard showing
01-13 14:52:38.688  4686  4686 D GestureStubView_Left: hideGestureStub
01-13 14:52:38.688  4686  4686 D GestureStubView_Right: hideGestureStub
01-13 14:52:38.688  4686  4686 D RecentsImpl: updateGestureWindowVisibleImpl, use SysUIFlags update gesture, return
01-13 14:52:38.688  4686  4686 D RecentsImpl: hideNavStubView
01-13 14:52:38.688  4686  4686 D NavStubView_Touch: setKeepHidden    old=true   new=true
01-13 14:52:38.688  4686  5504 W RecentsImpl: disableTouchBySwipeStatusBar    disable=false
01-13 14:52:38.688  4686  5504 D GestureStubView_Left: disableTouchBySwipeStatusBar    old=false   new=false
01-13 14:52:38.688  4686  5504 D GestureStubView_Right: disableTouchBySwipeStatusBar    old=false   new=false
01-13 14:52:38.688   399 11600 I VA_ActivityStateHelper: activityResumed componentName ComponentInfo{com.soundtherapyapp/com.soundtherapyapp.MainActivity}
01-13 14:52:38.688 26170 23127 D AppUpdateXmsfLauncher: activityResumed intent : Intent { cmp=com.soundtherapyapp/.MainActivity (has extras) }
01-13 14:52:38.688   399 11600 I VA_ActivityStateHelper: activityResumed mAiSkillPush is false
01-13 14:52:38.688 26763 26800 D auth    : [XMS][Auth] ActivityObserver activityResumed packageName: com.soundtherapyapp
01-13 14:52:38.688 26170 18133 D services: [XMS][observer] ActivityObserver activityResumed packageName: com.soundtherapyapp
01-13 14:52:38.688  9464 16172 I ActivityObserverUtil: activityResumed ComponentInfo{com.soundtherapyapp/com.soundtherapyapp.MainActivity}
01-13 14:52:38.688  9464 16172 I TopActivityMonitor: send TopActivityChangeEvent=TopActivityChangeEvent(prev=null, current=ComponentInfo{com.soundtherapyapp/com.soundtherapyapp.MainActivity},appChanged=true)
01-13 14:52:38.689 10369 11316 I AIRC_CounterTrack: collect: signal-TopActivityPerception
01-13 14:52:38.689  9464  4223 I travelService_ActivityObserverUtils: activityResumed ComponentInfo{com.soundtherapyapp/com.soundtherapyapp.MainActivity}
01-13 14:52:38.689  9464  4223 I travelService_TopActivityMonitor: user change app but last app use time not enough
01-13 14:52:38.689  3278  5562 D BarFollowAnimation: isAppBarAndVisibleCheck.....
01-13 14:52:38.689  3278  5562 D BarFollowAnimation: isAppTaskBarOnTop win:Window{fe5ca0e u0 NotificationShade} (mCurrentTopTask:Task{4b466b2 #798 type=standard A=10405:com.soundtherapyapp} : true); (mAssociatedTask:null : false); (mHomeTask:Task{68ecabd #1 type=home} : true); mReparentToOriginParent:true mLastAppBarVisible:true mLastHomeBarVisible:false
01-13 14:52:38.689  3278  5562 D MiuiRefreshRatePolicy: reset
01-13 14:52:38.689 10369 11316 I MMKV    : <MMKV.cpp:1170::sync> MMKV::sync, SyncFlag = 1
01-13 14:52:38.689  3278  5562 I BLASTSyncEngine: SyncGroup 2532:  Unfinished container:ActivityRecord{66732052 u0 com.soundtherapyapp/.MainActivity t798}
01-13 14:52:38.689  3278  5562 I BLASTSyncEngine: isActivitySyncFinished isSyncFinished false ActivityRecord{66732052 u0 com.soundtherapyapp/.MainActivity t798}
01-13 14:52:38.689  3278  5562 D Transition: setReady 2532 wc=Display{#0 state=OFF size=1440x3200 ROTATION_0} ready=true
01-13 14:52:38.690  3278  5562 D WindowManager: Set transition=TransitionRecord{d794a67 id=2532 type=OPEN flags=0x0 c=[
01-13 14:52:38.690  3278  5562 D WindowManager:    ChangeInfo{c591a75 container=ActivityRecord{66732052 u0 com.soundtherapyapp/.MainActivity t798} flags=0x0}
01-13 14:52:38.690  3278  5562 D WindowManager:    ChangeInfo{37e1a0a container=Task{4b466b2 #798 type=standard A=10405:com.soundtherapyapp} flags=0x0}
01-13 14:52:38.690  3278  5562 D WindowManager:    ChangeInfo{65c527b container=Display{#0 state=OFF size=1440x3200 ROTATION_0} flags=0x0}
01-13 14:52:38.690  3278  5562 D WindowManager:    ChangeInfo{c92c898 container=DefaultTaskDisplayArea@148137897 flags=0x0}
01-13 14:52:38.690  3278  5562 D WindowManager: ]
01-13 14:52:38.690  3278  5562 D WindowManager: }, ready=true, SyncId=2532 info=used=true, override=false, defer=0, states=Display{#0 state=OFF size=1440x3200 ROTATION_0}:true reason=com.android.server.wm.Transition.applyReady:1263 com.android.server.wm.Transition.setReady:1245 com.android.server.wm.TransitionController.setReady:1157 com.android.server.wm.TransitionController.setReady:1162 com.android.server.wm.DisplayContent.executeAppTransition:6208 com.android.server.wm.DisplayContent.notifyKeyguardFlagsChanged:7165 com.android.server.wm.UnknownAppVisibilityController.notifyRelayouted:158 com.android.server.wm.WindowManagerService.relayoutWindow:3209 
01-13 14:52:38.690  3278  5562 D BarFollowAnimation: isAppBarAndVisibleCheck.....
01-13 14:52:38.690  3278  5562 D BarFollowAnimation: isAppTaskBarOnTop win:Window{fe5ca0e u0 NotificationShade} (mCurrentTopTask:Task{4b466b2 #798 type=standard A=10405:com.soundtherapyapp} : true); (mAssociatedTask:null : false); (mHomeTask:Task{68ecabd #1 type=home} : true); mReparentToOriginParent:true mLastAppBarVisible:true mLastHomeBarVisible:false
01-13 14:52:38.690  3278  5562 D MiuiRefreshRatePolicy: reset
01-13 14:52:38.690  3278  5562 I AnimInterruptController: FIS reset Foresee interrupt status
01-13 14:52:38.690  3278  5562 D miuiBarFollowAnimation:  BarFollowAnimation core services Flag is effective！
01-13 14:52:38.690  3278  5562 D miuiElementAnimation:  ElementAnimation core services Flag is effective！
01-13 14:52:38.690  3278  5562 I Transition: calculateTargets isHomeOpen = false, isHomeLaunchApp = false
01-13 14:52:38.690  3278  5562 D WindowManager: Final targets: []
01-13 14:52:38.690  3278  5562 D WindowManager: Calling onTransitionReady info={id=2532 t=OPEN f=0x40 trk=0 r=[] c=[] mk=[false] noAni=[false] df=[false] rsa=[false] oa=[true] nc=[0] ho=[false] hla=[false] iSync=[-1]}, mToken=Token{addef70 TransitionRecord{d794a67 id=2532 type=OPEN flags=0x40 c=[
01-13 14:52:38.690  3278  5562 D WindowManager:    ChangeInfo{c591a75 container=ActivityRecord{66732052 u0 com.soundtherapyapp/.MainActivity t798} flags=0x0}
01-13 14:52:38.690  3278  5562 D WindowManager:    ChangeInfo{37e1a0a container=Task{4b466b2 #798 type=standard A=10405:com.soundtherapyapp} flags=0x0}
01-13 14:52:38.690  3278  5562 D WindowManager:    ChangeInfo{65c527b container=Display{#0 state=OFF size=1440x3200 ROTATION_0} flags=0x0}
01-13 14:52:38.690  3278  5562 D WindowManager:    ChangeInfo{c92c898 container=DefaultTaskDisplayArea@148137897 flags=0x0}
01-13 14:52:38.690  3278  5562 D WindowManager: ]
01-13 14:52:38.690  3278  5562 D WindowManager: }}
01-13 14:52:38.692  5321  5646 I ShellTransitions: onAbort: transition: android.os.BinderProxy@ceb853f
01-13 14:52:38.692  5321  5646 D SoScUtils: monitorTransitionFinished transition:android.os.BinderProxy@ceb853f transaction: null mRequestCloseTransition:null mRequestOpenTransition:null mPairsOpenTransition:null mPairsOpenTransitionNull:null mRequestOpenTriggerTask:-1 mRequestCloseTriggerTask:-1 mOrientationTransition: null mPendingChange:null mMainStartingTask:-1 mSideStartingTask:-1
01-13 14:52:38.692  5321  5646 I MultiTaskingTaskRepository: try to update multiTaskingTaskInfo taskInfo taskId = 782
01-13 14:52:38.692  5321  5646 I MultiTaskingTaskInfo: MultiTaskingBaseTaskInfo::update::mTaskBounds = Rect(0, 0 - 1440, 3200), mTaskId = 782
01-13 14:52:38.692  3278  4130 I MiuiNetworkPolicy: updateUidState uid = 10203, uidState = 6
01-13 14:52:38.692  3278  4130 I MiuiNetworkPolicy: updateUidState uid = 10161, uidState = 6
01-13 14:52:38.692  3278  4130 I MiuiNetworkPolicy: updateUidState uid = 10142, uidState = 6
01-13 14:52:38.692  3278  4130 I MiuiNetworkPolicy: updateUidState uid = 10136, uidState = 6
01-13 14:52:38.692  3278  4130 I MiuiNetworkPolicy: updateUidState uid = 10135, uidState = 6
01-13 14:52:38.692  5321  5646 D MultiTaskingAnimTarget: setAnimParam bounds: Rect(0, 0 - 1440, 3200) scaleX: 1.0 scaleY: 1.0
01-13 14:52:38.692  5321  5646 D MultiTaskingAnimTarget: java.lang.Throwable
01-13 14:52:38.692  5321  5646 D MultiTaskingAnimTarget: 	at com.android.wm.shell.multitasking.common.animation.MultiTaskingAnimTarget.setAnimParam(go/retraceme 65eef0675bf913bce2829215cbd88892b79173b491c3585387d9f76f49700d33:35)
01-13 14:52:38.692  5321  5646 D MultiTaskingAnimTarget: 	at com.android.wm.shell.multitasking.common.animation.MultiTaskingFolmeControl.updateBaseAnimParam(go/retraceme 65eef0675bf913bce2829215cbd88892b79173b491c3585387d9f76f49700d33:15)
01-13 14:52:38.692  5321  5646 D MultiTaskingAnimTarget: 	at com.android.wm.shell.multitasking.common.taskmanager.MultiTaskingTaskInfo.update(go/retraceme 65eef0675bf913bce2829215cbd88892b79173b491c3585387d9f76f49700d33:23)
01-13 14:52:38.692  5321  5646 D MultiTaskingAnimTarget: 	at com.android.wm.shell.multitasking.common.taskmanager.MultiTaskingTaskRepository.updateAllPendingBaseAnimParam(go/retraceme 65eef0675bf913bce2829215cbd88892b79173b491c3585387d9f76f49700d33:60)
01-13 14:52:38.692  5321  5646 D MultiTaskingAnimTarget: 	at com.android.wm.shell.multitasking.common.taskmanager.MultiTaskingTransitionObserver.onTransitionFinished(go/retraceme 65eef0675bf913bce2829215cbd88892b79173b491c3585387d9f76f49700d33:27)
01-13 14:52:38.692  5321  5646 D MultiTaskingAnimTarget: 	at com.android.wm.shell.transition.Transitions.onFinish(go/retraceme 65eef0675bf913bce2829215cbd88892b79173b491c3585387d9f76f49700d33:170)
01-13 14:52:38.692  5321  5646 D MultiTaskingAnimTarget: 	at com.android.wm.shell.transition.Transitions.processReadyQueue(go/retraceme 65eef0675bf913bce2829215cbd88892b79173b491c3585387d9f76f49700d33:173)
01-13 14:52:38.692  5321  5646 D MultiTaskingAnimTarget: 	at com.android.wm.shell.transition.Transitions.onAbort(go/retraceme 65eef0675bf913bce2829215cbd88892b79173b491c3585387d9f76f49700d33:149)
01-13 14:52:38.692  5321  5646 D MultiTaskingAnimTarget: 	at com.android.wm.shell.transition.Transitions.dispatchReady(go/retraceme 65eef0675bf913bce2829215cbd88892b79173b491c3585387d9f76f49700d33:287)
01-13 14:52:38.692  5321  5646 D MultiTaskingAnimTarget: 	at com.android.wm.shell.transition.Transitions.onTransitionReady(go/retraceme 65eef0675bf913bce2829215cbd88892b79173b491c3585387d9f76f49700d33:246)
01-13 14:52:38.692  5321  5646 D MultiTaskingAnimTarget: 	at com.android.wm.shell.transition.Transitions$TransitionPlayerImpl$$ExternalSyntheticLambda1.run(go/retraceme 65eef0675bf913bce2829215cbd88892b79173b491c3585387d9f76f49700d33:42)
01-13 14:52:38.692  5321  5646 D MultiTaskingAnimTarget: 	at android.os.Handler.handleCallback(Handler.java:995)
01-13 14:52:38.692  5321  5646 D MultiTaskingAnimTarget: 	at android.os.Handler.dispatchMessage(Handler.java:103)
01-13 14:52:38.692  5321  5646 D MultiTaskingAnimTarget: 	at android.os.Looper.loopOnce(Looper.java:267)
01-13 14:52:38.692  5321  5646 D MultiTaskingAnimTarget: 	at android.os.Looper.loop(Looper.java:360)
01-13 14:52:38.692  5321  5646 D MultiTaskingAnimTarget: 	at android.os.HandlerThread.run(HandlerThread.java:85)
01-13 14:52:38.692  5321  5704 I MultiTaskingTaskInfo: getCoverLayerController:: null, com.android.wm.shell.multitasking.common.taskmanager.MultiTaskingTaskInfo.lambda$updateCoverLayerController$2:1 com.android.wm.shell.multitasking.common.taskmanager.MultiTaskingTaskInfo.$r8$lambda$-YpCdQQtg0ANF5ZGkXQR8pi1iBs:1 
01-13 14:52:38.692  2033  6014 D MI-SF   : addDolbyVisionHdr enter hdrTypes 4
01-13 14:52:38.692  2033  6014 D MI-SF   : debug.config.media.video.dolby_vision_suports == true
01-13 14:52:38.692  2033  6014 D MI-SF   : addDolbyVisionHdr enter hdrTypes 4
01-13 14:52:38.692  2033  6014 D MI-SF   : debug.config.media.video.dolby_vision_suports == true
01-13 14:52:38.692  2033  6014 D MI-SF   : addDolbyVisionHdr enter hdrTypes 4
01-13 14:52:38.692  2033  6014 D MI-SF   : debug.config.media.video.dolby_vision_suports == true
01-13 14:52:38.692  2033  6014 D MI-SF   : addDolbyVisionHdr enter hdrTypes 4
01-13 14:52:38.692  2033  6014 D MI-SF   : debug.config.media.video.dolby_vision_suports == true
01-13 14:52:38.692  2033  6014 D MI-SF   : addDolbyVisionHdr enter hdrTypes 4
01-13 14:52:38.692  2033  6014 D MI-SF   : debug.config.media.video.dolby_vision_suports == true
01-13 14:52:38.692  2033  6014 D MI-SF   : addDolbyVisionHdr enter hdrTypes 4
01-13 14:52:38.692  2033  6014 D MI-SF   : debug.config.media.video.dolby_vision_suports == true
01-13 14:52:38.692  5321  5646 D MultiTaskingFolmeControl: updateBaseAnimParam taskId = 782 taskBounds : Rect(0, 0 - 1440, 3200)
01-13 14:52:38.692  2033  6014 D MI-SF   : addDolbyVisionHdr enter hdrTypes 4
01-13 14:52:38.692  2033  6014 D MI-SF   : debug.config.media.video.dolby_vision_suports == true
01-13 14:52:38.692  5321  5646 D MultiTaskingTransitionObserver: onTransitionFinished::mRunningTransitions = 0 mRemoteOpenFreeformTransitions = []
01-13 14:52:38.692  5321  5646 D SoScUtils: monitorTransitionFinished transition:android.os.BinderProxy@ceb853f transaction: android.view.SurfaceControl$Transaction@ca01fd1 mRequestCloseTransition:null mRequestOpenTransition:null mPairsOpenTransition:null mPairsOpenTransitionNull:null mRequestOpenTriggerTask:-1 mRequestCloseTriggerTask:-1 mOrientationTransition: null mPendingChange:null mMainStartingTask:-1 mSideStartingTask:-1
01-13 14:52:38.693  3278  5562 I TransitionImpl: finishTransition: updateLastSurfacePosition tf=Task{4b466b2 #798 type=standard A=10405:com.soundtherapyapp}
01-13 14:52:38.693  3278  5562 D SystemPerformanceHinter: endSession#HighPerfSession-d0-Transition
01-13 14:52:38.693  2033  3158 W VsyncModulator: setTransactionSchedule: Unexpected EarlyEnd
01-13 14:52:38.693  3278  5562 I TransitionImpl: finishTransitionEnd, default display onTransitionFinished
01-13 14:52:38.693  2033  3158 D MI-SF   : updateScene: module = 268 (Animation), value = 0, pkg = perf_interaction, Vrr = 1, mSetTpIdleFlag = 0
01-13 14:52:38.693  2033  3158 D MI-SF   : updateScene mSetAnimationFlag status 0, vsync 60
01-13 14:52:38.693  3278  4441 I DisplayModeDirectorImpl: SmartDisplayPolicyEnd
01-13 14:52:38.693  5321  5646 I RemoteTransitionHandlerStubImpl: invokeAndRemoveWctCB transition is null, curWctCB: null
01-13 14:52:38.694  3278  4130 I MiuiNetworkPolicy: updateUidState uid = 10203, uidState = 5
01-13 14:52:38.694  3278  4130 I MiuiNetworkPolicy: updateUidState uid = 10161, uidState = 5
01-13 14:52:38.694  3278  4130 I MiuiNetworkPolicy: updateUidState uid = 10142, uidState = 5
01-13 14:52:38.694  3278  4130 I MiuiNetworkPolicy: updateUidState uid = 10136, uidState = 5
01-13 14:52:38.694  3278  4130 I MiuiNetworkPolicy: updateUidState uid = 10135, uidState = 5
01-13 14:52:38.694  3278  4445 I AnimationScenario: Big data animation scenario state changed to: false, type is 524
01-13 14:52:38.694  3278  3403 I DisplayModeDirectorImpl: updateRefreshRateResultIfNeeded after:baseModeId=1 allowGroupSwitching=false primary=physical: (0.0 Infinity) render:  (0.0 120.0) appRequest=physical: (0.0 Infinity) render:  (0.0 120.0) idleScreenRefreshRateConfig=null mNormalModeSkipOveride: false
01-13 14:52:38.694  3278  4605 D BarFollowAnimation: checkBarStatus mReparentToOriginParent:true hasTopFullAppTask:true mHomeTask:Task{68ecabd #1 type=home} mCurrentTopTask: Task{4b466b2 #798 type=standard A=10405:com.soundtherapyapp} mAssociatedTask: null homeTaskonTop:false mLastAppBarVisible:true mLastHomeBarVisible:false isInSplitScreen:false
01-13 14:52:38.694  3278  4605 D BarFollowAnimation:  showAppNavBar  packageName = com.android.systemui mHasHideAppSurface = false mIsKeyguardGoingAway = false mNavBarState = -1
01-13 14:52:38.694  3278  4605 D BarFollowAnimation:  navBarVisible source = InsetsSource: {b6cd0001 mType=navigationBars mFrame=[0,3140][1440,3200] mVisible=false mFlags=SUPPRESS_SCRIM mSideHint=BOTTOM mBoundingRects=null}
01-13 14:52:38.694 11439 11439 D VRI[MainActivity]: vri.reportNextDraw 0 Rect(0, 0 - 1440, 3200) android.view.ViewRootImpl.performTraversals:5540 android.view.ViewRootImpl.doTraversal:4096 android.view.ViewRootImpl$TraversalRunnable.run:12456 android.view.Choreographer$CallbackRecord.run:2024 android.view.Choreographer$CallbackRecord.run:2033 
01-13 14:52:38.694 11439 11439 D VRI[MainActivity]: vri.Setup new sync=wmsSync-VRI[MainActivity]#0
01-13 14:52:38.697 11439 11969 I AdrenoUtils: <ReadGpuID:366>: Reading chip ID through GSL
01-13 14:52:38.695  2033  2033 W binder:2033_3: type=1400 audit(0.0:799983): avc:  denied  { search } for  name="mcd" dev="dm-56" ino=1126 scontext=u:r:surfaceflinger:s0 tcontext=u:object_r:mcd_data_file:s0 tclass=dir permissive=0
01-13 14:52:38.699 11439 12021 W unknown:BridgelessReact: ReactHost{0}.isMetroRunning(): Async result = true
01-13 14:52:38.699 11439 12014 W unknown:BridgelessReact: ReactHost{0}.loadJSBundleFromMetro()
01-13 14:52:38.699 11439 11439 D VRI[MainActivity]: vri.reportDrawFinished 0 0 Rect(0, 0 - 1440, 3200)
01-13 14:52:38.700  3278  5559 D WindowManager: wms.finishDrawingLocked: mDrawState=COMMIT_DRAW_PENDING Window{4ee6eb1 u0 com.soundtherapyapp/com.soundtherapyapp.MainActivity} in Surface(name=com.soundtherapyapp/com.soundtherapyapp.MainActivity#49647)/@0x1edbf22
01-13 14:52:38.700  3278  3404 D BarFollowAnimation: isAppBarAndVisibleCheck.....
01-13 14:52:38.700  3278  3404 D BarFollowAnimation: isAppTaskBarOnTop win:Window{fe5ca0e u0 NotificationShade} (mCurrentTopTask:Task{4b466b2 #798 type=standard A=10405:com.soundtherapyapp} : true); (mAssociatedTask:null : false); (mHomeTask:Task{68ecabd #1 type=home} : true); mReparentToOriginParent:true mLastAppBarVisible:true mLastHomeBarVisible:false
01-13 14:52:38.700  3278  3404 D MiuiRefreshRatePolicy: reset
01-13 14:52:38.700  3278  3404 D WindowManager: wms.commitFinishDrawingLocked: mDrawState=READY_TO_SHOW Window{4ee6eb1 u0 com.soundtherapyapp/com.soundtherapyapp.MainActivity} in Surface(name=com.soundtherapyapp/com.soundtherapyapp.MainActivity#49647)/@0x1edbf22
01-13 14:52:38.701  3278  3404 I SmartPower: Miui monitor launch : com.soundtherapyapp/.MainActivity  transitionTime:0  launchTime:297  launchFrom:com.miui.home  launchType:1
01-13 14:52:38.701  3278  3404 I Perf[AppStartScene]: onSceneChangeNotify:Bundle[{renderThreadId=11969, pid=11439, uid=10405, name=com.soundtherapyapp.MainActivity, type=1, begin=false, state=0, processName=com.soundtherapyapp, packageName=com.soundtherapyapp}]
01-13 14:52:38.701  3278  3404 D BarFollowAnimation: onTaskAppearedForCaptionBar Task{4b466b2 #798 type=standard A=10405:com.soundtherapyapp}
01-13 14:52:38.701  3278  3403 D IorapForwardingService: AppLaunchObserver#onActivityLaunchFinished! pid:11439; uid:10405; name:com.soundtherapyapp
01-13 14:52:38.701  2337  2337 D iorapd  : LbReadahead is not running
01-13 14:52:38.701  5321  5646 I MultiTaskingTaskRepository: onTaskAppeared::taskId = 798 mTasks: 782, 8, 7, 6, 5, 4, 3, 1, 
01-13 14:52:38.701  5321  5646 D MultiTaskingTaskRepository: addOrMoveFullscreenTaskToTop::taskId = 798
01-13 14:52:38.701  5321  5646 D MiuiMultiWindowUtils: supportMultiWindow: isSupportDevice = -1
01-13 14:52:38.701  5321  5646 D MiuiMultiWindowUtils: supportMultiWindow: isSupportDevice = -1
01-13 14:52:38.701  5321  5646 D MiuiMultiWindowRecommendHelper: device not support split screen recommend
01-13 14:52:38.701  5321  5646 D MultiTaskingTaskRepository: putOrUpdateTaskInfo::taskInfo.taskId = 798 current mMultiTaskingTaskInfoList:  ,782 ,5 ,4
01-13 14:52:38.701  5321  5646 D MultiTaskingTaskRepository: java.lang.Throwable
01-13 14:52:38.701  5321  5646 D MultiTaskingTaskRepository: 	at com.android.wm.shell.multitasking.common.taskmanager.MultiTaskingTaskRepository.updateMultiTaskingTaskInfo(go/retraceme 65eef0675bf913bce2829215cbd88892b79173b491c3585387d9f76f49700d33:71)
01-13 14:52:38.701  5321  5646 D MultiTaskingTaskRepository: 	at com.android.wm.shell.multitasking.common.taskmanager.MultiTaskingTaskRepository.putOrUpdateTaskInfo(go/retraceme 65eef0675bf913bce2829215cbd88892b79173b491c3585387d9f76f49700d33:40)
01-13 14:52:38.701  5321  5646 D MultiTaskingTaskRepository: 	at com.android.wm.shell.multitasking.common.taskmanager.MultiTaskingTaskRepository.onTaskAppeared(go/retraceme 65eef0675bf913bce2829215cbd88892b79173b491c3585387d9f76f49700d33:42)
01-13 14:52:38.701  5321  5646 D MultiTaskingTaskRepository: 	at com.android.wm.shell.multitasking.common.taskmanager.MultiTaskingTaskListener.onTaskAppeared(go/retraceme 65eef0675bf913bce2829215cbd88892b79173b491c3585387d9f76f49700d33:3)
01-13 14:52:38.701  5321  5646 D MultiTaskingTaskRepository: 	at com.android.wm.shell.ShellTaskOrganizer.onTaskAppeared(go/retraceme 65eef0675bf913bce2829215cbd88892b79173b491c3585387d9f76f49700d33:11)
01-13 14:52:38.701  5321  5646 D MultiTaskingTaskRepository: 	at com.android.wm.shell.ShellTaskOrganizer.onTaskAppeared(go/retraceme 65eef0675bf913bce2829215cbd88892b79173b491c3585387d9f76f49700d33:3)
01-13 14:52:38.701  5321  5646 D MultiTaskingTaskRepository: 	at android.window.TaskOrganizer$1.lambda$onTaskAppeared$4(TaskOrganizer.java:290)
01-13 14:52:38.701  5321  5646 D MultiTaskingTaskRepository: 	at android.window.TaskOrganizer$1.$r8$lambda$JFybI7116bqnvmWm835b0heUmQg(Unknown Source:0)
01-13 14:52:38.701  5321  5646 D MultiTaskingTaskRepository: 	at android.window.TaskOrganizer$1$$ExternalSyntheticLambda13.run(D8$$SyntheticClass:0)
01-13 14:52:38.701  5321  5646 D MultiTaskingTaskRepository: 	at android.os.Handler.handleCallback(Handler.java:995)
01-13 14:52:38.701  5321  5646 D MultiTaskingTaskRepository: 	at android.os.Handler.dispatchMessage(Handler.java:103)
01-13 14:52:38.701  5321  5646 D MultiTaskingTaskRepository: 	at android.os.Looper.loopOnce(Looper.java:267)
01-13 14:52:38.701  5321  5646 D MultiTaskingTaskRepository: 	at android.os.Looper.loop(Looper.java:360)
01-13 14:52:38.701  5321  5646 D MultiTaskingTaskRepository: 	at android.os.HandlerThread.run(HandlerThread.java:85)
01-13 14:52:38.701  5321  5646 I MultiTaskingTaskInfo: MultiTaskingBaseTaskInfo::MultiTaskingBaseTaskInfo::mTaskBounds = Rect(0, 0 - 1440, 3200), mTaskId = 798
01-13 14:52:38.701  5321  5704 I MultiTaskingCoverLayerController: create cover layer, tag = 798
01-13 14:52:38.701  5321  5646 D MultiTaskingAnimTarget: setAnimParam bounds: Rect(0, 0 - 1440, 3200) scaleX: 1.0 scaleY: 1.0
01-13 14:52:38.701  5321  5646 D MultiTaskingAnimTarget: java.lang.Throwable
01-13 14:52:38.701  5321  5646 D MultiTaskingAnimTarget: 	at com.android.wm.shell.multitasking.common.animation.MultiTaskingAnimTarget.setAnimParam(go/retraceme 65eef0675bf913bce2829215cbd88892b79173b491c3585387d9f76f49700d33:35)
01-13 14:52:38.701  5321  5646 D MultiTaskingAnimTarget: 	at com.android.wm.shell.multitasking.common.animation.MultiTaskingFolmeControl.updateBaseAnimParam(go/retraceme 65eef0675bf913bce2829215cbd88892b79173b491c3585387d9f76f49700d33:15)
01-13 14:52:38.701  5321  5646 D MultiTaskingAnimTarget: 	at com.android.wm.shell.multitasking.common.taskmanager.MultiTaskingTaskInfo.<init>(go/retraceme 65eef0675bf913bce2829215cbd88892b79173b491c3585387d9f76f49700d33:35)
01-13 14:52:38.701  5321  5646 D MultiTaskingAnimTarget: 	at com.android.wm.shell.multitasking.common.taskmanager.MultiTaskingTaskRepository.updateMultiTaskingTaskInfo(go/retraceme 65eef0675bf913bce2829215cbd88892b79173b491c3585387d9f76f49700d33:102)
