01-13 14:29:24.651  4686  4686 D WindowElementcd0263c: com.miui.home.recents.anim.WindowElement@cd0263c mOnShellAnimListener end CLOSE_TO_HOME com.miui.home.recents.anim.WindowElement@cd0263c needFinish = true
01-13 14:29:24.651  4686  4686 I ScenarioRecognitionUtil: setScenarioState, type: 320, isStart: false
01-13 14:29:24.651  4686  4686 D WindowElementcd0263c: onWindowAnimEnd: resetFloatingIcon
01-13 14:29:24.651  4686  4686 I LaunchAppAndBackHomeAnimTarget: resetShortcutIcon, icon=com.miui.home.launcher.ShortcutIcon{f4dddba VFED..CL. ......ID 382,734-720,1101}(SoundTherapyApp)
01-13 14:29:24.651  4686  4686 D FloatingIconView2beab7b8: finishImmediately 
01-13 14:29:24.651  4686  4686 I LaunchAppAndBackHomeAnimTarget: resetShortcutIcon, icon=com.miui.home.launcher.ShortcutIcon{f4dddba VFED..CL. ......ID 382,734-720,1101}(SoundTherapyApp)
01-13 14:29:24.651  4686  4686 E FloatingIconView2beab7b8: recycleView
01-13 14:29:24.651  4686  4686 D FloatingIconView2beab7b8: setIsDrawIcon, isDraw=true
01-13 14:29:24.651  4686  4686 D FloatingIconView2beab7b8: recycleView post: com.miui.home.recents.views.FloatingIconView2$$ExternalSyntheticLambda4@73a7991
01-13 14:29:24.652  4686  4686 D NavStubView: setWindowAnimType  type=null
01-13 14:29:24.652  4686  4686 D NavStubView: setIsAnimatingToLauncher  isAnimatingToLauncher=false
01-13 14:29:24.653  4686  5632 D com.miui.home: backgroundBlur makeBackgroundImage (ShortcutMenuLayer-6-0xb400007838efed10), blurRadius(183), blurType(-1), blurScaleRatio(0.000000)
01-13 14:29:24.653  4686  4686 D Launcher.BlurUtilities: clearAllBlur: View=com.miui.home.recents.views.FloatingIconView2{beab7b8 G.ED..... ......ID 382,1017-598,1234}
01-13 14:29:24.660  4686  5632 D com.miui.home: backgroundBlur makeBackgroundImage (ShortcutMenuLayer-6-0xb400007838efed10), blurRadius(183), blurType(-1), blurScaleRatio(0.000000)
01-13 14:29:24.660  4686  4686 D LauncherClient: already connected
01-13 14:29:24.664  4686  4686 D SyncRtSurfaceTransactionApplierCompat: TransactionCommitListener.invoke, method=onTransactionCommitted
01-13 14:29:24.664  4686  4686 D TimeOutTask: com.android.systemui.shared.recents.system.TimeOutTask@cb9c9c9 run: hasCalled = false
01-13 14:29:24.664  4686  4686 E WindowElementcd0263c: com.miui.home.recents.anim.WindowElement@cd0263c finishTransition toHome = true isHalf = false runningTaskId = 0
01-13 14:29:24.664  4686  4686 E WindowTransitionCompat: com.android.systemui.shared.recents.system.WindowTransitionCompat@633dd1a finishTransition toHome = true
01-13 14:29:24.664  4686  4686 D TransitionCallback: call executeFinishCallback, toHome = true
01-13 14:29:24.664  4686  4686 D TransitionCallback: java.lang.Exception
01-13 14:29:24.664  4686  4686 D TransitionCallback: 	at com.android.systemui.shared.recents.utilities.WindowTransitionCallbackHelper.executeFinishCallback(WindowTransitionCallbackHelper.java:221)
01-13 14:29:24.664  4686  4686 D TransitionCallback: 	at com.android.systemui.shared.recents.utilities.WindowTransitionCallbackHelper.executeFinishCallback(WindowTransitionCallbackHelper.java:160)
01-13 14:29:24.664  4686  4686 D TransitionCallback: 	at com.android.systemui.shared.recents.system.WindowTransitionCompat.finishTransition(WindowTransitionCompat.java:815)
01-13 14:29:24.664  4686  4686 D TransitionCallback: 	at com.miui.home.recents.anim.WindowElement.finishTransitionCompat(WindowElement.kt:507)
01-13 14:29:24.664  4686  4686 D TransitionCallback: 	at com.miui.home.recents.anim.WindowElement.finishTransition$lambda$7(WindowElement.kt:484)
01-13 14:29:24.664  4686  4686 D TransitionCallback: 	at com.miui.home.recents.anim.WindowElement.$r8$lambda$tWOgmEbuZc1qc6cejgwJqu9Dv-w(WindowElement.kt:0)
01-13 14:29:24.664  4686  4686 D TransitionCallback: 	at com.miui.home.recents.anim.WindowElement$$ExternalSyntheticLambda2.run(R8$$SyntheticClass:0)
01-13 14:29:24.664  4686  4686 D TransitionCallback: 	at com.miui.launcher.utils.LooperExecutor.execute(LooperExecutor.java:43)
01-13 14:29:24.664  4686  4686 D TransitionCallback: 	at com.miui.home.recents.anim.WindowElement.finishTransition(WindowElement.kt:476)
01-13 14:29:24.664  4686  4686 D TransitionCallback: 	at com.miui.home.recents.anim.WindowElement.finishTransition$default(WindowElement.kt:474)
01-13 14:29:24.664  4686  4686 D TransitionCallback: 	at com.miui.home.recents.anim.WindowElement.finishTransitionSyncIfNeed$lambda$8(WindowElement.kt:495)
01-13 14:29:24.664  4686  4686 D TransitionCallback: 	at com.miui.home.recents.anim.WindowElement.$r8$lambda$xDECQZJ_tfrZcqg1N-MLNUx9uA4(WindowElement.kt:0)
01-13 14:29:24.664  4686  4686 D TransitionCallback: 	at com.miui.home.recents.anim.WindowElement$$ExternalSyntheticLambda15.run(R8$$SyntheticClass:0)
01-13 14:29:24.664  4686  4686 D TransitionCallback: 	at com.miui.launcher.utils.LooperExecutor.execute(LooperExecutor.java:43)
01-13 14:29:24.664  4686  4686 D TransitionCallback: 	at com.android.systemui.shared.recents.system.TimeOutTask.run(TimeOutTask.java:33)
01-13 14:29:24.664  4686  4686 D TransitionCallback: 	at com.android.systemui.shared.recents.system.SyncRtSurfaceTransactionApplierCompat$TransactionCommitListenerProxy.invoke(SyncRtSurfaceTransactionApplierCompat.java:267)
01-13 14:29:24.664  4686  4686 D TransitionCallback: 	at java.lang.reflect.Proxy.invoke(Proxy.java:1006)
01-13 14:29:24.664  4686  4686 D TransitionCallback: 	at $Proxy7.onTransactionCommitted(Unknown Source)
01-13 14:29:24.664  4686  4686 D TransitionCallback: 	at android.view.SurfaceControl$Transaction$$ExternalSyntheticLambda4.run(D8$$SyntheticClass:0)
01-13 14:29:24.664  4686  4686 D TransitionCallback: 	at android.os.Handler.handleCallback(Handler.java:995)
01-13 14:29:24.664  4686  4686 D TransitionCallback: 	at android.os.Handler.dispatchMessage(Handler.java:103)
01-13 14:29:24.664  4686  4686 D TransitionCallback: 	at android.os.Looper.loopOnce(Looper.java:267)
01-13 14:29:24.664  4686  4686 D TransitionCallback: 	at android.os.Looper.loop(Looper.java:360)
01-13 14:29:24.664  4686  4686 D TransitionCallback: 	at android.app.ActivityThread.main(ActivityThread.java:10088)
01-13 14:29:24.664  4686  4686 D TransitionCallback: 	at java.lang.reflect.Method.invoke(Native Method)
01-13 14:29:24.664  4686  4686 D TransitionCallback: 	at com.android.internal.os.RuntimeInit$MethodAndArgsCaller.run(RuntimeInit.java:616)
01-13 14:29:24.664  4686  4686 D TransitionCallback: 	at com.android.internal.os.ZygoteInit.main(ZygoteInit.java:1113)
01-13 14:29:24.664  4686  4686 I TransitionCallback: addCallbackListenerSync callBack:com.android.systemui.shared.recents.system.WindowTransitionCompat$1@2a4c3ef
01-13 14:29:24.665  4686  4686 I TransitionCallback: mNeedShowLauncher = false
01-13 14:29:24.665  4686  4686 I TransitionCallback: addCallbackListenerSync callBack:null
01-13 14:29:24.665  4686  4686 D TransitionCallback: call finishMergeCallback, callback = android.window.IRemoteTransitionFinishedCallback$Stub$Proxy@5433407
01-13 14:29:24.665  4686  4686 I TransitionCallback_FW_FINISH: call onTransitionFinished end
01-13 14:29:24.665  4686  4686 I TransitionCallback: mFinishRunnable run is waitFinishMainAnim = true
01-13 14:29:24.665  4686  4686 I TransitionCallback: com.android.systemui.shared.recents.utilities.WindowTransitionCallbackHelper@cd8f572 call finishMainCallback, wct = WindowContainerTransaction { changes= {} hops= [] errorCallbackToken=null taskFragmentOrganizer=null willFinishToHome=true }, sct = android.view.SurfaceControl$Transaction@db46efc, callback = android.window.IRemoteTransitionFinishedCallback$Stub$Proxy@5c09341, mCounterRotatorList.size = 0, mInfoExposeList.size = 2
01-13 14:29:24.665  5321  5646 I RemoteTransitionHandlerStubImpl: putCallback return, transition or wctCB is null.
01-13 14:29:24.665  4686  4686 I TransitionCallback_FW_FINISH: call onTransitionFinished end
01-13 14:29:24.665  4686  4686 I TransitionCallback: onTransitionFinished finally call notifyFinishTransitionEnd
01-13 14:29:24.665  4686  4686 I TransitionCallback: checkCallbackSync, size = 1
01-13 14:29:24.665  4686  4686 I WindowElementcd0263c: onFinishCompleted mDisableStateManagerListener = false
01-13 14:29:24.665  4686  4686 D AnimStateManager: onAnimationEnd view: null, windowElementcom.miui.home.recents.anim.WindowElement@cd0263c
01-13 14:29:24.665  4686  4686 D AnimStateManager: onAnimationEnd: current=com.miui.home.recents.anim.WindowElement@cd0263c, set to null
01-13 14:29:24.665  4686  4686 I AnimStateManager: go to state com.miui.home.recents.anim.StateManager$IdleState@bd7da69
01-13 14:29:24.665  5321  5646 I ShellTransitions: onMerged: transition: android.os.BinderProxy@794e66b
01-13 14:29:24.665  5321  5646 D SoScUtils: monitorTransitionFinished transition:android.os.BinderProxy@794e66b transaction: android.view.SurfaceControl$Transaction@2a3ac27 mRequestCloseTransition:null mRequestOpenTransition:null mPairsOpenTransition:null mPairsOpenTransitionNull:null mRequestOpenTriggerTask:-1 mRequestCloseTriggerTask:-1 mOrientationTransition: null mPendingChange:null mMainStartingTask:-1 mSideStartingTask:-1
01-13 14:29:24.665  5321  5646 I RemoteTransitionHandlerStubImpl: putCallback return, transition or wctCB is null.
01-13 14:29:24.666  4686  4686 I TransitionCallback: set is waitFinishMainAnim true, hyper transition support, execute directly!
01-13 14:29:24.666  5321  5646 I MultiTaskingTaskRepository: try to update multiTaskingTaskInfo taskInfo taskId = 778
01-13 14:29:24.666  5321  5646 I MultiTaskingTaskInfo: MultiTaskingBaseTaskInfo::update::mTaskBounds = Rect(0, 0 - 1440, 3200), mTaskId = 778
01-13 14:29:24.666  5321  5646 D MultiTaskingAnimTarget: setAnimParam bounds: Rect(0, 0 - 1440, 3200) scaleX: 1.0 scaleY: 1.0
01-13 14:29:24.666  5321  5646 D MultiTaskingAnimTarget: java.lang.Throwable
01-13 14:29:24.666  5321  5646 D MultiTaskingAnimTarget: 	at com.android.wm.shell.multitasking.common.animation.MultiTaskingAnimTarget.setAnimParam(go/retraceme 65eef0675bf913bce2829215cbd88892b79173b491c3585387d9f76f49700d33:35)
01-13 14:29:24.666  5321  5646 D MultiTaskingAnimTarget: 	at com.android.wm.shell.multitasking.common.animation.MultiTaskingFolmeControl.updateBaseAnimParam(go/retraceme 65eef0675bf913bce2829215cbd88892b79173b491c3585387d9f76f49700d33:15)
01-13 14:29:24.666  5321  5646 D MultiTaskingAnimTarget: 	at com.android.wm.shell.multitasking.common.taskmanager.MultiTaskingTaskInfo.update(go/retraceme 65eef0675bf913bce2829215cbd88892b79173b491c3585387d9f76f49700d33:23)
01-13 14:29:24.666  5321  5646 D MultiTaskingAnimTarget: 	at com.android.wm.shell.multitasking.common.taskmanager.MultiTaskingTaskRepository.updateAllPendingBaseAnimParam(go/retraceme 65eef0675bf913bce2829215cbd88892b79173b491c3585387d9f76f49700d33:60)
01-13 14:29:24.666  5321  5646 D MultiTaskingAnimTarget: 	at com.android.wm.shell.multitasking.common.taskmanager.MultiTaskingTransitionObserver.onTransitionFinished(go/retraceme 65eef0675bf913bce2829215cbd88892b79173b491c3585387d9f76f49700d33:27)
01-13 14:29:24.666  5321  5646 D MultiTaskingAnimTarget: 	at com.android.wm.shell.transition.Transitions.onFinish(go/retraceme 65eef0675bf913bce2829215cbd88892b79173b491c3585387d9f76f49700d33:170)
01-13 14:29:24.666  5321  5646 D MultiTaskingAnimTarget: 	at com.android.wm.shell.transition.Transitions.lambda$playTransition$3(go/retraceme 65eef0675bf913bce2829215cbd88892b79173b491c3585387d9f76f49700d33:1)
01-13 14:29:24.666  5321  5646 D MultiTaskingAnimTarget: 	at com.android.wm.shell.transition.Transitions.$r8$lambda$96XCaSAhJXxB3nlVJy1TNPeH46k(go/retraceme 65eef0675bf913bce2829215cbd88892b79173b491c3585387d9f76f49700d33:1)
01-13 14:29:24.666  5321  5646 D MultiTaskingAnimTarget: 	at com.android.wm.shell.transition.Transitions$$ExternalSyntheticLambda4.onTransitionFinished(go/retraceme 65eef0675bf913bce2829215cbd88892b79173b491c3585387d9f76f49700d33:10)
01-13 14:29:24.666  5321  5646 D MultiTaskingAnimTarget: 	at com.android.wm.shell.transition.RemoteTransitionHandler$1$$ExternalSyntheticLambda0.run(go/retraceme 65eef0675bf913bce2829215cbd88892b79173b491c3585387d9f76f49700d33:30)
01-13 14:29:24.666  5321  5646 D MultiTaskingAnimTarget: 	at android.os.Handler.handleCallback(Handler.java:995)
01-13 14:29:24.666  5321  5646 D MultiTaskingAnimTarget: 	at android.os.Handler.dispatchMessage(Handler.java:103)
01-13 14:29:24.666  5321  5646 D MultiTaskingAnimTarget: 	at android.os.Looper.loopOnce(Looper.java:267)
01-13 14:29:24.666  5321  5646 D MultiTaskingAnimTarget: 	at android.os.Looper.loop(Looper.java:360)
01-13 14:29:24.666  5321  5646 D MultiTaskingAnimTarget: 	at android.os.HandlerThread.run(HandlerThread.java:85)
01-13 14:29:24.666  5321  5646 D MultiTaskingFolmeControl: updateBaseAnimParam taskId = 778 taskBounds : Rect(0, 0 - 1440, 3200)
01-13 14:29:24.666  5321  5646 D MultiTaskingTransitionObserver: onTransitionFinished::transition = android.os.BinderProxy@1cd4552 remoteFreeformTasks = []
01-13 14:29:24.666  5321  5646 D MultiTaskingTaskRepository: onCloseTransitionFinish taskId=778
01-13 14:29:24.666  5321  5646 D MultiTaskingTaskRepository: removeMultiTaskingTaskInfo::taskInfo.taskId = 778 current mMultiTaskingTaskInfoList: { ,778 ,5 ,4 }
01-13 14:29:24.666  5321  5646 D MultiTaskingTaskRepository: removeFullscreenTask::taskId = 778
01-13 14:29:24.666  5321  5646 I MultiTaskingTaskRepository: onCloseTransitionFinish::mMultiWindowTaskIdsInZOrder = [5, 4], mFullscreenTaskIdsInZOrder = []
01-13 14:29:24.666  5321  5646 D MultiTaskingTransitionObserver: onTransitionFinished::mRunningTransitions = 0 mRemoteOpenFreeformTransitions = []
01-13 14:29:24.666  5321  5704 I MultiTaskingTaskInfo: releaseCoverLayerControl::mTaskId = 778
01-13 14:29:24.666  5321  5646 D MulWinSwitchDecorViewModel: destroyWindowDecoration: taskId=778 windowingMode=1 mWindowDecorByTaskId.size()=1 callers=com.android.wm.shell.freeform.FreeformTaskTransitionObserver.onTransitionFinished:62 com.android.wm.shell.transition.Transitions.onFinish:170 com.android.wm.shell.transition.Transitions.lambda$playTransition$3:1 com.android.wm.shell.transition.Transitions.$r8$lambda$96XCaSAhJXxB3nlVJy1TNPeH46k:1 com.android.wm.shell.transition.Transitions$$ExternalSyntheticLambda4.onTransitionFinished:10 
01-13 14:29:24.666  5321  5646 D MiuiDecorationDot: releaseViews_TopCaption: taskId=778
01-13 14:29:24.666  5321  5646 D MiuiDecorationDot: releaseParentSurface_TopCaption: taskId=778 mStatusBarParent=Surface(name=StatusBar Container of Task = 778#49413)/@0x547936a
01-13 14:29:24.667  5321  5646 D MiuiDecorationBottom: releaseViews_BottomCaption: taskId=778
01-13 14:29:24.667  5321  5646 D MiuiDecorationBottom: releaseParentSurface_BottomCaption: taskId=778 mNavBarParent=Surface(name=NavigationBar Container of Task = 778#49412)/@0xc60405b
01-13 14:29:24.667  5321  5646 D SoScUtils: monitorTransitionFinished transition:android.os.BinderProxy@1cd4552 transaction: android.view.SurfaceControl$Transaction@94e3c3 mRequestCloseTransition:null mRequestOpenTransition:null mPairsOpenTransition:null mPairsOpenTransitionNull:null mRequestOpenTriggerTask:-1 mRequestCloseTriggerTask:-1 mOrientationTransition: null mPendingChange:null mMainStartingTask:-1 mSideStartingTask:-1
01-13 14:29:24.668  3278  6272 D TransitionImpl: set transition#2507 willFinishToHome totrue
01-13 14:29:24.668  3278  6272 I TransitionImpl: finishTransition: updateLastSurfacePosition tf=Task{f2c072 #778 type=standard A=10405:com.soundtherapyapp}
01-13 14:29:24.668  3278  6272 D BarFollowAnimation: Not resetBarState for  task.inTransition() = true true
01-13 14:29:24.668  3278  5491 D TransitionImpl: set transition#2508 willFinishToHome totrue
01-13 14:29:24.669  3278  5491 I TransitionImpl: home mode = 2
01-13 14:29:24.669  3278  5491 I TransitionImpl: home mode = 3
01-13 14:29:24.669  3278  5491 D Transition: setToBackByHome for Task{f2c072 #778 type=standard A=10405:com.soundtherapyapp}
01-13 14:29:24.669  3278  5491 D TaskStubImpl: setToBackByHome true for Task#778
01-13 14:29:24.669  3278  5491 D BarFollowAnimation: onTaskInfoChanedForCaptionBar Task{f2c072 #778 type=standard A=10405:com.soundtherapyapp} shouldbeVisible:false isVisible:false isOnTop:false windowMode:1 preDisplayId:-1 displayId:0 mCaptionAssociatedTask:null mIsTouchedInCaption:false
01-13 14:29:24.669  3278  5491 I TransitionImpl: finishTransition: updateLastSurfacePosition tf=Task{f2c072 #778 type=standard A=10405:com.soundtherapyapp}
01-13 14:29:24.669  3278  5491 I TransitionImpl: finishTransition: updateLastSurfacePosition tf=Task{44844cf #2 type=home I=com.miui.home/.launcher.Launcher}
01-13 14:29:24.669  3278  5491 I TransitionImpl: finishTransition: updateLastSurfacePosition tf=Task{68ecabd #1 type=home}
01-13 14:29:24.669  3278  5491 D BarFollowAnimation: onTaskInfoChanedForCaptionBar Task{f2c072 #778 type=standard A=10405:com.soundtherapyapp} shouldbeVisible:false isVisible:false isOnTop:false windowMode:1 preDisplayId:-1 displayId:0 mCaptionAssociatedTask:null mIsTouchedInCaption:false
01-13 14:29:24.670  3278  5491 D BarFollowAnimation: onTaskValishedForCaptionBar Task{f2c072 #778 type=standard A=10405:com.soundtherapyapp}
01-13 14:29:24.670  3278  5491 D SystemPerformanceHinter: endSession#HighPerfSession-d0-Transition
01-13 14:29:24.670  2033  2093 W VsyncModulator: setTransactionSchedule: Unexpected EarlyEnd
01-13 14:29:24.670  3278  4445 I AnimationScenario: Big data animation scenario state changed to: false, type is 524
01-13 14:29:24.670  5321  5646 I RemoteTransitionHandlerStubImpl: invokeAndRemoveWctCB transition is null, curWctCB: null
01-13 14:29:24.670  3278  4441 I DisplayModeDirectorImpl: SmartDisplayPolicyEnd
01-13 14:29:24.670  2033  2093 D MI-SF   : updateScene: module = 268 (Animation), value = 0, pkg = perf_interaction, Vrr = 1, mSetTpIdleFlag = 1
01-13 14:29:24.670  2033  2093 D MI-SF   : isIdleTimerSkip is 0,mSetIdleForceFlag = 0
01-13 14:29:24.670  2033  2093 D MI-SF   : updateScene mSetAnimationFlag status 0, vsync 60
01-13 14:29:24.671  3278  4605 D BarFollowAnimation: reparentAppBarToBirthParent  mCurrentTopTaskisVisible:false mAssociatedTaskisVisible:false mHomeTaskisVisible:true
01-13 14:29:24.672  3278  3403 I DisplayModeDirectorImpl: updateRefreshRateResultIfNeeded after:baseModeId=1 allowGroupSwitching=false primary=physical: (0.0 Infinity) render:  (0.0 120.0) appRequest=physical: (0.0 Infinity) render:  (0.0 120.0) idleScreenRefreshRateConfig=null mNormalModeSkipOveride: false
01-13 14:29:24.672  3278  4605 D BarFollowAnimation: checkBarStatus mReparentToOriginParent:true hasTopFullAppTask:false mHomeTask:Task{68ecabd #1 type=home} mCurrentTopTask: Task{f2c072 #778 type=standard A=10405:com.soundtherapyapp} mAssociatedTask: null homeTaskonTop:true mLastAppBarVisible:false mLastHomeBarVisible:true isInSplitScreen:false
01-13 14:29:24.672  3278  4605 D BarFollowAnimation:  showHomeNavBar  packageName = com.miui.home mNavBarState = 5
01-13 14:29:24.672  3278  3404 I WindowManager: wms.hideSurface mWin:Window{9d06dfe u0 com.miui.miwallpaper.wallpaperservice.MiuiKeyguardPictorialWallpaper} reason:(prepareSurfaceLocked) in Surface(name=com.miui.miwallpaper.wallpaperservice.MiuiKeyguardPictorialWallpaper#66)/@0x8cb7262
01-13 14:29:24.672  3278  3404 W ActivityTaskManager: Can't find TaskDisplayArea to determine support for multi window. Task id=778 attached=false
01-13 14:29:24.672  3278  3404 W ActivityTaskManager: Can't find TaskDisplayArea to determine support for multi window. Task id=778 attached=false
01-13 14:29:24.673  5321  5646 I MultiTaskingTaskRepository: onTaskVanished::taskId = 778 mTasks: 778, 8, 7, 6, 5, 4, 3, 1, 
01-13 14:29:24.673  5321  5646 D MultiTaskingTaskRepository: removeMultiTaskingTaskInfo::taskInfo.taskId = 778 current mMultiTaskingTaskInfoList: { ,5 ,4 }
01-13 14:29:24.673  5321  5646 I MultiTaskingTaskRepository: onTaskVanished::mMultiWindowTaskIdsInZOrder = [5, 4], mFullscreenTaskIdsInZOrder = []
01-13 14:29:24.673  5321  5646 D MulWinSwitchEventHandler: onForceStop taskId = 778, type = TASK_VANISH, mTouchedTaskId = -1
01-13 14:29:24.673  4686  7958 D EventBus: No subscribers registered for event class com.miui.home.recents.messages.RecentTasksChangedEvent
01-13 14:29:24.673  4686  7958 D EventBus: No subscribers registered for event class org.greenrobot.eventbus.NoSubscriberEvent
01-13 14:29:24.673  4686  6972 I MiBridge: requestThreadLevelPro ret: 314471
01-13 14:29:24.673  4686  6972 D Launcher.Boost: setDynamicVIPTaskIfNeeded::tid = 118 duration = 500
01-13 14:29:24.673  2517  2625 W MiuiBooster: "MiuiBoosterService requestThreadPriority: 10142, 2, 500, 314471"
01-13 14:29:24.673  4686  6972 E ActivityManagerWrapper: get all recent tasks force including -1 userId =0
01-13 14:29:24.674  4686  6972 E ActivityManagerWrapper: getRecentTasksForceIncludingTaskIdIfValid: getRecentTasks: size=1
01-13 14:29:24.674  4686  6972 E ActivityManagerWrapper:  mainTaskId=778   userId=0   windowMode=1   isExcludedFromRecents=false   baseIntent=Intent { act=null flag=268435456 cmp=ComponentInfo{com.soundtherapyapp/com.soundtherapyapp.MainActivity} }
01-13 14:29:24.675  4686  6972 D RecentsTaskLoader: reloadTasksData [TaskKey{id=778, stackId=0, baseIntent=Intent { flg=0x10000000 cmp=com.soundtherapyapp/.MainActivity }, userId=0, lastActiveTime=348212897, windowingMode=1, isThumbnailBlur=false, isAccessLocked=false, isScreening=false, topActivity=null, mHashCode=24100950}, title=SoundTherapyApp, titleDescription=SoundTherapyApp, bounds=null, isLaunchTarget=false, isStackTask=true, isSystemApp=false, isDockable=true, baseActivity=null, isLocked=false, mNeedHide=false, hasMultipleTasks=false, cti1Key=, cti2Key=] 
01-13 14:29:24.675  4686  6972 D TaskSnapshotCompatVV: getIsInvalidateFromTaskSnapshot, return, mTaskSnapshot=null, mTaskSnapshotClazz=null
01-13 14:29:24.676  4686  4686 E RotationHelper: setCurrentTransitionRequest: request=0
01-13 14:29:24.682  1828  3093 I vendor.qti.hardware.display.composer-service: Sensor: notify citsensorservice to trigger cwb, misForced = 0
01-13 14:29:24.682  1828  1828 I SDM     : CWB config passed by cwb_client : tappoint 1  CWB_ROI : (736.000000 70.000000 977.000000 311.000000) for display-0
01-13 14:29:24.692  4686  4686 W LanguageHelper: setPluralsVariables: 0
01-13 14:29:24.692  4686  4686 W LanguageHelper: setPluralsVariables: end
01-13 14:29:24.697  1828  2639 I SDM     : HWDeviceDRM::SetupConcurrentWriteback: Tear down the Concurrent Writeback topology
01-13 14:29:24.704  3278  4150 D NetworkMetricsTracker: handleMessage:4
01-13 14:29:24.706  1828  4133 I SDM     : NotifyCWBStatus: Notify the client about buffer (0x308441f0) status 0 for display-0.
01-13 14:29:24.706  1828  4133 I SDM     : SDMConcurrentWriteBack::ProcessCWBStatus: CWB queue is empty. Display: 0
01-13 14:29:24.708  3278  4600 I SkJpegEncoder: [mId: 274759] skia-debug Enter SkJpegEncoder::Encode.
01-13 14:29:24.708  3278  4600 W libc    : Access denied finding property "vendor.video.jpegopt.enable"
01-13 14:29:24.703  3278  3278 W TaskSnapshotPer: type=1400 audit(0.0:797169): avc:  denied  { read } for  name="u:object_r:vendor_video_mi_prop:s0" dev="tmpfs" ino=642 scontext=u:r:system_server:s0 tcontext=u:object_r:vendor_video_mi_prop:s0 tclass=file permissive=0
01-13 14:29:24.703  3278  3278 W TaskSnapshotPer: type=1400 audit(0.0:797170): avc:  denied  { read } for  name="u:object_r:vendor_video_mi_prop:s0" dev="tmpfs" ino=642 scontext=u:r:system_server:s0 tcontext=u:object_r:vendor_video_mi_prop:s0 tclass=file permissive=0
01-13 14:29:24.708  3278  4600 I SkJpegEncoder: [mId: 274759] skia-debug Enter SkJpegEncoder::Make and Options: { fQuality = 95 fDownsample = 0 fAlphaOption = 0};.
01-13 14:29:24.708  3278  4600 I SkJpegEncoder: [mId: 274759] skia-debug src.info is SkImageInfo: {IsRGB = 1, ColorType = 4, AlphaType = 2, Dimensions.width = 1440, Dimensions.height = 3200};.
01-13 14:29:24.708  3278  4600 I SkJpegEncoder: [mId: 1579] skia-debug Create a new SkJpegEncoderImpl for parallel optimazition.
01-13 14:29:24.708  3278  4600 I SkJpegEncoder: [mId: 1579] skia-debug Enter EncodeRows with numRows 3200, total iMCU rows 200.
01-13 14:29:24.709  5271  6061 D HighSpeedTrainModeController: msg.what = 10
01-13 14:29:24.710  3278  4447 D PerfStubImpl: perfLockReleaseHandler: 148397
01-13 14:29:24.710  3278  4447 D QcomSchedBoost: stopBoostInternal
01-13 14:29:24.710  3278  4447 D SchedBoost: thread tid=4686, priority is set to -10
01-13 14:29:24.710  3278  4447 D PerfStubImpl: perfLockReleaseHandler: 0
01-13 14:29:24.710  3278  4447 D QcomSchedBoost: stopBoostInternal
01-13 14:29:24.710  3278  4447 D SchedBoost: thread tid=5632, priority is set to -10
01-13 14:29:24.710  3278  4447 D PerfStubImpl: perfLockReleaseHandler: 0
01-13 14:29:24.710  3278  4447 D QcomSchedBoost: stopBoostInternal
01-13 14:29:24.710  3278  4447 D SchedBoost: thread tid=5684, priority is set to 0
01-13 14:29:24.726  3278  4132 D MiuiWifiCommonBase: band: 4, compensate: 0
01-13 14:29:24.729  5271  6441 E PhoneAdapter: get ntnphones failed, exception: java.lang.IllegalStateException: not support satellite!
01-13 14:29:24.730  2596  4119 I libsensor-boledalgo: Write:the value of channelCali C:10866.6,R:3832.4,G:4207.7,B:635.9,scales [0.768425,0.771258,0.754871,0.816696]
01-13 14:29:24.730  2596  4119 D libsensor-boledalgo: brightness:804,R:1.0,G:5388.2,B:5957.1,EVENT C:28480.0,R:8007.0,G:7594.0,B:2075.0, lux: 22.8, clone:1995
01-13 14:29:24.731  3278  4600 I SkJpegEncoder: [mId: 1579] skia-debug Going to write output data.
01-13 14:29:24.731  3278  4600 I SkJpegEncoder: [mId: 1579] skia-debug Write output data done.
01-13 14:29:24.731  3278  4600 I SkJpegEncoder: [mId: 1579] skia-debug Out EncodeRows.
01-13 14:29:24.731  3278  4600 I SkJpegEncoder: [mId: 274759] skia-debug Out SkJpegEncoder::Encode with parallelOptimize.
01-13 14:29:24.740  1841  1841 I vendor.qti.hardware.servicetrackeraidl-service: destroyService is called for service : com.android.htmlviewer/com.xiaomi.mipush.sdk.PushMessageHandler
01-13 14:29:24.744  8856 22446 D JavaheapMonitor: Java heap used=4M max=256M, proc: com.android.updater
01-13 14:29:24.744  8856 22446 V JavaheapMonitor: Check java heap usage finished! Next check delay: 300000
01-13 14:29:24.748  3278  4600 I SkJpegEncoder: [mId: 274773] skia-debug Enter SkJpegEncoder::Encode.
01-13 14:29:24.749  3278  4600 W libc    : Access denied finding property "vendor.video.jpegopt.enable"
01-13 14:29:24.749  3278  4600 W libc    : Access denied finding property "vendor.video.jpegopt.enable"
01-13 14:29:24.743  3278  3278 W TaskSnapshotPer: type=1400 audit(0.0:797171): avc:  denied  { read } for  name="u:object_r:vendor_video_mi_prop:s0" dev="tmpfs" ino=642 scontext=u:r:system_server:s0 tcontext=u:object_r:vendor_video_mi_prop:s0 tclass=file permissive=0
01-13 14:29:24.749  3278  4600 I SkJpegEncoder: [mId: 274773] skia-debug Enter SkJpegEncoder::Make and Options: { fQuality = 95 fDownsample = 0 fAlphaOption = 0};.
01-13 14:29:24.749  3278  4600 I SkJpegEncoder: [mId: 274773] skia-debug src.info is SkImageInfo: {IsRGB = 1, ColorType = 4, AlphaType = 2, Dimensions.width = 720, Dimensions.height = 1600};.
01-13 14:29:24.743  3278  3278 W TaskSnapshotPer: type=1400 audit(0.0:797172): avc:  denied  { read } for  name="u:object_r:vendor_video_mi_prop:s0" dev="tmpfs" ino=642 scontext=u:r:system_server:s0 tcontext=u:object_r:vendor_video_mi_prop:s0 tclass=file permissive=0
01-13 14:29:24.749  3278  4600 I SkJpegEncoder: [mId: 1580] skia-debug Create a new SkJpegEncoderImpl for parallel optimazition.
01-13 14:29:24.749  3278  4600 I SkJpegEncoder: [mId: 1580] skia-debug Enter EncodeRows with numRows 1600, total iMCU rows 100.
01-13 14:29:24.750  1841  1841 I vendor.qti.hardware.servicetrackeraidl-service: destroyService is called for service : com.android.htmlviewer/com.xiaomi.mipush.sdk.MessageHandleService
01-13 14:29:24.757  3278  4600 I SkJpegEncoder: [mId: 1580] skia-debug Going to write output data.
01-13 14:29:24.757  3278  4600 I SkJpegEncoder: [mId: 1580] skia-debug Write output data done.
01-13 14:29:24.757  3278  4600 I SkJpegEncoder: [mId: 1580] skia-debug Out EncodeRows.
01-13 14:29:24.757  3278  4600 I SkJpegEncoder: [mId: 274773] skia-debug Out SkJpegEncoder::Encode with parallelOptimize.
01-13 14:29:24.786  1828  2639 I SDM     : DisplayBase::CommitThread: Received Idle Timeout, panel: cmd, timeout: 70000 us
01-13 14:29:24.865  1828  3093 I vendor.qti.hardware.display.composer-service: Sensor: notify citsensorservice to trigger cwb, misForced = 1
01-13 14:29:24.865  1828  1828 I SDM     : CWB config passed by cwb_client : tappoint 1  CWB_ROI : (736.000000 70.000000 977.000000 311.000000) for display-0
01-13 14:29:24.899  1828  4133 I SDM     : NotifyCWBStatus: Notify the client about buffer (0x308455e0) status 0 for display-0.
01-13 14:29:24.900  1828  4133 I SDM     : SDMConcurrentWriteBack::ProcessCWBStatus: CWB queue is empty. Display: 0
01-13 14:29:24.931  2596  4119 I libsensor-boledalgo: Write:the value of channelCali C:10866.6,R:3832.4,G:4207.7,B:635.9,scales [0.768425,0.771258,0.754871,0.816696]
01-13 14:29:24.931  2596  4119 D libsensor-boledalgo: brightness:804,R:1.0,G:5388.2,B:5957.1,EVENT C:28465.0,R:7996.0,G:7588.0,B:2070.0, lux: 22.7, clone:1995
01-13 14:29:24.947  1828  2639 I SDM     : DisplayBase::CommitThread: Received Idle Timeout, panel: cmd, timeout: 70000 us
01-13 14:29:24.983  3278  3342 W ActivityManagerServiceImpl: Sending non-protected broadcast com.modemenhance.ACTION_MODEMWIFI_RSSI_POLL from system 5271:com.android.phone/1001 pkg com.android.phone. Callers=
01-13 14:29:24.986  3278  3419 D BroadcastQueue: Logging broadcast for com.android.phone, stopped=false, firstLaunch=false
01-13 14:29:24.988  5271  5271 D SlaveWifiManager: getWifiSlaveConnectionInfo
01-13 14:29:25.006  3278  6655 I NetworkAccelerateSwitchService: EVENT_RSSI_POLL. mRssiPoll=true
01-13 14:29:25.006  3278  6655 I NetworkAccelerateSwitchService: checkWifiRssiAndLinkSpeed rssi:59
01-13 14:29:25.006  3278  6655 I NetworkAccelerateSwitchService: checkWifiRssiAndLinkSpeed mWifiFastFade:false mWifiFastFadeAdjustThreshold:false
01-13 14:29:25.006  3278  6655 I NetworkAccelerateSwitchService: getAverageWifiRssi:58
01-13 14:29:25.006  3278  6655 D NetworkAccelerateSwitchService: checkIntervalModeChange mMovementState:false mIntervalMode:0 mIsBadLinkLayerQoE:false mBadLinkLayerQoETimes = 0
01-13 14:29:25.131  2596  4119 I libsensor-boledalgo: Write:the value of channelCali C:10866.6,R:3832.4,G:4207.7,B:635.9,scales [0.768425,0.771258,0.754871,0.816696]
01-13 14:29:25.131  2596  4119 D libsensor-boledalgo: brightness:804,R:1.0,G:5388.2,B:5957.1,EVENT C:28488.0,R:8005.0,G:7599.0,B:2062.0, lux: 22.9, clone:1995
01-13 14:29:25.171  2517  2517 W binder:2517_2: type=1400 audit(0.0:797173): avc:  denied  { getsched } for  scontext=u:r:miuibooster:s0 tcontext=u:r:kernel:s0 tclass=process permissive=0
01-13 14:29:25.174  2517  2627 E MiuiBooster: "Unkwnow sched policy:-1073741825!!!"
01-13 14:29:25.227  3278  4248 D InetDiagMessage: Destroyed 0 sockets, proto=IPPROTO_TCP, family=AF_INET, states=14
01-13 14:29:25.230  3278  4248 D InetDiagMessage: Destroyed 0 sockets, proto=IPPROTO_TCP, family=AF_INET6, states=14
01-13 14:29:25.230  3278  4248 D InetDiagMessage: Destroyed live tcp sockets for uids={10282} in 7ms
01-13 14:29:25.230  3278  4248 D ActionExecute: frozen uid = 10282 reason=check binder
01-13 14:29:25.231  3278  4248 D ExternalInterface: setUidState, uid = 10282 allow = false
01-13 14:29:25.231  3278  4248 D MiSensorServiceImpl: PowerKeeperSensor stop iUid:10282 but app has Controlled
01-13 14:29:25.236  5321  5321 D ControlCenterHeaderExpandController: onExpansionChanged: progress =  0.0
01-13 14:29:25.237  5321  5321 D ControlCenterHeaderExpandController: onExpansionChanged: progress =  0.0
01-13 14:29:25.237  5321  5321 D ControlCenterHeaderExpandController: onExpansionChanged: progress =  0.0
01-13 14:29:25.243  5321  5321 D ControlCenterHeaderExpandController: onExpansionChanged: progress =  0.0
01-13 14:29:25.250  1828  2639 I SDM     : HWDeviceDRM::SetupConcurrentWriteback: Tear down the Concurrent Writeback topology
01-13 14:29:25.251  5321  5321 D ControlCenterHeaderExpandController: onExpansionChanged: progress =  0.0
01-13 14:29:25.252  1828  3093 I vendor.qti.hardware.display.composer-service: Sensor: notify citsensorservice to trigger cwb, misForced = 0
01-13 14:29:25.253  1828  1828 I SDM     : CWB config passed by cwb_client : tappoint 1  CWB_ROI : (736.000000 70.000000 977.000000 311.000000) for display-0
01-13 14:29:25.272  2033  2033 D MI-SF   : isSupportLowBrightnessFpsSwitch current_setting_fps: 120
01-13 14:29:25.272  2033  2033 D MI-SF   : isTpIdleScene ,mAverageFrameRate is 0, 1 
01-13 14:29:25.272  2033  2033 D MI-SF   : setTpIdleFps choose FPS:60, mode:0
01-13 14:29:25.272  2033  2033 D DisplayModeController: setDesiredMode 4630946338122044307 {mode={fps=60.00 Hz, modePtr={id=2, vsyncRate=60.00 Hz, peakRefreshRate=60.00 Hz}}, emitEvent=true, force=false}
01-13 14:29:25.273  1828  1828 I SDM     : SDMDisplay::SetActiveConfigWithConstraints: display = 0, config: 2, WxH 1440x3200, fps 60@normal@60:60
01-13 14:29:25.275  2033  2033 D MI-SF   : isSupportLowBrightnessFpsSwitch current_setting_fps: 120
01-13 14:29:25.275  2033  2033 D MI-SF   : isTpIdleScene ,mAverageFrameRate is 0, 1 
01-13 14:29:25.275  2033  2033 D MI-SF   : setTpIdleFps choose FPS:60, mode:0
01-13 14:29:25.276  3278  3403 I DisplayDeviceRepository: Display device changed render timings: "内置屏幕", renderFrameRate=60.000004, presentationDeadlineNanos=16666666, appVsyncOffsetNanos=1000000, frameRateOverrides=[]
01-13 14:29:25.276  1828  1828 W SDM     : HWDeviceDRM::GetSupportedBitClkRate: Requested rate not supported: 1200000000
01-13 14:29:25.276  1828  1828 I SDM     : HWDeviceDRM::UpdateMixerAttributes: Mixer WxH 1440x3200-1 for Peripheral
01-13 14:29:25.277  3278  3401 D WindowManager: DeferredDisplayUpdater: partially applying DisplayInfo(1440 x 3200) immediately
01-13 14:29:25.277  3278  3401 W DisplayContentStubImpl:  displayMetricsChanged=false physicalDisplayChanged=false displayId=0 newUniqueId=local:4630946338122044307 currentUnique=local:4630946338122044307
01-13 14:29:25.277  3278  3401 D DisplayContentStubImpl: Display{#0 state=ON size=1440x3200 ROTATION_0} isActivityEmbeddingSplitEnable false
01-13 14:29:25.278  3278  3401 D BarFollowAnimation: pairAppearanceRegionAndWin win=Window{7f85f52 u0 com.miui.home/com.miui.home.launcher.Launcher} 0
01-13 14:29:25.278  3278  3401 D BarFollowAnimation: isAppTaskBarOnTop win:Window{7f85f52 u0 com.miui.home/com.miui.home.launcher.Launcher} (mCurrentTopTask:Task{f2c072 #778 type=standard A=10405:com.soundtherapyapp} : false); (mAssociatedTask:null : false); (mHomeTask:Task{68ecabd #1 type=home} : true); mReparentToOriginParent:true mLastAppBarVisible:false mLastHomeBarVisible:true
01-13 14:29:25.278  3278  3401 D MiuiRefreshRatePolicy: reset
01-13 14:29:25.278  3278  3278 D NetworkMetricsTracker: onDisplayChanged mIsScreenOn=true
01-13 14:29:25.280  3278  4147 D NetworkMetricsTracker: onUpdateDeviceState mIsScreenOn=true,mIsMobileDataOn=false,mIsCallStateIdle=true,mIsFeatureEnable=true,mIsStaticStatus=true,mIsCallStateLingering=false,mIsSelfStudyEnabled=false
01-13 14:29:25.281  1963  2404 D AudioFlingerImpl: setGameParameters keyvalue: screen_state=on
01-13 14:29:25.281  1963  2404 D DeviceHalAidl: [default] setParameters: parameters: "screen_state=on"
01-13 14:29:25.281  1816  3195 D PAL: API: pal_set_param: 1497: Enter: param id 8 (PAL_PARAM_ID_SCREEN_STATE)
01-13 14:29:25.281  1816  3195 D PAL: ResourceManager: setParameter: 11845: Enter param id: 8 (PAL_PARAM_ID_SCREEN_STATE)
01-13 14:29:25.281  1816  3195 I PAL: ResourceManager: setParameter: 11872: Screen State:1
01-13 14:29:25.281  1816  3195 D PAL: ResourceManager: setParameter: 13545: Exit status: 0
01-13 14:29:25.281  1816  3195 D PAL: API: pal_set_param: 1514: Exit, status 0
01-13 14:29:25.281  1963  2404 D DeviceHalAidl: [usb] setParameters: parameters: "screen_state=on"
01-13 14:29:25.281  1816  3199 D AHAL_Module: updateScreenState: usb: 1
01-13 14:29:25.282  1963  2404 D DeviceHalAidl: [r_submix] setParameters: parameters: "screen_state=on"
01-13 14:29:25.282  1816  3199 D AHAL_Module: updateScreenState: r_submix: 1
01-13 14:29:25.282  1963  2404 D DeviceHalAidl: [bluetooth] setParameters: parameters: "screen_state=on"
01-13 14:29:25.282  1816  3199 D AHAL_Module: updateScreenState: bluetooth: 1
01-13 14:29:25.282  5321  6389 D MiuiGxzwAnimView: onDisplayChanged: oldState = 2, newState = 2
01-13 14:29:25.283  1963  3075 D AudioFlingerImpl: setGameParameters keyvalue: musicCanStopFlag=false
01-13 14:29:25.283  1963  3075 D DeviceHalAidl: [default] setParameters: parameters: "musicCanStopFlag=false"
01-13 14:29:25.283  1816  3199 I AHAL_ModulePrimary_MI: setVendorParameters: parameter count 1, async: 0
01-13 14:29:25.283  1816  3199 D AHAL_ModulePrimary_MI: setVendorParameters parameters id = musicCanStopFlag val false
01-13 14:29:25.283  1816  3199 D AHAL_ModulePrimary_MI: setVendorParameters: enter miam_setParameters_v2 ret = -2
01-13 14:29:25.283  1816  3199 D AHAL_ModulePrimary_QTI: setVendorParameters: parameter count 1, async: 0
01-13 14:29:25.283  1816  3199 D AHAL_HFP_QTI: hfp_set_parameters enter
01-13 14:29:25.283  1816  3199 D AHAL_HFP_QTI: hfp_set_parameters Exit
01-13 14:29:25.283  1963  3075 D DeviceHalAidl: [usb] setParameters: parameters: "musicCanStopFlag=false"
01-13 14:29:25.283  1963  3075 E ConversionHelperAidl: Function: parseAndSetVendorParameters Line: 94 Failed 
01-13 14:29:25.283  1963  3075 D DeviceHalAidl: [r_submix] setParameters: parameters: "musicCanStopFlag=false"
01-13 14:29:25.283  1816  3199 D AHAL_ModuleRemoteSubmix: setVendorParameters: parameter count 1, async: 0
01-13 14:29:25.283  5321  5321 V AutoDensityController: on display changed 0 context dpi:586 origin dpi:600 target dpi:586
01-13 14:29:25.283  1816  3199 D AHAL_ModuleRemoteSubmix: setVendorParameters parameters id = musicCanStopFlag val false
01-13 14:29:25.283  5321  5321 D ControlCenterWindowViewController: on display changed 0
01-13 14:29:25.283  1963  3075 E ConversionHelperAidl: Function: parseAndSetVendorParameters Line: 94 Failed 
01-13 14:29:25.283  5321  5321 V AODAutoDensityController: on display changed 0 context dpi:586 origin dpi:600 target dpi:586
01-13 14:29:25.283  1963  3075 D DeviceHalAidl: [bluetooth] setParameters: parameters: "musicCanStopFlag=false"
01-13 14:29:25.283  1963  3075 E ConversionHelperAidl: Function: parseAndSetVendorParameters Line: 94 Failed 
01-13 14:29:25.283  1857  2451 D FPSMonitor: threadFuncFpsMonitor display 0, fps 60
01-13 14:29:25.284  4686  5504 W GestureStubView_Left: onDisplayChanged
01-13 14:29:25.285  4686  5504 W GestureStubView_Left: adaptRotation   currentRotation=0   mRotation=0
01-13 14:29:25.285  4686  5504 W GestureStubView_Right: onDisplayChanged
01-13 14:29:25.285  4686  5504 W GestureStubView_Right: adaptRotation   currentRotation=0   mRotation=0
01-13 14:29:25.285  4686  4686 W Launcher: onDisplayChanged: newRotation=0, mCurrentRotation=0
01-13 14:29:25.299  1828  4133 I SDM     : NotifyCWBStatus: Notify the client about buffer (0x30841750) status 0 for display-0.
01-13 14:29:25.299  1828  4133 I SDM     : SDMConcurrentWriteBack::ProcessCWBStatus: CWB queue is empty. Display: 0
01-13 14:29:25.332  2596  4119 I libsensor-boledalgo: Write:the value of channelCali C:10866.3,R:3832.2,G:4207.5,B:635.8,scales [0.768425,0.771258,0.754871,0.816696]
01-13 14:29:25.332  2596  4119 D libsensor-boledalgo: brightness:804,R:1.0,G:5388.2,B:5957.1,EVENT C:28660.0,R:8063.0,G:7653.0,B:2089.0, lux: 23.4, clone:1995
01-13 14:29:25.348  1828  2639 I SDM     : DisplayBase::CommitThread: Received Idle Timeout, panel: cmd, timeout: 70000 us
01-13 14:29:25.466  4686  4686 I TransitionCallback: clear leash = Surface(name=TL_Surface(name=Task=1#51)/@0xb451c0d_transition-leash#49428)/@0x2a35640, key = ComponentInfo{com.miui.home/com.miui.home.launcher.Launcher}#1
01-13 14:29:25.466  4686  4686 I TransitionCallback: clear leash = Surface(name=TL_Surface(name=Task=778#49411)/@0x2cc4e36_transition-leash#49427)/@0xb556dc3, key = ComponentInfo{com.soundtherapyapp/com.soundtherapyapp.MainActivity}#778
01-13 14:29:25.466  4686  4686 I TransitionCallback: clear leash = Surface(name=TL_Surface(name=WallpaperWindowToken{ff64f09 showWhenLocked=false}#59)/@0x1d38910_transition-leash#49429)/@0x9536979, key = wallpaper
01-13 14:29:25.470  1828  2639 I SDM     : HWDeviceDRM::SetupConcurrentWriteback: Tear down the Concurrent Writeback topology
01-13 14:29:25.471  1828  3093 I vendor.qti.hardware.display.composer-service: Sensor: notify citsensorservice to trigger cwb, misForced = 0
01-13 14:29:25.472  1828  1828 I SDM     : CWB config passed by cwb_client : tappoint 1  CWB_ROI : (736.000000 70.000000 977.000000 311.000000) for display-0
01-13 14:29:25.517  1834  2080 E PERFHAL-UTIL: PERFHAL-UTIL: change_node_val() 204: Failed to update node /proc/sys/walt/sched_per_task_boost with value 1109 0
01-13 14:29:25.517  1834  2080 E PERFHAL-OPTSHANDLER: PERFHAL-OPTSHANDLER: sched_reset_task_boost() 4076: can't reset task 1109
01-13 14:29:25.517  1834  2080 E PERFHAL-RESOURCEQS: PERFHAL-RESOURCEQS: RemoveAndApply() 392: Failed to reset optimization [3, 32]
01-13 14:29:25.555  1828  2639 I SDM     : DisplayBase::CommitThread: Received Idle Timeout, panel: cmd, timeout: 70000 us
01-13 14:29:25.590  1828  4133 I SDM     : NotifyCWBStatus: Notify the client about buffer (0x30841070) status 0 for display-0.
01-13 14:29:25.591  1828  4133 I SDM     : SDMConcurrentWriteBack::ProcessCWBStatus: CWB queue is empty. Display: 0
01-13 14:29:25.642  1828  2639 I SDM     : DisplayBase::CommitThread: Received Idle Timeout, panel: cmd, timeout: 70000 us
01-13 14:29:25.731  2596  4119 I libsensor-boledalgo: Write:the value of channelCali C:10866.3,R:3832.2,G:4207.5,B:635.8,scales [0.768425,0.771258,0.754871,0.816696]
01-13 14:29:25.731  2596  4119 D libsensor-boledalgo: brightness:804,R:1.0,G:5388.2,B:5957.1,EVENT C:28941.0,R:8145.0,G:7728.0,B:2105.0, lux: 24.2, clone:1995
01-13 14:29:26.131  2596  4119 I libsensor-boledalgo: Write:the value of channelCali C:10866.3,R:3832.2,G:4207.5,B:635.8,scales [0.768425,0.771258,0.754871,0.816696]
01-13 14:29:26.131  2596  4119 D libsensor-boledalgo: brightness:804,R:1.0,G:5388.2,B:5957.1,EVENT C:28866.0,R:8100.0,G:7707.0,B:2099.0, lux: 23.8, clone:1995
01-13 14:29:26.331  2596  4119 I libsensor-boledalgo: Write:the value of channelCali C:10866.3,R:3832.2,G:4207.5,B:635.8,scales [0.768425,0.771258,0.754871,0.816696]
01-13 14:29:26.331  2596  4119 D libsensor-boledalgo: brightness:804,R:1.0,G:5388.2,B:5957.1,EVENT C:28885.0,R:8103.0,G:7704.0,B:2110.0, lux: 23.7, clone:1995
01-13 14:29:26.479  3278  4439 I SmartPower: com.qualcomm.qti.workloadclassifier/10231(2107): background->idle(3002ms) R(broadcast start Intent { act=com.qualcomm.qti.workloadclassifier.APP_LAUNCH flg=0x30 xflg=0x4 pkg=com.qualcomm.qti.workloadclassifier (has extras) }) adj=800.
01-13 14:29:26.479  1692  1692 I zygote  : Delayed USAP Pool refill. New USAPs: 1
01-13 14:29:26.486  3278  4439 I SmartPower: com.milink.crossdeviceservice/10177(32154): background->idle(3001ms) R(content provider start ContentProviderRecord{16203da u0 com.milink.service/com.xiaomi.dist.handoff.AppMetaContentProvider}) adj=0.
01-13 14:29:26.504  1692  1692 D Zygote  : Forked child process 3999
01-13 14:29:26.515 21673 21673 I adbd    : in ShellService: export ANDROID_LOG_TAGS=''; exec logcat '-d' '-t' '2000'
01-13 14:29:26.531  2596  4119 I libsensor-boledalgo: Write:the value of channelCali C:10866.3,R:3832.2,G:4207.5,B:635.8,scales [0.768425,0.771258,0.754871,0.816696]
01-13 14:29:26.531  2596  4119 D libsensor-boledalgo: brightness:804,R:1.0,G:5388.2,B:5957.1,EVENT C:28777.0,R:8055.0,G:7664.0,B:2096.0, lux: 23.3, clone:1995
