--------- beginning of system
01-13 14:26:09.110  3278  4246 D ExternalInterface: setUidState, uid = 10274 allow = false
--------- beginning of main
01-13 14:26:09.110 32122   959 I AdrenoVK-0: ===== BEGIN DUMP OF OVERRIDDEN SETTINGS =====
01-13 14:26:09.110 32122   959 I AdrenoVK-0: ===== END DUMP OF OVERRIDDEN SETTINGS =====
01-13 14:26:09.110  3278  3404 I DPSImpl : com.android.server.wm.WindowState hide ime, enable touchboost
01-13 14:26:09.110  3278  3404 I DPSImpl : com.android.server.wm.WindowState hide ime, enable touchboost
01-13 14:26:09.110  3278  4246 D ExternalInterface: setUidState, uid = 10160 allow = false
01-13 14:26:09.111  3278  4246 D ExternalInterface: setUidState, uid = 10287 allow = false
01-13 14:26:09.113  3278  4246 D ExternalInterface: setUidState, uid = 10134 allow = false
01-13 14:26:09.113 32122 32122 D AppCompatDelegate: Checking for metadata for AppLocalesMetadataHolderService : Service not found
01-13 14:26:09.113  4686  4686 D PassBlur: textureState not update, view com.miui.home.launcher.BlurView{5420920 V.ED..... ........ 0,0-1440,3200 #7f0a026a app:id/launcher_blur_view} visible is true
01-13 14:26:09.113 32122 32122 I soundtherapyapp: AssetManager2(0xb400007828eb5938) locale list changing from [] to [zh-CN]
01-13 14:26:09.113  3278  3405 I MiuiWallpaperSurfaceAnimation: wallpaperOffsets:xOffset=0.0,yOffset=0.0
01-13 14:26:09.113  3278  3405 D MiuiWallpaperSurfaceAnimation: updateScaleIfNeeded mPivotX: 0.5, mPivotY: 0.5, x: 0.0, y: 0.0, zoom: 1.0740738
01-13 14:26:09.113  5321  5716 D VRI[Miui Bottom Caption of Task=1]: getMiuiFreeformStackInfo mTmpFrames.miuiFreeFormStackInfo: null
01-13 14:26:09.113  4686  5632 D com.miui.home: backgroundBlur makeBackgroundImage (ShortcutMenuLayer-6-0xb400007838efed10), blurRadius(183), blurType(-1), blurScaleRatio(0.000000)
01-13 14:26:09.113  4686  5632 D com.miui.home: backgroundBlur makeBackgroundImage (BlurView-6-0xb400007838f44d30), blurRadius(104), blurType(-1), blurScaleRatio(0.000000)
01-13 14:26:09.113  5321  5716 D VRI[Miui Bottom Caption of Task=774]: getMiuiFreeformStackInfo mTmpFrames.miuiFreeFormStackInfo: null
01-13 14:26:09.114 32122   959 D qdgralloc: Fetching IMapper5 from QtiMapper5
01-13 14:26:09.114  3278  4246 D GreezeManager: iso uid:10134 p:{30277} :true
01-13 14:26:09.116  3278 11074 D BarFollowAnimation: onTaskInfoChanedForCaptionBar Task{8b2b4d0 #774 type=standard A=10405:com.soundtherapyapp} shouldbeVisible:true isVisible:true isOnTop:true windowMode:1 preDisplayId:-1 displayId:0 mCaptionAssociatedTask:null mIsTouchedInCaption:false
01-13 14:26:09.117  4686  4686 D RecentsModel: onTaskDescriptionChanged =  taskId = 774
01-13 14:26:09.118  2033  2033 D MI-SF   : isTpIdleScene ,mAverageFrameRate is 0, 0 
01-13 14:26:09.118  2033  2033 D MI-SF   : modeGroup0 mIsSupportAutomodeForMaxFpsSetting is 0(0), getCurrentBrightness() = 737(388), mIsKeepAutoMode 0 isAutoModeAllowed() 1
01-13 14:26:09.118  2033  2033 D RefreshRateSelector: fixedMode_group: 0, isFindModeGroup 0
01-13 14:26:09.118  2033  2033 D RefreshRateSelector: find max refresh rate:120, mode Group:0
01-13 14:26:09.119 10211 10271 I iui.powerkeeper: This is sticky GC, maxfree is 33554432 minfree is 8388608
01-13 14:26:09.120 10211 10670 D JavaheapMonitor: Java heap used=7M max=256M, proc: com.miui.powerkeeper
01-13 14:26:09.120 10211 10670 V JavaheapMonitor: Check java heap usage finished! Next check delay: 300000
01-13 14:26:09.120  3278  3405 I MiuiWallpaperSurfaceAnimation: wallpaperOffsets:xOffset=0.0,yOffset=0.0
01-13 14:26:09.120  3278  3405 D MiuiWallpaperSurfaceAnimation: updateScaleIfNeeded mPivotX: 0.5, mPivotY: 0.5, x: 0.0, y: 0.0, zoom: 1.0774789
01-13 14:26:09.120 32122   959 I SnapAlloc: Graphics lib is available
01-13 14:26:09.121  4686  4686 D PassBlur: textureState not update, view com.miui.home.launcher.BlurView{5420920 V.ED..... ........ 0,0-1440,3200 #7f0a026a app:id/launcher_blur_view} visible is true
01-13 14:26:09.121  4686  5632 D com.miui.home: backgroundBlur makeBackgroundImage (ShortcutMenuLayer-6-0xb400007838efed10), blurRadius(183), blurType(-1), blurScaleRatio(0.000000)
01-13 14:26:09.121  4686  5632 D com.miui.home: backgroundBlur makeBackgroundImage (BlurView-6-0xb400007838f44d30), blurRadius(106), blurType(-1), blurScaleRatio(0.000000)
01-13 14:26:09.124 32122   959 I Adreno-UNKNOWN: Using previously loaded IMapper library.
01-13 14:26:09.125 32122   959 I AdrenoVK-0: QUALCOMM build          : 6cec7db601, Ie2229927e4
01-13 14:26:09.125 32122   959 I AdrenoVK-0: Build Date              : 09/10/25
01-13 14:26:09.125 32122   959 I AdrenoVK-0: Shader Compiler Version : E031.47.18.42
01-13 14:26:09.125 32122   959 I AdrenoVK-0: Local Branch            : 
01-13 14:26:09.125 32122   959 I AdrenoVK-0: Remote Branch           : refs/tags/AU_LINUX_ANDROID_LA.VENDOR.15.4.0.11.00.00.1088.743
01-13 14:26:09.125 32122   959 I AdrenoVK-0: Remote Branch           : NONE
01-13 14:26:09.125 32122   959 I AdrenoVK-0: Reconstruct Branch      : NOTHING
01-13 14:26:09.125 32122   959 I AdrenoVK-0: Build Config            : S P 18.0.0 AArch64
01-13 14:26:09.125 32122   959 I AdrenoVK-0: Driver Path             : /vendor/lib64/hw/vulkan.adreno.so
01-13 14:26:09.125 32122   959 I AdrenoVK-0: Driver Version          : 0800.56.1
01-13 14:26:09.125 32122   959 I AdrenoVK-0: PFP                     : 0x01500077
01-13 14:26:09.125 32122   959 I AdrenoVK-0: ME                      : 0x01500014
01-13 14:26:09.125 32122   959 I AdrenoVK-0: Application Name    : android framework
01-13 14:26:09.125 32122   959 I AdrenoVK-0: Process Name        : com.soundtherapyapp
01-13 14:26:09.125 32122   959 I AdrenoVK-0: Application Version : 0x00000000
01-13 14:26:09.125 32122   959 I AdrenoVK-0: Engine Name         : android framework
01-13 14:26:09.125 32122   959 I AdrenoVK-0: Engine Version      : 0x00000000
01-13 14:26:09.125 32122   959 I AdrenoVK-0: Api Version         : 0x00401000
01-13 14:26:09.126  2033  2033 D MI-SF   : isTpIdleScene ,mAverageFrameRate is 0, 0 
01-13 14:26:09.126  2033  2033 D MI-SF   : modeGroup0 mIsSupportAutomodeForMaxFpsSetting is 0(0), getCurrentBrightness() = 737(388), mIsKeepAutoMode 0 isAutoModeAllowed() 1
01-13 14:26:09.126  2033  2033 D RefreshRateSelector: fixedMode_group: 0, isFindModeGroup 0
01-13 14:26:09.126  2033  2033 D RefreshRateSelector: find max refresh rate:120, mode Group:0
01-13 14:26:09.127  2033  2109 D RenderEngine: makePassBlurBetterDownShader layername:Wallpaper BBQ wrapper#64
01-13 14:26:09.128 32122   959 I libEGL  : shader cache num entries: 3
01-13 14:26:09.128 32122   959 D HWUI    : [HWUI] Flag vulkan_enhance_pipeline_cache enabled
01-13 14:26:09.128 32122   959 D HWUI    : [HWUI] EnhanceVkPipelineCache is enabled
01-13 14:26:09.128 32122   959 D SKIA    : [Skia] Flag vulkan_enhance_pipeline_cache enabled
01-13 14:26:09.128 32122   959 D SKIA    : [Skia] EnhanceVkPipelineCache is true
01-13 14:26:09.129  3278  3405 I MiuiWallpaperSurfaceAnimation: wallpaperOffsets:xOffset=0.0,yOffset=0.0
01-13 14:26:09.129  3278  3405 D MiuiWallpaperSurfaceAnimation: updateScaleIfNeeded mPivotX: 0.5, mPivotY: 0.5, x: 0.0, y: 0.0, zoom: 1.0807486
01-13 14:26:09.129  4686  4686 D PassBlur: textureState not update, view com.miui.home.launcher.BlurView{5420920 V.ED..... ........ 0,0-1440,3200 #7f0a026a app:id/launcher_blur_view} visible is true
01-13 14:26:09.129 32122   965 I soundtherapyapp: AssetManager2(0xb400007828ecc098) locale list changing from [] to [zh-CN]
01-13 14:26:09.129  4686  5632 D com.miui.home: backgroundBlur makeBackgroundImage (ShortcutMenuLayer-6-0xb400007838efed10), blurRadius(183), blurType(-1), blurScaleRatio(0.000000)
01-13 14:26:09.130  4686  5632 D com.miui.home: backgroundBlur makeBackgroundImage (BlurView-6-0xb400007838f44d30), blurRadius(108), blurType(-1), blurScaleRatio(0.000000)
01-13 14:26:09.132 32122   965 D nativeloader: Configuring clns-11 for other apk /system_ext/app/miuisystem/miuisystem.apk. target_sdk_version=35, uses_libraries=ALL, library_path=/product/app/ContentCatcherOS3/lib/arm64:/product/app/ContentCatcherOS3/ContentCatcherOS3.apk!/lib/arm64-v8a:/system_ext/priv-app/RtMiCloudSDK/RtMiCloudSDK.apk!/lib/arm64-v8a:/system_ext/app/miuisystem/miuisystem.apk!/lib/arm64-v8a, permitted_path=/data:/mnt/expand
01-13 14:26:09.132 32122   965 D nativeloader: Extending system_exposed_libraries: libbinauralrenderer_wrapper.qti.so:libhoaeffects.qti.so:libmisys_jni.xiaomi.so:libpag.hyperos.so:libffavc.hyperos.so:libxiaomi_modemdumpsdx55_jni.modem.so:libxiaomi_modemdump_jni.modem.so:libmodemsmartengine_jni.modem.so:libupdateprof.qti.so:libthermalclient.qti.so:libdiag_system.qti.so:libqape.qti.so:libqesdk_ndk_platform.qti.so:liblistenjni.qti.so
01-13 14:26:09.132 32122   965 D nativeloader: Configuring clns-12 for other apk /system_ext/priv-app/RtMiCloudSDK/RtMiCloudSDK.apk. target_sdk_version=35, uses_libraries=ALL, library_path=/product/app/ContentCatcherOS3/lib/arm64:/product/app/ContentCatcherOS3/ContentCatcherOS3.apk!/lib/arm64-v8a:/system_ext/priv-app/RtMiCloudSDK/RtMiCloudSDK.apk!/lib/arm64-v8a:/system_ext/app/miuisystem/miuisystem.apk!/lib/arm64-v8a, permitted_path=/data:/mnt/expand
01-13 14:26:09.132 32122   965 D nativeloader: Extending system_exposed_libraries: libbinauralrenderer_wrapper.qti.so:libhoaeffects.qti.so:libmisys_jni.xiaomi.so:libpag.hyperos.so:libffavc.hyperos.so:libxiaomi_modemdumpsdx55_jni.modem.so:libxiaomi_modemdump_jni.modem.so:libmodemsmartengine_jni.modem.so:libupdateprof.qti.so:libthermalclient.qti.so:libdiag_system.qti.so:libqape.qti.so:libqesdk_ndk_platform.qti.so:liblistenjni.qti.so
01-13 14:26:09.132 32122   965 D ApplicationLoaders: Returning zygote-cached class loader: /system/framework/org.apache.http.legacy.jar
01-13 14:26:09.132 32122   965 D ApplicationLoaders: Returning zygote-cached class loader: /system_ext/framework/androidx.window.extensions.jar
01-13 14:26:09.132 32122   965 D ApplicationLoaders: Returning zygote-cached class loader: /system_ext/framework/androidx.window.sidecar.jar
01-13 14:26:09.133 32122   965 D nativeloader: InitLlndkLibrariesProduct: libEGL.so:libGLESv1_CM.so:libGLESv2.so:libGLESv3.so:libRS.so:libandroid_net.so:libapexsupport.so:libavf.so:libbinder_ndk.so:libc.so:libcgrouprc.so:libclang_rt.asan-aarch64-android.so:libclang_rt.asan-arm-android.so:libclang_rt.hwasan-aarch64-android.so:libcom.android.tethering.connectivity_native.so:libdl.so:libft2.so:liblog.so:libm.so:libmediandk.so:libnativewindow.so:libneuralnetworks.so:libselinux.so:libsync.so:libvendorsupport.so:libvndksupport.so:libvulkan.so
01-13 14:26:09.133 32122   965 D nativeloader: Configuring product-clns-13 for unbundled product apk /product/app/ContentCatcherOS3/ContentCatcherOS3.apk. target_sdk_version=35, uses_libraries=, library_path=/product/app/ContentCatcherOS3/lib/arm64:/product/app/ContentCatcherOS3/ContentCatcherOS3.apk!/lib/arm64-v8a:/system_ext/priv-app/RtMiCloudSDK/RtMiCloudSDK.apk!/lib/arm64-v8a:/system_ext/app/miuisystem/miuisystem.apk!/lib/arm64-v8a:/product/lib64:/system/product/lib64, permitted_path=/data:/mnt/expand:/product/lib64:/system/product/lib64
01-13 14:26:09.133 32122   965 D nativeloader: InitVndkspLibrariesProduct: VNDK is deprecated with product
01-13 14:26:09.134 32122   965 D ViewContentFactory: initViewContentFetcherClass
01-13 14:26:09.134 32122   965 D ViewContentFactory: getInterceptorPackageInfo
01-13 14:26:09.134 32122   965 D ViewContentFactory: getInitialApplication took 0ms
01-13 14:26:09.134 32122   965 D ViewContentFactory: packageInfo.packageName: com.miui.contentcatcher
01-13 14:26:09.134 32122   965 D ViewContentFactory: initViewContentFetcherClass took 1ms
01-13 14:26:09.134 32122   965 I ContentCatcher: ViewContentFetcher : ViewContentFetcher
01-13 14:26:09.134 32122   965 D ViewContentFactory: createInterceptor took 1ms
01-13 14:26:09.134  2033  2033 D MI-SF   : isTpIdleScene ,mAverageFrameRate is 0, 0 
01-13 14:26:09.134  2033  2033 D MI-SF   : modeGroup0 mIsSupportAutomodeForMaxFpsSetting is 0(0), getCurrentBrightness() = 737(388), mIsKeepAutoMode 0 isAutoModeAllowed() 1
01-13 14:26:09.134  2033  2033 D RefreshRateSelector: fixedMode_group: 0, isFindModeGroup 0
01-13 14:26:09.134  2033  2033 D RefreshRateSelector: find max refresh rate:120, mode Group:0
01-13 14:26:09.137  3278  3405 I MiuiWallpaperSurfaceAnimation: wallpaperOffsets:xOffset=0.0,yOffset=0.0
01-13 14:26:09.137  3278  3405 D MiuiWallpaperSurfaceAnimation: updateScaleIfNeeded mPivotX: 0.5, mPivotY: 0.5, x: 0.0, y: 0.0, zoom: 1.0838828
01-13 14:26:09.137  4686  4686 D PassBlur: textureState not update, view com.miui.home.launcher.BlurView{5420920 V.ED..... ........ 0,0-1440,3200 #7f0a026a app:id/launcher_blur_view} visible is true
01-13 14:26:09.138  4686  5632 D com.miui.home: backgroundBlur makeBackgroundImage (ShortcutMenuLayer-6-0xb400007838efed10), blurRadius(183), blurType(-1), blurScaleRatio(0.000000)
01-13 14:26:09.138  4686  5632 D com.miui.home: backgroundBlur makeBackgroundImage (BlurView-6-0xb400007838f44d30), blurRadius(110), blurType(-1), blurScaleRatio(0.000000)
01-13 14:26:09.138 32122 32122 D nativeloader: Load libreact_featureflagsjni.so using class loader ns clns-10 (caller=/data/app/~~6Dlh10YEc0f9fAHhsPe1UQ==/com.soundtherapyapp-HAmcsIDUe3_Y4EcOMvruYw==/base.apk): dlopen failed: library "libreact_featureflagsjni.so" not found
01-13 14:26:09.138 32122 32122 D AndroidRuntime: Shutting down VM
--------- beginning of crash
01-13 14:26:09.139 32122 32122 E AndroidRuntime: FATAL EXCEPTION: main
01-13 14:26:09.139 32122 32122 E AndroidRuntime: Process: com.soundtherapyapp, PID: 32122
01-13 14:26:09.139 32122 32122 E AndroidRuntime: java.lang.UnsatisfiedLinkError: dlopen failed: library "libreact_featureflagsjni.so" not found
01-13 14:26:09.139 32122 32122 E AndroidRuntime: 	at java.lang.Runtime.loadLibrary0(Runtime.java:1090)
01-13 14:26:09.139 32122 32122 E AndroidRuntime: 	at java.lang.Runtime.loadLibrary0(Runtime.java:1012)
01-13 14:26:09.139 32122 32122 E AndroidRuntime: 	at java.lang.System.loadLibrary(System.java:1765)
01-13 14:26:09.139 32122 32122 E AndroidRuntime: 	at com.facebook.soloader.nativeloader.SystemDelegate.loadLibrary(SystemDelegate.java:24)
01-13 14:26:09.139 32122 32122 E AndroidRuntime: 	at com.facebook.soloader.nativeloader.NativeLoader.loadLibrary(NativeLoader.java:52)
01-13 14:26:09.139 32122 32122 E AndroidRuntime: 	at com.facebook.soloader.nativeloader.NativeLoader.loadLibrary(NativeLoader.java:30)
01-13 14:26:09.139 32122 32122 E AndroidRuntime: 	at com.facebook.soloader.SoLoader.loadLibrary(SoLoader.java:812)
01-13 14:26:09.139 32122 32122 E AndroidRuntime: 	at com.facebook.react.internal.featureflags.ReactNativeFeatureFlagsCxxInterop.<clinit>(ReactNativeFeatureFlagsCxxInterop.kt:28)
01-13 14:26:09.139 32122 32122 E AndroidRuntime: 	at com.facebook.react.internal.featureflags.ReactNativeFeatureFlagsCxxAccessor.enableBridgelessArchitecture(ReactNativeFeatureFlagsCxxAccessor.kt:229)
01-13 14:26:09.139 32122 32122 E AndroidRuntime: 	at com.facebook.react.internal.featureflags.ReactNativeFeatureFlags.enableBridgelessArchitecture(ReactNativeFeatureFlags.kt:115)
01-13 14:26:09.139 32122 32122 E AndroidRuntime: 	at com.facebook.react.internal.featureflags.ReactNativeNewArchitectureFeatureFlags.enableBridgelessArchitecture(ReactNativeNewArchitectureFeatureFlags.kt:35)
01-13 14:26:09.139 32122 32122 E AndroidRuntime: 	at com.facebook.react.ReactActivityDelegate.lambda$onCreate$0(ReactActivityDelegate.java:149)
01-13 14:26:09.139 32122 32122 E AndroidRuntime: 	at com.facebook.react.ReactActivityDelegate.$r8$lambda$HPdXfLmAU1y4Wc1XbwAHziPP2WA(Unknown Source:0)
01-13 14:26:09.139 32122 32122 E AndroidRuntime: 	at com.facebook.react.ReactActivityDelegate$$ExternalSyntheticLambda0.run(D8$$SyntheticClass:0)
01-13 14:26:09.139 32122 32122 E AndroidRuntime: 	at com.facebook.systrace.Systrace.traceSection(Systrace.kt:35)
01-13 14:26:09.139 32122 32122 E AndroidRuntime: 	at com.facebook.react.ReactActivityDelegate.onCreate(ReactActivityDelegate.java:132)
01-13 14:26:09.139 32122 32122 E AndroidRuntime: 	at com.facebook.react.ReactActivity.onCreate(ReactActivity.java:61)
01-13 14:26:09.139 32122 32122 E AndroidRuntime: 	at android.app.Activity.performCreate(Activity.java:9380)
01-13 14:26:09.139 32122 32122 E AndroidRuntime: 	at android.app.Activity.performCreate(Activity.java:9323)
01-13 14:26:09.139 32122 32122 E AndroidRuntime: 	at android.app.Instrumentation.callActivityOnCreate(Instrumentation.java:1537)
01-13 14:26:09.139 32122 32122 E AndroidRuntime: 	at android.app.ActivityThread.performLaunchActivity(ActivityThread.java:4684)
01-13 14:26:09.139 32122 32122 E AndroidRuntime: 	at android.app.ActivityThread.handleLaunchActivity(ActivityThread.java:4931)
01-13 14:26:09.139 32122 32122 E AndroidRuntime: 	at android.app.servertransaction.LaunchActivityItem.execute(LaunchActivityItem.java:222)
01-13 14:26:09.139 32122 32122 E AndroidRuntime: 	at android.app.servertransaction.TransactionExecutor.executeNonLifecycleItem(TransactionExecutor.java:136)
01-13 14:26:09.139 32122 32122 E AndroidRuntime: 	at android.app.servertransaction.TransactionExecutor.executeTransactionItems(TransactionExecutor.java:106)
01-13 14:26:09.139 32122 32122 E AndroidRuntime: 	at android.app.servertransaction.TransactionExecutor.execute(TransactionExecutor.java:83)
01-13 14:26:09.139 32122 32122 E AndroidRuntime: 	at android.app.ActivityThread$H.handleMessage(ActivityThread.java:3085)
01-13 14:26:09.139 32122 32122 E AndroidRuntime: 	at android.os.Handler.dispatchMessage(Handler.java:110)
01-13 14:26:09.139 32122 32122 E AndroidRuntime: 	at android.os.Looper.loopOnce(Looper.java:267)
01-13 14:26:09.139 32122 32122 E AndroidRuntime: 	at android.os.Looper.loop(Looper.java:360)
01-13 14:26:09.139 32122 32122 E AndroidRuntime: 	at android.app.ActivityThread.main(ActivityThread.java:10088)
01-13 14:26:09.139 32122 32122 E AndroidRuntime: 	at java.lang.reflect.Method.invoke(Native Method)
01-13 14:26:09.139 32122 32122 E AndroidRuntime: 	at com.android.internal.os.RuntimeInit$MethodAndArgsCaller.run(RuntimeInit.java:616)
01-13 14:26:09.139 32122 32122 E AndroidRuntime: 	at com.android.internal.os.ZygoteInit.main(ZygoteInit.java:1113)
01-13 14:26:09.142 32122   967 W FileUtils: Failed to chmod(/data/miuilog/stability/jetrace): android.system.ErrnoException: chmod failed: EACCES (Permission denied)
01-13 14:26:09.142 32122   967 W RuntimeInitImpl: dump java trace fail /data/miuilog/stability/jetrace/2026-01-13-14-26-09-141_com.soundtherapyapp_32122.trace.tmp: open failed: EACCES (Permission denied)
01-13 14:26:09.142 32122 32122 W ScoutUtils: Failed to mkdir /data/miuilog/stability/hprof/
01-13 14:26:09.142  9162 22873 W MQSEventManager: jeoccur
01-13 14:26:09.143  9162  9459 E JavaExceptionHandler: Process: com.soundtherapyapp, PID: 32122
01-13 14:26:09.143  9162  9459 E JavaExceptionHandler: java.lang.UnsatisfiedLinkError: dlopen failed: library "libreact_featureflagsjni.so" not found
01-13 14:26:09.143  9162  9459 E JavaExceptionHandler: 	at java.lang.Runtime.loadLibrary0(Runtime.java:1090)
01-13 14:26:09.143  9162  9459 E JavaExceptionHandler: 	at java.lang.Runtime.loadLibrary0(Runtime.java:1012)
01-13 14:26:09.143  9162  9459 E JavaExceptionHandler: 	at java.lang.System.loadLibrary(System.java:1765)
01-13 14:26:09.143  9162  9459 E JavaExceptionHandler: 	at com.facebook.soloader.nativeloader.SystemDelegate.loadLibrary(SystemDelegate.java:24)
01-13 14:26:09.143  9162  9459 E JavaExceptionHandler: 	at com.facebook.soloader.nativeloader.NativeLoader.loadLibrary(NativeLoader.java:52)
01-13 14:26:09.143  9162  9459 E JavaExceptionHandler: 	at com.facebook.soloader.nativeloader.NativeLoader.loadLibrary(NativeLoader.java:30)
01-13 14:26:09.143  9162  9459 E JavaExceptionHandler: 	at com.facebook.soloader.SoLoader.loadLibrary(SoLoader.java:812)
01-13 14:26:09.143  9162  9459 E JavaExceptionHandler: 	at com.facebook.react.internal.featureflags.ReactNativeFeatureFlagsCxxInterop.<clinit>(ReactNativeFeatureFlagsCxxInterop.kt:28)
01-13 14:26:09.143  9162  9459 E JavaExceptionHandler: 	at com.facebook.react.internal.featureflags.ReactNativeFeatureFlagsCxxAccessor.enableBridgelessArchitecture(ReactNativeFeatureFlagsCxxAccessor.kt:229)
01-13 14:26:09.143  9162  9459 E JavaExceptionHandler: 	at com.facebook.react.internal.featureflags.ReactNativeFeatureFlags.enableBridgelessArchitecture(ReactNativeFeatureFlags.kt:115)
01-13 14:26:09.143  9162  9459 E JavaExceptionHandler: 	at com.facebook.react.internal.featureflags.ReactNativeNewArchitectureFeatureFlags.enableBridgelessArchitecture(ReactNativeNewArchitectureFeatureFlags.kt:35)
01-13 14:26:09.143  9162  9459 E JavaExceptionHandler: 	at com.facebook.react.ReactActivityDelegate.lambda$onCreate$0(ReactActivityDelegate.java:149)
01-13 14:26:09.143  9162  9459 E JavaExceptionHandler: 	at com.facebook.react.ReactActivityDelegate.$r8$lambda$HPdXfLmAU1y4Wc1XbwAHziPP2WA(Unknown Source:0)
01-13 14:26:09.143  9162  9459 E JavaExceptionHandler: 	at com.facebook.react.ReactActivityDelegate$$ExternalSyntheticLambda0.run(D8$$SyntheticClass:0)
01-13 14:26:09.143  9162  9459 E JavaExceptionHandler: 	at com.facebook.systrace.Systrace.traceSection(Systrace.kt:35)
01-13 14:26:09.143  9162  9459 E JavaExceptionHandler: 	at com.facebook.react.ReactActivityDelegate.onCreate(ReactActivityDelegate.java:132)
01-13 14:26:09.143  9162  9459 E JavaExceptionHandler: 	at com.facebook.react.ReactActivity.onCreate(ReactActivity.java:61)
01-13 14:26:09.143  9162  9459 E JavaExceptionHandler: 	at android.app.Activity.performCreate(Activity.java:9380)
01-13 14:26:09.143  9162  9459 E JavaExceptionHandler: 	at android.app.Activity.performCreate(Activity.java:9323)
01-13 14:26:09.143  9162  9459 E JavaExceptionHandler: 	at android.app.Instrumentation.callActivityOnCreate(Instrumentation.java:1537)
01-13 14:26:09.143  9162  9459 E JavaExceptionHandler: 	at android.app.ActivityThread.performLaunchActivity(ActivityThread.java:4684)
01-13 14:26:09.143  9162  9459 E JavaExceptionHandler: 	at android.app.ActivityThread.handleLaunchActivity(ActivityThread.java:4931)
01-13 14:26:09.143  9162  9459 E JavaExceptionHandler: 	at android.app.servertransaction.LaunchActivityItem.execute(LaunchActivityItem.java:222)
01-13 14:26:09.143  9162  9459 E JavaExceptionHandler: 	at android.app.servertransaction.TransactionExecutor.executeNonLifecycleItem(TransactionExecutor.java:136)
01-13 14:26:09.143  9162  9459 E JavaExceptionHandler: 	at android.app.servertransaction.TransactionExecutor.executeTransactionItems(TransactionExecutor.java:106)
01-13 14:26:09.143  9162  9459 E JavaExceptionHandler: 	at android.app.servertransaction.TransactionExecutor.execute(TransactionExecutor.java:83)
01-13 14:26:09.143  9162  9459 E JavaExceptionHandler: 	at android.app.ActivityThread$H.handleMessage(ActivityThread.java:3085)
01-13 14:26:09.143  9162  9459 E JavaExceptionHandler: 	at android.os.Handler.dispatchMessage(Handler.java:110)
01-13 14:26:09.143  9162  9459 E JavaExceptionHandler: 	at android.os.Looper.loopOnce(Looper.java:267)
01-13 14:26:09.143  9162  9459 E JavaExceptionHandler: 	at android.os.Looper.loop(Looper.java:360)
01-13 14:26:09.143  9162  9459 E JavaExceptionHandler: 	at android.app.ActivityThread.main(ActivityThread.java:10088)
01-13 14:26:09.143  9162  9459 E JavaExceptionHandler: 	at java.lang.reflect.Method.invoke(Native Method)
01-13 14:26:09.143  9162  9459 E JavaExceptionHandler: 	at com.android.internal.os.RuntimeInit$MethodAndArgsCaller.run(RuntimeInit.java:616)
01-13 14:26:09.143  9162  9459 E JavaExceptionHandler: 	at com.android.internal.os.ZygoteInit.main(ZygoteInit.java:1113)
01-13 14:26:09.143  2033  2033 D MI-SF   : isTpIdleScene ,mAverageFrameRate is 0, 0 
01-13 14:26:09.143  2033  2033 D MI-SF   : modeGroup0 mIsSupportAutomodeForMaxFpsSetting is 0(0), getCurrentBrightness() = 737(388), mIsKeepAutoMode 0 isAutoModeAllowed() 1
01-13 14:26:09.143  2033  2033 D RefreshRateSelector: fixedMode_group: 0, isFindModeGroup 0
01-13 14:26:09.143  2033  2033 D RefreshRateSelector: find max refresh rate:120, mode Group:0
01-13 14:26:09.143  3278 11074 I ActivityManager: note: ProcessRecord{884f200 32122:com.soundtherapyapp/u0a405} is being killed, reason: APP CRASH(EXCEPTION), sub-reason: UNKNOWN, message: crash
01-13 14:26:09.143  3278  3430 W RescuePartyPlus: RescueParty Plus is disable!
01-13 14:26:09.143  3278 11074 W ActivityTaskManager:   Force finishing activity com.soundtherapyapp/.MainActivity
01-13 14:26:09.143  3278 11074 I AnimInterruptController: mark Foresee interrupt start 2500
01-13 14:26:09.143  3278 11074 I AnimInterruptController: remove FO timeout
01-13 14:26:09.143  3278 11074 D WindowManager: Collecting in transition 2501: Task{8b2b4d0 #774 type=standard A=10405:com.soundtherapyapp} init visibleRequested:true
01-13 14:26:09.144  3278 11074 I ActivityTaskManager: moveTaskToFront: Task{44844cf #2 type=home I=com.miui.home/.launcher.Launcher} caller trace:com.android.server.wm.TaskDisplayArea.onTaskMoved:461 com.android.server.wm.Task.updateTaskMovement:1758 com.android.server.wm.TaskDisplayArea.positionChildTaskAt:425 com.android.server.wm.TaskDisplayArea.positionChildAt:386 com.android.server.wm.WindowContainer.positionChildAt:1114 com.android.server.wm.Task.positionChildAt:3565 com.android.server.wm.Task.moveToFront:6230 com.android.server.wm.Task.moveToFront:6200 com.android.server.wm.ActivityRecord.moveFocusableActivityToTop:3969 com.android.server.wm.TaskDisplayArea.moveHomeActivityToTop:1839 
01-13 14:26:09.144  3278 11074 D As.ActivityMmReduceLoadHelper: onTaskMovedToFront: mTopActivityPackageName: com.miui.home mTopActivityClassName: com.miui.home.launcher.Launcher
01-13 14:26:09.144  3278 11074 D As.ActivityMmReduceLoadHelper: onTaskMovedToFront End
01-13 14:26:09.144  3278 11074 D MiuiSoScManager: supportSoScMinimizedMode:true
01-13 14:26:09.144  3278 11074 D MiuiSoScManager: taskInSoScFullMode:false
01-13 14:26:09.144  3278 11074 D MiuiFreeFormGestureController: deliverResultForFinishActivity resultTo: null resultFrom: ActivityRecord{111799682 u0 com.soundtherapyapp/.MainActivity t774 f}} isInVideoOrGameScene: false intent: Intent { flg=0x10000000 xflg=0x5 cmp=com.soundtherapyapp/.MainActivity }
01-13 14:26:09.144  3278 11074 D WindowManager: Collecting in transition 2501: ActivityRecord{111799682 u0 com.soundtherapyapp/.MainActivity t774 f}} init visibleRequested:true
01-13 14:26:09.144  3278  3381 D AS.ReduceMmLoadingHelper: ReduceMmLoadingListener, onActivityMmReduceLoad isReduceLoad = false
01-13 14:26:09.144  3278  3381 D As.ActivityMmReduceLoadHelper: onCheckIfActivtyReduceLoad topAppName is not in foreground. Done
01-13 14:26:09.144  3278 11074 D ActivityTrigger: ActivityTrigger activityPauseTrigger 
01-13 14:26:09.144  3278 11074 D Transition: setReady 2501 wc=Task{8b2b4d0 #774 type=standard A=10405:com.soundtherapyapp} ready=false
01-13 14:26:09.144  3278 11074 I ActivityTaskManager: resumeTopActivity: Skip resume: some activity pausing.
01-13 14:26:09.144  3278 11074 I ActivityTaskManager: resumeTopActivity: Skip resume: some activity pausing.
01-13 14:26:09.144  3278 11074 D WindowManager: Collecting in transition 2501: ActivityRecord{163041850 u0 com.miui.home/.launcher.Launcher t2} init visibleRequested:false
01-13 14:26:09.144  3278 11074 D WindowManager: No need transfer starting window. onFirstWindowDrawn: true
01-13 14:26:09.144  3278 11074 I ActivityTaskManager: resumeTopActivity: Skip resume: some activity pausing.
01-13 14:26:09.144  3278 11074 D WallpaperControllerImpl: findWallpapers, containsMiuiDesktop = true, isSameMiuiWallpaper = false
01-13 14:26:09.144  3278 11074 D WallpaperControllerImpl: findWallpapers, descriptor = miui.miwallpaper.desktop.Wallpaper, canShowWhenLocked = false
01-13 14:26:09.144  3278 11074 D WindowManager: New home screen wallpaper: Window{385c784 u0 com.miui.miwallpaper.wallpaperservice.ImageWallpaper}, prev: null
01-13 14:26:09.144  3278 11074 D WallpaperControllerImpl: findWallpapers, descriptor = miui.miwallpaper.keyguard.Wallpaper, canShowWhenLocked = true
01-13 14:26:09.144  3278 11074 D WindowManager: New lock/shared screen wallpaper: Window{9d06dfe u0 com.miui.miwallpaper.wallpaperservice.MiuiKeyguardPictorialWallpaper}, prev: null
01-13 14:26:09.145  3278 11074 I TransitionImpl: home mode = 2
01-13 14:26:09.145  3278 11074 I TransitionImpl: home mode = 2
01-13 14:26:09.145  3278 11074 I TransitionImpl: home mode = 3
01-13 14:26:09.145  3278 11074 I TransitionImpl: home mode = 2
01-13 14:26:09.145  3278 11074 I TransitionImpl: home mode = 2
01-13 14:26:09.145  3278 11074 I TransitionImpl: home mode = 3
01-13 14:26:09.145  3278 11074 I TransitionImpl: home mode = 2
01-13 14:26:09.145  3278 11074 I TransitionImpl: home mode = 2
01-13 14:26:09.145  3278 11074 I TransitionImpl: home mode = 3
01-13 14:26:09.145  3278 11074 I TransitionImpl: home mode = 2
01-13 14:26:09.145  3278 11074 I TransitionImpl: home mode = 2
01-13 14:26:09.145  3278 11074 I TransitionImpl: home mode = 3
01-13 14:26:09.145  3278 11074 I WallpaperControllerImpl: updateWallpaperTokens requestedVisibility=true on keyguardLocked=false topWallpaper=Window{385c784 u0 com.miui.miwallpaper.wallpaperservice.ImageWallpaper}
01-13 14:26:09.145  3278 11074 D WindowManager: Wallpaper token android.os.Binder@eb31810 visible=true
01-13 14:26:09.145  3278 11074 D WindowManager: Collecting in transition 2501: WallpaperWindowToken{ff64f09 showWhenLocked=false} init visibleRequested:false
01-13 14:26:09.145  3278 11074 E TransitionController: Set visible without transition WallpaperWindowToken{ff64f09 showWhenLocked=false} playing=true caller=com.android.server.wm.WallpaperControllerImpl.updateWallpaperTokens:178 
01-13 14:26:09.145  3278 11074 E TransitionController: Set visible without transition WallpaperWindowToken{a04a540 showWhenLocked=true} playing=true caller=com.android.server.wm.WallpaperControllerImpl.updateWallpaperTokens:178 
01-13 14:26:09.145  3278 11074 D WindowManager: Wallpaper target=Window{7f85f52 u0 com.miui.home/com.miui.home.launcher.Launcher} prev=null
01-13 14:26:09.145  3278 11074 W AppCompatLetterboxPolicy: start not layout letterbox Window{580216e u0 LauncherOverlayWindow:com.miui.personalassistant}
01-13 14:26:09.145  3278 11074 W AppCompatLetterboxPolicy: start not layout letterbox Window{41595f6 u0 LauncherOverlayWindow:com.android.quicksearchbox}
01-13 14:26:09.145  3278 11074 D BarFollowAnimation: pairAppearanceRegionAndWin win=Window{7f85f52 u0 com.miui.home/com.miui.home.launcher.Launcher} 0
01-13 14:26:09.145  4984  5145 I DynamicDDSService: handleMessage(ACTIVITY_INVOKE{appInfo=com.miui.home isFullScreen=}true)
01-13 14:26:09.145  4984  5145 W DynamicDDSService: send appNames via QMI[com.miui.home]
01-13 14:26:09.145  3278 11074 D BarFollowAnimation: isAppTaskBarOnTop win:Window{7f85f52 u0 com.miui.home/com.miui.home.launcher.Launcher} (mCurrentTopTask:Task{8b2b4d0 #774 type=standard A=10405:com.soundtherapyapp} : true); (mAssociatedTask:Task{8b2b4d0 #774 type=standard A=10405:com.soundtherapyapp} : true); (mHomeTask:Task{68ecabd #1 type=home} : false); mReparentToOriginParent:false mLastAppBarVisible:true mLastHomeBarVisible:false
01-13 14:26:09.145  3278 11074 D BarFollowAnimation: updateSystemBarAttributes index=0 statusId=0 key=0
01-13 14:26:09.145  5321  5646 I SoScStageCoordinator: Transition requested:TransitionRequestInfo { type = CLOSE, triggerTask = TaskInfo{userId=0 taskId=774 effectiveUid=10405 displayId=0 isRunning=true baseIntent=Intent { flg=0x10000000 cmp=com.soundtherapyapp/.MainActivity } baseActivity=ComponentInfo{com.soundtherapyapp/com.soundtherapyapp.MainActivity} topActivity=ComponentInfo{com.soundtherapyapp/com.soundtherapyapp.MainActivity} origActivity=null realActivity=ComponentInfo{com.soundtherapyapp/com.soundtherapyapp.MainActivity} numActivities=1 lastActiveTime=348018333 supportsSplitScreenMultiWindow=true mSoScDisplayMode=-1 supportsMultiWindow=true resizeMode=1 isResizeable=true minWidth=-1 minHeight=-1 defaultMinSize=200 token=WCT{android.window.IWindowContainerToken$Stub$Proxy@c0faa79} topActivityType=1 pictureInPictureParams=null shouldDockBigOverlays=false launchIntoPipHostTaskId=-1 lastParentTaskIdBeforePip=-1 displayCutoutSafeInsets=Rect(0, 0 - 0, 0) topActivityInfo=ActivityInfo{b32a3be com.soundtherapyapp.MainActivity} launchCookies=[] positionInParent=Point(0, 0) parentTaskId=-1 isFocused=true isVisible=true isVisibleRequested=true isTopActivityNoDisplay=false isSleeping=false locusId=null displayAreaFeatureId=1 isTopActivityTransparent=false isActivityStackTransparent=false lastNonFullscreenBounds=Rect(372, 930 - 1068, 2370) capturedLink=null capturedLinkTimestamp=0 requestedVisibleTypes=-9 topActivityRequestOpenInBrowserEducationTimestamp=0 appCompatTaskInfo=AppCompatTaskInfo { topActivityInSizeCompat=false eligibleForLetterboxEducation= false topActivityInMiuiSizeCompat=false isLetterboxEducationEnabled= false isLetterboxDoubleTapEnabled= false eligibleForUserAspectRatioButton= false topActivityBoundsLetterboxed= false isFromLetterboxDoubleTap= false topActivityLetterboxVerticalPosition= -1 topActivityLetterboxHorizontalPosition= -1 topActivityLetterboxWidth=-1 topActivityLetterboxHeight=-1 topActivityAppBounds=Rect(0, 0 - 1440, 3200) isUserFullscreenOverrideEnabled=false isSystemFullscreenOverrideEnabled=false hasMinAspectRatioOverride=false topActivityLetterboxBounds=null cameraCompatTaskInfo=CameraCompatTaskInfo { freeformCameraCompatMode=inactive}} isImmersive=false mTopActivityRequestOrientation=-1 mStatusBarParent=null mNavBarParent=null mBehindAppLockPkg=null mOriginatingUid=0 isEmbedded=false shouldBeVisible=true isCreatedByOrganizer=false mIsCastMode=false mTopActivityMediaSize=null mTopActivityRecordName=ActivityRecord{111799682 u0 com.soundtherapyapp/.MainActivity t774} mTopActivityOrientation=-1 topActivityMainWindowFrame=null}, pipChange = null, remoteTransition = null, displayChange = null, flags = 16, debugId = 2501 } isSoScActive:false triggerTask:TaskInfo{userId=0 taskId=774 effectiveUid=10405 displayId=0 isRunning=true baseIntent=Intent { flg=0x10000000 cmp=com.soundtherapyapp/.MainActivity } baseActivity=ComponentInfo{com.soundtherapyapp/com.soundtherapyapp.MainActivity} topActivity=ComponentInfo{com.soundtherapyapp/com.soundtherapyapp.MainActivity} origActivity=null realActivity=ComponentInfo{com.soundtherapyapp/com.soundtherapyapp.MainActivity} numActivities=1 lastActiveTime=348018333 supportsSplitScreenMultiWindow=true mSoScDisplayMode=-1 supportsMultiWindow=true resizeMode=1 isResizeable=true minWidth=-1 minHeight=-1 defaultMinSize=200 token=WCT{android.window.IWindowContainerToken$Stub$Proxy@c0faa79} topActivityType=1 pictureInPictureParams=null shouldDockBigOverlays=false launchIntoPipHostTaskId=-1 lastParentTaskIdBeforePip=-1 displayCutoutSafeInsets=Rect(0, 0 - 0, 0) topActivityInfo=ActivityInfo{b32a3be com.soundtherapyapp.MainActivity} launchCookies=[] positionInParent=Point(0, 0) parentTaskId=-1 isFocused=true isVisible=true isVisibleRequested=true isTopActivityNoDisplay=false isSleeping=false locusId=null displayAreaFeatureId=1 isTopActivityTransparent=false isActivityStackTransparent=false lastNonFullscreenBounds=Rect(372, 930 - 1068, 2370) capturedLink=null capturedLinkTimestamp=0 requestedVisibleTypes=-9 topActivityRequestOpenInBrowserEducationTimestamp=0 appCompatTaskInfo=AppCom
01-13 14:26:09.145  3278  3405 I MiuiWallpaperSurfaceAnimation: wallpaperOffsets:xOffset=0.0,yOffset=0.0
01-13 14:26:09.145  3278 11074 D WindowManager: updateSystemBarAttributes displayId: 0 Window{7f85f52 u0 com.miui.home/com.miui.home.launcher.Launcher} winAppearance=
01-13 14:26:09.145  3278  3405 D MiuiWallpaperSurfaceAnimation: updateScaleIfNeeded mPivotX: 0.5, mPivotY: 0.5, x: 0.0, y: 0.0, zoom: 1.0868826
01-13 14:26:09.145  3278 11074 D MiuiRefreshRatePolicy: reset
01-13 14:26:09.145  3278 11074 I TransitionImpl: home mode = 2
01-13 14:26:09.145  3278 11074 I TransitionImpl: home mode = 2
01-13 14:26:09.145  3278 11074 I TransitionImpl: home mode = 3
01-13 14:26:09.146  3278 11074 I TransitionImpl: home mode = 2
01-13 14:26:09.146  3278 11074 I TransitionImpl: home mode = 2
01-13 14:26:09.146  3278 11074 I TransitionImpl: home mode = 3
01-13 14:26:09.146  3278 11074 I TransitionImpl: home mode = 2
01-13 14:26:09.146  3278 11074 I TransitionImpl: home mode = 2
01-13 14:26:09.146  3278 11074 I TransitionImpl: home mode = 3
01-13 14:26:09.146  3278 11074 I TransitionImpl: home mode = 2
01-13 14:26:09.146  3278 11074 I TransitionImpl: home mode = 2
01-13 14:26:09.146  3278 11074 I TransitionImpl: home mode = 3
01-13 14:26:09.146  1819  1927 I ANDR-PWR-OPT: GAMEPOWEROPT: sendEvents() 231: Start hint for app com.soundtherapyapp/com.soundtherapyapp.MainActivity/1, hintID : 4100, hintID hex : 1004 value: -1
01-13 14:26:09.146  3278  3401 D WmSystemUiDebug: on system bar attributes changed displayId=0 appearance= appearanceRegions=[AppearanceRegion{ bounds=[0,0][1440,3200]}] navbarColorManagedByIme=false behavior=1 requestedVisibleTypes=[statusBars navigationBars captionBar systemGestures mandatorySystemGestures tappableElement displayCutout windowDecor systemOverlays] packageName=com.miui.home letterboxDetails=[]
01-13 14:26:09.146  4686  4686 D PassBlur: textureState not update, view com.miui.home.launcher.BlurView{5420920 V.ED..... ........ 0,0-1440,3200 #7f0a026a app:id/launcher_blur_view} visible is true
01-13 14:26:09.146  1819  1927 I ANDR-PWR-OPT: PowerAppClassifier: getAppType() 59: checking app [com.soundtherapyapp] is type 1
01-13 14:26:09.146  1819  1927 I ANDR-PWR-OPT: GAMEPOWEROPT: isGame() 348: com.soundtherapyapp is Game = 1
01-13 14:26:09.146  2520  2827 W cnd     : AIBinder_linkToDeath is being called with a non-null cookie and no onUnlink callback set. This might not be intended. AIBinder_DeathRecipient_setOnUnlinked should be called first.
01-13 14:26:09.146  5321  5321 D CommandQueueCallback: onSystemBarAttributesChanged (0, 0)
01-13 14:26:09.146  3278  3401 I ActivityManager: Showing crash dialog for package com.soundtherapyapp u0
01-13 14:26:09.146  4686  5632 D com.miui.home: backgroundBlur makeBackgroundImage (ShortcutMenuLayer-6-0xb400007838efed10), blurRadius(183), blurType(-1), blurScaleRatio(0.000000)
01-13 14:26:09.146  3278 19886 D WindowManager: Set transition=TransitionRecord{2c0e687 id=2501 type=CLOSE flags=0x10 c=[
01-13 14:26:09.146  3278 19886 D WindowManager:    ChangeInfo{5c979b4 container=Task{44844cf #2 type=home I=com.miui.home/.launcher.Launcher} flags=0x0}
01-13 14:26:09.146  3278 19886 D WindowManager:    ChangeInfo{f15d9dd container=Display{#0 state=ON size=1440x3200 ROTATION_0} flags=0x0}
01-13 14:26:09.146  3278 19886 D WindowManager:    ChangeInfo{29d4952 container=Task{68ecabd #1 type=home} flags=0x0}
01-13 14:26:09.146  3278 19886 D WindowManager:    ChangeInfo{bb6423 container=ActivityRecord{111799682 u0 com.soundtherapyapp/.MainActivity t774 f}} flags=0x0}
01-13 14:26:09.146  3278 19886 D WindowManager:    ChangeInfo{e5e7d20 container=Task{8b2b4d0 #774 type=standard A=10405:com.soundtherapyapp} flags=0x0}
01-13 14:26:09.146  3278 19886 D WindowManager:    ChangeInfo{f1b36d9 container=DefaultTaskDisplayArea@148137897 flags=0x0}
01-13 14:26:09.146  3278 19886 D WindowManager:    ChangeInfo{e22a89e container=ActivityRecord{163041850 u0 com.miui.home/.launcher.Launcher t2} flags=0x0}
01-13 14:26:09.146  3278 19886 D WindowManager:    ChangeInfo{c561f7f container=WallpaperWindowToken{ff64f09 showWhenLocked=false} flags=0x0}
01-13 14:26:09.146  3278 19886 D WindowManager: ]
01-13 14:26:09.146  3278 19886 D WindowManager: }, ready=false, SyncId=2501 info=used=true, override=false, defer=0, states=Display{#0 state=ON size=1440x3200 ROTATION_0}:false reason=com.android.server.wm.Transition.applyReady:1263 com.android.server.wm.Transition.start:889 com.android.server.wm.WindowOrganizerController.startTransition:525 com.android.server.wm.WindowOrganizerController.startTransition:408 android.window.IWindowOrganizerController$Stub.onTransact:294 com.android.server.wm.WindowOrganizerController.onTransact:265 android.os.Binder.execTransactInternal:1433 android.os.Binder.execTransact:1372 
01-13 14:26:09.146  5321  5646 I MultiTaskingTaskRepository: needSkip::taskInfo.baseActivity = null
01-13 14:26:09.146  5321  5646 D MiuiDecorationController: relayout:: taskId=774 mRunningTaskInfo.mStatusBarParent=Surface(name=StatusBar Container of Task = 774#49325)/@0x287d0c5 taskInfo.mStatusBarParent=Surface(name=StatusBar Container of Task = 774#49325)/@0x567cc1f
01-13 14:26:09.146  5321  5646 D MiuiDecorationController: relayout:: taskId=774 mRunningTaskInfo.mNavBarParent=Surface(name=NavigationBar Container of Task = 774#49324)/@0x2ce1a1a taskInfo.mNavBarParent=Surface(name=NavigationBar Container of Task = 774#49324)/@0xc5d8b6c
01-13 14:26:09.146  5321  5646 D MiuiDecorationController: relayout::taskId=774, visible=true, bounds=Rect(0, 0 - 1440, 3200), focused=true, oldImmersive=false, newImmersive=false, windowMode=1, activityType=1, displayId=0, baseActivity=null, topActivity=null, callers=com.android.wm.shell.multitasking.miuimultiwinswitch.miuiwindowdecor.decoration.MiuiDecorationController.relayout:4 com.android.wm.shell.multitasking.miuimultiwinswitch.miuiwindowdecor.MulWinSwitchDecorViewModel.onTaskInfoChanged:18 com.android.wm.shell.multitasking.common.taskmanager.MultiTaskingTaskListener.onTaskInfoChanged:47 com.android.wm.shell.ShellTaskOrganizer.onTaskInfoChanged:129 android.window.TaskOrganizer$1.lambda$onTaskInfoChanged$6:300 
01-13 14:26:09.147 32122 32122 I Process : Process is going to kill itself!
01-13 14:26:09.147 32122 32122 I Process : java.lang.Exception
01-13 14:26:09.147 32122 32122 I Process : 	at android.os.Process.killProcess(Process.java:1449)
01-13 14:26:09.147 32122 32122 I Process : 	at com.android.internal.os.RuntimeInit$KillApplicationHandler.uncaughtException(RuntimeInit.java:205)
01-13 14:26:09.147 32122 32122 I Process : 	at java.lang.ThreadGroup.uncaughtException(ThreadGroup.java:1071)
01-13 14:26:09.147 32122 32122 I Process : 	at java.lang.ThreadGroup.uncaughtException(ThreadGroup.java:1066)
01-13 14:26:09.147 32122 32122 I Process : 	at java.lang.Thread.dispatchUncaughtException(Thread.java:2442)
01-13 14:26:09.147  5321  5646 D MiuiDecorationDot: needTopCaption: isFullscreen = true isPadDevice = false isFoldInnerScreen = false canShowCaptionWhenCasting = false
01-13 14:26:09.147 32122 32122 I Process : Sending signal. PID: 32122 SIG: 9
01-13 14:26:09.147  5321  5646 D MiuiDecorationDot: releaseViews_TopCaption: taskId=774
01-13 14:26:09.147 32122 32122 I libc    : kill: send 9 to pid 32122
01-13 14:26:09.147  5321  5646 D MiuiDecorationDot: releaseViews_TopCaption: taskId=774
01-13 14:26:09.147  5321  5646 D MiuiDecorationBottom: needBottomCaption: needShow = true
01-13 14:26:09.147  5321  5646 D MiuiDecorationBottom: updateRootView_BottomCaption: taskId = 774 needBottomCaption = true bottomCaptionView = java.lang.Object@7787147
01-13 14:26:09.147  5321  5646 D MiuiDecorationBottom: updateViews_BottomCaption: taskId=774 scale=1.0 outResult = RelayoutResult{mRoot=java.lang.Object@7787147, mCaptionX=468, mCaptionY=3162, mCaptionWidth=504.0, mCaptionHeight=60.0}
01-13 14:26:09.147  5321  5646 D MiuiDecorationBase: updateFocus: same focus
01-13 14:26:09.147 32122 32122 W libc    : Access denied finding property "ro.debuggable"
01-13 14:26:09.147 32122 32122 I libc    : debug pid reuse, real pid 32122
01-13 14:26:09.147  5321  5646 D MiuiDecorationBase: updateSampling_BottomCaption: taskId = 774 scale = 1.0 mTaskBounds = Rect(0, 0 - 1440, 3200) mCaptionVisibility = true mIsFsgestureEntered = false isRunningAnim = false isDraggingRecent = false isFreeformElude = false isDecorationShowing = true shouldEnableSampling = true
01-13 14:26:09.147  5321  5646 D MiuiDecorationBase: updateSampling_BottomCaption: samplingRect = Rect(468, 3162 - 972, 3177)
01-13 14:26:09.147  5321  5646 D MiuiDecorationBase: updateVisibility_BottomCaption: taskId=774, isRotationAnimationRunning=false, mCaptionVisible=true, isCaptionVisible=true
01-13 14:26:09.147  5321  5646 D MiuiDecorationMoveHelper: periodicallyMoveUpFirst mTaskId=774, windowingMode=1, caller=relayout
01-13 14:26:09.147  4686  5632 D com.miui.home: backgroundBlur makeBackgroundImage (BlurView-6-0xb400007838f44d30), blurRadius(111), blurType(-1), blurScaleRatio(0.000000)
01-13 14:26:09.147  5321  5646 D OneHandedController: stopOneHanded state is 0
01-13 14:26:09.147  3278  3403 I Perf[AppStartScene]: onSceneChangeNotify:Bundle[{renderThreadId=0, pid=32122, uid=10405, name=com.soundtherapyapp.MainActivity, type=1, begin=false, state=0, processName=com.soundtherapyapp, packageName=com.soundtherapyapp}]
01-13 14:26:09.148  3278  3403 D IorapForwardingService: AppLaunchObserver#onActivityLaunchCancelled! pid:31999; uid:10405; name:com.soundtherapyapp
01-13 14:26:09.148  3278 11074 E TransitionChain: Mismatch between current collecting (TransitionRecord{2c0e687 id=2501 type=CLOSE flags=0x10 c=[
01-13 14:26:09.148  3278 11074 E TransitionChain:    ChangeInfo{5c979b4 container=Task{44844cf #2 type=home I=com.miui.home/.launcher.Launcher} flags=0x0}
01-13 14:26:09.148  3278 11074 E TransitionChain:    ChangeInfo{f15d9dd container=Display{#0 state=ON size=1440x3200 ROTATION_0} flags=0x0}
01-13 14:26:09.148  3278 11074 E TransitionChain:    ChangeInfo{29d4952 container=Task{68ecabd #1 type=home} flags=0x0}
01-13 14:26:09.148  3278 11074 E TransitionChain:    ChangeInfo{bb6423 container=ActivityRecord{111799682 u0 com.soundtherapyapp/.MainActivity t774 f}} flags=0x0}
01-13 14:26:09.148  3278 11074 E TransitionChain:    ChangeInfo{e5e7d20 container=Task{8b2b4d0 #774 type=standard A=10405:com.soundtherapyapp} flags=0x0}
01-13 14:26:09.148  3278 11074 E TransitionChain:    ChangeInfo{f1b36d9 container=DefaultTaskDisplayArea@148137897 flags=0x0}
01-13 14:26:09.148  3278 11074 E TransitionChain:    ChangeInfo{e22a89e container=ActivityRecord{163041850 u0 com.miui.home/.launcher.Launcher t2} flags=0x0}
01-13 14:26:09.148  3278 11074 E TransitionChain:    ChangeInfo{c561f7f container=WallpaperWindowToken{ff64f09 showWhenLocked=false} flags=0x0}
01-13 14:26:09.148  3278 11074 E TransitionChain: ]
01-13 14:26:09.148  3278 11074 E TransitionChain: }) and chain (TransitionRecord{2c0e687 id=2501 type=CLOSE flags=0x10 c=[
01-13 14:26:09.148  3278 11074 E TransitionChain:    ChangeInfo{5c979b4 container=Task{44844cf #2 type=home I=com.miui.home/.launcher.Launcher} flags=0x0}
01-13 14:26:09.148  3278 11074 E TransitionChain:    ChangeInfo{f15d9dd container=Display{#0 state=ON size=1440x3200 ROTATION_0} flags=0x0}
01-13 14:26:09.148  3278 11074 E TransitionChain:    ChangeInfo{29d4952 container=Task{68ecabd #1 type=home} flags=0x0}
01-13 14:26:09.148  3278 11074 E TransitionChain:    ChangeInfo{bb6423 container=ActivityRecord{111799682 u0 com.soundtherapyapp/.MainActivity t774 f}} flags=0x0}
01-13 14:26:09.148  3278 11074 E TransitionChain:    ChangeInfo{e5e7d20 container=Task{8b2b4d0 #774 type=standard A=10405:com.soundtherapyapp} flags=0x0}
01-13 14:26:09.148  3278 11074 E TransitionChain:    ChangeInfo{f1b36d9 container=DefaultTaskDisplayArea@148137897 flags=0x0}
01-13 14:26:09.148  3278 11074 E TransitionChain:    ChangeInfo{e22a89e container=ActivityRecord{163041850 u0 com.miui.home/.launcher.Launcher t2} flags=0x0}
01-13 14:26:09.148  3278 11074 E TransitionChain:    ChangeInfo{c561f7f container=WallpaperWindowToken{ff64f09 showWhenLocked=false} flags=0x0}
01-13 14:26:09.148  3278 11074 E TransitionChain: ]
01-13 14:26:09.148  3278 11074 E TransitionChain: })
01-13 14:26:09.148  3278 11074 D ActivityTaskManager:  setSkipCaptureLayers tr: Task{8b2b4d0 #774 type=standard A=10405:com.soundtherapyapp}
01-13 14:26:09.148  5321  5321 D KeyguardEditorHelper: onTopActivityMayChanged, topActivity=ComponentInfo{com.miui.home/com.miui.home.launcher.Launcher}; mState=IDEL
01-13 14:26:09.148  2337  2337 D iorapd  : LbReadahead is not running
01-13 14:26:09.148  4686  4728 D EventBus: No subscribers registered for event class com.miui.home.recents.messages.RecentTasksChangedEvent
01-13 14:26:09.148  4686  4728 D EventBus: No subscribers registered for event class org.greenrobot.eventbus.NoSubscriberEvent
01-13 14:26:09.148  5321  5321 D ShadeDarkIconDispatcher: current token StatusBarToken(displayId=0, statusBarIndex=0, rawDisplayId=0)
01-13 14:26:09.148  5321  5321 D ShadeDarkIconDispatcher: receiver delegate onDarkChanged
01-13 14:26:09.148  4686  6972 E ActivityManagerWrapper: get all recent tasks force including -1 userId =0
01-13 14:26:09.149  4686  6972 E ActivityManagerWrapper: getRecentTasksForceIncludingTaskIdIfValid: getRecentTasks: size=1
01-13 14:26:09.149  4686  6972 E ActivityManagerWrapper:  mainTaskId=774   userId=0   windowMode=1   isExcludedFromRecents=false   baseIntent=Intent { act=null flag=268435456 cmp=ComponentInfo{com.soundtherapyapp/com.soundtherapyapp.MainActivity} }
01-13 14:26:09.149  4984  4244 I QmiHwInterface/SendRequestAidlCallback: <- RCV:OnResponseEvent{status=0, error message = }
01-13 14:26:09.149  2520  2520 I BpBinder: onLastStrongRef automatically unlinking death recipients: vendor.qti.hardware.data.qmiaidlservice.ISendRequestCallback
01-13 14:26:09.149  9162  9459 D DigestGenerator: digest=============com.soundtherapyappjava.lang.UnsatisfiedLinkError: dlopen failed: library "libreact_featureflagsjni.so" not found
01-13 14:26:09.149  9162  9459 D DigestGenerator: at java.lang.Runtime.loadLibrary(Runtime.java:XX)
01-13 14:26:09.149  9162  9459 D DigestGenerator: at java.lang.Runtime.loadLibrary(Runtime.java:XX)
01-13 14:26:09.149  9162  9459 D DigestGenerator: at java.lang.System.loadLibrary(System.java:XX)
01-13 14:26:09.149  9162  9459 D DigestGenerator: at com.facebook.soloader.nativeloader.SystemDelegate.loadLibrary(SystemDelegate.java:XX)
