01-13 14:23:51.218  5321  5646 D MultiTaskingAnimTarget: 	at com.android.wm.shell.transition.Transitions.lambda$playTransition$3(go/retraceme 65eef0675bf913bce2829215cbd88892b79173b491c3585387d9f76f49700d33:1)
01-13 14:23:51.218  5321  5646 D MultiTaskingAnimTarget: 	at com.android.wm.shell.transition.Transitions.$r8$lambda$96XCaSAhJXxB3nlVJy1TNPeH46k(go/retraceme 65eef0675bf913bce2829215cbd88892b79173b491c3585387d9f76f49700d33:1)
01-13 14:23:51.218  5321  5646 D MultiTaskingAnimTarget: 	at com.android.wm.shell.transition.Transitions$$ExternalSyntheticLambda4.onTransitionFinished(go/retraceme 65eef0675bf913bce2829215cbd88892b79173b491c3585387d9f76f49700d33:10)
01-13 14:23:51.218  5321  5646 D MultiTaskingAnimTarget: 	at com.android.wm.shell.transition.RemoteTransitionHandler$1$$ExternalSyntheticLambda0.run(go/retraceme 65eef0675bf913bce2829215cbd88892b79173b491c3585387d9f76f49700d33:30)
01-13 14:23:51.218  5321  5646 D MultiTaskingAnimTarget: 	at android.os.Handler.handleCallback(Handler.java:995)
01-13 14:23:51.218  5321  5646 D MultiTaskingAnimTarget: 	at android.os.Handler.dispatchMessage(Handler.java:103)
01-13 14:23:51.218  5321  5646 D MultiTaskingAnimTarget: 	at android.os.Looper.loopOnce(Looper.java:267)
01-13 14:23:51.218  5321  5646 D MultiTaskingAnimTarget: 	at android.os.Looper.loop(Looper.java:360)
01-13 14:23:51.218  5321  5646 D MultiTaskingAnimTarget: 	at android.os.HandlerThread.run(HandlerThread.java:85)
01-13 14:23:51.218  5321  5646 D MultiTaskingFolmeControl: updateBaseAnimParam taskId = 770 taskBounds : Rect(0, 0 - 1440, 3200)
01-13 14:23:51.218  5321  5646 D MultiTaskingTransitionObserver: onTransitionFinished::transition = android.os.BinderProxy@e5197e1 remoteFreeformTasks = []
01-13 14:23:51.218  5321  5646 D MultiTaskingTaskRepository: onCloseTransitionFinish taskId=770
01-13 14:23:51.218  5321  5646 D MultiTaskingTaskRepository: removeMultiTaskingTaskInfo::taskInfo.taskId = 770 current mMultiTaskingTaskInfoList: { ,770 ,5 ,4 }
01-13 14:23:51.218  5321  5646 D MultiTaskingTaskRepository: removeFullscreenTask::taskId = 770
01-13 14:23:51.218  5321  5646 I MultiTaskingTaskRepository: onCloseTransitionFinish::mMultiWindowTaskIdsInZOrder = [5, 4], mFullscreenTaskIdsInZOrder = []
01-13 14:23:51.218  5321  5646 D MultiTaskingTransitionObserver: onTransitionFinished::mRunningTransitions = 0 mRemoteOpenFreeformTransitions = []
01-13 14:23:51.218  5321  5646 D MulWinSwitchDecorViewModel: destroyWindowDecoration: taskId=770 windowingMode=1 mWindowDecorByTaskId.size()=1 callers=com.android.wm.shell.freeform.FreeformTaskTransitionObserver.onTransitionFinished:62 com.android.wm.shell.transition.Transitions.onFinish:170 com.android.wm.shell.transition.Transitions.lambda$playTransition$3:1 com.android.wm.shell.transition.Transitions.$r8$lambda$96XCaSAhJXxB3nlVJy1TNPeH46k:1 com.android.wm.shell.transition.Transitions$$ExternalSyntheticLambda4.onTransitionFinished:10 
01-13 14:23:51.218  5321  5646 D MiuiDecorationDot: releaseViews_TopCaption: taskId=770
01-13 14:23:51.218  5321  5646 D MiuiDecorationDot: releaseParentSurface_TopCaption: taskId=770 mStatusBarParent=Surface(name=StatusBar Container of Task = 770#49238)/@0x80a5a20
01-13 14:23:51.218  5321  5646 D MiuiDecorationBottom: releaseViews_BottomCaption: taskId=770
01-13 14:23:51.218  5321  5646 D MiuiDecorationBottom: releaseParentSurface_BottomCaption: taskId=770 mNavBarParent=Surface(name=NavigationBar Container of Task = 770#49237)/@0x89e4fd9
01-13 14:23:51.218  5321  5704 I MultiTaskingTaskInfo: releaseCoverLayerControl::mTaskId = 770
01-13 14:23:51.218  5321  5646 D SoScUtils: monitorTransitionFinished transition:android.os.BinderProxy@e5197e1 transaction: android.view.SurfaceControl$Transaction@3430b8b mRequestCloseTransition:null mRequestOpenTransition:null mPairsOpenTransition:null mPairsOpenTransitionNull:null mRequestOpenTriggerTask:-1 mRequestCloseTriggerTask:-1 mOrientationTransition: null mPendingChange:null mMainStartingTask:-1 mSideStartingTask:-1
01-13 14:23:51.219  3278 11074 D TransitionImpl: set transition#2493 willFinishToHome totrue
01-13 14:23:51.220  3278 11074 I TransitionImpl: finishTransition: updateLastSurfacePosition tf=Task{39f5710 #770 type=standard A=10405:com.soundtherapyapp}
01-13 14:23:51.220  3278 11074 D BarFollowAnimation: Not resetBarState for  task.inTransition() = true true
01-13 14:23:51.220  3278 19886 D TransitionImpl: set transition#2494 willFinishToHome totrue
01-13 14:23:51.220  3278 19886 I TransitionImpl: home mode = 2
01-13 14:23:51.220  3278 19886 I TransitionImpl: home mode = 3
01-13 14:23:51.221  3278 19886 D Transition: setToBackByHome for Task{39f5710 #770 type=standard A=10405:com.soundtherapyapp}
01-13 14:23:51.221  3278 19886 D TaskStubImpl: setToBackByHome true for Task#770
01-13 14:23:51.221  3278 19886 D BarFollowAnimation: onTaskInfoChanedForCaptionBar Task{39f5710 #770 type=standard A=10405:com.soundtherapyapp} shouldbeVisible:false isVisible:false isOnTop:false windowMode:1 preDisplayId:-1 displayId:0 mCaptionAssociatedTask:null mIsTouchedInCaption:false
01-13 14:23:51.221  3278 19886 I TransitionImpl: finishTransition: updateLastSurfacePosition tf=Task{39f5710 #770 type=standard A=10405:com.soundtherapyapp}
01-13 14:23:51.221  3278 19886 I TransitionImpl: finishTransition: updateLastSurfacePosition tf=Task{44844cf #2 type=home I=com.miui.home/.launcher.Launcher}
01-13 14:23:51.221  3278 19886 I TransitionImpl: finishTransition: updateLastSurfacePosition tf=Task{68ecabd #1 type=home}
01-13 14:23:51.221  3278 19886 D BarFollowAnimation: onTaskInfoChanedForCaptionBar Task{39f5710 #770 type=standard A=10405:com.soundtherapyapp} shouldbeVisible:false isVisible:false isOnTop:false windowMode:1 preDisplayId:-1 displayId:0 mCaptionAssociatedTask:null mIsTouchedInCaption:false
01-13 14:23:51.222  3278 19886 D BarFollowAnimation: onTaskValishedForCaptionBar Task{39f5710 #770 type=standard A=10405:com.soundtherapyapp}
01-13 14:23:51.222  3278 19886 D SystemPerformanceHinter: endSession#HighPerfSession-d0-Transition
01-13 14:23:51.222  2033  2092 W VsyncModulator: setTransactionSchedule: Unexpected EarlyEnd
01-13 14:23:51.222  3278  4445 I AnimationScenario: Big data animation scenario state changed to: false, type is 524
01-13 14:23:51.223  5321  5646 I RemoteTransitionHandlerStubImpl: invokeAndRemoveWctCB transition is null, curWctCB: null
01-13 14:23:51.224  3278  4605 D BarFollowAnimation: reparentAppBarToBirthParent  mCurrentTopTaskisVisible:false mAssociatedTaskisVisible:false mHomeTaskisVisible:true
01-13 14:23:51.224  3278  4605 D BarFollowAnimation: checkBarStatus mReparentToOriginParent:true hasTopFullAppTask:false mHomeTask:Task{68ecabd #1 type=home} mCurrentTopTask: Task{39f5710 #770 type=standard A=10405:com.soundtherapyapp} mAssociatedTask: null homeTaskonTop:true mLastAppBarVisible:false mLastHomeBarVisible:true isInSplitScreen:false
01-13 14:23:51.225  3278  3404 I WindowManager: wms.hideSurface mWin:Window{9d06dfe u0 com.miui.miwallpaper.wallpaperservice.MiuiKeyguardPictorialWallpaper} reason:(prepareSurfaceLocked) in Surface(name=com.miui.miwallpaper.wallpaperservice.MiuiKeyguardPictorialWallpaper#66)/@0x8cb7262
01-13 14:23:51.226  3278  4605 D BarFollowAnimation:  showHomeNavBar  packageName = com.miui.home mNavBarState = 5
01-13 14:23:51.226  3278  3404 W ActivityTaskManager: Can't find TaskDisplayArea to determine support for multi window. Task id=770 attached=false
01-13 14:23:51.226  3278  3404 W ActivityTaskManager: Can't find TaskDisplayArea to determine support for multi window. Task id=770 attached=false
01-13 14:23:51.226  4686  4686 E RotationHelper: setCurrentTransitionRequest: request=0
01-13 14:23:51.226  2033  2093 D MI-SF   : updateScene: module = 268 (Animation), value = 0, pkg = perf_interaction, Vrr = 1, mSetTpIdleFlag = 1
01-13 14:23:51.226  2033  2093 D MI-SF   : isIdleTimerSkip is 0,mSetIdleForceFlag = 0
01-13 14:23:51.226  2033  2093 D MI-SF   : updateScene mSetAnimationFlag status 0, vsync 60
01-13 14:23:51.226  3278  4441 I DisplayModeDirectorImpl: SmartDisplayPolicyEnd
01-13 14:23:51.227  5321  5646 I MultiTaskingTaskRepository: onTaskVanished::taskId = 770 mTasks: 770, 8, 7, 6, 5, 4, 3, 1, 
01-13 14:23:51.227  5321  5646 D MultiTaskingTaskRepository: removeMultiTaskingTaskInfo::taskInfo.taskId = 770 current mMultiTaskingTaskInfoList: { ,5 ,4 }
01-13 14:23:51.227  5321  5646 I MultiTaskingTaskRepository: onTaskVanished::mMultiWindowTaskIdsInZOrder = [5, 4], mFullscreenTaskIdsInZOrder = []
01-13 14:23:51.227  5321  5646 D MulWinSwitchEventHandler: onForceStop taskId = 770, type = TASK_VANISH, mTouchedTaskId = -1
01-13 14:23:51.227  3278  3403 I DisplayModeDirectorImpl: updateRefreshRateResultIfNeeded after:baseModeId=1 allowGroupSwitching=false primary=physical: (0.0 Infinity) render:  (0.0 120.0) appRequest=physical: (0.0 Infinity) render:  (0.0 120.0) idleScreenRefreshRateConfig=null mNormalModeSkipOveride: false
01-13 14:23:51.228  4686  5781 D EventBus: No subscribers registered for event class com.miui.home.recents.messages.RecentTasksChangedEvent
01-13 14:23:51.228  4686  5781 D EventBus: No subscribers registered for event class org.greenrobot.eventbus.NoSubscriberEvent
01-13 14:23:51.228  4686  6972 I MiBridge: requestThreadLevelPro ret: 600774
01-13 14:23:51.228  4686  6972 D Launcher.Boost: setDynamicVIPTaskIfNeeded::tid = 118 duration = 500
01-13 14:23:51.228  4686  6972 E ActivityManagerWrapper: get all recent tasks force including -1 userId =0
01-13 14:23:51.228  2517  2625 W MiuiBooster: "MiuiBoosterService requestThreadPriority: 10142, 2, 500, 600774"
01-13 14:23:51.229  4686  6972 E ActivityManagerWrapper: getRecentTasksForceIncludingTaskIdIfValid: getRecentTasks: size=1
01-13 14:23:51.229  4686  6972 E ActivityManagerWrapper:  mainTaskId=770   userId=0   windowMode=1   isExcludedFromRecents=false   baseIntent=Intent { act=null flag=268435456 cmp=ComponentInfo{com.soundtherapyapp/com.soundtherapyapp.MainActivity} }
01-13 14:23:51.231  4686  6972 D RecentsTaskLoader: reloadTasksData [TaskKey{id=770, stackId=0, baseIntent=Intent { flg=0x10000000 cmp=com.soundtherapyapp/.MainActivity }, userId=0, lastActiveTime=347879447, windowingMode=1, isThumbnailBlur=false, isAccessLocked=false, isScreening=false, topActivity=null, mHashCode=23862622}, title=SoundTherapyApp, titleDescription=SoundTherapyApp, bounds=null, isLaunchTarget=false, isStackTask=true, isSystemApp=false, isDockable=true, baseActivity=null, isLocked=false, mNeedHide=false, hasMultipleTasks=false, cti1Key=, cti2Key=] 
01-13 14:23:51.231  4686  6972 D TaskSnapshotCompatVV: getIsInvalidateFromTaskSnapshot, return, mTaskSnapshot=null, mTaskSnapshotClazz=null
01-13 14:23:51.240  1828  3093 I vendor.qti.hardware.display.composer-service: Sensor: notify citsensorservice to trigger cwb, misForced = 0
01-13 14:23:51.241  1828  1828 I SDM     : CWB config passed by cwb_client : tappoint 1  CWB_ROI : (736.000000 70.000000 977.000000 311.000000) for display-0
01-13 14:23:51.254  3278  4150 D NetworkMetricsTracker: handleMessage:4
01-13 14:23:51.256  1828  2639 I SDM     : HWDeviceDRM::SetupConcurrentWriteback: Tear down the Concurrent Writeback topology
01-13 14:23:51.257  5271  6061 D HighSpeedTrainModeController: msg.what = 10
01-13 14:23:51.260  3278  4447 D PerfStubImpl: perfLockReleaseHandler: 147865
01-13 14:23:51.260  3278  4447 D QcomSchedBoost: stopBoostInternal
01-13 14:23:51.260  3278  4447 D SchedBoost: thread tid=4686, priority is set to -10
01-13 14:23:51.260  3278  4447 D PerfStubImpl: perfLockReleaseHandler: 0
01-13 14:23:51.260  3278  4447 D QcomSchedBoost: stopBoostInternal
01-13 14:23:51.260  3278  4447 D SchedBoost: thread tid=5632, priority is set to -10
01-13 14:23:51.260  3278  4447 D PerfStubImpl: perfLockReleaseHandler: 0
01-13 14:23:51.260  3278  4447 D QcomSchedBoost: stopBoostInternal
01-13 14:23:51.260  3278  4447 D SchedBoost: thread tid=5684, priority is set to 0
01-13 14:23:51.261  3278  4600 I SkJpegEncoder: [mId: 274569] skia-debug Enter SkJpegEncoder::Encode.
01-13 14:23:51.261  3278  4600 W libc    : Access denied finding property "vendor.video.jpegopt.enable"
01-13 14:23:51.255  3278  3278 W TaskSnapshotPer: type=1400 audit(0.0:795716): avc:  denied  { read } for  name="u:object_r:vendor_video_mi_prop:s0" dev="tmpfs" ino=642 scontext=u:r:system_server:s0 tcontext=u:object_r:vendor_video_mi_prop:s0 tclass=file permissive=0
01-13 14:23:51.255  3278  3278 W TaskSnapshotPer: type=1400 audit(0.0:795717): avc:  denied  { read } for  name="u:object_r:vendor_video_mi_prop:s0" dev="tmpfs" ino=642 scontext=u:r:system_server:s0 tcontext=u:object_r:vendor_video_mi_prop:s0 tclass=file permissive=0
01-13 14:23:51.261  3278  4600 W libc    : Access denied finding property "vendor.video.jpegopt.enable"
01-13 14:23:51.261  3278  4600 I SkJpegEncoder: [mId: 274569] skia-debug Enter SkJpegEncoder::Make and Options: { fQuality = 95 fDownsample = 0 fAlphaOption = 0};.
01-13 14:23:51.261  3278  4600 I SkJpegEncoder: [mId: 274569] skia-debug src.info is SkImageInfo: {IsRGB = 1, ColorType = 4, AlphaType = 2, Dimensions.width = 1440, Dimensions.height = 3200};.
01-13 14:23:51.261  3278  4600 I SkJpegEncoder: [mId: 1571] skia-debug Create a new SkJpegEncoderImpl for parallel optimazition.
01-13 14:23:51.261  3278  4600 I SkJpegEncoder: [mId: 1571] skia-debug Enter EncodeRows with numRows 3200, total iMCU rows 200.
01-13 14:23:51.265  1828  4133 I SDM     : NotifyCWBStatus: Notify the client about buffer (0x30845530) status 0 for display-0.
01-13 14:23:51.266  1828  4133 I SDM     : SDMConcurrentWriteBack::ProcessCWBStatus: CWB queue is empty. Display: 0
01-13 14:23:51.285  3278  4600 I SkJpegEncoder: [mId: 1571] skia-debug Going to write output data.
01-13 14:23:51.285  3278  4600 I SkJpegEncoder: [mId: 1571] skia-debug Write output data done.
01-13 14:23:51.285  3278  4600 I SkJpegEncoder: [mId: 1571] skia-debug Out EncodeRows.
01-13 14:23:51.285  3278  4600 I SkJpegEncoder: [mId: 274569] skia-debug Out SkJpegEncoder::Encode with parallelOptimize.
01-13 14:23:51.307  3278  4600 I SkJpegEncoder: [mId: 274583] skia-debug Enter SkJpegEncoder::Encode.
01-13 14:23:51.307  3278  4600 W libc    : Access denied finding property "vendor.video.jpegopt.enable"
01-13 14:23:51.307  3278  4600 W libc    : Access denied finding property "vendor.video.jpegopt.enable"
01-13 14:23:51.303  3278  3278 W TaskSnapshotPer: type=1400 audit(0.0:795718): avc:  denied  { read } for  name="u:object_r:vendor_video_mi_prop:s0" dev="tmpfs" ino=642 scontext=u:r:system_server:s0 tcontext=u:object_r:vendor_video_mi_prop:s0 tclass=file permissive=0
01-13 14:23:51.308  3278  4600 I SkJpegEncoder: [mId: 274583] skia-debug Enter SkJpegEncoder::Make and Options: { fQuality = 95 fDownsample = 0 fAlphaOption = 0};.
01-13 14:23:51.303  3278  3278 W TaskSnapshotPer: type=1400 audit(0.0:795719): avc:  denied  { read } for  name="u:object_r:vendor_video_mi_prop:s0" dev="tmpfs" ino=642 scontext=u:r:system_server:s0 tcontext=u:object_r:vendor_video_mi_prop:s0 tclass=file permissive=0
01-13 14:23:51.308  3278  4600 I SkJpegEncoder: [mId: 274583] skia-debug src.info is SkImageInfo: {IsRGB = 1, ColorType = 4, AlphaType = 2, Dimensions.width = 720, Dimensions.height = 1600};.
01-13 14:23:51.308  3278  4600 I SkJpegEncoder: [mId: 1572] skia-debug Create a new SkJpegEncoderImpl for parallel optimazition.
01-13 14:23:51.308  3278  4600 I SkJpegEncoder: [mId: 1572] skia-debug Enter EncodeRows with numRows 1600, total iMCU rows 100.
01-13 14:23:51.318  3278  4600 I SkJpegEncoder: [mId: 1572] skia-debug Going to write output data.
01-13 14:23:51.319  3278  4600 I SkJpegEncoder: [mId: 1572] skia-debug Write output data done.
01-13 14:23:51.319  3278  4600 I SkJpegEncoder: [mId: 1572] skia-debug Out EncodeRows.
01-13 14:23:51.319  3278  4600 I SkJpegEncoder: [mId: 274583] skia-debug Out SkJpegEncoder::Encode with parallelOptimize.
01-13 14:23:51.331  2596  4119 I libsensor-boledalgo: Write:the value of channelCali C:10864.3,R:3831.4,G:4206.8,B:635.7,scales [0.768425,0.771258,0.754871,0.816696]
01-13 14:23:51.331  2596  4119 D libsensor-boledalgo: brightness:804,R:1.0,G:5388.2,B:5957.1,EVENT C:31915.0,R:8832.0,G:8311.0,B:2373.0, lux: 28.0, clone:1995
01-13 14:23:51.336  1828  2639 I SDM     : DisplayBase::CommitThread: Received Idle Timeout, panel: cmd, timeout: 70000 us
01-13 14:23:51.416  1828  3093 I vendor.qti.hardware.display.composer-service: Sensor: notify citsensorservice to trigger cwb, misForced = 1
01-13 14:23:51.418  1828  1828 I SDM     : CWB config passed by cwb_client : tappoint 1  CWB_ROI : (736.000000 70.000000 977.000000 311.000000) for display-0
01-13 14:23:51.441  1828  4133 I SDM     : NotifyCWBStatus: Notify the client about buffer (0x30844c40) status 0 for display-0.
01-13 14:23:51.441  1828  4133 I SDM     : SDMConcurrentWriteBack::ProcessCWBStatus: CWB queue is empty. Display: 0
01-13 14:23:51.495  1828  2639 I SDM     : DisplayBase::CommitThread: Received Idle Timeout, panel: cmd, timeout: 70000 us
01-13 14:23:51.499  3278  6655 I NetworkAccelerateSwitchService: EVENT_RSSI_POLL. mRssiPoll=true
01-13 14:23:51.499  3278  6655 I NetworkAccelerateSwitchService: checkWifiRssiAndLinkSpeed rssi:56
01-13 14:23:51.499  3278  6655 I NetworkAccelerateSwitchService: checkWifiRssiAndLinkSpeed mWifiFastFade:false mWifiFastFadeAdjustThreshold:false
01-13 14:23:51.500  3278  6655 I NetworkAccelerateSwitchService: getAverageWifiRssi:54
01-13 14:23:51.501  3278  6655 D NetworkAccelerateSwitchService: checkIntervalModeChange mMovementState:false mIntervalMode:0 mIsBadLinkLayerQoE:false mBadLinkLayerQoETimes = 0
01-13 14:23:51.529  1793 16246 I vendor.qti.bluetooth@1.0-ibs_handler: ProcessIbsCmd: Received IBS_WAKE_IND: 0xFD
01-13 14:23:51.529  1793 16246 D vendor.qti.bluetooth@1.0-ibs_handler: SerialClockVote: vote for UART CLK ON
01-13 14:23:51.529  1793 16246 D vendor.qti.bluetooth@1.0-wake_lock: Acquire wakelock is acquired 
01-13 14:23:51.529  1793 16246 I vendor.qti.bluetooth@1.0-ibs_handler: ProcessIbsCmd: Writing IBS_WAKE_ACK
01-13 14:23:51.531  2596  4119 I libsensor-boledalgo: Write:the value of channelCali C:10864.3,R:3831.4,G:4206.8,B:635.7,scales [0.768425,0.771258,0.754871,0.816696]
01-13 14:23:51.531  2596  4119 D libsensor-boledalgo: brightness:804,R:1.0,G:5388.2,B:5957.1,EVENT C:31905.0,R:8834.0,G:8314.0,B:2371.0, lux: 28.1, clone:1995
01-13 14:23:51.531 16169 16262 V ScanController: onScanResult() - eventType=0x10, addressType=0, address=XX:XX:XX:XX:15:B7, primaryPhy=1, secondaryPhy=0, advertisingSid=0xff, txPower=127, rssi=-57, periodicAdvInt=0x0, originalAddress=7C:25:DA:F8:15:B7
01-13 14:23:51.531 16169 16262 V ScanController: Skipping client: permission=true matches=false
01-13 14:23:51.531 16169 16262 V ScanController: Skipping client: permission=true matches=false
01-13 14:23:51.531 16169 16262 V ScanController: Skipping client: permission=true matches=false
01-13 14:23:51.531 16169 16262 V ScanController: Skipping client: permission=true matches=false
01-13 14:23:51.532  6522 16417 D DeviceNickName_Plugin: data type: SUPPORT_REDMI_KERBOARD_FAST, []
01-13 14:23:51.532  6522 16417 E MiuiFastConnectService_Plugin: check adv data not fast connect
01-13 14:23:51.570  1793 16246 I vendor.qti.bluetooth@1.0-ibs_handler: ProcessIbsCmd: Received IBS_SLEEP_IND: 0xFE
01-13 14:23:51.570  1793 16246 D vendor.qti.bluetooth@1.0-ibs_handler: SerialClockVote: vote for UART CLK OFF
01-13 14:23:51.614  9955 20932 D JavaheapMonitor: Java heap used=13M max=512M, proc: com.sohu.inputmethod.sogou.xiaomi
01-13 14:23:51.615  9955 20932 V JavaheapMonitor: Check java heap usage finished! Next check delay: 300000
01-13 14:23:51.721  1793 16238 D vendor.qti.bluetooth@1.0-wake_lock: Release wakelock is released 
01-13 14:23:51.729  2517  2627 E MiuiBooster: "Unkwnow sched policy:-1073741825!!!"
01-13 14:23:51.723  2517  2517 W binder:2517_2: type=1400 audit(0.0:795720): avc:  denied  { getsched } for  scontext=u:r:miuibooster:s0 tcontext=u:r:kernel:s0 tclass=process permissive=0
01-13 14:23:51.731  2596  4119 I libsensor-boledalgo: Write:the value of channelCali C:10864.3,R:3831.4,G:4206.8,B:635.7,scales [0.768425,0.771258,0.754871,0.816696]
01-13 14:23:51.731  2596  4119 D libsensor-boledalgo: brightness:804,R:1.0,G:5388.2,B:5957.1,EVENT C:31899.0,R:8816.0,G:8304.0,B:2378.0, lux: 27.8, clone:1995
01-13 14:23:51.823  2033  2033 D MI-SF   : isSupportLowBrightnessFpsSwitch current_setting_fps: 120
01-13 14:23:51.823  2033  2033 D MI-SF   : isTpIdleScene ,mAverageFrameRate is 0, 1 
01-13 14:23:51.823  2033  2033 D MI-SF   : setTpIdleFps choose FPS:60, mode:0
01-13 14:23:51.823  2033  2033 D DisplayModeController: setDesiredMode 4630946338122044307 {mode={fps=60.00 Hz, modePtr={id=2, vsyncRate=60.00 Hz, peakRefreshRate=60.00 Hz}}, emitEvent=true, force=false}
01-13 14:23:51.823  1828  1828 I SDM     : SDMDisplay::SetActiveConfigWithConstraints: display = 0, config: 2, WxH 1440x3200, fps 60@normal@60:60
01-13 14:23:51.826  2033  2033 D MI-SF   : isSupportLowBrightnessFpsSwitch current_setting_fps: 120
01-13 14:23:51.826  2033  2033 D MI-SF   : isTpIdleScene ,mAverageFrameRate is 0, 1 
01-13 14:23:51.826  2033  2033 D MI-SF   : setTpIdleFps choose FPS:60, mode:0
01-13 14:23:51.827  1828  1828 W SDM     : HWDeviceDRM::GetSupportedBitClkRate: Requested rate not supported: 1200000000
01-13 14:23:51.827  1828  1828 I SDM     : HWDeviceDRM::UpdateMixerAttributes: Mixer WxH 1440x3200-1 for Peripheral
01-13 14:23:51.827  3278  3403 I DisplayDeviceRepository: Display device changed render timings: "内置屏幕", renderFrameRate=60.000004, presentationDeadlineNanos=16666666, appVsyncOffsetNanos=1000000, frameRateOverrides=[]
01-13 14:23:51.827  3278  3401 D WindowManager: DeferredDisplayUpdater: partially applying DisplayInfo(1440 x 3200) immediately
01-13 14:23:51.827  3278  3278 D NetworkMetricsTracker: onDisplayChanged mIsScreenOn=true
01-13 14:23:51.827  3278  3401 W DisplayContentStubImpl:  displayMetricsChanged=false physicalDisplayChanged=false displayId=0 newUniqueId=local:4630946338122044307 currentUnique=local:4630946338122044307
01-13 14:23:51.827  3278  3401 D DisplayContentStubImpl: Display{#0 state=ON size=1440x3200 ROTATION_0} isActivityEmbeddingSplitEnable false
01-13 14:23:51.828  1963  4293 D AudioFlingerImpl: setGameParameters keyvalue: screen_state=on
01-13 14:23:51.828  3278  3401 D BarFollowAnimation: pairAppearanceRegionAndWin win=Window{7f85f52 u0 com.miui.home/com.miui.home.launcher.Launcher} 0
01-13 14:23:51.828  1828  2639 I SDM     : HWDeviceDRM::SetupConcurrentWriteback: Tear down the Concurrent Writeback topology
01-13 14:23:51.828  1963  4293 D DeviceHalAidl: [default] setParameters: parameters: "screen_state=on"
01-13 14:23:51.828  3278  3401 D BarFollowAnimation: isAppTaskBarOnTop win:Window{7f85f52 u0 com.miui.home/com.miui.home.launcher.Launcher} (mCurrentTopTask:Task{39f5710 #770 type=standard A=10405:com.soundtherapyapp} : false); (mAssociatedTask:null : false); (mHomeTask:Task{68ecabd #1 type=home} : true); mReparentToOriginParent:true mLastAppBarVisible:false mLastHomeBarVisible:true
01-13 14:23:51.828  1816  3195 D PAL: API: pal_set_param: 1497: Enter: param id 8 (PAL_PARAM_ID_SCREEN_STATE)
01-13 14:23:51.828  1816  3195 D PAL: ResourceManager: setParameter: 11845: Enter param id: 8 (PAL_PARAM_ID_SCREEN_STATE)
01-13 14:23:51.828  1816  3195 I PAL: ResourceManager: setParameter: 11872: Screen State:1
01-13 14:23:51.828  1816  3195 D PAL: ResourceManager: setParameter: 13545: Exit status: 0
01-13 14:23:51.828  1816  3195 D PAL: API: pal_set_param: 1514: Exit, status 0
01-13 14:23:51.829  1963  4293 D DeviceHalAidl: [usb] setParameters: parameters: "screen_state=on"
01-13 14:23:51.829  1816  3195 D AHAL_Module: updateScreenState: usb: 1
01-13 14:23:51.829  3278  3401 D MiuiRefreshRatePolicy: reset
01-13 14:23:51.829  1963  4293 D DeviceHalAidl: [r_submix] setParameters: parameters: "screen_state=on"
01-13 14:23:51.829  1816  3195 D AHAL_Module: updateScreenState: r_submix: 1
01-13 14:23:51.829  1963  4293 D DeviceHalAidl: [bluetooth] setParameters: parameters: "screen_state=on"
01-13 14:23:51.829  1816  3199 D AHAL_Module: updateScreenState: bluetooth: 1
01-13 14:23:51.830  1828  3093 I vendor.qti.hardware.display.composer-service: Sensor: notify citsensorservice to trigger cwb, misForced = 0
01-13 14:23:51.830  3278  4147 D NetworkMetricsTracker: onUpdateDeviceState mIsScreenOn=true,mIsMobileDataOn=false,mIsCallStateIdle=true,mIsFeatureEnable=true,mIsStaticStatus=true,mIsCallStateLingering=false,mIsSelfStudyEnabled=false
01-13 14:23:51.830  1963  4293 D AudioFlingerImpl: setGameParameters keyvalue: musicCanStopFlag=false
01-13 14:23:51.830  1963  4293 D DeviceHalAidl: [default] setParameters: parameters: "musicCanStopFlag=false"
01-13 14:23:51.830  1816  3199 I AHAL_ModulePrimary_MI: setVendorParameters: parameter count 1, async: 0
01-13 14:23:51.830  1816  3199 D AHAL_ModulePrimary_MI: setVendorParameters parameters id = musicCanStopFlag val false
01-13 14:23:51.830  1816  3199 D AHAL_ModulePrimary_MI: setVendorParameters: enter miam_setParameters_v2 ret = -2
01-13 14:23:51.830  1816  3199 D AHAL_ModulePrimary_QTI: setVendorParameters: parameter count 1, async: 0
01-13 14:23:51.830  1816  3199 D AHAL_HFP_QTI: hfp_set_parameters enter
01-13 14:23:51.830  1816  3199 D AHAL_HFP_QTI: hfp_set_parameters Exit
01-13 14:23:51.831  1963  4293 D DeviceHalAidl: [usb] setParameters: parameters: "musicCanStopFlag=false"
01-13 14:23:51.831  1963  4293 E ConversionHelperAidl: Function: parseAndSetVendorParameters Line: 94 Failed 
01-13 14:23:51.831  1963  4293 D DeviceHalAidl: [r_submix] setParameters: parameters: "musicCanStopFlag=false"
01-13 14:23:51.831  1816  3195 D AHAL_ModuleRemoteSubmix: setVendorParameters: parameter count 1, async: 0
01-13 14:23:51.831  1816  3195 D AHAL_ModuleRemoteSubmix: setVendorParameters parameters id = musicCanStopFlag val false
01-13 14:23:51.831  1963  4293 E ConversionHelperAidl: Function: parseAndSetVendorParameters Line: 94 Failed 
01-13 14:23:51.831  1828  1828 I SDM     : CWB config passed by cwb_client : tappoint 1  CWB_ROI : (736.000000 70.000000 977.000000 311.000000) for display-0
01-13 14:23:51.831  1963  4293 D DeviceHalAidl: [bluetooth] setParameters: parameters: "musicCanStopFlag=false"
01-13 14:23:51.831  1963  4293 E ConversionHelperAidl: Function: parseAndSetVendorParameters Line: 94 Failed 
01-13 14:23:51.831  4686  5504 W GestureStubView_Left: onDisplayChanged
01-13 14:23:51.831  4686  5504 W GestureStubView_Left: adaptRotation   currentRotation=0   mRotation=0
01-13 14:23:51.831  4686  5504 W GestureStubView_Right: onDisplayChanged
01-13 14:23:51.831  4686  5504 W GestureStubView_Right: adaptRotation   currentRotation=0   mRotation=0
01-13 14:23:51.831  4686  4686 W Launcher: onDisplayChanged: newRotation=0, mCurrentRotation=0
01-13 14:23:51.832  5321  6389 D MiuiGxzwAnimView: onDisplayChanged: oldState = 2, newState = 2
01-13 14:23:51.832  5321  5321 V AutoDensityController: on display changed 0 context dpi:586 origin dpi:600 target dpi:586
01-13 14:23:51.832  5321  5321 D ControlCenterWindowViewController: on display changed 0
01-13 14:23:51.832  5321  5321 V AODAutoDensityController: on display changed 0 context dpi:586 origin dpi:600 target dpi:586
01-13 14:23:51.834  3278  3404 W Choreographer: Frame time is 0.015321 ms in the future!  Check that graphics HAL is generating vsync timestamps using the correct timebase.
01-13 14:23:51.835  1857  2451 D FPSMonitor: threadFuncFpsMonitor display 0, fps 60
01-13 14:23:51.865  3278 11074 W ActivityManagerServiceImpl: Sending non-protected broadcast com.modemenhance.ACTION_MODEMWIFI_RSSI_POLL from system 5271:com.android.phone/1001 pkg com.android.phone. Callers=
01-13 14:23:51.867  3278  3419 D BroadcastQueue: Logging broadcast for com.android.phone, stopped=false, firstLaunch=false
01-13 14:23:51.868  5271  5271 D SlaveWifiManager: getWifiSlaveConnectionInfo
01-13 14:23:51.874  4778  8996 D JavaheapMonitor: Java heap used=17M max=256M, proc: com.miui.miwallpaper
01-13 14:23:51.874  4778  8996 V JavaheapMonitor: Check java heap usage finished! Next check delay: 300000
01-13 14:23:51.899  1828  2639 I SDM     : DisplayBase::CommitThread: Received Idle Timeout, panel: cmd, timeout: 70000 us
01-13 14:23:51.914  9162  9516 D JavaheapMonitor: Java heap used=11M max=256M, proc: com.miui.daemon
01-13 14:23:51.914  9162  9516 V JavaheapMonitor: Check java heap usage finished! Next check delay: 300000
01-13 14:23:51.931  2596  4119 I libsensor-boledalgo: Write:the value of channelCali C:10864.3,R:3831.4,G:4206.8,B:635.7,scales [0.768425,0.771258,0.754871,0.816696]
01-13 14:23:51.931  2596  4119 D libsensor-boledalgo: brightness:804,R:1.0,G:5388.2,B:5957.1,EVENT C:31905.0,R:8834.0,G:8314.0,B:2371.0, lux: 28.1, clone:1995
01-13 14:23:51.976  1828  2639 I SDM     : DisplayBase::CommitThread: Received Idle Timeout, panel: cmd, timeout: 70000 us
01-13 14:23:52.007  1828  4133 I SDM     : NotifyCWBStatus: Notify the client about buffer (0x30844090) status 0 for display-0.
01-13 14:23:52.008  1828  4133 I SDM     : SDMConcurrentWriteBack::ProcessCWBStatus: CWB queue is empty. Display: 0
01-13 14:23:52.016  4686  4686 I TransitionCallback: clear leash = Surface(name=TL_Surface(name=Task=1#51)/@0x90045fe_transition-leash#49251)/@0xccbb26b, key = ComponentInfo{com.miui.home/com.miui.home.launcher.Launcher}#1
01-13 14:23:52.016  4686  4686 I TransitionCallback: clear leash = Surface(name=TL_Surface(name=Task=770#49235)/@0xbb04803_transition-leash#49250)/@0xcd81ce5, key = ComponentInfo{com.soundtherapyapp/com.soundtherapyapp.MainActivity}#770
01-13 14:23:52.016  4686  4686 I TransitionCallback: clear leash = Surface(name=TL_Surface(name=WallpaperWindowToken{ff64f09 showWhenLocked=false}#59)/@0x4a22c75_transition-leash#49252)/@0xcd9c1c8, key = wallpaper
01-13 14:23:52.019  1828  2639 I SDM     : HWDeviceDRM::SetupConcurrentWriteback: Tear down the Concurrent Writeback topology
01-13 14:23:52.037  1828  3093 I vendor.qti.hardware.display.composer-service: Sensor: notify citsensorservice to trigger cwb, misForced = 0
01-13 14:23:52.038  1828  1828 I SDM     : CWB config passed by cwb_client : tappoint 1  CWB_ROI : (736.000000 70.000000 977.000000 311.000000) for display-0
01-13 14:23:52.051  1834  2080 E PERFHAL-UTIL: PERFHAL-UTIL: change_node_val() 204: Failed to update node /proc/sys/walt/sched_per_task_boost with value 30731 0
01-13 14:23:52.052  1834  2080 E PERFHAL-OPTSHANDLER: PERFHAL-OPTSHANDLER: sched_reset_task_boost() 4076: can't reset task 30731
01-13 14:23:52.052  1834  2080 E PERFHAL-RESOURCEQS: PERFHAL-RESOURCEQS: RemoveAndApply() 392: Failed to reset optimization [3, 32]
01-13 14:23:52.107  1828  2639 I SDM     : DisplayBase::CommitThread: Received Idle Timeout, panel: cmd, timeout: 70000 us
01-13 14:23:52.130  2596  4119 I libsensor-boledalgo: Write:the value of channelCali C:10864.3,R:3831.4,G:4206.8,B:635.7,scales [0.768425,0.771258,0.754871,0.816696]
01-13 14:23:52.130  2596  4119 D libsensor-boledalgo: brightness:804,R:1.0,G:5388.2,B:5957.1,EVENT C:32038.0,R:8871.0,G:8381.0,B:2389.0, lux: 28.8, clone:1995
01-13 14:23:52.130  3278  4132 D MiuiWifiCommonBase: band: 4, compensate: 0
01-13 14:23:52.133  5271  6109 E PhoneAdapter: get ntnphones failed, exception: java.lang.IllegalStateException: not support satellite!
01-13 14:23:52.141  1828  4133 I SDM     : NotifyCWBStatus: Notify the client about buffer (0x308457f0) status 0 for display-0.
01-13 14:23:52.141  1828  4133 I SDM     : SDMConcurrentWriteBack::ProcessCWBStatus: CWB queue is empty. Display: 0
01-13 14:23:52.153  5321  5321 D ControlCenterHeaderExpandController: onExpansionChanged: progress =  0.0
01-13 14:23:52.154  5321  5321 D ControlCenterHeaderExpandController: onExpansionChanged: progress =  0.0
01-13 14:23:52.154  5321  5321 D ControlCenterHeaderExpandController: onExpansionChanged: progress =  0.0
01-13 14:23:52.168  5321  5321 D ControlCenterHeaderExpandController: onExpansionChanged: progress =  0.0
01-13 14:23:52.170  1828  2639 I SDM     : HWDeviceDRM::SetupConcurrentWriteback: Tear down the Concurrent Writeback topology
01-13 14:23:52.184  5321  5321 D ControlCenterHeaderExpandController: onExpansionChanged: progress =  0.0
01-13 14:23:52.236  1793 16246 I vendor.qti.bluetooth@1.0-ibs_handler: ProcessIbsCmd: Received IBS_WAKE_IND: 0xFD
01-13 14:23:52.236  1793 16246 D vendor.qti.bluetooth@1.0-ibs_handler: SerialClockVote: vote for UART CLK ON
01-13 14:23:52.236  1793 16246 D vendor.qti.bluetooth@1.0-wake_lock: Acquire wakelock is acquired 
01-13 14:23:52.236  1793 16246 I vendor.qti.bluetooth@1.0-ibs_handler: ProcessIbsCmd: Writing IBS_WAKE_ACK
01-13 14:23:52.240 16169 16262 D BluetoothRemoteDevices: Update property, device=XX:XX:XX:XX:C6:45, type: 1
01-13 14:23:52.240 16169 16262 D BluetoothRemoteDevices: Skip name update for XX:XX:XX:XX:C6:45
01-13 14:23:52.240 16169 16262 D BluetoothRemoteDevices: Update property, device=XX:XX:XX:XX:C6:45, type: 4
01-13 14:23:52.240 16169 16262 D BluetoothRemoteDevices: Skip class update, device=XX:XX:XX:XX:C6:45, cod=0x1f00
01-13 14:23:52.240 16169 16262 D BluetoothRemoteDevices: Update property, device=XX:XX:XX:XX:C6:45, type: 5
01-13 14:23:52.240 16169 16262 D BluetoothRemoteDevices:  BT_PROPERTY_TYPE_OF_DEVICE addr:9C:76:0E:4A:C6:45 deviceType:3
01-13 14:23:52.240 16169 16262 D HyperRemoteDevicesAdapter: Update property, device=9C:76:0E:4A:C6:45, type: 1
01-13 14:23:52.240 16169 16262 D HyperRemoteDevicesAdapter: Remote device name is: suni type = 2 9C:76:0E:4A:C6:45
01-13 14:23:52.240 16169 16262 D HyperRemoteDevicesAdapter: update name for XX:XX:XX:XX:C6:45 type = 2 name = suni 2
01-13 14:23:52.240 16169 16262 D HyperRemoteDevicesAdapter: Update property, device=9C:76:0E:4A:C6:45, type: 4
01-13 14:23:52.240 16169 16262 D HyperRemoteDevicesAdapter: Update property, device=9C:76:0E:4A:C6:45, type: 5
01-13 14:23:52.240 16169 16262 V ScanController: onScanResult() - eventType=0x1b, addressType=0, address=XX:XX:XX:XX:C6:45, primaryPhy=1, secondaryPhy=0, advertisingSid=0xff, txPower=127, rssi=-37, periodicAdvInt=0x0, originalAddress=9C:76:0E:4A:C6:45
01-13 14:23:52.240 16169 16262 V ScanController: Skipping client: permission=true matches=false
01-13 14:23:52.241  1828  2639 I SDM     : DisplayBase::CommitThread: Received Idle Timeout, panel: cmd, timeout: 70000 us
01-13 14:23:52.242 16169 16262 V ScanController: Skipping client: permission=true matches=false
01-13 14:23:52.242 16169 16262 V ScanController: Skipping client: permission=true matches=false
01-13 14:23:52.242 16169 16262 V ScanController: Skipping client: permission=true matches=false
01-13 14:23:52.278  1793 16246 I vendor.qti.bluetooth@1.0-ibs_handler: ProcessIbsCmd: Received IBS_SLEEP_IND: 0xFE
01-13 14:23:52.278  1793 16246 D vendor.qti.bluetooth@1.0-ibs_handler: SerialClockVote: vote for UART CLK OFF
01-13 14:23:52.321  1828  3093 I vendor.qti.hardware.display.composer-service: Sensor: notify citsensorservice to trigger cwb, misForced = 1
01-13 14:23:52.322  1828  1828 I SDM     : CWB config passed by cwb_client : tappoint 1  CWB_ROI : (736.000000 70.000000 977.000000 311.000000) for display-0
01-13 14:23:52.331  2596  4119 I libsensor-boledalgo: Write:the value of channelCali C:10864.3,R:3831.4,G:4206.8,B:635.7,scales [0.768425,0.771258,0.754871,0.816696]
01-13 14:23:52.331  2596  4119 D libsensor-boledalgo: brightness:804,R:1.0,G:5388.2,B:5957.1,EVENT C:32030.0,R:8864.0,G:8380.0,B:2378.0, lux: 28.8, clone:1995
01-13 14:23:52.351  2033  2033 D MI-SF   : setIdleFps choose FPS:60, mode:0
01-13 14:23:52.357  1828  4133 I SDM     : NotifyCWBStatus: Notify the client about buffer (0x30844980) status 0 for display-0.
01-13 14:23:52.358  1828  4133 I SDM     : SDMConcurrentWriteBack::ProcessCWBStatus: CWB queue is empty. Display: 0
01-13 14:23:52.408  1828  2639 I SDM     : DisplayBase::CommitThread: Received Idle Timeout, panel: cmd, timeout: 69999 us
01-13 14:23:52.429  1793 16238 D vendor.qti.bluetooth@1.0-wake_lock: Release wakelock is released 
01-13 14:23:52.533  2596  4119 I libsensor-boledalgo: Write:the value of channelCali C:10864.3,R:3831.4,G:4206.8,B:635.7,scales [0.768425,0.771258,0.754871,0.816696]
01-13 14:23:52.533  2596  4119 D libsensor-boledalgo: brightness:804,R:1.0,G:5388.2,B:5957.1,EVENT C:32019.0,R:8848.0,G:8353.0,B:2380.0, lux: 28.4, clone:1995
01-13 14:23:52.595  7247  7272 D QLM-Service: check_headroom_zone: Timer EVT, Temp: 35493
01-13 14:23:52.595  7247  7272 D QLM-Service: Zone Switch! curr zone:1, new zone:2
01-13 14:23:52.595  7247  7272 D QLM-Service: No client connected for type:1 zone:2
01-13 14:23:52.731  2596  4119 I libsensor-boledalgo: Write:the value of channelCali C:10864.3,R:3831.4,G:4206.8,B:635.7,scales [0.768425,0.771258,0.754871,0.816696]
01-13 14:23:52.731  2596  4119 D libsensor-boledalgo: brightness:804,R:1.0,G:5388.2,B:5957.1,EVENT C:31945.0,R:8836.0,G:8313.0,B:2367.0, lux: 28.0, clone:1995
01-13 14:23:52.747  6522  8938 D JavaheapMonitor: Java heap used=8M max=256M, proc: com.xiaomi.bluetooth
01-13 14:23:52.747  6522  8938 V JavaheapMonitor: Check java heap usage finished! Next check delay: 300000
01-13 14:23:52.918  1793 16246 I vendor.qti.bluetooth@1.0-ibs_handler: ProcessIbsCmd: Received IBS_WAKE_IND: 0xFD
01-13 14:23:52.918  1793 16246 D vendor.qti.bluetooth@1.0-ibs_handler: SerialClockVote: vote for UART CLK ON
01-13 14:23:52.918  1793 16246 D vendor.qti.bluetooth@1.0-wake_lock: Acquire wakelock is acquired 
01-13 14:23:52.918  1793 16246 I vendor.qti.bluetooth@1.0-ibs_handler: ProcessIbsCmd: Writing IBS_WAKE_ACK
01-13 14:23:52.921 16169 16262 D BluetoothRemoteDevices: Update property, device=XX:XX:XX:XX:E9:DF, type: 1
01-13 14:23:52.922 16169 16262 D BluetoothRemoteDevices: Skip name update for XX:XX:XX:XX:E9:DF
01-13 14:23:52.922 16169 16262 D BluetoothRemoteDevices: Update property, device=XX:XX:XX:XX:E9:DF, type: 4
01-13 14:23:52.922 16169 16262 D BluetoothRemoteDevices: Skip class update, device=XX:XX:XX:XX:E9:DF, cod=0x1f00
01-13 14:23:52.922 16169 16262 D BluetoothRemoteDevices: Update property, device=XX:XX:XX:XX:E9:DF, type: 5
01-13 14:23:52.922 16169 16262 D BluetoothRemoteDevices:  BT_PROPERTY_TYPE_OF_DEVICE addr:00:E0:4C:F7:E9:DF deviceType:2
01-13 14:23:52.922 16169 16262 D HyperRemoteDevicesAdapter: Update property, device=00:E0:4C:F7:E9:DF, type: 1
01-13 14:23:52.922 16169 16262 D HyperRemoteDevicesAdapter: Remote device name is: SMI-T501 type = 2 00:E0:4C:F7:E9:DF
01-13 14:23:52.922 16169 16262 D HyperRemoteDevicesAdapter: update name for XX:XX:XX:XX:E9:DF type = 2 name = SMI-T501 2
01-13 14:23:52.922 16169 16262 D HyperRemoteDevicesAdapter: Update property, device=00:E0:4C:F7:E9:DF, type: 4
01-13 14:23:52.922 16169 16262 D HyperRemoteDevicesAdapter: Update property, device=00:E0:4C:F7:E9:DF, type: 5
01-13 14:23:52.922 16169 16262 V ScanController: onScanResult() - eventType=0x1b, addressType=0, address=XX:XX:XX:XX:E9:DF, primaryPhy=1, secondaryPhy=0, advertisingSid=0xff, txPower=127, rssi=-59, periodicAdvInt=0x0, originalAddress=00:E0:4C:F7:E9:DF
01-13 14:23:52.922 16169 16262 V ScanController: Skipping client: permission=true matches=false
01-13 14:23:52.922 16169 16262 V ScanController: Skipping client: permission=true matches=false
01-13 14:23:52.923 16169 16262 V ScanController: Skipping client: permission=true matches=false
01-13 14:23:52.923 16169 16262 V ScanController: Skipping client: permission=true matches=false
01-13 14:23:52.924  6522 16417 D DeviceNickName_Plugin: data type: SUPPORT_REDMI_KERBOARD_FAST, []
01-13 14:23:52.924  6522 16417 E MiuiFastConnectService_Plugin: check adv data not fast connect
01-13 14:23:52.925  6522 16417 D MiuiConfigNetConnectController : parse config net scan res device: 00:00:00:F7:E9:DF
01-13 14:23:52.925  6522 16417 D MiuiConfigNetConnectController : buildStamp: 1765264215
01-13 14:23:52.926  6522 16417 E MiuiConfigNetConnectController : empty last pop
01-13 14:23:52.926  6522 16417 D MiuiConfigNetConnectController : getDeviceTimes 00:E0:4C:F7:E9:DF
01-13 14:23:52.927  6522 16417 D MiuiConfigNetConnectController : deviceTimes: -1
01-13 14:23:52.927  6522 16417 D MiuiConfigNetConnectController : device has bonded with app89
01-13 14:23:52.931  2596  4119 I libsensor-boledalgo: Write:the value of channelCali C:10864.3,R:3831.4,G:4206.8,B:635.7,scales [0.768425,0.771258,0.754871,0.816696]
01-13 14:23:52.931  2596  4119 D libsensor-boledalgo: brightness:804,R:1.0,G:5388.2,B:5957.1,EVENT C:31884.0,R:8829.0,G:8308.0,B:2376.0, lux: 28.0, clone:1995
01-13 14:23:52.960  1793 16246 I vendor.qti.bluetooth@1.0-ibs_handler: ProcessIbsCmd: Received IBS_SLEEP_IND: 0xFE
01-13 14:23:52.961  1793 16246 D vendor.qti.bluetooth@1.0-ibs_handler: SerialClockVote: vote for UART CLK OFF
01-13 14:23:53.022  1692  1692 I zygote  : Delayed USAP Pool refill. New USAPs: 1
01-13 14:23:53.031  3278  4439 I SmartPower: com.qualcomm.qti.workloadclassifier/10231(31845): background->idle(3003ms) R(broadcast start Intent { act=com.qualcomm.qti.workloadclassifier.APP_LAUNCH flg=0x30 xflg=0x4 pkg=com.qualcomm.qti.workloadclassifier (has extras) }) adj=500.
01-13 14:23:53.046  1692  1692 D Zygote  : Forked child process 32122
01-13 14:23:53.050 21673 21673 I adbd    : in ShellService: export ANDROID_LOG_TAGS=''; exec logcat '-d' '-t' '2000'
